02-02 04:50:39.503   229   229 I         : (2)[229:charger_thread][SW_JEITA] Battery Normal Temperature between 13 and 51 !!
02-02 04:50:39.503   229   229 I (2)[229:charger_thread][SW_JEITA]preState: 0 newState:3 tmp:29 cv:0
02-02 04:50:39.504   229   229 I (2)[229:charger_thread]tmp: 29 (jeita:1 sm:3 cv:0 en:1) (sm:1) en:1 c:0 s:0 ov:0 1 1
02-02 04:50:39.504   229   229 I         : (2)[229:charger_thread]mtk_switch_charging_run [1 0], timer=0
02-02 04:50:39.504   229   229 I         : (2)[229:charger_thread][fgauge_read_current] final current=729 (ratio=1000)
02-02 04:50:39.504   229   229 I         : (2)[229:charger_thread][CH3_DBG] bat_cur = 729
02-02 04:50:39.504   229   229 I         : (2)[229:charger_thread][fgauge_read_current] final current=729 (ratio=1000)
02-02 04:50:39.504   229   229 I         : (2)[229:charger_thread][BattVoltToTemp] 606 16900 1800 -3
02-02 04:50:39.504   229   229 I         : (2)[229:charger_thread][force_get_tbat] 609,606,1,72,100,292 r:320 100 0
02-02 04:50:39.504   229   229 I (2)[229:charger_thread][force_get_tbat] t: 29 precise:292
02-02 04:50:39.504   229   229 I (2)[229:charger_thread]pe40_ready: 0 hv:1 thermal:-1,-1 tmp:29,39,16 pps:0 en:0 ibus:0 80
02-02 04:50:39.504   229   229 I (2)[229:charger_thread]force: 0 thermal:-1,-1 pe4:-1,-1,0 setting:500 500 type:1 usb_unlimited:0 usbif:0 usbsm:0 aicl:-1 atm:0
02-02 04:50:39.504   229   229 E         : (2)[229:charger_thread]zzf_500000<=500000, i=1
02-02 04:50:39.505   229   229 E         : (2)[229:charger_thread]array_size = 4
02-02 04:50:39.505   229   229 E         : (2)[229:charger_thread][psc5415e_config_interface] write Reg[1]=0x78 from 0x78
02-02 04:50:39.506   229   229 E         : (2)[229:charger_thread][psc5415e_config_interface] write Reg[5]=0x3 from 0x23
02-02 04:50:39.506   229   229 E         : (2)[229:charger_thread]Can't find closest level
02-02 04:50:39.506   229   229 E         : (2)[229:charger_thread]array_size = 8
02-02 04:50:39.507   229   229 E         : (0)[229:charger_thread][psc5415e_config_interface] write Reg[4]=0x6 from 0x36
02-02 04:50:39.508   229   229 E         : (0)[229:charger_thread][psc5415e_config_interface] write Reg[4]=0x6 from 0x6
02-02 04:50:39.509   229   229 E         : (0)[229:charger_thread][psc5415e_config_interface] write Reg[1]=0x78 from 0x78
02-02 04:50:39.510   229   229 E         : (0)[229:charger_thread][psc5415e_config_interface] write Reg[1]=0x78 from 0x78
02-02 04:50:39.510   229   229 E         : (0)[229:charger_thread]psc5415e calm enable charging
02-02 04:50:39.510   229   229 E         : (0)[229:charger_thread]charging_set_cv_voltage register_value=0x2d 4400000 4400000
02-02 04:50:39.511   229   229 E         : (0)[229:charger_thread][psc5415e_config_interface] write Reg[2]=0xb4 from 0xb4
02-02 04:50:39.512   229   229 E         : (0)[229:charger_thread][psc5415e_config_interface] write Reg[1]=0x78 from 0x78
02-02 04:50:39.512   229   229 E         : (0)[229:charger_thread]psc5415e calm enable charging
02-02 04:50:39.513   229   229 E         : (0)[229:charger_thread][psc5415e_read_interface] Reg[0]=0x10
02-02 04:50:39.513   229   229 E         : (0)[229:charger_thread][psc5415e_read_interface] val=0x1
02-02 04:50:39.513   229   229 I         : (0)[229:charger_thread]info->enable_sw_safety_timer(0)
02-02 04:50:39.513   229   229 E         : (0)[229:charger_thread]psc5415e cz [0x0]=0x10
02-02 04:50:39.514   229   229 E         : (0)[229:charger_thread]psc5415e cz [0x1]=0x78
02-02 04:50:39.514   229   229 E         : (0)[229:charger_thread]psc5415e cz [0x2]=0xb4
02-02 04:50:39.515   229   229 E         : (0)[229:charger_thread]psc5415e cz [0x3]=0xf0
02-02 04:50:39.515   229   229 E         : (0)[229:charger_thread]psc5415e cz [0x4]=0x6
02-02 04:50:39.516   229   229 E         : (0)[229:charger_thread]psc5415e cz [0x5]=0x23
02-02 04:50:39.516   229   229 E         : (0)[229:charger_thread]psc5415e cz [0x6]=0x7f
02-02 04:50:39.516     0     0 E         : (0)[229:charger_thread]
02-02 04:50:39.517   229   229 I         : (0)[229:charger_thread][fgauge_read_current] final current=719 (ratio=1000)
02-02 04:50:39.522   229   229 I         : (0)[229:charger_thread][fgauge_read_current] final current=732 (ratio=1000)
02-02 04:50:39.522   229   229 I         : (0)[229:charger_thread][CH3_DBG] bat_cur = 732
02-02 04:50:39.523   229   229 I         : (0)[229:charger_thread][fgauge_read_current] final current=647 (ratio=1000)
02-02 04:50:39.523   229   229 I         : (0)[229:charger_thread][BattVoltToTemp] 607 16900 1800 -2
02-02 04:50:39.523   229   229 I         : (0)[229:charger_thread][force_get_tbat] 609,607,1,64,100,291 r:320 100 0
02-02 04:50:39.523   229   229 I (0)[229:charger_thread][force_get_tbat] t: 29 precise:291
02-02 04:50:39.523   229   229 I (0)[229:charger_thread]Vbat=4398,Ibat=719,I=426,VChr=4929,T=29,Soc=96: 97,CT:1:1 hv:1 pd:0:0
02-02 04:50:39.523   229   229 I (0)[229:charger_thread]mtk_charger_start_timer: alarm timer start:1, 13 662819439
02-02 04:50:39.523   229   229 I         : -(0)[229:charger_thread]alarmtimer_enqueue, 13662819439
02-02 04:50:39.523   229   229 I         : (0)[229:charger_thread][fgauge_read_current] final current=647 (ratio=1000)
02-02 04:50:39.523   229   229 I         : (0)[229:charger_thread][CH3_DBG] bat_cur = 647
02-02 04:50:39.524   229   229 I         : (0)[229:charger_thread][fgauge_read_current] final current=647 (ratio=1000)
02-02 04:50:39.524   229   229 I         : (0)[229:charger_thread][BattVoltToTemp] 607 16900 1800 -2
02-02 04:50:39.524   229   229 I         : (0)[229:charger_thread][force_get_tbat] 609,607,1,64,100,291 r:320 100 0
02-02 04:50:39.524   229   229 I (0)[229:charger_thread][force_get_tbat] t: 29 precise:291
02-02 04:50:39.524   229   229 I         : (0)[229:charger_thread][BATTER_ID_0] bat_id_valtage = 1043(mV)
02-02 04:50:39.524   229   229 I         : (0)[229:charger_thread][SW_JEITA] Battery Normal Temperature between 13 and 51 !!
02-02 04:50:39.524   229   229 I (0)[229:charger_thread][SW_JEITA]preState: 3 newState:3 tmp:29 cv:0
02-02 04:50:39.525   229   229 I (0)[229:charger_thread]tmp: 29 (jeita:1 sm:3 cv:0 en:1) (sm:1) en:1 c:0 s:0 ov:0 1 1
02-02 04:50:39.525   229   229 I         : (0)[229:charger_thread]mtk_switch_charging_run [1 0], timer=0
02-02 04:50:39.525   229   229 I         : (0)[229:charger_thread][fgauge_read_current] final current=688 (ratio=1000)
02-02 04:50:39.525   229   229 I         : (0)[229:charger_thread][CH3_DBG] bat_cur = 688
02-02 04:50:39.525   229   229 I         : (0)[229:charger_thread][fgauge_read_current] final current=688 (ratio=1000)
02-02 04:50:39.525   229   229 I         : (0)[229:charger_thread][BattVoltToTemp] 607 16900 1800 -2
02-02 04:50:39.525   229   229 I         : (0)[229:charger_thread][force_get_tbat] 609,607,1,68,100,291 r:320 100 0
02-02 04:50:39.525   229   229 I (0)[229:charger_thread][force_get_tbat] t: 29 precise:291
02-02 04:50:39.525   229   229 I (0)[229:charger_thread]pe40_ready: 0 hv:1 thermal:-1,-1 tmp:29,39,16 pps:0 en:0 ibus:0 80
02-02 04:50:39.525   229   229 I (0)[229:charger_thread]force: 0 thermal:-1,-1 pe4:-1,-1,0 setting:500 500 type:1 usb_unlimited:0 usbif:0 usbsm:0 aicl:-1 atm:0
02-02 04:50:39.525   229   229 E         : (0)[229:charger_thread]zzf_500000<=500000, i=1
02-02 04:50:39.525   229   229 E         : (0)[229:charger_thread]array_size = 4
02-02 04:50:39.526   229   229 E         : (0)[229:charger_thread][psc5415e_config_interface] write Reg[1]=0x78 from 0x78
02-02 04:50:39.527   229   229 E         : (0)[229:charger_thread]Can't find closest level
02-02 04:50:39.527   229   229 E         : (0)[229:charger_thread]array_size = 8
02-02 04:50:39.531   229   229 E         : (0)[229:charger_thread]psc5415e calm enable charging
02-02 04:50:39.531   229   229 E         : (0)[229:charger_thread]charging_set_cv_voltage register_value=0x2d 4400000 4400000
02-02 04:50:39.533   229   229 E         : (0)[229:charger_thread]psc5415e calm enable charging
02-02 04:50:39.533   229   229 E         : (0)[229:charger_thread][psc5415e_read_interface] Reg[0]=0x10
02-02 04:50:39.533   229   229 E         : (0)[229:charger_thread][psc5415e_read_interface] val=0x1
02-02 04:50:39.534   229   229 I         : (0)[229:charger_thread]info->enable_sw_safety_timer(0)
02-02 04:50:39.534   229   229 E         : (0)[229:charger_thread]psc5415e cz [0x0]=0x10
02-02 04:50:39.535   229   229 E         : (0)[229:charger_thread]psc5415e cz [0x1]=0x78
02-02 04:50:39.535   229   229 E         : (2)[229:charger_thread]psc5415e cz [0x2]=0xb4
02-02 04:50:39.536   229   229 E         : (0)[229:charger_thread]psc5415e cz [0x3]=0xf0
02-02 04:50:39.537   229   229 E         : (2)[229:charger_thread]psc5415e cz [0x4]=0x6
02-02 04:50:39.537   229   229 E         : (2)[229:charger_thread]psc5415e cz [0x5]=0x23
02-02 04:50:39.538   229   229 E         : (2)[229:charger_thread]psc5415e cz [0x6]=0x7f
02-02 04:50:39.538     0     0 E         : (2)[229:charger_thread]
02-02 04:50:39.750   258   258 I         : (2)[258:recovery][DISP][POWER]lcm resume[end]
02-02 04:50:39.750   258   258 I (2)[258:recovery][GAMMA] disp_gamma_write_lut_reg: table [0] not initialized
02-02 04:50:39.750   258   258 I         : (2)[258:recovery][DISP]primary display START cmdq trigger loop finished
02-02 04:50:39.750   258   258 I         : (2)[258:recovery][DISP]share SRAM success
02-02 04:50:39.751   258   258 I         : (2)[258:recovery][CMDQ][Res]resource clock engine:0x100 enable:true
02-02 04:50:39.751   258   258 I         : (2)[258:recovery][DISP]mutex_release_timeout1 <355547770 ns>
02-02 04:50:39.751   258   258 W -(2)[258:recovery]CPU: 2 PID: 258 Comm: recovery Tainted: G        W       4.14.141+ #1
02-02 04:50:39.751   258   258 W -(2)[258:recovery]Hardware name: Generic DT based system
02-02 04:50:39.751   258   258 W -(2)[258:recovery]Backtrace:  
02-02 04:50:39.751   258   258 W         : -(2)[258:recovery][<c010bf48>] (dump_backtrace) from [<c010c218>] (show_stack+0x18/0x1c)
02-02 04:50:39.751   258   258 W -(2)[258:recovery] r6: c168fe20 r5:600f0113 r4:00000000 r3:8dfbcf2d
02-02 04:50:39.751   258   258 W         : -(2)[258:recovery][<c010c200>] (show_stack) from [<c0c934fc>] (dump_stack+0x84/0xa4)
02-02 04:50:39.751   258   258 W         : -(2)[258:recovery][<c0c93478>] (dump_stack) from [<c081c224>] (_primary_path_unlock+0x6c/0x11c)
02-02 04:50:39.751   258   258 W -(2)[258:recovery] r5: 00000000 r4:15313a7a
02-02 04:50:39.751   258   258 W         : -(2)[258:recovery][<c081c1b8>] (_primary_path_unlock) from [<c0823d68>] (primary_display_resume+0xa48/0xbb8)
02-02 04:50:39.751   258   258 W -(2)[258:recovery] r9: 00000000 r8:00000001 r7:c120a188 r6:00000000 r5:c168fe00 r4:00000000
02-02 04:50:39.751   258   258 W         : -(2)[258:recovery][<c0823320>] (primary_display_resume) from [<c0813204>] (mtkfb_blank+0xc0/0x270)
02-02 04:50:39.751   258   258 W -(2)[258:recovery] r10: 00000036 r9:00000000 r8:00000000 r7:c120a188 r6:00000002 r5:00000000
02-02 04:50:39.751   258   258 W -(2)[258:recovery] r4: 00000000
02-02 04:50:39.751   258   258 W         : -(2)[258:recovery][<c0813144>] (mtkfb_blank) from [<c04c3fd8>] (fb_blank+0x6c/0xb8)
02-02 04:50:39.751   258   258 W -(2)[258:recovery] r6: 00000000 r5:c120a188 r4:c5a6a800 r3:c0813144
02-02 04:50:39.751   258   258 W         : -(2)[258:recovery][<c04c3f6c>] (fb_blank) from [<c04c4a9c>] (do_fb_ioctl+0x68c/0x750)
02-02 04:50:39.751   258   258 W -(2)[258:recovery] r6: 00004611 r5:00000000 r4:c5a6a800
02-02 04:50:39.751   258   258 W         : -(2)[258:recovery][<c04c4410>] (do_fb_ioctl) from [<c04c5594>] (fb_ioctl+0x44/0x54)
02-02 04:50:39.751   258   258 W -(2)[258:recovery] r8: 00000000 r7:00000000 r6:c5003c00 r5:c500d908 r4:00000000
02-02 04:50:39.751   258   258 W         : -(2)[258:recovery][<c04c5550>] (fb_ioctl) from [<c02b9694>] (vfs_ioctl+0x20/0x3c)
02-02 04:50:39.751   258   258 W         : -(2)[258:recovery][<c02b9674>] (vfs_ioctl) from [<c02b9f94>] (do_vfs_ioctl+0x7a0/0x8f8)
02-02 04:50:39.751   258   258 W         : -(2)[258:recovery][<c02b97f4>] (do_vfs_ioctl) from [<c02ba140>] (SyS_ioctl+0x54/0x7c)
02-02 04:50:39.751   258   258 W -(2)[258:recovery] r10: 00000036 r9:00000000 r8:00004611 r7:00000000 r6:c5003c00 r5:c5003c00
02-02 04:50:39.751   258   258 W -(2)[258:recovery] r4: 00000000
02-02 04:50:39.751   258   258 W         : -(2)[258:recovery][<c02ba0ec>] (SyS_ioctl) from [<c0107ac0>] (ret_fast_syscall+0x0/0x54)
02-02 04:50:39.751   258   258 W -(2)[258:recovery] r9: c53b4000 r8:c0107cc4 r7:00000036 r6:ace7bbf0 r5:acd16124 r4:e9b0377e
02-02 04:50:39.751   258   258 I (2)[258:recovery][DISP]skip_update: 0
02-02 04:50:39.751   258   258 I         : (2)[258:recovery][DISP][FB Driver] leave late_resume
02-02 04:50:39.751   258   258 I (2)[258:recovery][DISP]AOD check: succeed to set FB power mode FB_SUSPEND to FB_RESUME
02-02 04:50:39.790   258   258 I (2)[258:recovery][Power/PPM] @ppm_lcmoff_switch: onoff = 1
02-02 04:50:39.790   258   258 I (2)[258:recovery]mtk-tpd: [tpd_fb_notifier_callback:458] tpd_fb_notifier_callback
02-02 04:50:39.790   258   258 I (2)[258:recovery]mtk-tpd: [tpd_fb_notifier_callback:466] fb_notify(blank=0)
02-02 04:50:39.790   258   258 I (2)[258:recovery]mtk-tpd: [tpd_fb_notifier_callback:469] LCD ON Notify
02-02 04:50:39.797    80    80 I (2)[80:kworker/u8:2]mtk-tpd: [touch_resume_workqueue_callback:446] GTP touch_resume_workqueue_callback
02-02 04:50:39.797    80    80 I (2)[80:kworker/u8:2][tlsc]tlsc6x_tpd_reset: Enter
02-02 04:50:39.797    80    80 I (2)[80:kworker/u8:2][tlsc]tlsc6x_tpd_reset_force: Enter
02-02 04:50:39.797    80    80 I (2)[80:kworker/u8:2]mtk-tpd: [tpd_gpio_output:168] tpd_gpio_output pin = 0, level = 0
02-02 04:50:39.804   258   258 I         : (2)[258:recovery][DISP]AEE is not enabled, will disable layer 3
02-02 04:50:39.804   258   258 I (2)[258:recovery][VcoreFS] feature_en: 0, init_done: 0, kr: 0, opp: 3
02-02 04:50:39.804   258   258 I         : (2)[258:recovery][pid=258]Set vcore step failed: 3
02-02 04:50:39.804   258   258 I (2)[258:recovery][MMDVFS][pid=258]Fixed,set scen: (22,0x0)step:(3,3,0x0,0x0,0x0,0x400000)
02-02 04:50:39.804   258   258 I (2)[258:recovery][MMDVFS][pid=258]Fixed,C(0,0,0x0,0),I(0,0),CLK: 0
02-02 04:50:39.804   258   258 I         : (2)[258:recovery][DISP]primary display will switch from DIRECT_LINK to RDMA_MODE
02-02 04:50:39.804   258   258 I         : (2)[258:recovery][DISP]primary display is RDMA_MODE mode now
02-02 04:50:39.817   258   258 I (2)[258:recovery]mtk-tpd: [tpd_fb_notifier_callback:458] tpd_fb_notifier_callback
02-02 04:50:39.818   258   258 I         : (2)[258:recovery][DISP]AEE is not enabled, will disable layer 3
02-02 04:50:39.824    80    80 I (0)[80:kworker/u8:2]mtk-tpd: [tpd_gpio_output:168] tpd_gpio_output pin = 0, level = 1
02-02 04:50:39.833   258   258 I (2)[258:recovery]mtk-tpd: [tpd_fb_notifier_callback:458] tpd_fb_notifier_callback
02-02 04:50:39.834   258   258 I (2)[258:recovery][PWM] disp_pwm_set_backlight_cmdq: (id = 0x1, level_1024 = 0), old = 1023
02-02 04:50:39.834   258   258 I (2)[258:recovery]mtk-tpd: [tpd_fb_notifier_callback:458] tpd_fb_notifier_callback
02-02 04:50:39.834   258   258 I         : (2)[258:recovery][DISP][FB Driver] enter early_suspend
02-02 04:50:39.870   258   258 I         : (2)[258:recovery][DISP]primary_display_suspend begin
02-02 04:50:39.870   258   258 I         : (2)[258:recovery][DISP]primary display will switch from RDMA_MODE to DIRECT_LINK
02-02 04:50:39.871   258   258 I (2)[258:recovery][DDP/OVL]warn: ovl_roi:(480x960)
02-02 04:50:39.871   258   258 I (2)[258:recovery][DDP/DSI]warn: DSI_Set_VM_CMD
02-02 04:50:39.883   258   258 I         : (2)[258:recovery][DISP]primary display is DIRECT_LINK mode now
02-02 04:50:39.883   258   258 I (2)[258:recovery][DISP][disp_lowpower]_release_wrot_resource_nolock: use_wrot_sram:1
02-02 04:50:39.900    80    80 I         : (2)[80:kworker/u8:2][CMDQ][Res]resource clock engine:0x100 enable:false
02-02 04:50:39.917   258   258 I         : (0)[258:recovery][DISP][POWER]primary display path is busy now, wait frame done, event_ret=296
02-02 04:50:39.917   258   258 I         : (0)[258:recovery][DISP][POWER]display cmdq trigger loop stop
02-02 04:50:39.917   258   258 I         : (0)[258:recovery][DISP]primary display STOP cmdq trigger loop finished
02-02 04:50:39.917   258   258 I (0)[258:recovery][DISP]dsi stop: brust mode(vdo mode lcm)
02-02 04:50:39.917   258   258 I         : (0)[258:recovery][DISP][POWER]primary display path stop[end]
02-02 04:50:40.137   258   258 I         : (0)[258:recovery][DISP][POWER]lcm suspend[end]
02-02 04:50:40.137   258   258 I (0)[258:recovery][PWM] disp_pwm_backlight_status: backlight is off, power:(0), pwm id: (0)
02-02 04:50:40.140   258   258 I         : (0)[258:recovery][DISP][POWER]dpmanager path power off[end]
02-02 04:50:40.140   258   258 I         : (0)[258:recovery][DISP]mutex_release_timeout1 <270143616 ns>
02-02 04:50:40.140   258   258 W -(0)[258:recovery]CPU: 0 PID: 258 Comm: recovery Tainted: G        W       4.14.141+ #1
02-02 04:50:40.140   258   258 W -(0)[258:recovery]Hardware name: Generic DT based system
02-02 04:50:40.140   258   258 W -(0)[258:recovery]Backtrace:  
02-02 04:50:40.140   258   258 W         : -(0)[258:recovery][<c010bf48>] (dump_backtrace) from [<c010c218>] (show_stack+0x18/0x1c)
02-02 04:50:40.140   258   258 W -(0)[258:recovery] r6: c168fe20 r5:600c0113 r4:00000000 r3:8dfbcf2d
02-02 04:50:40.140   258   258 W         : -(0)[258:recovery][<c010c200>] (show_stack) from [<c0c934fc>] (dump_stack+0x84/0xa4)
02-02 04:50:40.140   258   258 W         : -(0)[258:recovery][<c0c93478>] (dump_stack) from [<c081c224>] (_primary_path_unlock+0x6c/0x11c)
02-02 04:50:40.140   258   258 W -(0)[258:recovery] r5: 00000000 r4:101a1080
02-02 04:50:40.141   258   258 W         : -(0)[258:recovery][<c081c1b8>] (_primary_path_unlock) from [<c0825e24>] (primary_display_suspend+0x440/0x528)
02-02 04:50:40.141   258   258 W -(0)[258:recovery] r9: 00000000 r8:00000000 r7:c120a188 r6:00000002 r5:c168fe00 r4:00000000
02-02 04:50:40.141   258   258 W         : -(0)[258:recovery][<c08259e4>] (primary_display_suspend) from [<c08132f4>] (mtkfb_blank+0x1b0/0x270)
02-02 04:50:40.141   258   258 W -(0)[258:recovery] r5: 00000001 r4:00000000
02-02 04:50:40.141   258   258 W         : -(0)[258:recovery][<c0813144>] (mtkfb_blank) from [<c04c3fd8>] (fb_blank+0x6c/0xb8)
02-02 04:50:40.141   258   258 W -(0)[258:recovery] r6: 00000000 r5:c120a188 r4:c5a6a800 r3:c0813144
02-02 04:50:40.141   258   258 W         : -(0)[258:recovery][<c04c3f6c>] (fb_blank) from [<c04c4a9c>] (do_fb_ioctl+0x68c/0x750)
02-02 04:50:40.141   258   258 W -(0)[258:recovery] r6: 00004611 r5:00000004 r4:c5a6a800
02-02 04:50:40.141   258   258 W         : -(0)[258:recovery][<c04c4410>] (do_fb_ioctl) from [<c04c5594>] (fb_ioctl+0x44/0x54)
02-02 04:50:40.141   258   258 W -(0)[258:recovery] r8: 00000000 r7:00000004 r6:c5003c00 r5:c500d908 r4:00000004
02-02 04:50:40.141   258   258 W         : -(0)[258:recovery][<c04c5550>] (fb_ioctl) from [<c02b9694>] (vfs_ioctl+0x20/0x3c)
02-02 04:50:40.141   258   258 W         : -(0)[258:recovery][<c02b9674>] (vfs_ioctl) from [<c02b9f94>] (do_vfs_ioctl+0x7a0/0x8f8)
02-02 04:50:40.141   258   258 W         : -(0)[258:recovery][<c02b97f4>] (do_vfs_ioctl) from [<c02ba140>] (SyS_ioctl+0x54/0x7c)
02-02 04:50:40.141   258   258 W -(0)[258:recovery] r10: 00000036 r9:00000000 r8:00004611 r7:00000004 r6:c5003c00 r5:c5003c00
02-02 04:50:40.141   258   258 W -(0)[258:recovery] r4: 00000000
02-02 04:50:40.141   258   258 W         : -(0)[258:recovery][<c02ba0ec>] (SyS_ioctl) from [<c0107ac0>] (ret_fast_syscall+0x0/0x54)
02-02 04:50:40.141   258   258 W -(0)[258:recovery] r9: c53b4000 r8:c0107cc4 r7:00000036 r6:06e7ed10 r5:acd16124 r4:e9b0377e
02-02 04:50:40.141   258   258 I         : (0)[258:recovery][DISP]primary_display_suspend end
02-02 04:50:40.141   258   258 I (0)[258:recovery][VcoreFS] feature_en: 0, init_done: 0, kr: 0, opp: -1
02-02 04:50:40.141   258   258 I         : (0)[258:recovery][pid=258]Set vcore step failed: -1
02-02 04:50:40.141   258   258 I (0)[258:recovery][MMDVFS][pid=258]Fixed,set scen: (22,0x0)step:(-1,-1,0x0,0x0,0x0,0x0)
02-02 04:50:40.141   258   258 I (0)[258:recovery][MMDVFS][pid=258]Fixed,C(0,0,0x0,0),I(0,0),CLK: 0
02-02 04:50:40.141   258   258 I         : (0)[258:recovery][DISP][FB Driver] leave early_suspend
02-02 04:50:40.141   258   258 I (0)[258:recovery][DISP]AOD check: succeed to set FB power mode FB_RESUME to FB_SUSPEND
02-02 04:50:40.141   258   258 E (0)[258:recovery][ION]ion_fb_event: + screen-off +
02-02 04:50:40.141   258   258 E (0)[258:recovery][ION]ion_fb_event: - screen-off -
02-02 04:50:40.141   258   258 I (0)[258:recovery][Power/PPM] @ppm_lcmoff_switch: onoff = 0
02-02 04:50:40.141   258   258 I (0)[258:recovery]mtk-tpd: [tpd_fb_notifier_callback:458] tpd_fb_notifier_callback
02-02 04:50:40.141   258   258 I (0)[258:recovery]mtk-tpd: [tpd_fb_notifier_callback:466] fb_notify(blank=4)
02-02 04:50:40.141   258   258 I (0)[258:recovery]mtk-tpd: [tpd_fb_notifier_callback:480] LCD OFF Notify
02-02 04:50:40.141   258   258 I (0)[258:recovery]mtk-tpd: [tpd_fb_notifier_callback:484] cancel resume_workqueue failed
02-02 04:50:40.142   258   258 I (0)[258:recovery]mtk-tpd: [tpd_fb_notifier_callback:458] tpd_fb_notifier_callback
02-02 04:50:40.142   258   258 I         : (0)[258:recovery][DISP][FB Driver] enter late_resume
02-02 04:50:40.142   258   258 I         : (0)[258:recovery][DISP]primary_display_resume begin
02-02 04:50:40.148   258   258 I (2)[258:recovery][DDP/]warn: CG0 0xfec00df0, CG1 0x3ffff
02-02 04:50:40.148   258   258 I         : (2)[258:recovery][DISP]dpmanager path power on[end]
02-02 04:50:40.148   258   258 I         : (2)[258:recovery][DISP]cmd/video mode=1
02-02 04:50:40.148   258   258 I (2)[258:recovery][DDP/OVL]warn: ovl_roi:(480x960)
02-02 04:50:40.149   258   258 I (2)[258:recovery][DDP/DSI]warn: DSI_Set_VM_CMD
02-02 04:50:40.149   258   258 I         : (2)[258:recovery][DISP][POWER]dpmanager re-init[end]
02-02 04:50:40.357   200   200 W -(0)[200:dc_trim_thread]mt635x_auxadc_read_raw: 118 callbacks suppressed
02-02 04:50:40.357   200   200 I (0)[200:dc_trim_thread]mt635x-auxadc mt635x-auxadc: name:HPOFS_CAL, channel=9, adc_out=0x6af4, adc_result=27380
02-02 04:50:40.361   200   200 I (0)[200:dc_trim_thread]mt635x-auxadc mt635x-auxadc: name:HPOFS_CAL, channel=9, adc_out=0x6af6, adc_result=27382
02-02 04:50:40.364   200   200 I (0)[200:dc_trim_thread]mt635x-auxadc mt635x-auxadc: name:HPOFS_CAL, channel=9, adc_out=0x6af8, adc_result=27384
02-02 04:50:40.368   200   200 I (0)[200:dc_trim_thread]mt635x-auxadc mt635x-auxadc: name:HPOFS_CAL, channel=9, adc_out=0x6af3, adc_result=27379
02-02 04:50:40.373   200   200 I (0)[200:dc_trim_thread]mt635x-auxadc mt635x-auxadc: name:HPOFS_CAL, channel=9, adc_out=0x6aee, adc_result=27374
02-02 04:50:40.449   200   200 I         : (0)[200:dc_trim_thread]accdet_late_init()  now init accdet!
02-02 04:50:40.452   200   200 I         : (0)[200:dc_trim_thread]accdet_init() done.
02-02 04:50:40.452   200   200 I         : (0)[200:dc_trim_thread]accdet_init_once() done.
02-02 04:50:40.494   258   258 I         : (0)[258:recovery][DISP][POWER]lcm resume[end]
02-02 04:50:40.494   258   258 I (0)[258:recovery][GAMMA] disp_gamma_write_lut_reg: table [0] not initialized
02-02 04:50:40.494   258   258 I         : (0)[258:recovery][DISP]primary display START cmdq trigger loop finished
02-02 04:50:40.494   258   258 I         : (0)[258:recovery][DISP]share SRAM success
02-02 04:50:40.494   258   258 I         : (0)[258:recovery][CMDQ][Res]resource clock engine:0x100 enable:true
02-02 04:50:40.494   258   258 I         : (0)[258:recovery][DISP]mutex_release_timeout1 <352708385 ns>
02-02 04:50:40.494   258   258 W -(0)[258:recovery]CPU: 0 PID: 258 Comm: recovery Tainted: G        W       4.14.141+ #1
02-02 04:50:40.494   258   258 W -(0)[258:recovery]Hardware name: Generic DT based system
02-02 04:50:40.494   258   258 W -(0)[258:recovery]Backtrace:  
02-02 04:50:40.494   258   258 W         : -(0)[258:recovery][<c010bf48>] (dump_backtrace) from [<c010c218>] (show_stack+0x18/0x1c)
02-02 04:50:40.494   258   258 W -(0)[258:recovery] r6: c168fe20 r5:60010113 r4:00000000 r3:8dfbcf2d
02-02 04:50:40.494   258   258 W         : -(0)[258:recovery][<c010c200>] (show_stack) from [<c0c934fc>] (dump_stack+0x84/0xa4)
02-02 04:50:40.494   258   258 W         : -(0)[258:recovery][<c0c93478>] (dump_stack) from [<c081c224>] (_primary_path_unlock+0x6c/0x11c)
02-02 04:50:40.494   258   258 W -(0)[258:recovery] r5: 00000000 r4:1505e721
02-02 04:50:40.495   258   258 W         : -(0)[258:recovery][<c081c1b8>] (_primary_path_unlock) from [<c0823d68>] (primary_display_resume+0xa48/0xbb8)
02-02 04:50:40.495   258   258 W -(0)[258:recovery] r9: 00000000 r8:00000001 r7:c120a188 r6:00000000 r5:c168fe00 r4:00000000
02-02 04:50:40.495   258   258 W         : -(0)[258:recovery][<c0823320>] (primary_display_resume) from [<c0813204>] (mtkfb_blank+0xc0/0x270)
02-02 04:50:40.495   258   258 W -(0)[258:recovery] r10: 00000036 r9:00000000 r8:00000000 r7:c120a188 r6:00000002 r5:00000000
02-02 04:50:40.495   258   258 W -(0)[258:recovery] r4: 00000000
02-02 04:50:40.495   258   258 W         : -(0)[258:recovery][<c0813144>] (mtkfb_blank) from [<c04c3fd8>] (fb_blank+0x6c/0xb8)
02-02 04:50:40.495   258   258 W -(0)[258:recovery] r6: 00000000 r5:c120a188 r4:c5a6a800 r3:c0813144
02-02 04:50:40.495   258   258 W         : -(0)[258:recovery][<c04c3f6c>] (fb_blank) from [<c04c4a9c>] (do_fb_ioctl+0x68c/0x750)
02-02 04:50:40.495   258   258 W -(0)[258:recovery] r6: 00004611 r5:00000000 r4:c5a6a800
02-02 04:50:40.495   258   258 W         : -(0)[258:recovery][<c04c4410>] (do_fb_ioctl) from [<c04c5594>] (fb_ioctl+0x44/0x54)
02-02 04:50:40.495   258   258 W -(0)[258:recovery] r8: 00000000 r7:00000000 r6:c5003c00 r5:c500d908 r4:00000000
02-02 04:50:40.495   258   258 W         : -(0)[258:recovery][<c04c5550>] (fb_ioctl) from [<c02b9694>] (vfs_ioctl+0x20/0x3c)
02-02 04:50:40.495   258   258 W         : -(0)[258:recovery][<c02b9674>] (vfs_ioctl) from [<c02b9f94>] (do_vfs_ioctl+0x7a0/0x8f8)
02-02 04:50:40.495   258   258 W         : -(0)[258:recovery][<c02b97f4>] (do_vfs_ioctl) from [<c02ba140>] (SyS_ioctl+0x54/0x7c)
02-02 04:50:40.495   258   258 W -(0)[258:recovery] r10: 00000036 r9:00000000 r8:00004611 r7:00000000 r6:c5003c00 r5:c5003c00
02-02 04:50:40.495   258   258 W -(0)[258:recovery] r4: 00000000
02-02 04:50:40.495   258   258 W         : -(0)[258:recovery][<c02ba0ec>] (SyS_ioctl) from [<c0107ac0>] (ret_fast_syscall+0x0/0x54)
02-02 04:50:40.495   258   258 W -(0)[258:recovery] r9: c53b4000 r8:c0107cc4 r7:00000036 r6:00000000 r5:acd16124 r4:e9b0377e
02-02 04:50:40.495   258   258 I (0)[258:recovery][DISP]skip_update: 0
02-02 04:50:40.495   258   258 I         : (0)[258:recovery][DISP][FB Driver] leave late_resume
02-02 04:50:40.495   258   258 I (0)[258:recovery][DISP]AOD check: succeed to set FB power mode FB_SUSPEND to FB_RESUME
02-02 04:50:40.534   258   258 I (0)[258:recovery][Power/PPM] @ppm_lcmoff_switch: onoff = 1
02-02 04:50:40.534   258   258 I (0)[258:recovery]mtk-tpd: [tpd_fb_notifier_callback:458] tpd_fb_notifier_callback
02-02 04:50:40.534   258   258 I (0)[258:recovery]mtk-tpd: [tpd_fb_notifier_callback:466] fb_notify(blank=0)
02-02 04:50:40.534   258   258 I (0)[258:recovery]mtk-tpd: [tpd_fb_notifier_callback:469] LCD ON Notify
02-02 04:50:40.534    80    80 I (2)[80:kworker/u8:2]mtk-tpd: [touch_resume_workqueue_callback:446] GTP touch_resume_workqueue_callback
02-02 04:50:40.534    80    80 I (2)[80:kworker/u8:2][tlsc]tlsc6x_tpd_reset: Enter
02-02 04:50:40.534    80    80 I (2)[80:kworker/u8:2][tlsc]tlsc6x_tpd_reset_force: Enter
02-02 04:50:40.534    80    80 I (2)[80:kworker/u8:2]mtk-tpd: [tpd_gpio_output:168] tpd_gpio_output pin = 0, level = 0
02-02 04:50:40.535   258   258 I (0)[258:recovery][PWM] disp_pwm_set_backlight_cmdq: (id = 0x1, level_1024 = 1023), old = 0
02-02 04:50:40.535   258   258 I (0)[258:recovery][PWM] disp_pwm_backlight_status: backlight is on (1023), power:(1), pwm id: (0)
02-02 04:50:40.543   258   258 I recovery: type=1400 audit(0.0:41): avc: denied { execmem } for scontext=u:r:recovery:s0 tcontext=u:r:recovery:s0 tclass=process permissive=1
02-02 04:50:40.543   258   258 I recovery: type=1400 audit(0.0:42): avc: denied { execute } for path="/dev/ashmem25f3f6b2-46f5-4a51-8d94-abe95180c458" dev="tmpfs" ino=12470 scontext=u:r:recovery:s0 tcontext=u:object_r:ashmem_libcutils_device:s0 tclass=chr_file permissive=1
02-02 04:50:40.544   258   258 I chatty  : uid=0(root) identical 144 lines
02-02 04:50:40.564    80    80 I (2)[80:kworker/u8:2]mtk-tpd: [tpd_gpio_output:168] tpd_gpio_output pin = 0, level = 1
02-02 04:50:40.569   258   258 I         : (0)[258:recovery][DISP]AEE is not enabled, will disable layer 3
02-02 04:50:40.569   258   258 I (0)[258:recovery][VcoreFS] feature_en: 0, init_done: 0, kr: 0, opp: 3
02-02 04:50:40.569   258   258 I         : (0)[258:recovery][pid=258]Set vcore step failed: 3
02-02 04:50:40.569   258   258 I (0)[258:recovery][MMDVFS][pid=258]Fixed,set scen: (22,0x0)step:(3,3,0x0,0x0,0x0,0x400000)
02-02 04:50:40.569   258   258 I (0)[258:recovery][MMDVFS][pid=258]Fixed,C(0,0,0x0,0),I(0,0),CLK: 0
02-02 04:50:40.569   258   258 I         : (0)[258:recovery][DISP]primary display will switch from DIRECT_LINK to RDMA_MODE
02-02 04:50:40.569   258   258 I         : (0)[258:recovery][DISP]primary display is RDMA_MODE mode now
02-02 04:50:40.577   258   258 I (0)[258:recovery]mtk-tpd: [tpd_fb_notifier_callback:458] tpd_fb_notifier_callback
02-02 04:50:40.747   258   258 I         : (2)[258:recovery][fgauge_read_current] final current=553 (ratio=1000)
02-02 04:50:40.747   258   258 I         : (2)[258:recovery][CH3_DBG] bat_cur = 553
02-02 04:50:40.748   258   258 I         : (0)[258:recovery][fgauge_read_current] final current=590 (ratio=1000)
02-02 04:50:40.748   258   258 I         : (0)[258:recovery][BattVoltToTemp] 607 16900 1800 -2
02-02 04:50:40.748   258   258 I         : (0)[258:recovery][force_get_tbat] 609,607,1,59,100,291 r:320 100 0
02-02 04:50:40.748   258   258 I (0)[258:recovery][force_get_tbat] t: 29 precise:291
02-02 04:50:41.153   258   258 I recovery: type=1400 audit(0.0:179): avc: denied { getattr } for path="/dev/__properties__/u:object_r:dynamic_system_prop:s0" dev="tmpfs" ino=11338 scontext=u:r:recovery:s0 tcontext=u:object_r:dynamic_system_prop:s0 tclass=file permissive=1
02-02 04:50:41.153   258   258 I recovery: type=1400 audit(0.0:180): avc: denied { map } for path="/dev/__properties__/u:object_r:dynamic_system_prop:s0" dev="tmpfs" ino=11338 scontext=u:r:recovery:s0 tcontext=u:object_r:dynamic_system_prop:s0 tclass=file permissive=1
02-02 04:50:41.153   258   258 I recovery: type=1400 audit(0.0:181): avc: denied { open } for path="/dev/__properties__/u:object_r:exported_audio_prop:s0" dev="tmpfs" ino=11347 scontext=u:r:recovery:s0 tcontext=u:object_r:exported_audio_prop:s0 tclass=file permissive=1
02-02 04:50:41.153   258   258 I recovery: type=1400 audit(0.0:182): avc: denied { getattr } for path="/dev/__properties__/u:object_r:exported_audio_prop:s0" dev="tmpfs" ino=11347 scontext=u:r:recovery:s0 tcontext=u:object_r:exported_audio_prop:s0 tclass=file permissive=1
02-02 04:50:41.153   258   258 I recovery: type=1400 audit(0.0:183): avc: denied { map } for path="/dev/__properties__/u:object_r:exported_audio_prop:s0" dev="tmpfs" ino=11347 scontext=u:r:recovery:s0 tcontext=u:object_r:exported_audio_prop:s0 tclass=file permissive=1
02-02 04:50:41.153   258   258 I recovery: type=1400 audit(0.0:184): avc: denied { open } for path="/dev/__properties__/u:object_r:exported_bluetooth_prop:s0" dev="tmpfs" ino=11348 scontext=u:r:recovery:s0 tcontext=u:object_r:exported_bluetooth_prop:s0 tclass=file permissive=1
02-02 04:50:41.153   258   258 I recovery: type=1400 audit(0.0:185): avc: denied { getattr } for path="/dev/__properties__/u:object_r:exported_bluetooth_prop:s0" dev="tmpfs" ino=11348 scontext=u:r:recovery:s0 tcontext=u:object_r:exported_bluetooth_prop:s0 tclass=file permissive=1
02-02 04:50:41.153   258   258 I recovery: type=1400 audit(0.0:186): avc: denied { map } for path="/dev/__properties__/u:object_r:exported_bluetooth_prop:s0" dev="tmpfs" ino=11348 scontext=u:r:recovery:s0 tcontext=u:object_r:exported_bluetooth_prop:s0 tclass=file permissive=1
02-02 04:50:41.153   258   258 I recovery: type=1400 audit(0.0:187): avc: denied { open } for path="/dev/__properties__/u:object_r:exported_camera_prop:s0" dev="tmpfs" ino=11349 scontext=u:r:recovery:s0 tcontext=u:object_r:exported_camera_prop:s0 tclass=file permissive=1
02-02 04:50:41.153   258   258 I recovery: type=1400 audit(0.0:188): avc: denied { getattr } for path="/dev/__properties__/u:object_r:exported_camera_prop:s0" dev="tmpfs" ino=11349 scontext=u:r:recovery:s0 tcontext=u:object_r:exported_camera_prop:s0 tclass=file permissive=1
02-02 04:50:41.153   258   258 I recovery: type=1400 audit(0.0:189): avc: denied { map } for path="/dev/__properties__/u:object_r:exported_camera_prop:s0" dev="tmpfs" ino=11349 scontext=u:r:recovery:s0 tcontext=u:object_r:exported_camera_prop:s0 tclass=file permissive=1
02-02 04:50:41.153   258   258 I recovery: type=1400 audit(0.0:190): avc: denied { open } for path="/dev/__properties__/u:object_r:exported_overlay_prop:s0" dev="tmpfs" ino=11356 scontext=u:r:recovery:s0 tcontext=u:object_r:exported_overlay_prop:s0 tclass=file permissive=1
02-02 04:50:41.153   258   258 I recovery: type=1400 audit(0.0:191): avc: denied { getattr } for path="/dev/__properties__/u:object_r:exported_overlay_prop:s0" dev="tmpfs" ino=11356 scontext=u:r:recovery:s0 tcontext=u:object_r:exported_overlay_prop:s0 tclass=file permissive=1
02-02 04:50:41.153   258   258 I recovery: type=1400 audit(0.0:192): avc: denied { map } for path="/dev/__properties__/u:object_r:exported_overlay_prop:s0" dev="tmpfs" ino=11356 scontext=u:r:recovery:s0 tcontext=u:object_r:exported_overlay_prop:s0 tclass=file permissive=1
02-02 04:50:41.153   258   258 I recovery: type=1400 audit(0.0:193): avc: denied { open } for path="/dev/__properties__/u:object_r:exported_wifi_prop:s0" dev="tmpfs" ino=11363 scontext=u:r:recovery:s0 tcontext=u:object_r:exported_wifi_prop:s0 tclass=file permissive=1
02-02 04:50:41.153   258   258 I recovery: type=1400 audit(0.0:194): avc: denied { getattr } for path="/dev/__properties__/u:object_r:exported_wifi_prop:s0" dev="tmpfs" ino=11363 scontext=u:r:recovery:s0 tcontext=u:object_r:exported_wifi_prop:s0 tclass=file permissive=1
02-02 04:50:41.153   258   258 I recovery: type=1400 audit(0.0:195): avc: denied { map } for path="/dev/__properties__/u:object_r:exported_wifi_prop:s0" dev="tmpfs" ino=11363 scontext=u:r:recovery:s0 tcontext=u:object_r:exported_wifi_prop:s0 tclass=file permissive=1
02-02 04:50:41.156   258   258 I recovery: type=1400 audit(0.0:196): avc: denied { open } for path="/dev/__properties__/u:object_r:firstboot_prop:s0" dev="tmpfs" ino=11367 scontext=u:r:recovery:s0 tcontext=u:object_r:firstboot_prop:s0 tclass=file permissive=1
02-02 04:50:41.156   258   258 I recovery: type=1400 audit(0.0:197): avc: denied { getattr } for path="/dev/__properties__/u:object_r:firstboot_prop:s0" dev="tmpfs" ino=11367 scontext=u:r:recovery:s0 tcontext=u:object_r:firstboot_prop:s0 tclass=file permissive=1
02-02 04:50:41.156   258   258 I recovery: type=1400 audit(0.0:198): avc: denied { map } for path="/dev/__properties__/u:object_r:firstboot_prop:s0" dev="tmpfs" ino=11367 scontext=u:r:recovery:s0 tcontext=u:object_r:firstboot_prop:s0 tclass=file permissive=1
02-02 04:50:41.156   258   258 I recovery: type=1400 audit(0.0:199): avc: denied { open } for path="/dev/__properties__/u:object_r:graphics_config_prop:s0" dev="tmpfs" ino=11368 scontext=u:r:recovery:s0 tcontext=u:object_r:graphics_config_prop:s0 tclass=file permissive=1
02-02 04:50:41.156   258   258 I recovery: type=1400 audit(0.0:200): avc: denied { getattr } for path="/dev/__properties__/u:object_r:graphics_config_prop:s0" dev="tmpfs" ino=11368 scontext=u:r:recovery:s0 tcontext=u:object_r:graphics_config_prop:s0 tclass=file permissive=1
02-02 04:50:41.156   258   258 I recovery: type=1400 audit(0.0:201): avc: denied { map } for path="/dev/__properties__/u:object_r:graphics_config_prop:s0" dev="tmpfs" ino=11368 scontext=u:r:recovery:s0 tcontext=u:object_r:graphics_config_prop:s0 tclass=file permissive=1
02-02 04:50:41.156   258   258 I recovery: type=1400 audit(0.0:202): avc: denied { open } for path="/dev/__properties__/u:object_r:heapprofd_enabled_prop:s0" dev="tmpfs" ino=11370 scontext=u:r:recovery:s0 tcontext=u:object_r:heapprofd_enabled_prop:s0 tclass=file permissive=1
02-02 04:50:41.156   258   258 I recovery: type=1400 audit(0.0:203): avc: denied { getattr } for path="/dev/__properties__/u:object_r:heapprofd_enabled_prop:s0" dev="tmpfs" ino=11370 scontext=u:r:recovery:s0 tcontext=u:object_r:heapprofd_enabled_prop:s0 tclass=file permissive=1
02-02 04:50:41.156   258   258 I recovery: type=1400 audit(0.0:204): avc: denied { map } for path="/dev/__properties__/u:object_r:heapprofd_enabled_prop:s0" dev="tmpfs" ino=11370 scontext=u:r:recovery:s0 tcontext=u:object_r:heapprofd_enabled_prop:s0 tclass=file permissive=1
02-02 04:50:41.156   258   258 I recovery: type=1400 audit(0.0:205): avc: denied { open } for path="/dev/__properties__/u:object_r:incremental_prop:s0" dev="tmpfs" ino=11373 scontext=u:r:recovery:s0 tcontext=u:object_r:incremental_prop:s0 tclass=file permissive=1
02-02 04:50:41.156   258   258 I recovery: type=1400 audit(0.0:206): avc: denied { getattr } for path="/dev/__properties__/u:object_r:incremental_prop:s0" dev="tmpfs" ino=11373 scontext=u:r:recovery:s0 tcontext=u:object_r:incremental_prop:s0 tclass=file permissive=1
02-02 04:50:41.156   258   258 I recovery: type=1400 audit(0.0:207): avc: denied { map } for path="/dev/__properties__/u:object_r:incremental_prop:s0" dev="tmpfs" ino=11373 scontext=u:r:recovery:s0 tcontext=u:object_r:incremental_prop:s0 tclass=file permissive=1
02-02 04:50:41.156   258   258 I recovery: type=1400 audit(0.0:208): avc: denied { open } for path="/dev/__properties__/u:object_r:init_perf_lsm_hooks_prop:s0" dev="tmpfs" ino=11374 scontext=u:r:recovery:s0 tcontext=u:object_r:init_perf_lsm_hooks_prop:s0 tclass=file permissive=1
02-02 04:50:41.156   258   258 I recovery: type=1400 audit(0.0:209): avc: denied { getattr } for path="/dev/__properties__/u:object_r:init_perf_lsm_hooks_prop:s0" dev="tmpfs" ino=11374 scontext=u:r:recovery:s0 tcontext=u:object_r:init_perf_lsm_hooks_prop:s0 tclass=file permissive=1
02-02 04:50:41.156   258   258 I recovery: type=1400 audit(0.0:210): avc: denied { map } for path="/dev/__properties__/u:object_r:init_perf_lsm_hooks_prop:s0" dev="tmpfs" ino=11374 scontext=u:r:recovery:s0 tcontext=u:object_r:init_perf_lsm_hooks_prop:s0 tclass=file permissive=1
02-02 04:50:41.156   258   258 I recovery: type=1400 audit(0.0:211): avc: denied { open } for path="/dev/__properties__/u:object_r:init_svc_debug_prop:s0" dev="tmpfs" ino=11375 scontext=u:r:recovery:s0 tcontext=u:object_r:init_svc_debug_prop:s0 tclass=file permissive=1
02-02 04:50:41.156   258   258 I recovery: type=1400 audit(0.0:212): avc: denied { getattr } for path="/dev/__properties__/u:object_r:init_svc_debug_prop:s0" dev="tmpfs" ino=11375 scontext=u:r:recovery:s0 tcontext=u:object_r:init_svc_debug_prop:s0 tclass=file permissive=1
02-02 04:50:41.156   258   258 I recovery: type=1400 audit(0.0:213): avc: denied { map } for path="/dev/__properties__/u:object_r:init_svc_debug_prop:s0" dev="tmpfs" ino=11375 scontext=u:r:recovery:s0 tcontext=u:object_r:init_svc_debug_prop:s0 tclass=file permissive=1
02-02 04:50:41.156   258   258 I recovery: type=1400 audit(0.0:214): avc: denied { open } for path="/dev/__properties__/u:object_r:last_boot_reason_prop:s0" dev="tmpfs" ino=11376 scontext=u:r:recovery:s0 tcontext=u:object_r:last_boot_reason_prop:s0 tclass=file permissive=1
02-02 04:50:41.156   258   258 I recovery: type=1400 audit(0.0:215): avc: denied { getattr } for path="/dev/__properties__/u:object_r:last_boot_reason_prop:s0" dev="tmpfs" ino=11376 scontext=u:r:recovery:s0 tcontext=u:object_r:last_boot_reason_prop:s0 tclass=file permissive=1
02-02 04:50:41.156   258   258 I recovery: type=1400 audit(0.0:216): avc: denied { map } for path="/dev/__properties__/u:object_r:last_boot_reason_prop:s0" dev="tmpfs" ino=11376 scontext=u:r:recovery:s0 tcontext=u:object_r:last_boot_reason_prop:s0 tclass=file permissive=1
02-02 04:50:41.156   258   258 I recovery: type=1400 audit(0.0:217): avc: denied { open } for path="/dev/__properties__/u:object_r:llkd_prop:s0" dev="tmpfs" ino=11377 scontext=u:r:recovery:s0 tcontext=u:object_r:llkd_prop:s0 tclass=file permissive=1
02-02 04:50:41.156   258   258 I recovery: type=1400 audit(0.0:218): avc: denied { getattr } for path="/dev/__properties__/u:object_r:llkd_prop:s0" dev="tmpfs" ino=11377 scontext=u:r:recovery:s0 tcontext=u:object_r:llkd_prop:s0 tclass=file permissive=1
02-02 04:50:41.156   258   258 I recovery: type=1400 audit(0.0:219): avc: denied { map } for path="/dev/__properties__/u:object_r:llkd_prop:s0" dev="tmpfs" ino=11377 scontext=u:r:recovery:s0 tcontext=u:object_r:llkd_prop:s0 tclass=file permissive=1
02-02 04:50:41.156   258   258 I recovery: type=1400 audit(0.0:220): avc: denied { open } for path="/dev/__properties__/u:object_r:lmkd_prop:s0" dev="tmpfs" ino=11378 scontext=u:r:recovery:s0 tcontext=u:object_r:lmkd_prop:s0 tclass=file permissive=1
02-02 04:50:41.156   258   258 I recovery: type=1400 audit(0.0:221): avc: denied { getattr } for path="/dev/__properties__/u:object_r:lmkd_prop:s0" dev="tmpfs" ino=11378 scontext=u:r:recovery:s0 tcontext=u:object_r:lmkd_prop:s0 tclass=file permissive=1
02-02 04:50:41.156   258   258 I recovery: type=1400 audit(0.0:222): avc: denied { map } for path="/dev/__properties__/u:object_r:lmkd_prop:s0" dev="tmpfs" ino=11378 scontext=u:r:recovery:s0 tcontext=u:object_r:lmkd_prop:s0 tclass=file permissive=1
02-02 04:50:41.156   258   258 I recovery: type=1400 audit(0.0:223): avc: denied { open } for path="/dev/__properties__/u:object_r:logpersistd_logging_prop:s0" dev="tmpfs" ino=11382 scontext=u:r:recovery:s0 tcontext=u:object_r:logpersistd_logging_prop:s0 tclass=file permissive=1
02-02 04:50:41.156   258   258 I recovery: type=1400 audit(0.0:224): avc: denied { getattr } for path="/dev/__properties__/u:object_r:logpersistd_logging_prop:s0" dev="tmpfs" ino=11382 scontext=u:r:recovery:s0 tcontext=u:object_r:logpersistd_logging_prop:s0 tclass=file permissive=1
02-02 04:50:41.156   258   258 I recovery: type=1400 audit(0.0:225): avc: denied { map } for path="/dev/__properties__/u:object_r:logpersistd_logging_prop:s0" dev="tmpfs" ino=11382 scontext=u:r:recovery:s0 tcontext=u:object_r:logpersistd_logging_prop:s0 tclass=file permissive=1
02-02 04:50:41.156   258   258 I recovery: type=1400 audit(0.0:226): avc: denied { open } for path="/dev/__properties__/u:object_r:lowpan_prop:s0" dev="tmpfs" ino=11383 scontext=u:r:recovery:s0 tcontext=u:object_r:lowpan_prop:s0 tclass=file permissive=1
02-02 04:50:41.156   258   258 I recovery: type=1400 audit(0.0:227): avc: denied { getattr } for path="/dev/__properties__/u:object_r:lowpan_prop:s0" dev="tmpfs" ino=11383 scontext=u:r:recovery:s0 tcontext=u:object_r:lowpan_prop:s0 tclass=file permissive=1
02-02 04:50:41.156   258   258 I recovery: type=1400 audit(0.0:228): avc: denied { map } for path="/dev/__properties__/u:object_r:lowpan_prop:s0" dev="tmpfs" ino=11383 scontext=u:r:recovery:s0 tcontext=u:object_r:lowpan_prop:s0 tclass=file permissive=1
02-02 04:50:41.156   258   258 I recovery: type=1400 audit(0.0:229): avc: denied { open } for path="/dev/__properties__/u:object_r:lpdumpd_prop:s0" dev="tmpfs" ino=11384 scontext=u:r:recovery:s0 tcontext=u:object_r:lpdumpd_prop:s0 tclass=file permissive=1
02-02 04:50:41.156   258   258 I recovery: type=1400 audit(0.0:230): avc: denied { getattr } for path="/dev/__properties__/u:object_r:lpdumpd_prop:s0" dev="tmpfs" ino=11384 scontext=u:r:recovery:s0 tcontext=u:object_r:lpdumpd_prop:s0 tclass=file permissive=1
02-02 04:50:41.156   258   258 I recovery: type=1400 audit(0.0:231): avc: denied { map } for path="/dev/__properties__/u:object_r:lpdumpd_prop:s0" dev="tmpfs" ino=11384 scontext=u:r:recovery:s0 tcontext=u:object_r:lpdumpd_prop:s0 tclass=file permissive=1
02-02 04:50:41.156   258   258 I recovery: type=1400 audit(0.0:232): avc: denied { open } for path="/dev/__properties__/u:object_r:media_variant_prop:s0" dev="tmpfs" ino=11385 scontext=u:r:recovery:s0 tcontext=u:object_r:media_variant_prop:s0 tclass=file permissive=1
02-02 04:50:41.156   258   258 I recovery: type=1400 audit(0.0:233): avc: denied { getattr } for path="/dev/__properties__/u:object_r:media_variant_prop:s0" dev="tmpfs" ino=11385 scontext=u:r:recovery:s0 tcontext=u:object_r:media_variant_prop:s0 tclass=file permissive=1
02-02 04:50:41.156   258   258 I recovery: type=1400 audit(0.0:234): avc: denied { map } for path="/dev/__properties__/u:object_r:media_variant_prop:s0" dev="tmpfs" ino=11385 scontext=u:r:recovery:s0 tcontext=u:object_r:media_variant_prop:s0 tclass=file permissive=1
02-02 04:50:41.156   258   258 I recovery: type=1400 audit(0.0:235): avc: denied { open } for path="/dev/__properties__/u:object_r:mmc_prop:s0" dev="tmpfs" ino=11386 scontext=u:r:recovery:s0 tcontext=u:object_r:mmc_prop:s0 tclass=file permissive=1
02-02 04:50:41.156   258   258 I recovery: type=1400 audit(0.0:236): avc: denied { getattr } for path="/dev/__properties__/u:object_r:mmc_prop:s0" dev="tmpfs" ino=11386 scontext=u:r:recovery:s0 tcontext=u:object_r:mmc_prop:s0 tclass=file permissive=1
02-02 04:50:41.156   258   258 I recovery: type=1400 audit(0.0:237): avc: denied { map } for path="/dev/__properties__/u:object_r:mmc_prop:s0" dev="tmpfs" ino=11386 scontext=u:r:recovery:s0 tcontext=u:object_r:mmc_prop:s0 tclass=file permissive=1
02-02 04:50:41.156   258   258 I recovery: type=1400 audit(0.0:238): avc: denied { open } for path="/dev/__properties__/u:object_r:mock_ota_prop:s0" dev="tmpfs" ino=11387 scontext=u:r:recovery:s0 tcontext=u:object_r:mock_ota_prop:s0 tclass=file permissive=1
02-02 04:50:41.156   258   258 I recovery: type=1400 audit(0.0:239): avc: denied { getattr } for path="/dev/__properties__/u:object_r:mock_ota_prop:s0" dev="tmpfs" ino=11387 scontext=u:r:recovery:s0 tcontext=u:object_r:mock_ota_prop:s0 tclass=file permissive=1
02-02 04:50:41.156   258   258 I recovery: type=1400 audit(0.0:240): avc: denied { map } for path="/dev/__properties__/u:object_r:mock_ota_prop:s0" dev="tmpfs" ino=11387 scontext=u:r:recovery:s0 tcontext=u:object_r:mock_ota_prop:s0 tclass=file permissive=1
02-02 04:50:41.156   258   258 I recovery: type=1400 audit(0.0:241): avc: denied { open } for path="/dev/__properties__/u:object_r:net_dns_prop:s0" dev="tmpfs" ino=11389 scontext=u:r:recovery:s0 tcontext=u:object_r:net_dns_prop:s0 tclass=file permissive=1
02-02 04:50:41.156   258   258 I recovery: type=1400 audit(0.0:242): avc: denied { getattr } for path="/dev/__properties__/u:object_r:net_dns_prop:s0" dev="tmpfs" ino=11389 scontext=u:r:recovery:s0 tcontext=u:object_r:net_dns_prop:s0 tclass=file permissive=1
02-02 04:50:41.156   258   258 I recovery: type=1400 audit(0.0:243): avc: denied { map } for path="/dev/__properties__/u:object_r:net_dns_prop:s0" dev="tmpfs" ino=11389 scontext=u:r:recovery:s0 tcontext=u:object_r:net_dns_prop:s0 tclass=file permissive=1
02-02 04:50:41.156   258   258 I recovery: type=1400 audit(0.0:244): avc: denied { open } for path="/dev/__properties__/u:object_r:netd_stable_secret_prop:s0" dev="tmpfs" ino=11391 scontext=u:r:recovery:s0 tcontext=u:object_r:netd_stable_secret_prop:s0 tclass=file permissive=1
02-02 04:50:41.156   258   258 I recovery: type=1400 audit(0.0:245): avc: denied { getattr } for path="/dev/__properties__/u:object_r:netd_stable_secret_prop:s0" dev="tmpfs" ino=11391 scontext=u:r:recovery:s0 tcontext=u:object_r:netd_stable_secret_prop:s0 tclass=file permissive=1
02-02 04:50:41.156   258   258 I recovery: type=1400 audit(0.0:246): avc: denied { map } for path="/dev/__properties__/u:object_r:netd_stable_secret_prop:s0" dev="tmpfs" ino=11391 scontext=u:r:recovery:s0 tcontext=u:object_r:netd_stable_secret_prop:s0 tclass=file permissive=1
02-02 04:50:41.156   258   258 I recovery: type=1400 audit(0.0:247): avc: denied { open } for path="/dev/__properties__/u:object_r:nnapi_ext_deny_product_prop:s0" dev="tmpfs" ino=11393 scontext=u:r:recovery:s0 tcontext=u:object_r:nnapi_ext_deny_product_prop:s0 tclass=file permissive=1
02-02 04:50:41.159   258   258 I recovery: type=1400 audit(0.0:248): avc: denied { getattr } for path="/dev/__properties__/u:object_r:nnapi_ext_deny_product_prop:s0" dev="tmpfs" ino=11393 scontext=u:r:recovery:s0 tcontext=u:object_r:nnapi_ext_deny_product_prop:s0 tclass=file permissive=1
02-02 04:50:41.159   258   258 I recovery: type=1400 audit(0.0:249): avc: denied { map } for path="/dev/__properties__/u:object_r:nnapi_ext_deny_product_prop:s0" dev="tmpfs" ino=11393 scontext=u:r:recovery:s0 tcontext=u:object_r:nnapi_ext_deny_product_prop:s0 tclass=file permissive=1
02-02 04:50:41.159   258   258 I recovery: type=1400 audit(0.0:250): avc: denied { open } for path="/dev/__properties__/u:object_r:overlay_prop:s0" dev="tmpfs" ino=11395 scontext=u:r:recovery:s0 tcontext=u:object_r:overlay_prop:s0 tclass=file permissive=1
02-02 04:50:41.159   258   258 I recovery: type=1400 audit(0.0:251): avc: denied { getattr } for path="/dev/__properties__/u:object_r:overlay_prop:s0" dev="tmpfs" ino=11395 scontext=u:r:recovery:s0 tcontext=u:object_r:overlay_prop:s0 tclass=file permissive=1
