02-05 08:10:29.083   255   255 I recovery: type=1400 audit(0.0:222): avc: denied { map } for path="/dev/__properties__/u:object_r:heapprofd_enabled_prop:s0" dev="tmpfs" ino=15457 scontext=u:r:recovery:s0 tcontext=u:object_r:heapprofd_enabled_prop:s0 tclass=file permissive=1
02-05 08:10:29.083   255   255 I recovery: type=1400 audit(0.0:223): avc: denied { open } for path="/dev/__properties__/u:object_r:incremental_prop:s0" dev="tmpfs" ino=15460 scontext=u:r:recovery:s0 tcontext=u:object_r:incremental_prop:s0 tclass=file permissive=1
02-05 08:10:29.083   255   255 I recovery: type=1400 audit(0.0:224): avc: denied { getattr } for path="/dev/__properties__/u:object_r:incremental_prop:s0" dev="tmpfs" ino=15460 scontext=u:r:recovery:s0 tcontext=u:object_r:incremental_prop:s0 tclass=file permissive=1
02-05 08:10:29.086   255   255 I recovery: type=1400 audit(0.0:225): avc: denied { map } for path="/dev/__properties__/u:object_r:incremental_prop:s0" dev="tmpfs" ino=15460 scontext=u:r:recovery:s0 tcontext=u:object_r:incremental_prop:s0 tclass=file permissive=1
02-05 08:10:29.086   255   255 I recovery: type=1400 audit(0.0:226): avc: denied { open } for path="/dev/__properties__/u:object_r:init_perf_lsm_hooks_prop:s0" dev="tmpfs" ino=15461 scontext=u:r:recovery:s0 tcontext=u:object_r:init_perf_lsm_hooks_prop:s0 tclass=file permissive=1
02-05 08:10:29.086   255   255 I recovery: type=1400 audit(0.0:227): avc: denied { getattr } for path="/dev/__properties__/u:object_r:init_perf_lsm_hooks_prop:s0" dev="tmpfs" ino=15461 scontext=u:r:recovery:s0 tcontext=u:object_r:init_perf_lsm_hooks_prop:s0 tclass=file permissive=1
02-05 08:10:29.086   255   255 I recovery: type=1400 audit(0.0:228): avc: denied { map } for path="/dev/__properties__/u:object_r:init_perf_lsm_hooks_prop:s0" dev="tmpfs" ino=15461 scontext=u:r:recovery:s0 tcontext=u:object_r:init_perf_lsm_hooks_prop:s0 tclass=file permissive=1
02-05 08:10:29.086   255   255 I recovery: type=1400 audit(0.0:229): avc: denied { open } for path="/dev/__properties__/u:object_r:init_svc_debug_prop:s0" dev="tmpfs" ino=15462 scontext=u:r:recovery:s0 tcontext=u:object_r:init_svc_debug_prop:s0 tclass=file permissive=1
02-05 08:10:29.086   255   255 I recovery: type=1400 audit(0.0:230): avc: denied { getattr } for path="/dev/__properties__/u:object_r:init_svc_debug_prop:s0" dev="tmpfs" ino=15462 scontext=u:r:recovery:s0 tcontext=u:object_r:init_svc_debug_prop:s0 tclass=file permissive=1
02-05 08:10:29.086   255   255 I recovery: type=1400 audit(0.0:231): avc: denied { map } for path="/dev/__properties__/u:object_r:init_svc_debug_prop:s0" dev="tmpfs" ino=15462 scontext=u:r:recovery:s0 tcontext=u:object_r:init_svc_debug_prop:s0 tclass=file permissive=1
02-05 08:10:29.086   255   255 I recovery: type=1400 audit(0.0:232): avc: denied { open } for path="/dev/__properties__/u:object_r:last_boot_reason_prop:s0" dev="tmpfs" ino=15463 scontext=u:r:recovery:s0 tcontext=u:object_r:last_boot_reason_prop:s0 tclass=file permissive=1
02-05 08:10:29.086   255   255 I recovery: type=1400 audit(0.0:233): avc: denied { getattr } for path="/dev/__properties__/u:object_r:last_boot_reason_prop:s0" dev="tmpfs" ino=15463 scontext=u:r:recovery:s0 tcontext=u:object_r:last_boot_reason_prop:s0 tclass=file permissive=1
02-05 08:10:29.086   255   255 I recovery: type=1400 audit(0.0:234): avc: denied { map } for path="/dev/__properties__/u:object_r:last_boot_reason_prop:s0" dev="tmpfs" ino=15463 scontext=u:r:recovery:s0 tcontext=u:object_r:last_boot_reason_prop:s0 tclass=file permissive=1
02-05 08:10:29.086   255   255 I recovery: type=1400 audit(0.0:235): avc: denied { open } for path="/dev/__properties__/u:object_r:llkd_prop:s0" dev="tmpfs" ino=15464 scontext=u:r:recovery:s0 tcontext=u:object_r:llkd_prop:s0 tclass=file permissive=1
02-05 08:10:29.086   255   255 I recovery: type=1400 audit(0.0:236): avc: denied { getattr } for path="/dev/__properties__/u:object_r:llkd_prop:s0" dev="tmpfs" ino=15464 scontext=u:r:recovery:s0 tcontext=u:object_r:llkd_prop:s0 tclass=file permissive=1
02-05 08:10:29.086   255   255 I recovery: type=1400 audit(0.0:237): avc: denied { map } for path="/dev/__properties__/u:object_r:llkd_prop:s0" dev="tmpfs" ino=15464 scontext=u:r:recovery:s0 tcontext=u:object_r:llkd_prop:s0 tclass=file permissive=1
02-05 08:10:29.086   255   255 I recovery: type=1400 audit(0.0:238): avc: denied { open } for path="/dev/__properties__/u:object_r:lmkd_prop:s0" dev="tmpfs" ino=15465 scontext=u:r:recovery:s0 tcontext=u:object_r:lmkd_prop:s0 tclass=file permissive=1
02-05 08:10:29.086   255   255 I recovery: type=1400 audit(0.0:239): avc: denied { getattr } for path="/dev/__properties__/u:object_r:lmkd_prop:s0" dev="tmpfs" ino=15465 scontext=u:r:recovery:s0 tcontext=u:object_r:lmkd_prop:s0 tclass=file permissive=1
02-05 08:10:29.086   255   255 I recovery: type=1400 audit(0.0:240): avc: denied { map } for path="/dev/__properties__/u:object_r:lmkd_prop:s0" dev="tmpfs" ino=15465 scontext=u:r:recovery:s0 tcontext=u:object_r:lmkd_prop:s0 tclass=file permissive=1
02-05 08:10:29.086   255   255 I recovery: type=1400 audit(0.0:241): avc: denied { open } for path="/dev/__properties__/u:object_r:logpersistd_logging_prop:s0" dev="tmpfs" ino=15469 scontext=u:r:recovery:s0 tcontext=u:object_r:logpersistd_logging_prop:s0 tclass=file permissive=1
02-05 08:10:29.086   255   255 I recovery: type=1400 audit(0.0:242): avc: denied { getattr } for path="/dev/__properties__/u:object_r:logpersistd_logging_prop:s0" dev="tmpfs" ino=15469 scontext=u:r:recovery:s0 tcontext=u:object_r:logpersistd_logging_prop:s0 tclass=file permissive=1
02-05 08:10:29.086   255   255 I recovery: type=1400 audit(0.0:243): avc: denied { map } for path="/dev/__properties__/u:object_r:logpersistd_logging_prop:s0" dev="tmpfs" ino=15469 scontext=u:r:recovery:s0 tcontext=u:object_r:logpersistd_logging_prop:s0 tclass=file permissive=1
02-05 08:10:29.086   255   255 I recovery: type=1400 audit(0.0:244): avc: denied { open } for path="/dev/__properties__/u:object_r:lowpan_prop:s0" dev="tmpfs" ino=15470 scontext=u:r:recovery:s0 tcontext=u:object_r:lowpan_prop:s0 tclass=file permissive=1
02-05 08:10:29.086   255   255 I recovery: type=1400 audit(0.0:245): avc: denied { getattr } for path="/dev/__properties__/u:object_r:lowpan_prop:s0" dev="tmpfs" ino=15470 scontext=u:r:recovery:s0 tcontext=u:object_r:lowpan_prop:s0 tclass=file permissive=1
02-05 08:10:29.086   255   255 I recovery: type=1400 audit(0.0:246): avc: denied { map } for path="/dev/__properties__/u:object_r:lowpan_prop:s0" dev="tmpfs" ino=15470 scontext=u:r:recovery:s0 tcontext=u:object_r:lowpan_prop:s0 tclass=file permissive=1
02-05 08:10:29.086   255   255 I recovery: type=1400 audit(0.0:247): avc: denied { open } for path="/dev/__properties__/u:object_r:lpdumpd_prop:s0" dev="tmpfs" ino=15471 scontext=u:r:recovery:s0 tcontext=u:object_r:lpdumpd_prop:s0 tclass=file permissive=1
02-05 08:10:29.086   255   255 I recovery: type=1400 audit(0.0:248): avc: denied { getattr } for path="/dev/__properties__/u:object_r:lpdumpd_prop:s0" dev="tmpfs" ino=15471 scontext=u:r:recovery:s0 tcontext=u:object_r:lpdumpd_prop:s0 tclass=file permissive=1
02-05 08:10:29.086   255   255 I recovery: type=1400 audit(0.0:249): avc: denied { map } for path="/dev/__properties__/u:object_r:lpdumpd_prop:s0" dev="tmpfs" ino=15471 scontext=u:r:recovery:s0 tcontext=u:object_r:lpdumpd_prop:s0 tclass=file permissive=1
02-05 08:10:29.086   255   255 I recovery: type=1400 audit(0.0:250): avc: denied { open } for path="/dev/__properties__/u:object_r:media_variant_prop:s0" dev="tmpfs" ino=15472 scontext=u:r:recovery:s0 tcontext=u:object_r:media_variant_prop:s0 tclass=file permissive=1
02-05 08:10:29.086   255   255 I recovery: type=1400 audit(0.0:251): avc: denied { getattr } for path="/dev/__properties__/u:object_r:media_variant_prop:s0" dev="tmpfs" ino=15472 scontext=u:r:recovery:s0 tcontext=u:object_r:media_variant_prop:s0 tclass=file permissive=1
02-05 08:10:29.086   255   255 I recovery: type=1400 audit(0.0:252): avc: denied { map } for path="/dev/__properties__/u:object_r:media_variant_prop:s0" dev="tmpfs" ino=15472 scontext=u:r:recovery:s0 tcontext=u:object_r:media_variant_prop:s0 tclass=file permissive=1
02-05 08:10:29.086   255   255 I recovery: type=1400 audit(0.0:253): avc: denied { open } for path="/dev/__properties__/u:object_r:mmc_prop:s0" dev="tmpfs" ino=15473 scontext=u:r:recovery:s0 tcontext=u:object_r:mmc_prop:s0 tclass=file permissive=1
02-05 08:10:29.086   255   255 I recovery: type=1400 audit(0.0:254): avc: denied { getattr } for path="/dev/__properties__/u:object_r:mmc_prop:s0" dev="tmpfs" ino=15473 scontext=u:r:recovery:s0 tcontext=u:object_r:mmc_prop:s0 tclass=file permissive=1
02-05 08:10:29.086   255   255 I recovery: type=1400 audit(0.0:255): avc: denied { map } for path="/dev/__properties__/u:object_r:mmc_prop:s0" dev="tmpfs" ino=15473 scontext=u:r:recovery:s0 tcontext=u:object_r:mmc_prop:s0 tclass=file permissive=1
02-05 08:10:29.086   255   255 I recovery: type=1400 audit(0.0:256): avc: denied { open } for path="/dev/__properties__/u:object_r:mock_ota_prop:s0" dev="tmpfs" ino=15474 scontext=u:r:recovery:s0 tcontext=u:object_r:mock_ota_prop:s0 tclass=file permissive=1
02-05 08:10:29.086   255   255 I recovery: type=1400 audit(0.0:257): avc: denied { getattr } for path="/dev/__properties__/u:object_r:mock_ota_prop:s0" dev="tmpfs" ino=15474 scontext=u:r:recovery:s0 tcontext=u:object_r:mock_ota_prop:s0 tclass=file permissive=1
02-05 08:10:29.086   255   255 I recovery: type=1400 audit(0.0:258): avc: denied { map } for path="/dev/__properties__/u:object_r:mock_ota_prop:s0" dev="tmpfs" ino=15474 scontext=u:r:recovery:s0 tcontext=u:object_r:mock_ota_prop:s0 tclass=file permissive=1
02-05 08:10:29.086   255   255 I recovery: type=1400 audit(0.0:259): avc: denied { open } for path="/dev/__properties__/u:object_r:net_dns_prop:s0" dev="tmpfs" ino=15476 scontext=u:r:recovery:s0 tcontext=u:object_r:net_dns_prop:s0 tclass=file permissive=1
02-05 08:10:29.086   255   255 I recovery: type=1400 audit(0.0:260): avc: denied { getattr } for path="/dev/__properties__/u:object_r:net_dns_prop:s0" dev="tmpfs" ino=15476 scontext=u:r:recovery:s0 tcontext=u:object_r:net_dns_prop:s0 tclass=file permissive=1
02-05 08:10:29.086   255   255 I recovery: type=1400 audit(0.0:261): avc: denied { map } for path="/dev/__properties__/u:object_r:net_dns_prop:s0" dev="tmpfs" ino=15476 scontext=u:r:recovery:s0 tcontext=u:object_r:net_dns_prop:s0 tclass=file permissive=1
02-05 08:10:29.086   255   255 I recovery: type=1400 audit(0.0:262): avc: denied { open } for path="/dev/__properties__/u:object_r:netd_stable_secret_prop:s0" dev="tmpfs" ino=15478 scontext=u:r:recovery:s0 tcontext=u:object_r:netd_stable_secret_prop:s0 tclass=file permissive=1
02-05 08:10:29.086   255   255 I recovery: type=1400 audit(0.0:263): avc: denied { getattr } for path="/dev/__properties__/u:object_r:netd_stable_secret_prop:s0" dev="tmpfs" ino=15478 scontext=u:r:recovery:s0 tcontext=u:object_r:netd_stable_secret_prop:s0 tclass=file permissive=1
02-05 08:10:29.086   255   255 I recovery: type=1400 audit(0.0:264): avc: denied { map } for path="/dev/__properties__/u:object_r:netd_stable_secret_prop:s0" dev="tmpfs" ino=15478 scontext=u:r:recovery:s0 tcontext=u:object_r:netd_stable_secret_prop:s0 tclass=file permissive=1
02-05 08:10:29.086   255   255 I recovery: type=1400 audit(0.0:265): avc: denied { open } for path="/dev/__properties__/u:object_r:nnapi_ext_deny_product_prop:s0" dev="tmpfs" ino=15480 scontext=u:r:recovery:s0 tcontext=u:object_r:nnapi_ext_deny_product_prop:s0 tclass=file permissive=1
02-05 08:10:29.086   255   255 I recovery: type=1400 audit(0.0:266): avc: denied { getattr } for path="/dev/__properties__/u:object_r:nnapi_ext_deny_product_prop:s0" dev="tmpfs" ino=15480 scontext=u:r:recovery:s0 tcontext=u:object_r:nnapi_ext_deny_product_prop:s0 tclass=file permissive=1
02-05 08:10:29.086   255   255 I recovery: type=1400 audit(0.0:267): avc: denied { map } for path="/dev/__properties__/u:object_r:nnapi_ext_deny_product_prop:s0" dev="tmpfs" ino=15480 scontext=u:r:recovery:s0 tcontext=u:object_r:nnapi_ext_deny_product_prop:s0 tclass=file permissive=1
02-05 08:10:29.086   255   255 I recovery: type=1400 audit(0.0:268): avc: denied { open } for path="/dev/__properties__/u:object_r:overlay_prop:s0" dev="tmpfs" ino=15482 scontext=u:r:recovery:s0 tcontext=u:object_r:overlay_prop:s0 tclass=file permissive=1
02-05 08:10:29.086   255   255 I recovery: type=1400 audit(0.0:269): avc: denied { getattr } for path="/dev/__properties__/u:object_r:overlay_prop:s0" dev="tmpfs" ino=15482 scontext=u:r:recovery:s0 tcontext=u:object_r:overlay_prop:s0 tclass=file permissive=1
02-05 08:10:29.086   255   255 I recovery: type=1400 audit(0.0:270): avc: denied { map } for path="/dev/__properties__/u:object_r:overlay_prop:s0" dev="tmpfs" ino=15482 scontext=u:r:recovery:s0 tcontext=u:object_r:overlay_prop:s0 tclass=file permissive=1
02-05 08:10:29.089   255   255 I recovery: type=1400 audit(0.0:271): avc: denied { open } for path="/dev/__properties__/u:object_r:persistent_properties_ready_prop:s0" dev="tmpfs" ino=15485 scontext=u:r:recovery:s0 tcontext=u:object_r:persistent_properties_ready_prop:s0 tclass=file permissive=1
02-05 08:10:29.089   255   255 I recovery: type=1400 audit(0.0:272): avc: denied { getattr } for path="/dev/__properties__/u:object_r:persistent_properties_ready_prop:s0" dev="tmpfs" ino=15485 scontext=u:r:recovery:s0 tcontext=u:object_r:persistent_properties_ready_prop:s0 tclass=file permissive=1
02-05 08:10:29.089   255   255 I recovery: type=1400 audit(0.0:273): avc: denied { map } for path="/dev/__properties__/u:object_r:persistent_properties_ready_prop:s0" dev="tmpfs" ino=15485 scontext=u:r:recovery:s0 tcontext=u:object_r:persistent_properties_ready_prop:s0 tclass=file permissive=1
02-05 08:10:29.089   255   255 I recovery: type=1400 audit(0.0:274): avc: denied { open } for path="/dev/__properties__/u:object_r:rebootescrow_hal_prop:s0" dev="tmpfs" ino=15489 scontext=u:r:recovery:s0 tcontext=u:object_r:rebootescrow_hal_prop:s0 tclass=file permissive=1
02-05 08:10:29.089   255   255 I recovery: type=1400 audit(0.0:275): avc: denied { getattr } for path="/dev/__properties__/u:object_r:rebootescrow_hal_prop:s0" dev="tmpfs" ino=15489 scontext=u:r:recovery:s0 tcontext=u:object_r:rebootescrow_hal_prop:s0 tclass=file permissive=1
02-05 08:10:29.089   255   255 I recovery: type=1400 audit(0.0:276): avc: denied { map } for path="/dev/__properties__/u:object_r:rebootescrow_hal_prop:s0" dev="tmpfs" ino=15489 scontext=u:r:recovery:s0 tcontext=u:object_r:rebootescrow_hal_prop:s0 tclass=file permissive=1
02-05 08:10:29.089   255   255 I recovery: type=1400 audit(0.0:277): avc: denied { open } for path="/dev/__properties__/u:object_r:safemode_prop:s0" dev="tmpfs" ino=15491 scontext=u:r:recovery:s0 tcontext=u:object_r:safemode_prop:s0 tclass=file permissive=1
02-05 08:10:29.089   255   255 I recovery: type=1400 audit(0.0:278): avc: denied { getattr } for path="/dev/__properties__/u:object_r:safemode_prop:s0" dev="tmpfs" ino=15491 scontext=u:r:recovery:s0 tcontext=u:object_r:safemode_prop:s0 tclass=file permissive=1
02-05 08:10:29.089   255   255 I recovery: type=1400 audit(0.0:279): avc: denied { map } for path="/dev/__properties__/u:object_r:safemode_prop:s0" dev="tmpfs" ino=15491 scontext=u:r:recovery:s0 tcontext=u:object_r:safemode_prop:s0 tclass=file permissive=1
02-05 08:10:29.089   255   255 I recovery: type=1400 audit(0.0:280): avc: denied { open } for path="/dev/__properties__/u:object_r:surfaceflinger_display_prop:s0" dev="tmpfs" ino=15496 scontext=u:r:recovery:s0 tcontext=u:object_r:surfaceflinger_display_prop:s0 tclass=file permissive=1
02-05 08:10:29.089   255   255 I recovery: type=1400 audit(0.0:281): avc: denied { getattr } for path="/dev/__properties__/u:object_r:surfaceflinger_display_prop:s0" dev="tmpfs" ino=15496 scontext=u:r:recovery:s0 tcontext=u:object_r:surfaceflinger_display_prop:s0 tclass=file permissive=1
02-05 08:10:29.089   255   255 I recovery: type=1400 audit(0.0:282): avc: denied { map } for path="/dev/__properties__/u:object_r:surfaceflinger_display_prop:s0" dev="tmpfs" ino=15496 scontext=u:r:recovery:s0 tcontext=u:object_r:surfaceflinger_display_prop:s0 tclass=file permissive=1
02-05 08:10:29.089   255   255 I recovery: type=1400 audit(0.0:283): avc: denied { open } for path="/dev/__properties__/u:object_r:system_adbd_prop:s0" dev="tmpfs" ino=15497 scontext=u:r:recovery:s0 tcontext=u:object_r:system_adbd_prop:s0 tclass=file permissive=1
02-05 08:10:29.089   255   255 I recovery: type=1400 audit(0.0:284): avc: denied { getattr } for path="/dev/__properties__/u:object_r:system_adbd_prop:s0" dev="tmpfs" ino=15497 scontext=u:r:recovery:s0 tcontext=u:object_r:system_adbd_prop:s0 tclass=file permissive=1
02-05 08:10:29.089   255   255 I recovery: type=1400 audit(0.0:285): avc: denied { map } for path="/dev/__properties__/u:object_r:system_adbd_prop:s0" dev="tmpfs" ino=15497 scontext=u:r:recovery:s0 tcontext=u:object_r:system_adbd_prop:s0 tclass=file permissive=1
02-05 08:10:29.089   255   255 I recovery: type=1400 audit(0.0:286): avc: denied { open } for path="/dev/__properties__/u:object_r:system_boot_reason_prop:s0" dev="tmpfs" ino=15498 scontext=u:r:recovery:s0 tcontext=u:object_r:system_boot_reason_prop:s0 tclass=file permissive=1
02-05 08:10:29.089   255   255 I recovery: type=1400 audit(0.0:287): avc: denied { getattr } for path="/dev/__properties__/u:object_r:system_boot_reason_prop:s0" dev="tmpfs" ino=15498 scontext=u:r:recovery:s0 tcontext=u:object_r:system_boot_reason_prop:s0 tclass=file permissive=1
02-05 08:10:29.089   255   255 I recovery: type=1400 audit(0.0:288): avc: denied { map } for path="/dev/__properties__/u:object_r:system_boot_reason_prop:s0" dev="tmpfs" ino=15498 scontext=u:r:recovery:s0 tcontext=u:object_r:system_boot_reason_prop:s0 tclass=file permissive=1
02-05 08:10:29.089   255   255 I recovery: type=1400 audit(0.0:289): avc: denied { open } for path="/dev/__properties__/u:object_r:system_jvmti_agent_prop:s0" dev="tmpfs" ino=15499 scontext=u:r:recovery:s0 tcontext=u:object_r:system_jvmti_agent_prop:s0 tclass=file permissive=1
02-05 08:10:29.089   255   255 I recovery: type=1400 audit(0.0:290): avc: denied { getattr } for path="/dev/__properties__/u:object_r:system_jvmti_agent_prop:s0" dev="tmpfs" ino=15499 scontext=u:r:recovery:s0 tcontext=u:object_r:system_jvmti_agent_prop:s0 tclass=file permissive=1
02-05 08:10:29.089   255   255 I recovery: type=1400 audit(0.0:291): avc: denied { map } for path="/dev/__properties__/u:object_r:system_jvmti_agent_prop:s0" dev="tmpfs" ino=15499 scontext=u:r:recovery:s0 tcontext=u:object_r:system_jvmti_agent_prop:s0 tclass=file permissive=1
02-05 08:10:29.089   255   255 I recovery: type=1400 audit(0.0:292): avc: denied { open } for path="/dev/__properties__/u:object_r:system_lmk_prop:s0" dev="tmpfs" ino=15500 scontext=u:r:recovery:s0 tcontext=u:object_r:system_lmk_prop:s0 tclass=file permissive=1
02-05 08:10:29.089   255   255 I recovery: type=1400 audit(0.0:293): avc: denied { getattr } for path="/dev/__properties__/u:object_r:system_lmk_prop:s0" dev="tmpfs" ino=15500 scontext=u:r:recovery:s0 tcontext=u:object_r:system_lmk_prop:s0 tclass=file permissive=1
02-05 08:10:29.089   255   255 I recovery: type=1400 audit(0.0:294): avc: denied { map } for path="/dev/__properties__/u:object_r:system_lmk_prop:s0" dev="tmpfs" ino=15500 scontext=u:r:recovery:s0 tcontext=u:object_r:system_lmk_prop:s0 tclass=file permissive=1
02-05 08:10:29.089   255   255 I recovery: type=1400 audit(0.0:295): avc: denied { open } for path="/dev/__properties__/u:object_r:system_trace_prop:s0" dev="tmpfs" ino=15503 scontext=u:r:recovery:s0 tcontext=u:object_r:system_trace_prop:s0 tclass=file permissive=1
02-05 08:10:29.089   255   255 I recovery: type=1400 audit(0.0:296): avc: denied { getattr } for path="/dev/__properties__/u:object_r:system_trace_prop:s0" dev="tmpfs" ino=15503 scontext=u:r:recovery:s0 tcontext=u:object_r:system_trace_prop:s0 tclass=file permissive=1
02-05 08:10:29.089   255   255 I recovery: type=1400 audit(0.0:297): avc: denied { map } for path="/dev/__properties__/u:object_r:system_trace_prop:s0" dev="tmpfs" ino=15503 scontext=u:r:recovery:s0 tcontext=u:object_r:system_trace_prop:s0 tclass=file permissive=1
02-05 08:10:29.089   255   255 I recovery: type=1400 audit(0.0:298): avc: denied { open } for path="/dev/__properties__/u:object_r:test_boot_reason_prop:s0" dev="tmpfs" ino=15504 scontext=u:r:recovery:s0 tcontext=u:object_r:test_boot_reason_prop:s0 tclass=file permissive=1
02-05 08:10:29.089   255   255 I recovery: type=1400 audit(0.0:299): avc: denied { getattr } for path="/dev/__properties__/u:object_r:test_boot_reason_prop:s0" dev="tmpfs" ino=15504 scontext=u:r:recovery:s0 tcontext=u:object_r:test_boot_reason_prop:s0 tclass=file permissive=1
02-05 08:10:29.089   255   255 I recovery: type=1400 audit(0.0:300): avc: denied { map } for path="/dev/__properties__/u:object_r:test_boot_reason_prop:s0" dev="tmpfs" ino=15504 scontext=u:r:recovery:s0 tcontext=u:object_r:test_boot_reason_prop:s0 tclass=file permissive=1
02-05 08:10:29.089   255   255 I recovery: type=1400 audit(0.0:301): avc: denied { open } for path="/dev/__properties__/u:object_r:test_harness_prop:s0" dev="tmpfs" ino=15505 scontext=u:r:recovery:s0 tcontext=u:object_r:test_harness_prop:s0 tclass=file permissive=1
02-05 08:10:29.089   255   255 I recovery: type=1400 audit(0.0:302): avc: denied { getattr } for path="/dev/__properties__/u:object_r:test_harness_prop:s0" dev="tmpfs" ino=15505 scontext=u:r:recovery:s0 tcontext=u:object_r:test_harness_prop:s0 tclass=file permissive=1
02-05 08:10:29.089   255   255 I recovery: type=1400 audit(0.0:303): avc: denied { map } for path="/dev/__properties__/u:object_r:test_harness_prop:s0" dev="tmpfs" ino=15505 scontext=u:r:recovery:s0 tcontext=u:object_r:test_harness_prop:s0 tclass=file permissive=1
02-05 08:10:29.089   255   255 I recovery: type=1400 audit(0.0:304): avc: denied { open } for path="/dev/__properties__/u:object_r:theme_prop:s0" dev="tmpfs" ino=15506 scontext=u:r:recovery:s0 tcontext=u:object_r:theme_prop:s0 tclass=file permissive=1
02-05 08:10:29.089   255   255 I recovery: type=1400 audit(0.0:305): avc: denied { getattr } for path="/dev/__properties__/u:object_r:theme_prop:s0" dev="tmpfs" ino=15506 scontext=u:r:recovery:s0 tcontext=u:object_r:theme_prop:s0 tclass=file permissive=1
02-05 08:10:29.089   255   255 I recovery: type=1400 audit(0.0:306): avc: denied { map } for path="/dev/__properties__/u:object_r:theme_prop:s0" dev="tmpfs" ino=15506 scontext=u:r:recovery:s0 tcontext=u:object_r:theme_prop:s0 tclass=file permissive=1
02-05 08:10:29.089   255   255 I recovery: type=1400 audit(0.0:307): avc: denied { open } for path="/dev/__properties__/u:object_r:time_prop:s0" dev="tmpfs" ino=15507 scontext=u:r:recovery:s0 tcontext=u:object_r:time_prop:s0 tclass=file permissive=1
02-05 08:10:29.089   255   255 I recovery: type=1400 audit(0.0:308): avc: denied { getattr } for path="/dev/__properties__/u:object_r:time_prop:s0" dev="tmpfs" ino=15507 scontext=u:r:recovery:s0 tcontext=u:object_r:time_prop:s0 tclass=file permissive=1
02-05 08:10:29.089   255   255 I recovery: type=1400 audit(0.0:309): avc: denied { map } for path="/dev/__properties__/u:object_r:time_prop:s0" dev="tmpfs" ino=15507 scontext=u:r:recovery:s0 tcontext=u:object_r:time_prop:s0 tclass=file permissive=1
02-05 08:10:29.089   255   255 I recovery: type=1400 audit(0.0:310): avc: denied { open } for path="/dev/__properties__/u:object_r:traced_enabled_prop:s0" dev="tmpfs" ino=15508 scontext=u:r:recovery:s0 tcontext=u:object_r:traced_enabled_prop:s0 tclass=file permissive=1
02-05 08:10:29.089   255   255 I recovery: type=1400 audit(0.0:311): avc: denied { getattr } for path="/dev/__properties__/u:object_r:traced_enabled_prop:s0" dev="tmpfs" ino=15508 scontext=u:r:recovery:s0 tcontext=u:object_r:traced_enabled_prop:s0 tclass=file permissive=1
02-05 08:10:29.089   255   255 I recovery: type=1400 audit(0.0:312): avc: denied { map } for path="/dev/__properties__/u:object_r:traced_enabled_prop:s0" dev="tmpfs" ino=15508 scontext=u:r:recovery:s0 tcontext=u:object_r:traced_enabled_prop:s0 tclass=file permissive=1
02-05 08:10:29.089   255   255 I recovery: type=1400 audit(0.0:313): avc: denied { open } for path="/dev/__properties__/u:object_r:traced_lazy_prop:s0" dev="tmpfs" ino=15509 scontext=u:r:recovery:s0 tcontext=u:object_r:traced_lazy_prop:s0 tclass=file permissive=1
02-05 08:10:29.089   255   255 I recovery: type=1400 audit(0.0:314): avc: denied { getattr } for path="/dev/__properties__/u:object_r:traced_lazy_prop:s0" dev="tmpfs" ino=15509 scontext=u:r:recovery:s0 tcontext=u:object_r:traced_lazy_prop:s0 tclass=file permissive=1
02-05 08:10:29.089   255   255 I recovery: type=1400 audit(0.0:315): avc: denied { map } for path="/dev/__properties__/u:object_r:traced_lazy_prop:s0" dev="tmpfs" ino=15509 scontext=u:r:recovery:s0 tcontext=u:object_r:traced_lazy_prop:s0 tclass=file permissive=1
02-05 08:10:29.089   255   255 I recovery: type=1400 audit(0.0:316): avc: denied { open } for path="/dev/__properties__/u:object_r:traced_perf_enabled_prop:s0" dev="tmpfs" ino=15510 scontext=u:r:recovery:s0 tcontext=u:object_r:traced_perf_enabled_prop:s0 tclass=file permissive=1
02-05 08:10:29.089   255   255 I recovery: type=1400 audit(0.0:317): avc: denied { getattr } for path="/dev/__properties__/u:object_r:traced_perf_enabled_prop:s0" dev="tmpfs" ino=15510 scontext=u:r:recovery:s0 tcontext=u:object_r:traced_perf_enabled_prop:s0 tclass=file permissive=1
02-05 08:10:29.089   255   255 I recovery: type=1400 audit(0.0:318): avc: denied { map } for path="/dev/__properties__/u:object_r:traced_perf_enabled_prop:s0" dev="tmpfs" ino=15510 scontext=u:r:recovery:s0 tcontext=u:object_r:traced_perf_enabled_prop:s0 tclass=file permissive=1
02-05 08:10:29.089   255   255 I recovery: type=1400 audit(0.0:319): avc: denied { open } for path="/dev/__properties__/u:object_r:userspace_reboot_config_prop:s0" dev="tmpfs" ino=15512 scontext=u:r:recovery:s0 tcontext=u:object_r:userspace_reboot_config_prop:s0 tclass=file permissive=1
02-05 08:10:29.089   255   255 I recovery: type=1400 audit(0.0:320): avc: denied { getattr } for path="/dev/__properties__/u:object_r:userspace_reboot_config_prop:s0" dev="tmpfs" ino=15512 scontext=u:r:recovery:s0 tcontext=u:object_r:userspace_reboot_config_prop:s0 tclass=file permissive=1
02-05 08:10:29.089   255   255 I recovery: type=1400 audit(0.0:321): avc: denied { map } for path="/dev/__properties__/u:object_r:userspace_reboot_config_prop:s0" dev="tmpfs" ino=15512 scontext=u:r:recovery:s0 tcontext=u:object_r:userspace_reboot_config_prop:s0 tclass=file permissive=1
02-05 08:10:29.089   255   255 I recovery: type=1400 audit(0.0:322): avc: denied { open } for path="/dev/__properties__/u:object_r:userspace_reboot_exported_prop:s0" dev="tmpfs" ino=15513 scontext=u:r:recovery:s0 tcontext=u:object_r:userspace_reboot_exported_prop:s0 tclass=file permissive=1
02-05 08:10:29.089   255   255 I recovery: type=1400 audit(0.0:323): avc: denied { getattr } for path="/dev/__properties__/u:object_r:userspace_reboot_exported_prop:s0" dev="tmpfs" ino=15513 scontext=u:r:recovery:s0 tcontext=u:object_r:userspace_reboot_exported_prop:s0 tclass=file permissive=1
02-05 08:10:29.093   255   255 I recovery: type=1400 audit(0.0:324): avc: denied { map } for path="/dev/__properties__/u:object_r:userspace_reboot_exported_prop:s0" dev="tmpfs" ino=15513 scontext=u:r:recovery:s0 tcontext=u:object_r:userspace_reboot_exported_prop:s0 tclass=file permissive=1
02-05 08:10:29.093   255   255 I recovery: type=1400 audit(0.0:325): avc: denied { open } for path="/dev/__properties__/u:object_r:userspace_reboot_log_prop:s0" dev="tmpfs" ino=15514 scontext=u:r:recovery:s0 tcontext=u:object_r:userspace_reboot_log_prop:s0 tclass=file permissive=1
02-05 08:10:29.093   255   255 I recovery: type=1400 audit(0.0:326): avc: denied { getattr } for path="/dev/__properties__/u:object_r:userspace_reboot_log_prop:s0" dev="tmpfs" ino=15514 scontext=u:r:recovery:s0 tcontext=u:object_r:userspace_reboot_log_prop:s0 tclass=file permissive=1
02-05 08:10:29.093   255   255 I recovery: type=1400 audit(0.0:327): avc: denied { map } for path="/dev/__properties__/u:object_r:userspace_reboot_log_prop:s0" dev="tmpfs" ino=15514 scontext=u:r:recovery:s0 tcontext=u:object_r:userspace_reboot_log_prop:s0 tclass=file permissive=1
02-05 08:10:29.093   255   255 I recovery: type=1400 audit(0.0:328): avc: denied { open } for path="/dev/__properties__/u:object_r:userspace_reboot_test_prop:s0" dev="tmpfs" ino=15515 scontext=u:r:recovery:s0 tcontext=u:object_r:userspace_reboot_test_prop:s0 tclass=file permissive=1
02-05 08:10:29.093   255   255 I recovery: type=1400 audit(0.0:329): avc: denied { getattr } for path="/dev/__properties__/u:object_r:userspace_reboot_test_prop:s0" dev="tmpfs" ino=15515 scontext=u:r:recovery:s0 tcontext=u:object_r:userspace_reboot_test_prop:s0 tclass=file permissive=1
02-05 08:10:29.093   255   255 I recovery: type=1400 audit(0.0:330): avc: denied { map } for path="/dev/__properties__/u:object_r:userspace_reboot_test_prop:s0" dev="tmpfs" ino=15515 scontext=u:r:recovery:s0 tcontext=u:object_r:userspace_reboot_test_prop:s0 tclass=file permissive=1
02-05 08:10:29.093   255   255 I recovery: type=1400 audit(0.0:331): avc: denied { open } for path="/dev/__properties__/u:object_r:vehicle_hal_prop:s0" dev="tmpfs" ino=15516 scontext=u:r:recovery:s0 tcontext=u:object_r:vehicle_hal_prop:s0 tclass=file permissive=1
02-05 08:10:29.093   255   255 I recovery: type=1400 audit(0.0:332): avc: denied { getattr } for path="/dev/__properties__/u:object_r:vehicle_hal_prop:s0" dev="tmpfs" ino=15516 scontext=u:r:recovery:s0 tcontext=u:object_r:vehicle_hal_prop:s0 tclass=file permissive=1
02-05 08:10:29.093   255   255 I recovery: type=1400 audit(0.0:333): avc: denied { map } for path="/dev/__properties__/u:object_r:vehicle_hal_prop:s0" dev="tmpfs" ino=15516 scontext=u:r:recovery:s0 tcontext=u:object_r:vehicle_hal_prop:s0 tclass=file permissive=1
02-05 08:10:29.093   255   255 I recovery: type=1400 audit(0.0:334): avc: denied { open } for path="/dev/__properties__/u:object_r:wifi_prop:s0" dev="tmpfs" ino=15524 scontext=u:r:recovery:s0 tcontext=u:object_r:wifi_prop:s0 tclass=file permissive=1
02-05 08:10:29.093   255   255 I recovery: type=1400 audit(0.0:335): avc: denied { getattr } for path="/dev/__properties__/u:object_r:wifi_prop:s0" dev="tmpfs" ino=15524 scontext=u:r:recovery:s0 tcontext=u:object_r:wifi_prop:s0 tclass=file permissive=1
02-05 08:10:29.093   255   255 I recovery: type=1400 audit(0.0:336): avc: denied { map } for path="/dev/__properties__/u:object_r:wifi_prop:s0" dev="tmpfs" ino=15524 scontext=u:r:recovery:s0 tcontext=u:object_r:wifi_prop:s0 tclass=file permissive=1
02-05 08:10:29.093   255   255 I recovery: type=1400 audit(0.0:337): avc: denied { write } for name="etc" dev="rootfs" ino=1579 scontext=u:r:recovery:s0 tcontext=u:object_r:rootfs:s0 tclass=dir permissive=1
02-05 08:10:29.093   255   255 I recovery: type=1400 audit(0.0:338): avc: denied { add_name } for name="mtab" scontext=u:r:recovery:s0 tcontext=u:object_r:rootfs:s0 tclass=dir permissive=1
02-05 08:10:29.093   255   255 I recovery: type=1400 audit(0.0:339): avc: denied { create } for name="mtab" scontext=u:r:recovery:s0 tcontext=u:object_r:rootfs:s0 tclass=lnk_file permissive=1
02-05 08:10:29.093   255   255 I recovery: type=1400 audit(0.0:340): avc: denied { create } for name="system_root" scontext=u:r:recovery:s0 tcontext=u:object_r:rootfs:s0 tclass=dir permissive=1
02-05 08:10:29.093   255   255 I recovery: type=1400 audit(0.0:341): avc: denied { remove_name } for name="product" dev="rootfs" ino=7059 scontext=u:r:recovery:s0 tcontext=u:object_r:rootfs:s0 tclass=dir permissive=1
02-05 08:10:29.093   255   255 I recovery: type=1400 audit(0.0:342): avc: denied { unlink } for name="product" dev="rootfs" ino=7059 scontext=u:r:recovery:s0 tcontext=u:object_r:rootfs:s0 tclass=lnk_file permissive=1
02-05 08:10:29.096   255   255 I recovery: type=1400 audit(0.0:343): avc: denied { getattr } for path="/mnt/vendor/persist" dev="tmpfs" ino=11591 scontext=u:r:recovery:s0 tcontext=u:object_r:mnt_vendor_file:s0 tclass=dir permissive=1
02-05 08:10:29.099   255   255 I recovery: type=1400 audit(0.0:344): avc: denied { read } for name="mmcblk0p16" dev="sysfs" ino=27462 scontext=u:r:recovery:s0 tcontext=u:object_r:sysfs:s0 tclass=dir permissive=1
02-05 08:10:29.099   255   255 I recovery: type=1400 audit(0.0:345): avc: denied { open } for path="/sys/devices/platform/bootdevice/mmc_host/mmc0/mmc0:0001/block/mmcblk0/mmcblk0p16" dev="sysfs" ino=27462 scontext=u:r:recovery:s0 tcontext=u:object_r:sysfs:s0 tclass=dir permissive=1
02-05 08:10:29.143   255   255 I recovery: [libfs_mgr]Created logical partition system on device /dev/block/dm-0
02-05 08:10:29.146   255   255 I recovery: type=1400 audit(0.0:346): avc: denied { ioctl } for path="/dev/block/dm-0" dev="tmpfs" ino=15129 ioctlcmd=0x5331 scontext=u:r:recovery:s0 tcontext=u:object_r:dm_device:s0 tclass=blk_file permissive=1
02-05 08:10:29.152   255   255 I recovery: [libfs_mgr]Created logical partition vendor on device /dev/block/dm-1
02-05 08:10:29.169   255   255 I recovery: type=1400 audit(0.0:347): avc: denied { ioctl } for path="/dev/block/dm-1" dev="tmpfs" ino=15132 ioctlcmd=0x5331 scontext=u:r:recovery:s0 tcontext=u:object_r:dm_device:s0 tclass=blk_file permissive=1
02-05 08:10:29.169   255   255 I recovery: type=1400 audit(0.0:348): avc: denied { sys_rawio } for capability=17 scontext=u:r:recovery:s0 tcontext=u:r:recovery:s0 tclass=capability permissive=1
02-05 08:10:29.197   255   255 W recovery: DM_DEV_STATUS failed for product: No such device or address
02-05 08:10:29.406   255   255 I recovery: type=1400 audit(0.0:349): avc: denied { search } for name="unencrypted" dev="mmcblk0p38" ino=7 scontext=u:r:recovery:s0 tcontext=u:object_r:unencrypted_data_file:s0 tclass=dir permissive=1
02-05 08:10:29.406   255   255 I recovery: type=1400 audit(0.0:350): avc: denied { getattr } for path="/data/unencrypted/key/version" dev="mmcblk0p38" ino=9 scontext=u:r:recovery:s0 tcontext=u:object_r:unencrypted_data_file:s0 tclass=file permissive=1
02-05 08:10:30.409   255   255 I recovery: type=1400 audit(0.0:351): avc: denied { read } for name="version" dev="mmcblk0p38" ino=9 scontext=u:r:recovery:s0 tcontext=u:object_r:unencrypted_data_file:s0 tclass=file permissive=1
02-05 08:10:30.409   255   255 I recovery: type=1400 audit(0.0:352): avc: denied { open } for path="/data/unencrypted/key/version" dev="mmcblk0p38" ino=9 scontext=u:r:recovery:s0 tcontext=u:object_r:unencrypted_data_file:s0 tclass=file permissive=1
02-05 08:10:30.412   255   255 I recovery: fscrypt_initialize_systemwide_keys
02-05 08:10:30.413   255   255 W recovery: [libfs_mgr]Warning: unknown flag: resize
02-05 08:10:30.414   255   255 I recovery: Key exists, using: /data/unencrypted/key
02-05 08:10:30.418   255   255 E cutils-trace: Error opening trace file: No such file or directory (2)
02-05 08:10:30.419   246   246 I hwservicemanager: getFrameworkHalManifest: Reading VINTF information.
02-05 08:10:30.421   246   246 I hwservicemanager: getFrameworkHalManifest: Successfully processed VINTF information
02-05 08:10:30.421   255   255 E HidlServiceManagement: getService: Potential race detected. The VINTF manifest is not being enforced. If a HAL server has a delay in starting and it is not in the manifest, it will not be retrieved. Please make sure all HALs on this device are in the VINTF manifest and enable PRODUCT_ENFORCE_VINTF_MANIFEST on this device (this is also enabled by PRODUCT_FULL_TREBLE). PRODUCT_ENFORCE_VINTF_MANIFEST will ensure that no race condition is possible here.
02-05 08:10:31.423   246   246 E SELinux : avc:  denied  { find } for interface=android.hardware.keymaster::IKeymasterDevice sid=u:r:recovery:s0 pid=255 scontext=u:r:recovery:s0 tcontext=u:object_r:hal_keymaster_hwservice:s0 tclass=hwservice_manager permissive=1
02-05 08:10:31.424   246   246 I hwservicemanager: getDeviceHalManifest: Reading VINTF information.
02-05 08:10:31.424   246   246 E hwservicemanager: getDeviceHalManifest: status from fetching VINTF information: -2
02-05 08:10:31.424   246   246 E hwservicemanager: getDeviceHalManifest: -2 VINTF parse error: Cannot read /vendor/manifest.xml: No such file or directory
02-05 08:10:31.424   246   246 E hwservicemanager: Device is missing device manifest.
02-05 08:10:31.425   246   246 I hwservicemanager: getDeviceHalManifest: Reading VINTF information.
02-05 08:10:31.426   246   246 E hwservicemanager: getDeviceHalManifest: status from fetching VINTF information: -2
02-05 08:10:31.426   246   246 E hwservicemanager: getDeviceHalManifest: -2 VINTF parse error: Cannot read /vendor/manifest.xml: No such file or directory
02-05 08:10:31.426   246   246 I hwservicemanager: getTransport: Cannot find entry android.hardware.keymaster@4.0::IKeymasterDevice/default in either framework or device manifest.
02-05 08:10:31.426   255   255 E HidlServiceManagement: getService: Potential race detected. The VINTF manifest is not being enforced. If a HAL server has a delay in starting and it is not in the manifest, it will not be retrieved. Please make sure all HALs on this device are in the VINTF manifest and enable PRODUCT_ENFORCE_VINTF_MANIFEST on this device (this is also enabled by PRODUCT_FULL_TREBLE). PRODUCT_ENFORCE_VINTF_MANIFEST will ensure that no race condition is possible here.
02-05 08:10:31.983   291   292 I adbd    : Waiting for persist.adb.tls_server.enable=1
02-05 08:10:31.983   291   294 I adbd    : opening control endpoint /dev/usb-ffs/adb/ep0
02-05 08:10:31.984   291   294 I adbd    : UsbFfsConnection constructed
02-05 08:10:31.985   291   296 I adbd    : UsbFfs-monitor thread spawned
02-05 08:10:31.987   291   296 I adbd    : USB event: FUNCTIONFS_BIND
02-05 08:10:32.429   246   246 I hwservicemanager: getDeviceHalManifest: Reading VINTF information.
02-05 08:10:32.429   246   246 E hwservicemanager: getDeviceHalManifest: status from fetching VINTF information: -2
02-05 08:10:32.430   246   246 E hwservicemanager: getDeviceHalManifest: -2 VINTF parse error: Cannot read /vendor/manifest.xml: No such file or directory
02-05 08:10:32.430   246   246 E hwservicemanager: Device is missing device manifest.
02-05 08:10:32.431   246   246 I hwservicemanager: getDeviceHalManifest: Reading VINTF information.
02-05 08:10:32.431   246   246 E hwservicemanager: getDeviceHalManifest: status from fetching VINTF information: -2
02-05 08:10:32.431   246   246 E hwservicemanager: getDeviceHalManifest: -2 VINTF parse error: Cannot read /vendor/manifest.xml: No such file or directory
02-05 08:10:32.431   246   246 I hwservicemanager: getTransport: Cannot find entry android.hardware.keymaster@3.0::IKeymasterDevice/default in either framework or device manifest.
02-05 08:10:32.432   255   255 E HidlServiceManagement: getService: Potential race detected. The VINTF manifest is not being enforced. If a HAL server has a delay in starting and it is not in the manifest, it will not be retrieved. Please make sure all HALs on this device are in the VINTF manifest and enable PRODUCT_ENFORCE_VINTF_MANIFEST on this device (this is also enabled by PRODUCT_FULL_TREBLE). PRODUCT_ENFORCE_VINTF_MANIFEST will ensure that no race condition is possible here.
02-05 08:10:32.443   291   296 I adbd    : USB event: FUNCTIONFS_ENABLE
02-05 08:10:32.445   291   297 I adbd    : UsbFfs-worker thread spawned
02-05 08:10:32.603   291   291 I adbd    : UsbFfs: already offline
02-05 08:10:32.604   291   291 I adbd    : authentication not required
02-05 08:10:33.429     1     1 I unknown : type=1107 audit(0.0:353): uid=0 auid=4294967295 ses=4294967295 subj=u:r:init:s0 msg='avc: denied { set } for property=ctl.interface_start$android.hardware.keymaster@3.0::IKeymasterDevice/default pid=246 uid=0 gid=0 scontext=u:r:recovery:s0 tcontext=u:object_r:ctl_interface_start_prop:s0 tclass=property_service permissive=1'
02-05 08:10:33.433   255   255 I recovery: type=1400 audit(0.0:354): avc: denied { read } for name="keymaster_key_blob" dev="mmcblk0p38" ino=12 scontext=u:r:recovery:s0 tcontext=u:object_r:unencrypted_data_file:s0 tclass=file permissive=1
02-05 08:10:33.433   255   255 I recovery: type=1400 audit(0.0:355): avc: denied { open } for path="/data/unencrypted/key/keymaster_key_blob" dev="mmcblk0p38" ino=12 scontext=u:r:recovery:s0 tcontext=u:object_r:unencrypted_data_file:s0 tclass=file permissive=1
02-05 08:10:33.433   255   255 I recovery: type=1400 audit(0.0:356): avc: denied { getattr } for path="/data/unencrypted/key/keymaster_key_blob" dev="mmcblk0p38" ino=12 scontext=u:r:recovery:s0 tcontext=u:object_r:unencrypted_data_file:s0 tclass=file permissive=1
02-05 08:10:33.433   246   246 I hwservicemanager: Since android.hardware.keymaster@3.0::IKeymasterDevice/default is not registered, trying to start it as a lazy HAL.
02-05 08:10:33.434   255   255 I recovery: List of Keymaster HALs found:
02-05 08:10:33.435   255   255 I recovery: Keymaster HAL #1: Kinibi Keymaster4 from Trustonic SecurityLevel: TRUSTED_ENVIRONMENT HAL: android.hardware.keymaster@4.1::IKeymasterDevice/default
02-05 08:10:33.437   246   298 W libc    : Unable to set property "ctl.interface_start" to "android.hardware.keymaster@3.0::IKeymasterDevice/default": error code: 0x20
02-05 08:10:33.438   255   255 I recovery: Using Kinibi Keymaster4 from Trustonic for encryption.  Security level: TRUSTED_ENVIRONMENT, HAL: android.hardware.keymaster@4.1::IKeymasterDevice/default
02-05 08:10:33.440   275   275 D TlcTeeKeyMaster: TEE_Begin
02-05 08:10:33.440   275   275 D TlcTeeKeyMaster: purpose = 0x00000001
02-05 08:10:33.443   275   275 E TlcTeeKeyMaster: (keymaster_error_t)tci->response.header.returnCode == -62
02-05 08:10:33.443   275   275 E TlcTeeKeyMaster: transact(session_handle, tci) == -62
02-05 08:10:33.444   275   275 D TlcTeeKeyMaster: TEE_Begin exiting with -62
02-05 08:10:33.444   255   255 E recovery: begin failed, code -62
02-05 08:10:33.445   275   275 E TlcTeeKeyMaster: (keymaster_error_t)tci->response.header.returnCode == -38
02-05 08:10:33.445   275   275 E TlcTeeKeyMaster: transact(session_handle, tci) == -38
02-05 08:10:33.446   255   255 E recovery: upgrade_key failed, code -38
02-05 08:10:33.448   255   255 I recovery: fscrypt_initialize_systemwide_keys
02-05 08:10:33.449   255   255 I recovery: Key exists, using: /data/unencrypted/key
02-05 08:10:33.450   255   255 E HidlServiceManagement: getService: Potential race detected. The VINTF manifest is not being enforced. If a HAL server has a delay in starting and it is not in the manifest, it will not be retrieved. Please make sure all HALs on this device are in the VINTF manifest and enable PRODUCT_ENFORCE_VINTF_MANIFEST on this device (this is also enabled by PRODUCT_FULL_TREBLE). PRODUCT_ENFORCE_VINTF_MANIFEST will ensure that no race condition is possible here.
02-05 08:10:34.451   246   246 I hwservicemanager: getDeviceHalManifest: Reading VINTF information.
02-05 08:10:34.452   246   246 E hwservicemanager: getDeviceHalManifest: status from fetching VINTF information: -2
02-05 08:10:34.452   246   246 E hwservicemanager: getDeviceHalManifest: -2 VINTF parse error: Cannot read /vendor/manifest.xml: No such file or directory
02-05 08:10:34.452   246   246 E hwservicemanager: Device is missing device manifest.
02-05 08:10:34.453   246   246 I hwservicemanager: getDeviceHalManifest: Reading VINTF information.
02-05 08:10:34.454   246   246 E hwservicemanager: getDeviceHalManifest: status from fetching VINTF information: -2
02-05 08:10:34.454   246   246 E hwservicemanager: getDeviceHalManifest: -2 VINTF parse error: Cannot read /vendor/manifest.xml: No such file or directory
02-05 08:10:34.454   246   246 I hwservicemanager: getTransport: Cannot find entry android.hardware.keymaster@4.0::IKeymasterDevice/default in either framework or device manifest.
02-05 08:10:34.454   255   255 E HidlServiceManagement: getService: Potential race detected. The VINTF manifest is not being enforced. If a HAL server has a delay in starting and it is not in the manifest, it will not be retrieved. Please make sure all HALs on this device are in the VINTF manifest and enable PRODUCT_ENFORCE_VINTF_MANIFEST on this device (this is also enabled by PRODUCT_FULL_TREBLE). PRODUCT_ENFORCE_VINTF_MANIFEST will ensure that no race condition is possible here.
02-05 08:10:35.457   246   246 I hwservicemanager: getDeviceHalManifest: Reading VINTF information.
02-05 08:10:35.457   246   246 E hwservicemanager: getDeviceHalManifest: status from fetching VINTF information: -2
02-05 08:10:35.457   246   246 E hwservicemanager: getDeviceHalManifest: -2 VINTF parse error: Cannot read /vendor/manifest.xml: No such file or directory
02-05 08:10:35.457   246   246 E hwservicemanager: Device is missing device manifest.
02-05 08:10:35.458   246   246 I hwservicemanager: getDeviceHalManifest: Reading VINTF information.
02-05 08:10:35.458   246   246 E hwservicemanager: getDeviceHalManifest: status from fetching VINTF information: -2
02-05 08:10:35.458   246   246 E hwservicemanager: getDeviceHalManifest: -2 VINTF parse error: Cannot read /vendor/manifest.xml: No such file or directory
02-05 08:10:35.459   246   246 I hwservicemanager: getTransport: Cannot find entry android.hardware.keymaster@3.0::IKeymasterDevice/default in either framework or device manifest.
02-05 08:10:35.459   255   255 E HidlServiceManagement: getService: Potential race detected. The VINTF manifest is not being enforced. If a HAL server has a delay in starting and it is not in the manifest, it will not be retrieved. Please make sure all HALs on this device are in the VINTF manifest and enable PRODUCT_ENFORCE_VINTF_MANIFEST on this device (this is also enabled by PRODUCT_FULL_TREBLE). PRODUCT_ENFORCE_VINTF_MANIFEST will ensure that no race condition is possible here.
02-05 08:10:36.460   246   246 I hwservicemanager: Since android.hardware.keymaster@3.0::IKeymasterDevice/default is not registered, trying to start it as a lazy HAL.
02-05 08:10:36.461   255   255 I recovery: List of Keymaster HALs found:
02-05 08:10:36.463   255   255 I recovery: Keymaster HAL #1: Kinibi Keymaster4 from Trustonic SecurityLevel: TRUSTED_ENVIRONMENT HAL: android.hardware.keymaster@4.1::IKeymasterDevice/default
02-05 08:10:36.463   255   255 I recovery: Using Kinibi Keymaster4 from Trustonic for encryption.  Security level: TRUSTED_ENVIRONMENT, HAL: android.hardware.keymaster@4.1::IKeymasterDevice/default
02-05 08:10:36.464   246   300 W libc    : Unable to set property "ctl.interface_start" to "android.hardware.keymaster@3.0::IKeymasterDevice/default": error code: 0x20
02-05 08:10:36.464   275   275 D TlcTeeKeyMaster: TEE_Begin
02-05 08:10:36.464   275   275 D TlcTeeKeyMaster: purpose = 0x00000001
02-05 08:10:36.467   275   275 E TlcTeeKeyMaster: (keymaster_error_t)tci->response.header.returnCode == -62
02-05 08:10:36.467   275   275 E TlcTeeKeyMaster: transact(session_handle, tci) == -62
02-05 08:10:36.468   275   275 D TlcTeeKeyMaster: TEE_Begin exiting with -62
02-05 08:10:36.468   255   255 E recovery: begin failed, code -62
02-05 08:10:36.470   275   275 E TlcTeeKeyMaster: (keymaster_error_t)tci->response.header.returnCode == -38
02-05 08:10:36.470   275   275 E TlcTeeKeyMaster: transact(session_handle, tci) == -38
02-05 08:10:36.471   255   255 E recovery: upgrade_key failed, code -38
02-05 08:10:36.473   255   255 I recovery: fscrypt_initialize_systemwide_keys
02-05 08:10:36.473   255   255 I recovery: Key exists, using: /data/unencrypted/key
02-05 08:10:36.474   255   255 E HidlServiceManagement: getService: Potential race detected. The VINTF manifest is not being enforced. If a HAL server has a delay in starting and it is not in the manifest, it will not be retrieved. Please make sure all HALs on this device are in the VINTF manifest and enable PRODUCT_ENFORCE_VINTF_MANIFEST on this device (this is also enabled by PRODUCT_FULL_TREBLE). PRODUCT_ENFORCE_VINTF_MANIFEST will ensure that no race condition is possible here.
02-05 08:10:37.477   246   246 I hwservicemanager: getDeviceHalManifest: Reading VINTF information.
02-05 08:10:37.477   246   246 E hwservicemanager: getDeviceHalManifest: status from fetching VINTF information: -2
02-05 08:10:37.477   246   246 E hwservicemanager: getDeviceHalManifest: -2 VINTF parse error: Cannot read /vendor/manifest.xml: No such file or directory
02-05 08:10:37.477   246   246 E hwservicemanager: Device is missing device manifest.
02-05 08:10:37.478   246   246 I hwservicemanager: getDeviceHalManifest: Reading VINTF information.
02-05 08:10:37.478   246   246 E hwservicemanager: getDeviceHalManifest: status from fetching VINTF information: -2
02-05 08:10:37.478   246   246 E hwservicemanager: getDeviceHalManifest: -2 VINTF parse error: Cannot read /vendor/manifest.xml: No such file or directory
02-05 08:10:37.479   246   246 I hwservicemanager: getTransport: Cannot find entry android.hardware.keymaster@4.0::IKeymasterDevice/default in either framework or device manifest.
02-05 08:10:37.479   255   255 E HidlServiceManagement: getService: Potential race detected. The VINTF manifest is not being enforced. If a HAL server has a delay in starting and it is not in the manifest, it will not be retrieved. Please make sure all HALs on this device are in the VINTF manifest and enable PRODUCT_ENFORCE_VINTF_MANIFEST on this device (this is also enabled by PRODUCT_FULL_TREBLE). PRODUCT_ENFORCE_VINTF_MANIFEST will ensure that no race condition is possible here.
02-05 08:10:38.481   246   246 I hwservicemanager: getDeviceHalManifest: Reading VINTF information.
