02-02 04:30:02.990   230   230 I (1)[230:charger_thread]Vbat=4308,Ibat=-2929,I=-117,VChr=5109,T=28,Soc=97: 97,CT:0:0 hv:1 pd:0:0
02-02 04:30:02.990   230   230 I         : (1)[230:charger_thread][fgauge_read_current] final current=4271 (ratio=1000)
02-02 04:30:02.990   230   230 I         : (1)[230:charger_thread][CH3_DBG] bat_cur = -4271
02-02 04:30:02.994   230   230 I         : (1)[230:charger_thread][fgauge_read_current] final current=4520 (ratio=1000)
02-02 04:30:02.994   230   230 I         : (1)[230:charger_thread][BattVoltToTemp] 623 16900 1800 18
02-02 04:30:02.994   230   230 I         : (1)[230:charger_thread][force_get_tbat] 605,623,0,452,100,281 r:320 100 0
02-02 04:30:02.994   230   230 I (1)[230:charger_thread][force_get_tbat] t: 28 precise:281
02-02 04:30:03.038     1     1 I (0)[1:init]: init first stage started!
02-02 04:30:03.038     1     1 I (0)[1:init]: ForceNormalBoot::twrp_fastboot: 1
02-02 04:30:03.038     1     1 I (0)[1:init]: ForceNormalBoot::normal_boot: 0
02-02 04:30:03.038     1     1 I (0)[1:init]: Unable to open /lib/modules, skipping module loading.
02-02 04:30:03.038     1     1 I (0)[1:init]: ForceNormalBoot::twrp_fastboot: 1
02-02 04:30:03.038     1     1 I (0)[1:init]: ForceNormalBoot::normal_boot: 0
02-02 04:30:03.038     1     1 I (0)[1:init]: First stage mount skipped (recovery mode)
02-02 04:30:03.039     1     1 I (0)[1:init]: [libfs_mgr]ReadFstabFromDt(): failed to read fstab from dt
02-02 04:30:03.039     1     1 W (0)[1:init]: [libfs_mgr]Warning: unknown flag: resize
02-02 04:30:03.041     1     1 I (0)[1:init]: Using Android DT directory /proc/device-tree/firmware/android/
02-02 04:30:03.085     1     1 I (1)[1:init]musb-hdrc musb-hdrc: prop=1, power=0, is_host=0
02-02 04:30:03.086     1     1 I (1)[1:init]musb-hdrc musb-hdrc: prop=2, power=0, is_host=0
02-02 04:30:03.086     1     1 I (1)[1:init]musb-hdrc musb-hdrc: prop=3, power=0, is_host=0
02-02 04:30:03.088     1     1 I         : (1)[1:init][fgauge_read_current] final current=4274 (ratio=1000)
02-02 04:30:03.088     1     1 I         : (1)[1:init][fgauge_read_current] final current=4274 (ratio=1000)
02-02 04:30:03.116     1     1 W (1)[1:init]: 1 output lines suppressed due to ratelimiting
02-02 04:30:03.151     1     1 W (0)[1:init]: [libfs_mgr]Warning: unknown flag: resize
02-02 04:30:03.153     1     1 W (0)[1:init]: DM_DEV_STATUS failed for system_ext: No such device or address
02-02 04:30:03.153     1     1 E (0)[1:init]: Could not update logical partition
02-02 04:30:03.153     1     1 W (0)[1:init]: DM_DEV_STATUS failed for product: No such device or address
02-02 04:30:03.153     1     1 E (0)[1:init]: Could not update logical partition
02-02 04:30:03.153     1     1 I (0)[1:init]: Loading SELinux policy
02-02 04:30:03.158     1     1 D (0)[1:init]SELinux: 8192 avtab hash slots, 24675 rules.
02-02 04:30:03.174     1     1 D (0)[1:init]SELinux: 8192 avtab hash slots, 24675 rules.
02-02 04:30:03.174     1     1 D (0)[1:init]SELinux: 1 users, 2 roles, 1614 types, 0 bools, 1 sens, 1024 cats
02-02 04:30:03.174     1     1 D (0)[1:init]SELinux: 99 classes, 24675 rules
02-02 04:30:03.179     1     1 I (0)[1:init]SELinux: policy capability network_peer_controls=1
02-02 04:30:03.179     1     1 I (0)[1:init]SELinux: policy capability open_perms=1
02-02 04:30:03.179     1     1 I (0)[1:init]SELinux: policy capability extended_socket_class=1
02-02 04:30:03.179     1     1 I (0)[1:init]SELinux: policy capability always_check_network=0
02-02 04:30:03.179     1     1 I (0)[1:init]SELinux: policy capability cgroup_seclabel=0
02-02 04:30:03.179     1     1 I (0)[1:init]SELinux: policy capability nnp_nosuid_transition=1
02-02 04:30:03.179     1     1 D (0)[1:init]SELinux: Completing initialization.
02-02 04:30:03.179     1     1 D (0)[1:init]SELinux: Setting up existing superblocks.
02-02 04:30:03.343   200   200 W -(1)[200:dc_trim_thread]mt635x_auxadc_read_raw: 121 callbacks suppressed
02-02 04:30:03.343   200   200 I (1)[200:dc_trim_thread]mt635x-auxadc mt635x-auxadc: name:HPOFS_CAL, channel=9, adc_out=0x6b33, adc_result=27443
02-02 04:30:03.347   200   200 I (0)[200:dc_trim_thread]mt635x-auxadc mt635x-auxadc: name:HPOFS_CAL, channel=9, adc_out=0x6b35, adc_result=27445
--------- beginning of main
02-02 04:30:03.349   246   246 I auditd  : type=1403 audit(0.0:2): policy loaded auid=4294967295 ses=4294967295
02-02 04:30:03.351   200   200 I (0)[200:dc_trim_thread]mt635x-auxadc mt635x-auxadc: name:HPOFS_CAL, channel=9, adc_out=0x6b39, adc_result=27449
02-02 04:30:03.353   246   246 W auditd  : type=1404 audit(0.0:3): enforcing=1 old_enforcing=0 auid=4294967295 ses=4294967295
02-02 04:30:03.354   200   200 I (0)[200:dc_trim_thread]mt635x-auxadc mt635x-auxadc: name:HPOFS_CAL, channel=9, adc_out=0x6b37, adc_result=27447
02-02 04:30:03.357     1     1 I (3)[1:init]selinux: SELinux: Loaded policy from /sepolicy
02-02 04:30:03.357     1     1 I (3)[1:init]selinux:  
02-02 04:30:03.358   200   200 I (0)[200:dc_trim_thread]mt635x-auxadc mt635x-auxadc: name:HPOFS_CAL, channel=9, adc_out=0x6b3b, adc_result=27451
02-02 04:30:03.383     1     1 I (1)[1:init]selinux: SELinux: Loaded file_contexts
02-02 04:30:03.383     1     1 I (1)[1:init]selinux:  
02-02 04:30:03.425     1     1 I (1)[1:init]: init second stage started!
02-02 04:30:03.484     1     1 I (1)[1:init]: Using Android DT directory /proc/device-tree/firmware/android/
02-02 04:30:03.485     1     1 E (1)[1:init]: Init cannot set 'ro.boot.serialno' to 'SOZ5VSMNKV7L6TFA': Read-only property was already set
02-02 04:30:03.486     1     1 W (1)[1:init]: Couldn't load property file '/system/etc/prop.default': open() failed: No such file or directory: No such file or directory
02-02 04:30:03.488     1     1 W (1)[1:init]: Overriding previous 'ro.' property 'persist.sys.usb.config':'adb' with new value 'mtp,adb'
02-02 04:30:03.489     1     1 W (1)[1:init]: Overriding previous 'ro.' property 'ro.treble.enabled':'true' with new value 'false'
02-02 04:30:03.490     1     1 W (1)[1:init]: Couldn't load property file '/system/build.prop': open() failed: No such file or directory: No such file or directory
02-02 04:30:03.490     1     1 W (1)[1:init]: Couldn't load property file '/system_ext/build.prop': open() failed: No such file or directory: No such file or directory
02-02 04:30:03.490     1     1 W (1)[1:init]: Couldn't load property file '/vendor/default.prop': open() failed: No such file or directory: No such file or directory
02-02 04:30:03.490     1     1 W (1)[1:init]: Couldn't load property file '/vendor/build.prop': open() failed: No such file or directory: No such file or directory
02-02 04:30:03.491   213   213 I         : (0)[213:kworker/0:2][msdc]cache(0x568000~0x5A0000, usrdata(0x5A4000~0x1D16FDF)
02-02 04:30:03.536     1     1 I init    : type=1400 audit(0.0:4): avc: denied { write } for name="kernel_init_done" dev="sysfs" ino=12057 scontext=u:r:init:s0 tcontext=u:object_r:sysfs:s0 tclass=file permissive=1
02-02 04:30:03.536     1     1 I init    : type=1400 audit(0.0:5): avc: denied { open } for path="/sys/module/musb_hdrc/parameters/kernel_init_done" dev="sysfs" ino=12057 scontext=u:r:init:s0 tcontext=u:object_r:sysfs:s0 tclass=file permissive=1
02-02 04:30:03.579   239   239 I (1)[239:ueventd]: ueventd started!
02-02 04:30:03.583   239   239 I (1)[239:ueventd]selinux: SELinux: Loaded file_contexts
02-02 04:30:03.583   239   239 I (1)[239:ueventd]selinux:  
02-02 04:30:03.583   239   239 I (1)[239:ueventd]: Parsing file /system/etc/ueventd.rc...
02-02 04:30:03.584   239   239 I (1)[239:ueventd]: Parsing file /vendor/ueventd.rc...
02-02 04:30:03.585   239   239 E (1)[239:ueventd]: /vendor/ueventd.rc: 84: invalid gid 'bridge_rw'
02-02 04:30:03.585   239   239 E (1)[239:ueventd]: /vendor/ueventd.rc: 85: invalid gid 'bridge_rw'
02-02 04:30:03.585   239   239 I (1)[239:ueventd]: Parsing file /odm/ueventd.rc...
02-02 04:30:03.585   239   239 I (1)[239:ueventd]: Unable to read config file '/odm/ueventd.rc': open() failed: No such file or directory
02-02 04:30:03.585   239   239 I (1)[239:ueventd]: Parsing file /ueventd.mt6739.rc...
02-02 04:30:03.626   239   239 I (0)[239:ueventd]musb-hdrc musb-hdrc: prop=1, power=0, is_host=0
02-02 04:30:03.626   239   239 I (0)[239:ueventd]musb-hdrc musb-hdrc: prop=2, power=0, is_host=0
02-02 04:30:03.626   239   239 I (0)[239:ueventd]musb-hdrc musb-hdrc: prop=3, power=0, is_host=0
02-02 04:30:03.629   239   239 I         : (0)[239:ueventd][fgauge_read_current] final current=4284 (ratio=1000)
02-02 04:30:03.629   239   239 I         : (0)[239:ueventd][fgauge_read_current] final current=4284 (ratio=1000)
02-02 04:30:03.869     1     1 I init    : type=1400 audit(0.0:6): avc: denied { module_request } for kmod="fs-binder" scontext=u:r:init:s0 tcontext=u:r:kernel:s0 tclass=system permissive=1
02-02 04:30:03.873   246   246 I init    : type=1400 audit(0.0:7): avc: denied { entrypoint } for path="/system/bin/logd" dev="rootfs" ino=1497 scontext=u:r:logd:s0 tcontext=u:object_r:rootfs:s0 tclass=file permissive=1
02-02 04:30:03.876   246   246 I logd    : type=1400 audit(0.0:8): avc: denied { map } for path="/system/bin/logd" dev="rootfs" ino=1497 scontext=u:r:logd:s0 tcontext=u:object_r:rootfs:s0 tclass=file permissive=1
02-02 04:30:03.876   246   246 I logd    : type=1400 audit(0.0:9): avc: denied { read } for path="/system/bin/logd" dev="rootfs" ino=1497 scontext=u:r:logd:s0 tcontext=u:object_r:rootfs:s0 tclass=file permissive=1
02-02 04:30:03.876   246   246 I logd    : type=1400 audit(0.0:10): avc: denied { execute } for path="/system/bin/logd" dev="rootfs" ino=1497 scontext=u:r:logd:s0 tcontext=u:object_r:rootfs:s0 tclass=file permissive=1
02-02 04:30:03.895   246   246 W libprocessgroup: Failed to find SCHED_SP_BACKGROUNDtask profile: No such file or directory
02-02 04:30:03.900   246   246 D (3)[246:logd]: Cannot read /system/etc/event-log-tags
02-02 04:30:03.901   246   246 I (3)[246:logd]logd.auditd: start
02-02 04:30:03.909     1     1 I init    : type=1400 audit(0.0:17): avc: denied { mounton } for path="/sys/fs/pstore" dev="pstore" ino=11951 scontext=u:r:init:s0 tcontext=u:object_r:pstorefs:s0 tclass=dir permissive=1
02-02 04:30:03.909     1     1 I         : (1)[1:init]gadgets_make name=g1
02-02 04:30:03.914     1     1 I         : (1)[1:init]function_make name=ffs.adb
02-02 04:30:03.914     1     1 I         : (1)[1:init]file system registered
02-02 04:30:03.915     1     1 I         : (1)[1:init]function_make name=ffs.fastboot
02-02 04:30:03.915     1     1 I         : (1)[1:init]config_desc_make name=b.1
02-02 04:30:03.923   248   248 E ProcessState: Binder driver protocol(8) does not match user space protocol(7)! ioctl() return value: 0
02-02 04:30:03.923     1     1 I         : (1)[1:init]os_desc_use_store Use OS DESC
02-02 04:30:03.923   248   248 E ProcessState: Binder ioctl to set max threads failed: Bad file descriptor
02-02 04:30:03.923   248   248 F ProcessState: Binder driver '/dev/binder' could not be opened.  Terminating.
--------- beginning of crash
02-02 04:30:03.924   248   248 F libc    : Fatal signal 6 (SIGABRT), code -1 (SI_QUEUE) in tid 248 (servicemanager), pid 248 (servicemanager)
02-02 04:30:03.925   256   256 F libc    : failed to exec crash_dump helper: No such file or directory
02-02 04:30:03.925     1     1 I         : (1)[1:init]function_make name=mass_storage.usb0
02-02 04:30:03.925     1     1 I         : (1)[1:init]Mass Storage Function, version: 2009/09/11
02-02 04:30:03.925     1     1 I (1)[1:init]LUN: removable file: (no medium)
02-02 04:30:03.926     1     1 I init    : type=1400 audit(0.0:18): avc: denied { mounton } for path="/dev/usb-ffs/adb" dev="functionfs" ino=11991 scontext=u:r:init:s0 tcontext=u:object_r:functionfs:s0 tclass=dir permissive=1
02-02 04:30:03.926     1     1 I         : (1)[1:init]function_make name=mtp.gs0
02-02 04:30:03.926   248   248 F libc    : crash_dump helper failed to exec
02-02 04:30:03.929   250   250 I vndservicemanag: type=1400 audit(0.0:19): avc: denied { read } for name="vndbinder" dev="tmpfs" ino=11903 scontext=u:r:recovery:s0 tcontext=u:object_r:vndbinder_device:s0 tclass=chr_file permissive=1
02-02 04:30:03.929   250   250 I vndservicemanag: type=1400 audit(0.0:20): avc: denied { write } for name="vndbinder" dev="tmpfs" ino=11903 scontext=u:r:recovery:s0 tcontext=u:object_r:vndbinder_device:s0 tclass=chr_file permissive=1
02-02 04:30:03.929   250   250 I vndservicemanag: type=1400 audit(0.0:21): avc: denied { open } for path="/dev/vndbinder" dev="tmpfs" ino=11903 scontext=u:r:recovery:s0 tcontext=u:object_r:vndbinder_device:s0 tclass=chr_file permissive=1
02-02 04:30:03.929   250   250 I vndservicemanag: type=1400 audit(0.0:22): avc: denied { ioctl } for path="/dev/vndbinder" dev="tmpfs" ino=11903 ioctlcmd=0x6209 scontext=u:r:recovery:s0 tcontext=u:object_r:vndbinder_device:s0 tclass=chr_file permissive=1
02-02 04:30:03.931     1     1 I         : (3)[1:init]interf_grp_compatible_id_store ext_compat_id=MTP
02-02 04:30:03.932     1     1 I         : (3)[1:init]os_desc_b_vendor_code_store Vendor Code=1
02-02 04:30:03.933   250   250 E ProcessState: Binder driver protocol(8) does not match user space protocol(7)! ioctl() return value: 0
02-02 04:30:03.933   250   250 E ProcessState: Binder ioctl to set max threads failed: Bad file descriptor
02-02 04:30:03.933     1     1 I (3)[1:init]ffs_data_put(): freeing
02-02 04:30:03.933   250   250 F ProcessState: Binder driver '/dev/vndbinder' could not be opened.  Terminating.
02-02 04:30:03.933   250   250 F libc    : Fatal signal 6 (SIGABRT), code -1 (SI_QUEUE) in tid 250 (vndservicemanag), pid 250 (vndservicemanag)
02-02 04:30:03.936   247   247 E hw-ProcessState: Binder driver protocol(8) does not match user space protocol(7)!
02-02 04:30:03.936   247   247 E hw-ProcessState: Binder ioctl to set max threads failed: Bad file descriptor
02-02 04:30:03.936   247   247 F hw-ProcessState: Binder driver could not be opened. Terminating.
02-02 04:30:03.937   247   247 F libc    : Fatal signal 6 (SIGABRT), code -1 (SI_QUEUE) in tid 247 (hwservicemanage), pid 247 (hwservicemanage)
02-02 04:30:03.938   260   260 F libc    : failed to exec crash_dump helper: No such file or directory
02-02 04:30:03.939     1     1 I chatty  : uid=1036(auditd) identical 1 line
02-02 04:30:03.939   259   259 F libc    : failed to exec crash_dump helper: No such file or directory
02-02 04:30:03.939     1     1 I (3)[1:init]ffs_data_put(): freeing
02-02 04:30:03.940   250   250 F libc    : crash_dump helper failed to exec
02-02 04:30:03.940   247   247 F libc    : crash_dump helper failed to exec
02-02 04:30:03.943     1     1 I init    : type=1400 audit(0.0:23): avc: denied { write } for name="bootprof" dev="proc" ino=4026532348 scontext=u:r:init:s0 tcontext=u:object_r:proc:s0 tclass=file permissive=1
02-02 04:30:03.946   261   261 I init    : type=1400 audit(0.0:24): avc: denied { sys_nice } for capability=23 scontext=u:r:init:s0 tcontext=u:r:init:s0 tclass=capability permissive=1
02-02 04:30:03.951     1     1 I (3)[1:init]BOOTPROF: 3100.528699:MOBICORE: Starting mcDriverDaemon
02-02 04:30:03.956   261   261 I mcDriverDaemon: type=1400 audit(0.0:25): avc: denied { read write } for name="mobicore" dev="tmpfs" ino=11914 scontext=u:r:recovery:s0 tcontext=u:object_r:device:s0 tclass=chr_file permissive=1
02-02 04:30:03.956   261   261 I mcDriverDaemon: type=1400 audit(0.0:26): avc: denied { open } for path="/dev/mobicore" dev="tmpfs" ino=11914 scontext=u:r:recovery:s0 tcontext=u:object_r:device:s0 tclass=chr_file permissive=1
02-02 04:30:03.956   261   261 I mcDriverDaemon: type=1400 audit(0.0:27): avc: denied { ioctl } for path="/dev/mobicore" dev="tmpfs" ino=11914 ioctlcmd=0x4d01 scontext=u:r:recovery:s0 tcontext=u:object_r:device:s0 tclass=chr_file permissive=1
02-02 04:30:03.959   261   261 I TeeMcDaemon: Registry search paths: [vendor/mediatek/proprietary/trustzone/trustonic/source/external/mobicore/common/410/Daemon/src/MobiCoreDriverDaemon.cpp:212]
02-02 04:30:03.959   261   261 I TeeMcDaemon:   /data/vendor/mcRegistry [vendor/mediatek/proprietary/trustzone/trustonic/source/external/mobicore/common/410/Daemon/src/MobiCoreDriverDaemon.cpp:214]
02-02 04:30:03.959   261   261 I TeeMcDaemon:   /vendor/app/mcRegistry [vendor/mediatek/proprietary/trustzone/trustonic/source/external/mobicore/common/410/Daemon/src/MobiCoreDriverDaemon.cpp:214]
02-02 04:30:03.959   261   261 I TeeMcDaemon:   /system/app/mcRegistry [vendor/mediatek/proprietary/trustzone/trustonic/source/external/mobicore/common/410/Daemon/src/MobiCoreDriverDaemon.cpp:214]
02-02 04:30:03.959   261   261 I TeeMcDaemon: Initialise Secure World [vendor/mediatek/proprietary/trustzone/trustonic/source/external/mobicore/common/410/Daemon/src/MobiCoreDriverDaemon.cpp:244]
02-02 04:30:03.959   261   261 I TeeMcDaemon: driver version: v7.0 [vendor/mediatek/proprietary/trustzone/trustonic/source/external/mobicore/common/410/Daemon/src/SecureWorld.cpp:280]
02-02 04:30:03.960   261   261 I TeeMcDaemon: driver version: v7.0 [vendor/mediatek/proprietary/trustzone/trustonic/source/external/mobicore/common/410/ClientLib/src/driver.cpp:104]
02-02 04:30:03.960   261   261 I TeeMcDaemon: driver open [vendor/mediatek/proprietary/trustzone/trustonic/source/external/mobicore/common/410/ClientLib/src/driver.cpp:109]
02-02 04:30:03.960   261   261 I TeeMcDaemon: driver closed [vendor/mediatek/proprietary/trustzone/trustonic/source/external/mobicore/common/410/ClientLib/src/driver.cpp:120]
02-02 04:30:03.960   261   261 I TeeMcDaemon: TEE is ready, version: t-base-MTK-A64-Android-410a-V112-20200310_140916_2045_102868 [vendor/mediatek/proprietary/trustzone/trustonic/source/external/mobicore/common/410/Daemon/src/SecureWorld.cpp:331]
02-02 04:30:03.960   261   261 I TeeMcDaemon: Load decryption key [vendor/mediatek/proprietary/trustzone/trustonic/source/external/mobicore/common/410/Daemon/src/MobiCoreDriverDaemon.cpp:254]
02-02 04:30:03.960   261   261 W TeeMcDaemon: Cannot open key SO  (No such file or directory) [vendor/mediatek/proprietary/trustzone/trustonic/source/external/mobicore/common/410/Daemon/src/SecureWorld.cpp:479]
02-02 04:30:03.960   261   261 W TeeMcDaemon: key decryption  missing, ignore [vendor/mediatek/proprietary/trustzone/trustonic/source/external/mobicore/common/410/Daemon/src/MobiCoreDriverDaemon.cpp:260]
02-02 04:30:03.960   261   261 I TeeMcDaemon: t-base-MTK-A64-Android-410a-V003-20190418_145513_67357_94486 [vendor/mediatek/proprietary/trustzone/trustonic/source/external/mobicore/common/410/Daemon/src/MobiCoreDriverDaemon.cpp:281]
02-02 04:30:03.963   261   261 I (2)[261:mcDriverDaemon]Trustonic TEE: admin_open: daemon connection open, TGID 261
02-02 04:30:03.976     1     1 I init    : type=1400 audit(0.0:28): avc: denied { write } for name="online" dev="sysfs" ino=9866 scontext=u:r:init:s0 tcontext=u:object_r:sysfs_devices_system_cpu:s0 tclass=file permissive=1
02-02 04:30:03.977   261   264 W TeeMcDaemon: Cannot open trustlet /data/vendor/mcRegistry/07050501000000000000000000000020.tlbin (No such file or directory) [vendor/mediatek/proprietary/trustzone/trustonic/source/external/mobicore/common/410/Daemon/src/SecureWorld.cpp:198]
02-02 04:30:03.979   261   261 I TeeMcDaemon: * start endorsement installer [vendor/mediatek/proprietary/trustzone/trustonic/source/external/mobicore/common/410/Daemon/src/MobiCoreDriverDaemon.cpp:307]
02-02 04:30:03.980   261   261 I TeeMcDaemon: * start registry server [vendor/mediatek/proprietary/trustzone/trustonic/source/external/mobicore/common/410/Daemon/src/MobiCoreDriverDaemon.cpp:307]
02-02 04:30:03.980   261   261 I TeeMcDaemon: * start debug session [vendor/mediatek/proprietary/trustzone/trustonic/source/external/mobicore/common/410/Daemon/src/MobiCoreDriverDaemon.cpp:307]
02-02 04:30:03.980   261   267 I TeeMcDaemon: run: Start listening for request from STH2 [vendor/mediatek/proprietary/trustzone/trustonic/source/external/mobicore/common/410/Daemon/src/FSD2.cpp:476]
02-02 04:30:03.980   261   268 I TeeEndorsementInstaller: Starting endorsement installer thread [vendor/mediatek/proprietary/trustzone/trustonic/source/external/mobicore/common/410/Daemon/src/EndorsementInstaller.cpp:85]
02-02 04:30:03.980   261   264 W TeeMcDaemon: Cannot open trustlet /data/vendor/mcRegistry/08050500000000000000000000000000.tlbin (No such file or directory) [vendor/mediatek/proprietary/trustzone/trustonic/source/external/mobicore/common/410/Daemon/src/SecureWorld.cpp:198]
02-02 04:30:03.980   261   269 I TeeMcDaemon: run: Starting server [vendor/mediatek/proprietary/trustzone/trustonic/source/external/mobicore/common/410/Daemon/src/RegistryServer.cpp:230]
02-02 04:30:03.983   157   157 I (0)[157:tee_log]Trustonic TEE: 401(1)|TA SPT2 : Starting.
02-02 04:30:03.984   157   157 I (0)[157:tee_log]Trustonic TEE: 401(1)|TA SPT2 : tbase info.
02-02 04:30:03.984   157   157 I (0)[157:tee_log]Trustonic TEE: 401(1)|tlApi version    =  0x00010014
02-02 04:30:03.984   157   157 I (0)[157:tee_log]Trustonic TEE: 401(1)|productId        = t-base-MTK-A64-Android-410a-V112-20200310_140916_2045_102868
02-02 04:30:03.984   157   157 I (0)[157:tee_log]Trustonic TEE: 401(1)|versionMci       = 0x00010007
02-02 04:30:03.984   157   157 I (0)[157:tee_log]Trustonic TEE: 401(1)|versionSo        = 0x00020002
02-02 04:30:03.984   157   157 I (0)[157:tee_log]Trustonic TEE: 401(1)|versionMclf      = 0x00020005
02-02 04:30:03.984   157   157 I (0)[157:tee_log]Trustonic TEE: 401(1)|versionContainer = 0x00020001
02-02 04:30:03.984   157   157 I (0)[157:tee_log]Trustonic TEE: 401(1)|versionMcConfig  = 0x00000003
02-02 04:30:03.984   157   157 I (0)[157:tee_log]Trustonic TEE: 401(1)|versionTlApi     = 0x00010014
02-02 04:30:03.984   157   157 I (0)[157:tee_log]Trustonic TEE: 401(1)|versionDrApi     = 0x00010004
02-02 04:30:03.984   157   157 I (0)[157:tee_log]Trustonic TEE: 401(1)|versionCmp       = 0x00000000
02-02 04:30:03.984   261   261 E TeeMcDaemon: mcOpenSession returned INVALID_OPERATION (rc 0x9) [vendor/mediatek/proprietary/trustzone/trustonic/source/external/mobicore/common/410/ClientLib/src/native_interface.cpp:573]
02-02 04:30:03.984   261   261 W TeeMcDaemon: Tci buffer might be too short, trying again with new size sent by SWd (size = 51388 bytes) [vendor/mediatek/proprietary/trustzone/trustonic/source/external/mobicore/common/410/Daemon/src/DebugSession.cpp:104]
02-02 04:30:03.985   261   264 W TeeMcDaemon: Cannot open trustlet /data/vendor/mcRegistry/08050500000000000000000000000000.tlbin (No such file or directory) [vendor/mediatek/proprietary/trustzone/trustonic/source/external/mobicore/common/410/Daemon/src/SecureWorld.cpp:198]
02-02 04:30:03.986   261   261 I TeeMcDaemon: session opened [vendor/mediatek/proprietary/trustzone/trustonic/source/external/mobicore/common/410/Daemon/src/DebugSession.cpp:125]
02-02 04:30:03.986   261   261 I TeeMcDaemon: Load secure drivers [vendor/mediatek/proprietary/trustzone/trustonic/source/external/mobicore/common/410/Daemon/src/MobiCoreDriverDaemon.cpp:320]
02-02 04:30:03.986   261   261 I TeeMcDaemon: * loading /vendor/app/mcRegistry/020f0000000000000000000000000000.drbin [vendor/mediatek/proprietary/trustzone/trustonic/source/external/mobicore/common/410/Daemon/src/MobiCoreDriverDaemon.cpp:323]
02-02 04:30:03.988   261   261 E (2)[261:mcDriverDaemon]Trustonic TEE: ERROR -1 mcp_cmd: open session: res 8
02-02 04:30:03.989   261   261 I McDaemon.FSD2: type=1400 audit(0.0:29): avc: denied { read } for name="mcRegistry" dev="tmpfs" ino=15538 scontext=u:r:recovery:s0 tcontext=u:object_r:mnt_vendor_file:s0 tclass=dir permissive=1
02-02 04:30:03.989   261   261 I McDaemon.FSD2: type=1400 audit(0.0:30): avc: denied { open } for path="/mnt/vendor/persist/mcRegistry" dev="tmpfs" ino=15538 scontext=u:r:recovery:s0 tcontext=u:object_r:mnt_vendor_file:s0 tclass=dir permissive=1
02-02 04:30:03.989   261   261 I McDaemon.FSD2: type=1400 audit(0.0:31): avc: denied { write } for name="mcRegistry" dev="tmpfs" ino=15538 scontext=u:r:recovery:s0 tcontext=u:object_r:mnt_vendor_file:s0 tclass=dir permissive=1
02-02 04:30:03.989   261   261 I McDaemon.FSD2: type=1400 audit(0.0:32): avc: denied { add_name } for name="Store_1.tf" scontext=u:r:recovery:s0 tcontext=u:object_r:mnt_vendor_file:s0 tclass=dir permissive=1
02-02 04:30:03.989   261   261 I McDaemon.FSD2: type=1400 audit(0.0:33): avc: denied { create } for name="Store_1.tf" scontext=u:r:recovery:s0 tcontext=u:object_r:mnt_vendor_file:s0 tclass=file permissive=1
02-02 04:30:03.989   261   261 I McDaemon.FSD2: type=1400 audit(0.0:34): avc: denied { read write open } for path="/mnt/vendor/persist/mcRegistry/Store_1.tf" dev="tmpfs" ino=15594 scontext=u:r:recovery:s0 tcontext=u:object_r:mnt_vendor_file:s0 tclass=file permissive=1
02-02 04:30:03.989   261   261 I McDaemon.FSD2: type=1400 audit(0.0:35): avc: denied { getattr } for path="/mnt/vendor/persist/mcRegistry/Store_1.tf" dev="tmpfs" ino=15594 scontext=u:r:recovery:s0 tcontext=u:object_r:mnt_vendor_file:s0 tclass=file permissive=1
02-02 04:30:03.991   261   267 I TeeMcDaemon: open: Open storage file "/mnt/vendor/persist/mcRegistry/Store_1.tf" [vendor/mediatek/proprietary/trustzone/trustonic/source/external/mobicore/common/410/Daemon/src/FSD2.cpp:178]
02-02 04:30:03.991   261   267 E TeeMcDaemon: open: No such file or directory opening storage file "/mnt/vendor/persist/mcRegistry/Store_1.tf" [vendor/mediatek/proprietary/trustzone/trustonic/source/external/mobicore/common/410/Daemon/src/FSD2.cpp:182]
02-02 04:30:03.991   261   267 I TeeMcDaemon: create: Create storage file "/mnt/vendor/persist/mcRegistry/Store_1.tf" [vendor/mediatek/proprietary/trustzone/trustonic/source/external/mobicore/common/410/Daemon/src/FSD2.cpp:134]
02-02 04:30:03.994   157   157 I (3)[157:tee_log]Trustonic TEE: 201(2)|Mounting partition 1...
02-02 04:30:03.995   157   157 I (3)[157:tee_log]Trustonic TEE: 201(2)|[STH2] WARNING Partition 1 not found
02-02 04:30:03.995   157   157 I (3)[157:tee_log]Trustonic TEE: 201(2)|Formatting partition 1...
02-02 04:30:04.007   265   265 E ProcessState: Binder driver protocol(8) does not match user space protocol(7)! ioctl() return value: 0
02-02 04:30:04.010   265   265 E ProcessState: Binder ioctl to set max threads failed: Bad file descriptor
02-02 04:30:04.010   265   265 F ProcessState: Binder driver '/dev/binder' could not be opened.  Terminating.
02-02 04:30:04.010   265   265 F libc    : Fatal signal 6 (SIGABRT), code -1 (SI_QUEUE) in tid 265 (servicemanager), pid 265 (servicemanager)
02-02 04:30:04.011   261   261 I TeeMcDaemon: * loading /vendor/app/mcRegistry/05120000000000000000000000000000.drbin [vendor/mediatek/proprietary/trustzone/trustonic/source/external/mobicore/common/410/Daemon/src/MobiCoreDriverDaemon.cpp:323]
02-02 04:30:04.012   273   273 F libc    : failed to exec crash_dump helper: No such file or directory
02-02 04:30:04.012   265   265 F libc    : crash_dump helper failed to exec
02-02 04:30:04.014   157   157 I (0)[157:tee_log]Trustonic TEE: 201(3)|Partition 1 successfully formatted
02-02 04:30:04.016   261   261 I TeeMcDaemon: * loading /vendor/app/mcRegistry/020b0000000000000000000000000000.drbin [vendor/mediatek/proprietary/trustzone/trustonic/source/external/mobicore/common/410/Daemon/src/MobiCoreDriverDaemon.cpp:323]
02-02 04:30:04.016   261   261 W TeeMcDaemon: Cannot open trustlet /vendor/app/mcRegistry/020b0000000000000000000000000000.drbin (No such file or directory) [vendor/mediatek/proprietary/trustzone/trustonic/source/external/mobicore/common/410/Daemon/src/SecureWorld.cpp:198]
02-02 04:30:04.016   261   261 W TeeMcDaemon: Driver /vendor/app/mcRegistry/020b0000000000000000000000000000.drbin missing, ignore [vendor/mediatek/proprietary/trustzone/trustonic/source/external/mobicore/common/410/Daemon/src/MobiCoreDriverDaemon.cpp:334]
02-02 04:30:04.016   261   261 I TeeMcDaemon: * loading /vendor/app/mcRegistry/05070000000000000000000000000000.drbin [vendor/mediatek/proprietary/trustzone/trustonic/source/external/mobicore/common/410/Daemon/src/MobiCoreDriverDaemon.cpp:323]
02-02 04:30:04.016   261   261 W TeeMcDaemon: Cannot open trustlet /vendor/app/mcRegistry/05070000000000000000000000000000.drbin (No such file or directory) [vendor/mediatek/proprietary/trustzone/trustonic/source/external/mobicore/common/410/Daemon/src/SecureWorld.cpp:198]
02-02 04:30:04.016   261   261 W TeeMcDaemon: Driver /vendor/app/mcRegistry/05070000000000000000000000000000.drbin missing, ignore [vendor/mediatek/proprietary/trustzone/trustonic/source/external/mobicore/common/410/Daemon/src/MobiCoreDriverDaemon.cpp:334]
02-02 04:30:04.016   261   261 I TeeMcDaemon: * loading /vendor/app/mcRegistry/030b0000000000000000000000000000.drbin [vendor/mediatek/proprietary/trustzone/trustonic/source/external/mobicore/common/410/Daemon/src/MobiCoreDriverDaemon.cpp:323]
02-02 04:30:04.018   263   263 E hw-ProcessState: Binder driver protocol(8) does not match user space protocol(7)!
02-02 04:30:04.021   157   157 I (0)[157:tee_log]Trustonic TEE: 601(1)|[SEC DRV] T[DEVAPC] (Infra)reg0-0 = 0x10100000
02-02 04:30:04.021   157   157 I (0)[157:tee_log]Trustonic TEE: 601(1)|[SEC DRV] T[DEVAPC] (Infra)reg0-1 = 0x1043000
02-02 04:30:04.021   157   157 I (0)[157:tee_log]Trustonic TEE: 601(1)|[SEC DRV] T[DEVAPC] (Infra)reg0-2 = 0x40000000
02-02 04:30:04.021   157   157 I (0)[157:tee_log]Trustonic TEE: 601(1)|[SEC DRV] T[DEVAPC] (Infra)reg0-3 = 0x1
02-02 04:30:04.021   157   157 I (0)[157:tee_log]Trustonic TEE: 601(1)|[SEC DRV] T[DEVAPC] (Infra)reg0-4 = 0x4
02-02 04:30:04.021   157   157 I (0)[157:tee_log]Trustonic TEE: 601(1)|[SEC DRV] T[DEVAPC] (Infra)reg0-5 = 0x0
02-02 04:30:04.021   157   157 I (0)[157:tee_log]Trustonic TEE: 601(1)|[SEC DRV] T[DEVAPC] (Infra)reg0-6 = 0xc
02-02 04:30:04.021   157   157 I (0)[157:tee_log]Trustonic TEE: 601(1)|[SEC DRV] T[DEVAPC] (Infra)reg0-7 = 0x0
02-02 04:30:04.021   157   157 I (0)[157:tee_log]Trustonic TEE: 601(1)|[SEC DRV] T[DEVAPC] (Infra)reg0-8 = 0x0
02-02 04:30:04.021   157   157 I (0)[157:tee_log]Trustonic TEE: 601(1)|[SEC DRV] T[DEVAPC] (Infra)reg0-9 = 0x0
02-02 04:30:04.021   157   157 I (0)[157:tee_log]Trustonic TEE: 601(1)|[SEC DRV] T[DEVAPC] (Infra)reg0-10 = 0x0
02-02 04:30:04.021   157   157 I (0)[157:tee_log]Trustonic TEE: 601(1)|[SEC DRV] T[DEVAPC] (Infra)reg0-11 = 0x0
02-02 04:30:04.021   157   157 I (0)[157:tee_log]Trustonic TEE: 601(1)|[SEC DRV] T[DEVAPC] (Infra)reg1-0 = 0x30ff23c3
02-02 04:30:04.021   157   157 I (0)[157:tee_log]Trustonic TEE: 601(1)|[SEC DRV] T[DEVAPC] (Infra)reg1-1 = 0xfffc8fcf
02-02 04:30:04.021   157   157 I (0)[157:tee_log]Trustonic TEE: 601(1)|[SEC DRV] T[DEVAPC] (Infra)reg1-2 = 0xfc0fffff
02-02 04:30:04.021   157   157 I (0)[157:tee_log]Trustonic TEE: 601(1)|[SEC DRV] T[DEVAPC] (Infra)reg1-3 = 0xfc33ffff
02-02 04:30:04.021   157   157 I (0)[157:tee_log]Trustonic TEE: 601(1)|[SEC DRV] T[DEVAPC] (Infra)reg1-4 = 0xffff3fff
02-02 04:30:04.021   157   157 I (0)[157:tee_log]Trustonic TEE: 601(1)|[SEC DRV] T[DEVAPC] (Infra)reg1-5 = 0xfffffff3
02-02 04:30:04.021   157   157 I (0)[157:tee_log]Trustonic TEE: 601(1)|[SEC DRV] T[DEVAPC] (Infra)reg1-6 = 0xff0ffff0
02-02 04:30:04.021   157   157 I (0)[157:tee_log]Trustonic TEE: 601(1)|[SEC DRV] T[DEVAPC] (Infra)reg1-7 = 0xf3f3fff
02-02 04:30:04.021   157   157 I (0)[157:tee_log]Trustonic TEE: 601(1)|[SEC DRV] T[DEVAPC] (Infra)reg1-8 = 0x0
02-02 04:30:04.021   157   157 I (0)[157:tee_log]Trustonic TEE: 601(1)|[SEC DRV] T[DEVAPC] (Infra)reg1-9 = 0x0
02-02 04:30:04.021   157   157 I (0)[157:tee_log]Trustonic TEE: 601(1)|[SEC DRV] T[DEVAPC] (Infra)reg1-10 = 0x0
02-02 04:30:04.021   157   157 I (0)[157:tee_log]Trustonic TEE: 601(1)|[SEC DRV] T[DEVAPC] (Infra)reg1-11 = 0x0
02-02 04:30:04.021   157   157 I (0)[157:tee_log]Trustonic TEE: 601(1)|[SEC DRV] T[DEVAPC] (MM)reg0-0 = 0x0
02-02 04:30:04.021   157   157 I (0)[157:tee_log]Trustonic TEE: 601(1)|[SEC DRV] T[DEVAPC] (MM)reg0-1 = 0x0
02-02 04:30:04.021   157   157 I (0)[157:tee_log]Trustonic TEE: 601(1)|[SEC DRV] T[DEVAPC] (MM)reg0-2 = 0x0
02-02 04:30:04.021   157   157 I (0)[157:tee_log]Trustonic TEE: 601(1)|[SEC DRV] T[DEVAPC] (MM)reg0-3 = 0x0
02-02 04:30:04.021   157   157 I (0)[157:tee_log]Trustonic TEE: 601(1)|[SEC DRV] T[DEVAPC] (MM)reg1-0 = 0x0
02-02 04:30:04.021   157   157 I (0)[157:tee_log]Trustonic TEE: 601(1)|[SEC DRV] T[DEVAPC] (MM)reg1-1 = 0x0
02-02 04:30:04.021   157   157 I (0)[157:tee_log]Trustonic TEE: 601(1)|[SEC DRV] T[DEVAPC] (MM)reg1-2 = 0x0
02-02 04:30:04.021   263   263 E hw-ProcessState: Binder ioctl to set max threads failed: Bad file descriptor
02-02 04:30:04.022   263   263 F hw-ProcessState: Binder driver could not be opened. Terminating.
02-02 04:30:04.022   263   263 F libc    : Fatal signal 6 (SIGABRT), code -1 (SI_QUEUE) in tid 263 (hwservicemanage), pid 263 (hwservicemanage)
02-02 04:30:04.023   261   261 I TeeMcDaemon: * loading /vendor/app/mcRegistry/030c0000000000000000000000000000.drbin [vendor/mediatek/proprietary/trustzone/trustonic/source/external/mobicore/common/410/Daemon/src/MobiCoreDriverDaemon.cpp:323]
02-02 04:30:04.023   261   261 W TeeMcDaemon: Cannot open trustlet /vendor/app/mcRegistry/030c0000000000000000000000000000.drbin (No such file or directory) [vendor/mediatek/proprietary/trustzone/trustonic/source/external/mobicore/common/410/Daemon/src/SecureWorld.cpp:198]
02-02 04:30:04.023   261   261 W TeeMcDaemon: Driver /vendor/app/mcRegistry/030c0000000000000000000000000000.drbin missing, ignore [vendor/mediatek/proprietary/trustzone/trustonic/source/external/mobicore/common/410/Daemon/src/MobiCoreDriverDaemon.cpp:334]
02-02 04:30:04.023   261   261 I TeeMcDaemon: * loading /vendor/app/mcRegistry/40188311faf343488db888ad39496f9a.drbin [vendor/mediatek/proprietary/trustzone/trustonic/source/external/mobicore/common/410/Daemon/src/MobiCoreDriverDaemon.cpp:323]
02-02 04:30:04.023   261   261 W TeeMcDaemon: Cannot open trustlet /vendor/app/mcRegistry/40188311faf343488db888ad39496f9a.drbin (No such file or directory) [vendor/mediatek/proprietary/trustzone/trustonic/source/external/mobicore/common/410/Daemon/src/SecureWorld.cpp:198]
02-02 04:30:04.023   261   261 W TeeMcDaemon: Driver /vendor/app/mcRegistry/40188311faf343488db888ad39496f9a.drbin missing, ignore [vendor/mediatek/proprietary/trustzone/trustonic/source/external/mobicore/common/410/Daemon/src/MobiCoreDriverDaemon.cpp:334]
02-02 04:30:04.023   261   261 I TeeMcDaemon: * loading /vendor/app/mcRegistry/05160000000000000000000000000000.drbin [vendor/mediatek/proprietary/trustzone/trustonic/source/external/mobicore/common/410/Daemon/src/MobiCoreDriverDaemon.cpp:323]
02-02 04:30:04.023   261   261 W TeeMcDaemon: Cannot open trustlet /vendor/app/mcRegistry/05160000000000000000000000000000.drbin (No such file or directory) [vendor/mediatek/proprietary/trustzone/trustonic/source/external/mobicore/common/410/Daemon/src/SecureWorld.cpp:198]
02-02 04:30:04.024   277   277 F libc    : failed to exec crash_dump helper: No such file or directory
02-02 04:30:04.024   157   157 I (3)[157:tee_log]Trustonic TEE: 601(1)|[SEC DRV] T[DEVAPC] (MM)reg1-3 = 0x0
02-02 04:30:04.024   157   157 I (3)[157:tee_log]Trustonic TEE: 601(1)|[SEC DRV] T[DEVAPC] (MM)reg2-0 = 0x0
02-02 04:30:04.024   157   157 I (3)[157:tee_log]Trustonic TEE: 601(1)|[SEC DRV] T[DEVAPC] (MM)reg2-1 = 0x0
02-02 04:30:04.024   157   157 I (3)[157:tee_log]Trustonic TEE: 601(1)|[SEC DRV] T[DEVAPC] (MM)reg2-2 = 0x0
02-02 04:30:04.024   157   157 I (3)[157:tee_log]Trustonic TEE: 601(1)|[SEC DRV] T[DEVAPC] (MM)reg2-3 = 0x0
02-02 04:30:04.024   157   157 I (3)[157:tee_log]Trustonic TEE: 601(1)|[SEC DRV] T[DEVAPC] (MM)reg3-0 = 0xffffffff
02-02 04:30:04.024   157   157 I (3)[157:tee_log]Trustonic TEE: 601(1)|[SEC DRV] T[DEVAPC] (MM)reg3-1 = 0xffffffff
02-02 04:30:04.024   157   157 I (3)[157:tee_log]Trustonic TEE: 601(1)|[SEC DRV] T[DEVAPC] (MM)reg3-2 = 0xffffffff
02-02 04:30:04.024   157   157 I (3)[157:tee_log]Trustonic TEE: 601(1)|[SEC DRV] T[DEVAPC] (MM)reg3-3 = 0xff
02-02 04:30:04.024   157   157 I (3)[157:tee_log]Trustonic TEE: 601(1)|[SEC DRV] T[DEVAPC] (MD)reg0-0 = 0xfffff800
02-02 04:30:04.024   157   157 I (3)[157:tee_log]Trustonic TEE: 601(1)|[SEC DRV] T[DEVAPC] (MD)reg0-1 = 0xffffffff
02-02 04:30:04.024   157   157 I (3)[157:tee_log]Trustonic TEE: 601(1)|[SEC DRV] T[DEVAPC] (MD)reg1-0 = 0x0
02-02 04:30:04.024   157   157 I (3)[157:tee_log]Trustonic TEE: 601(1)|[SEC DRV] T[DEVAPC] (MD)reg1-1 = 0x0
02-02 04:30:04.024   157   157 I (3)[157:tee_log]Trustonic TEE: 601(1)|[SEC DRV] T[DEVAPC] (MD)reg2-0 = 0x0
02-02 04:30:04.024   157   157 I (3)[157:tee_log]Trustonic TEE: 601(1)|[SEC DRV] T[DEVAPC] (MD)reg2-1 = 0x0
02-02 04:30:04.025   157   157 I (3)[157:tee_log]Trustonic TEE: 601(1)|[SEC DRV] T[DEVAPC] (MD)reg3-0 = 0xffffffff
02-02 04:30:04.025   157   157 I (3)[157:tee_log]Trustonic TEE: 601(1)|[SEC DRV] T[DEVAPC] (MD)reg3-1 = 0xffffffff
02-02 04:30:04.025   157   157 I (3)[157:tee_log]Trustonic TEE: 601(1)|[SEC DRV] T[DEVAPC] (Infra)MAS_SEC_0 = 0x0
02-02 04:30:04.025   157   157 I (3)[157:tee_log]Trustonic TEE: 601(1)|[SEC DRV] T[DEVAPC] <6><7><3><9>
02-02 04:30:04.025   263   263 F libc    : crash_dump helper failed to exec
02-02 04:30:04.027   157   157 I (0)[157:tee_log]Trustonic TEE: 701(1)|[<t Driver Drspi] 1.0, Build Aug 26 2021, 13:34:06
02-02 04:30:04.032   266   266 E ProcessState: Binder driver protocol(8) does not match user space protocol(7)! ioctl() return value: 0
02-02 04:30:04.033   266   266 E ProcessState: Binder ioctl to set max threads failed: Bad file descriptor
02-02 04:30:04.033   266   266 F ProcessState: Binder driver '/dev/vndbinder' could not be opened.  Terminating.
02-02 04:30:04.033   266   266 F libc    : Fatal signal 6 (SIGABRT), code -1 (SI_QUEUE) in tid 266 (vndservicemanag), pid 266 (vndservicemanag)
02-02 04:30:04.036   279   279 F libc    : failed to exec crash_dump helper: No such file or directory
02-02 04:30:04.037   266   266 F libc    : crash_dump helper failed to exec
02-02 04:30:04.068   274   281 I adbd    : Waiting for persist.adb.tls_server.enable=1
02-02 04:30:04.068   274   283 I adbd    : opening control endpoint /dev/usb-ffs/adb/ep0
02-02 04:30:04.072   274   283 I adbd    : UsbFfsConnection constructed
02-02 04:30:04.072     0     0 I         : (3)[283:usb ffs open]read descriptors
02-02 04:30:04.072     0     0 I         : (3)[283:usb ffs open]read strings
02-02 04:30:04.072   274   285 I adbd    : UsbFfs-monitor thread spawned
02-02 04:30:04.093   262   262 I recovery: type=1400 audit(0.0:36): avc: denied { getattr } for path="/sys/devices/virtual/thermal/thermal_zone0/temp" dev="sysfs" ino=21828 scontext=u:r:recovery:s0 tcontext=u:object_r:sysfs:s0 tclass=file permissive=1
02-02 04:30:04.093   262   262 I recovery: type=1400 audit(0.0:37): avc: denied { write } for name="brightness" dev="sysfs" ino=28405 scontext=u:r:recovery:s0 tcontext=u:object_r:sysfs:s0 tclass=file permissive=1
02-02 04:30:04.093   262   262 I recovery: type=1400 audit(0.0:38): avc: denied { open } for path="/sys/devices/platform/leds-mt65xx/leds/lcd-backlight/brightness" dev="sysfs" ino=28405 scontext=u:r:recovery:s0 tcontext=u:object_r:sysfs:s0 tclass=file permissive=1
02-02 04:30:04.096     1     1 I unknown : type=1107 audit(0.0:39): uid=0 auid=4294967295 ses=4294967295 subj=u:r:init:s0 msg='avc: denied { set } for property=ro.twrp.boot pid=262 uid=0 gid=0 scontext=u:r:recovery:s0 tcontext=u:object_r:default_prop:s0 tclass=property_service permissive=1'
02-02 04:30:04.099   262   262 I recovery: type=1400 audit(0.0:40): avc: denied { read write } for name="card0" dev="tmpfs" ino=7268 scontext=u:r:recovery:s0 tcontext=u:object_r:device:s0 tclass=chr_file permissive=1
02-02 04:30:04.099   262   262 I recovery: type=1400 audit(0.0:41): avc: denied { open } for path="/dev/dri/card0" dev="tmpfs" ino=7268 scontext=u:r:recovery:s0 tcontext=u:object_r:device:s0 tclass=chr_file permissive=1
02-02 04:30:04.100   262   262 W         : (2)[262:recovery]Leds_Enable,line = 451
02-02 04:30:04.100   262   262 I (2)[262:recovery][PWM] disp_pwm_set_backlight_cmdq: (id = 0x1, level_1024 = 1023), old = -1
02-02 04:30:04.100   262   262 I (2)[262:recovery][PWM] disp_pwm_backlight_status: backlight is on (1023), power:(1), pwm id: (0)
02-02 04:30:04.104   262   262 W (3)[262:recovery]pvrsrvkm 13000000.mfg_auckland: Direct firmware load for rgx.fw.22.49.21.16 failed with error -2
02-02 04:30:04.104   262   262 W (3)[262:recovery]pvrsrvkm 13000000.mfg_auckland: Falling back to user helper
02-02 04:30:04.108   262   262 W (2)[262:recovery]pvrsrvkm 13000000.mfg_auckland: Direct firmware load for rgx.fw.22.49p.21.16 failed with error -2
02-02 04:30:04.108   262   262 W (2)[262:recovery]pvrsrvkm 13000000.mfg_auckland: Falling back to user helper
02-02 04:30:04.113   262   262 W (2)[262:recovery]pvrsrvkm 13000000.mfg_auckland: Direct firmware load for rgx.fw failed with error -2
02-02 04:30:04.113   262   262 W (2)[262:recovery]pvrsrvkm 13000000.mfg_auckland: Falling back to user helper
02-02 04:30:04.117   262   262 E (0)[262:recovery]PVR_K: (Fatal):   262: All RGX Firmware image loads failed for 'rgx.fw.22.49.21.16'
02-02 04:30:04.117   262   262 E (0)[262:recovery]PVR_K: (Error):   262: RGXInit: InitFirmware failed (4)
02-02 04:30:04.117   262   262 E (0)[262:recovery]PVR_K: (Error):   262: PVRSRVDeviceInitialise: Initialisation of Rogue device failed (PVRSRV_ERROR_INIT_FAILURE)
02-02 04:30:04.117   262   262 E (0)[262:recovery]PVR_K: (Error):   262: PVRSRVDeviceInitialise: Services failed to finalise the device (PVRSRV_ERROR_NOT_INITIALISED)
02-02 04:30:04.117   262   262 E (0)[262:recovery]PVR_K: (Error):   262: PVRSRVCommonDeviceOpen: Failed to initialise device (PVRSRV_ERROR_NOT_INITIALISED)
02-02 04:30:04.118     1     1 I         : (3)[1:init]Retrying again to check for CPU kill
02-02 04:30:04.118     1     1 I         : (3)[1:init]CPU1 killed.
02-02 04:30:04.119    29    29 W (2)[29:kworker/1:1]WARN: cpu=3, domain=MC: incr. energy eff 199[0]->205[1]
02-02 04:30:04.119    29    29 W (2)[29:kworker/1:1]WARN: cpu=3, domain=MC: incr. energy eff 205[1]->220[2]
02-02 04:30:04.119    29    29 W (2)[29:kworker/1:1]WARN: cpu=3, domain=MC: incr. energy eff 220[2]->233[3]
02-02 04:30:04.119    29    29 W (2)[29:kworker/1:1]WARN: cpu=3, domain=MC: incr. energy eff 233[3]->237[4]
02-02 04:30:04.119    29    29 W (2)[29:kworker/1:1]WARN: cpu=3, domain=MC: incr. energy eff 237[4]->238[5]
02-02 04:30:04.119    29    29 W (2)[29:kworker/1:1]WARN: cpu=3, domain=MC: incr. energy eff 231[6]->232[7]
02-02 04:30:04.120    29    29 W (2)[29:kworker/1:1]WARN: cpu=3, domain=MC: incr. energy eff 231[8]->231[9]
02-02 04:30:04.120    29    29 W (2)[29:kworker/1:1]WARN: cpu=2, domain=MC: incr. energy eff 199[0]->205[1]
02-02 04:30:04.120    29    29 W (2)[29:kworker/1:1]WARN: cpu=2, domain=MC: incr. energy eff 205[1]->220[2]
02-02 04:30:04.120    29    29 W (2)[29:kworker/1:1]WARN: cpu=2, domain=MC: incr. energy eff 220[2]->233[3]
02-02 04:30:04.120    29    29 W (2)[29:kworker/1:1]WARN: cpu=2, domain=MC: incr. energy eff 233[3]->237[4]
02-02 04:30:04.120    29    29 W (2)[29:kworker/1:1]WARN: cpu=2, domain=MC: incr. energy eff 237[4]->238[5]
02-02 04:30:04.120    29    29 W (2)[29:kworker/1:1]WARN: cpu=2, domain=MC: incr. energy eff 231[6]->232[7]
02-02 04:30:04.120    29    29 W (2)[29:kworker/1:1]WARN: cpu=2, domain=MC: incr. energy eff 231[8]->231[9]
02-02 04:30:04.120    29    29 W (2)[29:kworker/1:1]WARN: cpu=0, domain=MC: incr. energy eff 199[0]->205[1]
02-02 04:30:04.120    29    29 W (2)[29:kworker/1:1]WARN: cpu=0, domain=MC: incr. energy eff 205[1]->220[2]
02-02 04:30:04.120    29    29 W (2)[29:kworker/1:1]WARN: cpu=0, domain=MC: incr. energy eff 220[2]->233[3]
02-02 04:30:04.120    29    29 W (2)[29:kworker/1:1]WARN: cpu=0, domain=MC: incr. energy eff 233[3]->237[4]
02-02 04:30:04.120    29    29 W (2)[29:kworker/1:1]WARN: cpu=0, domain=MC: incr. energy eff 237[4]->238[5]
02-02 04:30:04.120    29    29 W (2)[29:kworker/1:1]WARN: cpu=0, domain=MC: incr. energy eff 231[6]->232[7]
02-02 04:30:04.120    29    29 W (2)[29:kworker/1:1]WARN: cpu=0, domain=MC: incr. energy eff 231[8]->231[9]
02-02 04:30:04.120    29    29 W (2)[29:kworker/1:1]WARN: cpu=0, domain=DIE: incr. energy eff 544[0]->561[1]
02-02 04:30:04.120    29    29 W (2)[29:kworker/1:1]WARN: cpu=0, domain=DIE: incr. energy eff 561[1]->633[2]
02-02 04:30:04.120    29    29 W (2)[29:kworker/1:1]WARN: cpu=0, domain=DIE: incr. energy eff 633[2]->680[3]
02-02 04:30:04.120    29    29 W (2)[29:kworker/1:1]WARN: cpu=0, domain=DIE: incr. energy eff 680[3]->700[4]
02-02 04:30:04.120    29    29 W (2)[29:kworker/1:1]WARN: cpu=0, domain=DIE: incr. energy eff 700[4]->713[5]
02-02 04:30:04.120    29    29 W (2)[29:kworker/1:1]WARN: cpu=0, domain=DIE: incr. energy eff 693[6]->702[7]
02-02 04:30:04.120    29    29 W (2)[29:kworker/1:1]WARN: cpu=0, domain=DIE: incr. energy eff 702[7]->709[8]
02-02 04:30:04.120    29    29 W (2)[29:kworker/1:1]WARN: cpu=0, domain=DIE: incr. energy eff 709[8]->709[9]
02-02 04:30:04.120    29    29 W (2)[29:kworker/1:1]WARN: cpu=0, domain=DIE: incr. energy eff 692[12]->692[13]
02-02 04:30:04.121   262   262 I         : (0)[262:recovery][DISP]AEE is not enabled, will disable layer 3
02-02 04:30:04.124   200   200 W -(2)[200:dc_trim_thread]CPU2: update max cpu_capacity 1024
02-02 04:30:04.132   262   262 I (2)[262:recovery]mtk-tpd: [tpd_fb_notifier_callback:458] tpd_fb_notifier_callback
02-02 04:30:04.132   262   262 I (2)[262:recovery]mtk-tpd: [tpd_fb_notifier_callback:458] tpd_fb_notifier_callback
02-02 04:30:04.132   262   262 I         : (2)[262:recovery][DISP][FB Driver] enter early_suspend
02-02 04:30:04.168   262   262 I         : (2)[262:recovery][DISP]primary_display_suspend begin
02-02 04:30:04.168   262   262 I         : (2)[262:recovery][DISP]primary display will switch from RDMA_MODE to DIRECT_LINK
02-02 04:30:04.168   262   262 I (2)[262:recovery][DDP/OVL]warn: ovl_roi:(480x960)
02-02 04:30:04.168   262   262 I (2)[262:recovery][DDP/DSI]warn: DSI_Set_VM_CMD
02-02 04:30:04.168     1     1 I         : (2)[1:init]Retrying again to check for CPU kill
02-02 04:30:04.168     1     1 I         : (2)[1:init]CPU3 killed.
02-02 04:30:04.169   280   280 W (0)[280:kworker/3:2]WARN: cpu=2, domain=MC: incr. energy eff 199[0]->205[1]
02-02 04:30:04.169   280   280 W (0)[280:kworker/3:2]WARN: cpu=2, domain=MC: incr. energy eff 205[1]->220[2]
02-02 04:30:04.169   280   280 W (0)[280:kworker/3:2]WARN: cpu=2, domain=MC: incr. energy eff 220[2]->233[3]
02-02 04:30:04.169   280   280 W (0)[280:kworker/3:2]WARN: cpu=2, domain=MC: incr. energy eff 233[3]->237[4]
02-02 04:30:04.169   280   280 W (0)[280:kworker/3:2]WARN: cpu=2, domain=MC: incr. energy eff 237[4]->238[5]
02-02 04:30:04.169   280   280 W (0)[280:kworker/3:2]WARN: cpu=2, domain=MC: incr. energy eff 231[6]->232[7]
02-02 04:30:04.169   280   280 W (0)[280:kworker/3:2]WARN: cpu=2, domain=MC: incr. energy eff 231[8]->231[9]
02-02 04:30:04.169   280   280 W (0)[280:kworker/3:2]WARN: cpu=0, domain=MC: incr. energy eff 199[0]->205[1]
02-02 04:30:04.169   280   280 W (0)[280:kworker/3:2]WARN: cpu=0, domain=MC: incr. energy eff 205[1]->220[2]
02-02 04:30:04.169   280   280 W (0)[280:kworker/3:2]WARN: cpu=0, domain=MC: incr. energy eff 220[2]->233[3]
02-02 04:30:04.169   280   280 W (0)[280:kworker/3:2]WARN: cpu=0, domain=MC: incr. energy eff 233[3]->237[4]
02-02 04:30:04.169   280   280 W (0)[280:kworker/3:2]WARN: cpu=0, domain=MC: incr. energy eff 237[4]->238[5]
02-02 04:30:04.169   280   280 W (0)[280:kworker/3:2]WARN: cpu=0, domain=MC: incr. energy eff 231[6]->232[7]
02-02 04:30:04.169   280   280 W (0)[280:kworker/3:2]WARN: cpu=0, domain=MC: incr. energy eff 231[8]->231[9]
02-02 04:30:04.169   280   280 W (0)[280:kworker/3:2]WARN: cpu=0, domain=DIE: incr. energy eff 544[0]->561[1]
02-02 04:30:04.169   280   280 W (0)[280:kworker/3:2]WARN: cpu=0, domain=DIE: incr. energy eff 561[1]->633[2]
02-02 04:30:04.169   280   280 W (0)[280:kworker/3:2]WARN: cpu=0, domain=DIE: incr. energy eff 633[2]->680[3]
02-02 04:30:04.169   280   280 W (0)[280:kworker/3:2]WARN: cpu=0, domain=DIE: incr. energy eff 680[3]->700[4]
02-02 04:30:04.169   280   280 W (0)[280:kworker/3:2]WARN: cpu=0, domain=DIE: incr. energy eff 700[4]->713[5]
02-02 04:30:04.169   280   280 W (0)[280:kworker/3:2]WARN: cpu=0, domain=DIE: incr. energy eff 693[6]->702[7]
02-02 04:30:04.169   280   280 W (0)[280:kworker/3:2]WARN: cpu=0, domain=DIE: incr. energy eff 702[7]->709[8]
02-02 04:30:04.169   280   280 W (0)[280:kworker/3:2]WARN: cpu=0, domain=DIE: incr. energy eff 709[8]->709[9]
02-02 04:30:04.169   280   280 W (0)[280:kworker/3:2]WARN: cpu=0, domain=DIE: incr. energy eff 692[12]->692[13]
02-02 04:30:04.172     1     1 I (2)[1:init]BOOTPROF: 3321.413853:MOBICORE: create /data/vendor/mcRegistry ++ (FBE encrypted)
02-02 04:30:04.173     1     1 I (2)[1:init]BOOTPROF: 3322.612622:MOBICORE: create /data/vendor/mcRegistry -- (FBE encrypted)
02-02 04:30:04.174   200   200 W -(0)[200:dc_trim_thread]CPU0: update max cpu_capacity 1024
02-02 04:30:04.182   262   262 I         : (0)[262:recovery][DISP]primary display is DIRECT_LINK mode now
02-02 04:30:04.182   262   262 I (0)[262:recovery][DISP][disp_lowpower]_release_wrot_resource_nolock: use_wrot_sram:1
02-02 04:30:04.183     1     1 I         : (2)[1:init]config_usb_cfg_link b.1<-->ffs.adb
02-02 04:30:04.183     1     1 I         : (2)[1:init]usb_get_function usb_function name=Function FS Gadget
02-02 04:30:04.184     1     1 I         : (2)[1:init]gadget_dev_desc_UDC_store write musb-hdrc
02-02 04:30:04.184     1     1 I         : (2)[1:init]usb_gadget_probe_driver musb-hdrc musb-hdrc
02-02 04:30:04.184     1     1 I         : (2)[1:init]configfs_composite_bind
02-02 04:30:04.184     1     1 I         : (2)[1:init]composite_dev_prepare 9f2bb89c
