02-02 03:47:18.570    79    79 I         : (0)[79:kworker/u8:1][msdc]msdc1 -> !!! Set<260KHz> Source<191999KHz> -> sclk<259KHz> timing<0> mode<0> div<185> hs400_div_dis<0>
02-02 03:47:18.571    79    79 I         : (0)[79:kworker/u8:1][msdc]msdc1 -> !!! Set<400KHz> Source<191999KHz> -> sclk<399KHz> timing<0> mode<0> div<120> hs400_div_dis<0>
02-02 03:47:18.587   290   290 I (0)[290:kworker/0:2][msdc][msdc_command_resp_polling]: msdc1 CMD<52> MSDC_INT_CMDTMO Arg<0x00000c00>
02-02 03:47:18.587   290   290 I (0)[290:kworker/0:2][msdc][msdc_command_resp_polling]: msdc1 CMD<52> MSDC_INT_CMDTMO Arg<0x80000c08>
02-02 03:47:18.602   290   290 I (0)[290:kworker/0:2][msdc][msdc_command_resp_polling]: msdc1 CMD<5> MSDC_INT_CMDTMO Arg<0x00000000>
02-02 03:47:18.603   290   290 I chatty  : uid=1036(auditd) identical 2 lines
02-02 03:47:18.604   290   290 I (0)[290:kworker/0:2][msdc][msdc_command_resp_polling]: msdc1 CMD<5> MSDC_INT_CMDTMO Arg<0x00000000>
02-02 03:47:18.791   290   290 I         : (0)[290:kworker/0:2]ldo vmc disable
02-02 03:47:18.791   290   290 I         : (0)[290:kworker/0:2]ldo vmc enable
02-02 03:47:18.823   290   290 I         : (0)[290:kworker/0:2][msdc]msdc1 -> !!! Set<400KHz> Source<191999KHz> -> sclk<399KHz> timing<0> mode<0> div<120> hs400_div_dis<0>
02-02 03:47:18.837   290   290 I         : (0)[290:kworker/0:2][msdc]msdc1 -> !!! Set<200000KHz> Source<191999KHz> -> sclk<191999KHz> timing<6> mode<1> div<0> hs400_div_dis<0>
02-02 03:47:18.838   290   290 I         : (0)[290:kworker/0:2][AUTOK]SDcard autok
02-02 03:47:18.854   290   290 I         : (0)[290:kworker/0:2][AUTOK]CMD 0 	 51 	 OOOOOOOOOXXOOOOOOOOOOOOOOOOOOOOOOOOOOOOOOOOOOOOOOOOOOOOOOOOOOOXX
02-02 03:47:18.868   290   290 I         : (0)[290:kworker/0:2][AUTOK]CMD 1 	 36 	 OOOOOOOOOOOOOOOOOOOOOOOOOOOOOOOOOOOOXXOOOOOOOOOOOOOOOOOOOOOOOOOO
02-02 03:47:18.868   290   290 I (0)[290:kworker/0:2][AUTOK]Analysis Result: 1T = 53
02-02 03:47:18.881   290   290 I         : (0)[290:kworker/0:2][AUTOK]DAT 0 	 45 	 OOOOOOOXXXXXXXXOOOOOOOOOOOOOOOOOOOOOOOOOOOOOOOOOOOOOOOOOOOOOXXXX
02-02 03:47:18.895   290   290 I         : (0)[290:kworker/0:2][AUTOK]DAT 1 	 34 	 OOOOOOOOOOOOOOOOOOOOOOOOOOOOOOOOOOXXXXXXXOOOOOOOOOOOOOOOOOOOOOOO
02-02 03:47:18.895   290   290 I (0)[290:kworker/0:2][AUTOK]Analysis Result: 1T = 53
02-02 03:47:18.895   290   290 I (0)[290:kworker/0:2][AUTOK]CMD [EDGE: 1 CMD_FIFO_EDGE:0 DLY1:9 DLY2:0]
02-02 03:47:18.895   290   290 I (0)[290:kworker/0:2][AUTOK]DAT [RDAT_EDGE: 0 RD_FIFO_EDGE:1 WD_FIFO_EDGE:1]
02-02 03:47:18.895   290   290 I (0)[290:kworker/0:2][AUTOK]DAT [LATCH_CK: 0 DLY1:10 DLY2:0]
02-02 03:47:18.895   290   290 I (0)[290:kworker/0:2][AUTOK]DS  [DLY1: 0 DLY2:0 DLY3:0]
02-02 03:47:18.895   290   290 I         : (0)[290:kworker/0:2][AUTOK]CLK TX  [0]
02-02 03:47:18.895   290   290 I         : (0)[290:kworker/0:2][AUTOK]CMD TX  [0]
02-02 03:47:18.895   290   290 I         : (0)[290:kworker/0:2][AUTOK]DAT TX  [D0:0 D1:0 D2:0 D3:0]
02-02 03:47:18.895   290   290 I (0)[290:kworker/0:2][AUTOK]======Cost: 57 ms======
02-02 03:47:18.895   290   290 I (0)[290:kworker/0:2]mmc1: new ultra high speed SDR104 SDXC card at address aaaa
02-02 03:47:18.897   290   290 I (0)[290:kworker/0:2]mmcblk1: mmc1:aaaa SC64G 59.5 GiB
02-02 03:47:18.900   290   290 I (0)[290:kworker/0:2] mmcblk1: p1
02-02 03:47:19.508   262   262 W HidlServiceManagement: Waited for hwservicemanager.ready for a second, waiting another...
02-02 03:47:19.605   174   174 I         : (0)[174:disp_check][DISP][ESD]ESD check end, ret = 0
02-02 03:47:19.974     1     1 I (0)[1:init]: starting service 'hwservicemanager'...
02-02 03:47:19.981     1     1 I (0)[1:init]: starting service 'servicemanager'...
02-02 03:47:19.996     1     1 I (2)[1:init]: starting service 'vndservicemanager'...
02-02 03:47:20.003   308   308 E (0)[308:init]: failed to write pid to files: couldn't write 308 to /dev/cpuset/system-background/tasks: No such file or directory
02-02 03:47:20.008   307   307 E ProcessState: Binder driver protocol(8) does not match user space protocol(7)! ioctl() return value: 0
02-02 03:47:20.008   307   307 E ProcessState: Binder ioctl to set max threads failed: Bad file descriptor
02-02 03:47:20.008   307   307 F ProcessState: Binder driver '/dev/binder' could not be opened.  Terminating.
02-02 03:47:20.009   307   307 F libc    : Fatal signal 6 (SIGABRT), code -1 (SI_QUEUE) in tid 307 (servicemanager), pid 307 (servicemanager)
02-02 03:47:20.016   308   308 I vndservicemanag: type=1400 audit(0.0:340): avc: denied { read } for name="vndbinder" dev="tmpfs" ino=10577 scontext=u:r:recovery:s0 tcontext=u:object_r:vndbinder_device:s0 tclass=chr_file permissive=1
02-02 03:47:20.016   308   308 I vndservicemanag: type=1400 audit(0.0:341): avc: denied { write } for name="vndbinder" dev="tmpfs" ino=10577 scontext=u:r:recovery:s0 tcontext=u:object_r:vndbinder_device:s0 tclass=chr_file permissive=1
02-02 03:47:20.016   308   308 I vndservicemanag: type=1400 audit(0.0:342): avc: denied { open } for path="/dev/vndbinder" dev="tmpfs" ino=10577 scontext=u:r:recovery:s0 tcontext=u:object_r:vndbinder_device:s0 tclass=chr_file permissive=1
02-02 03:47:20.016   308   308 I vndservicemanag: type=1400 audit(0.0:343): avc: denied { ioctl } for path="/dev/vndbinder" dev="tmpfs" ino=10577 ioctlcmd=0x6209 scontext=u:r:recovery:s0 tcontext=u:object_r:vndbinder_device:s0 tclass=chr_file permissive=1
02-02 03:47:20.020   308   308 E ProcessState: Binder driver protocol(8) does not match user space protocol(7)! ioctl() return value: 0
02-02 03:47:20.021   308   308 E ProcessState: Binder ioctl to set max threads failed: Bad file descriptor
02-02 03:47:20.021   308   308 F ProcessState: Binder driver '/dev/vndbinder' could not be opened.  Terminating.
02-02 03:47:20.021   308   308 F libc    : Fatal signal 6 (SIGABRT), code -1 (SI_QUEUE) in tid 308 (vndservicemanag), pid 308 (vndservicemanag)
02-02 03:47:20.022   310   310 F libc    : failed to exec crash_dump helper: No such file or directory
02-02 03:47:20.022   307   307 F libc    : crash_dump helper failed to exec
02-02 03:47:20.026     1     1 I (2)[1:init]: starting service 'adbd'...
02-02 03:47:20.026     1     1 I (2)[1:init]: Created socket '/dev/socket/adbd', mode 660, user 1000, group 1000
02-02 03:47:20.027   306   306 E hw-ProcessState: Binder driver protocol(8) does not match user space protocol(7)!
02-02 03:47:20.027   306   306 E hw-ProcessState: Binder ioctl to set max threads failed: Bad file descriptor
02-02 03:47:20.027   306   306 F hw-ProcessState: Binder driver could not be opened. Terminating.
02-02 03:47:20.027   306   306 F libc    : Fatal signal 6 (SIGABRT), code -1 (SI_QUEUE) in tid 306 (hwservicemanage), pid 306 (hwservicemanage)
02-02 03:47:20.029   154   154 I         : (2)[154:kworker/2:1]usb_state<DISCONNECTED>
02-02 03:47:20.029   314   314 F libc    : failed to exec crash_dump helper: No such file or directory
02-02 03:47:20.029     1     1 I (0)[1:init]: Service 'servicemanager' (pid 307) received signal 6
02-02 03:47:20.030     1     1 I (0)[1:init]: Sending signal 9 to service 'servicemanager' (pid 307) process group...
02-02 03:47:20.030     1     1 I (0)[1:init]libprocessgroup: Successfully killed process cgroup uid 0 pid 307 in 0ms
02-02 03:47:20.030   308   308 F libc    : crash_dump helper failed to exec
02-02 03:47:20.031     1     1 I (0)[1:init]: Untracked pid 310 exited with status 1
02-02 03:47:20.031   315   315 F libc    : failed to exec crash_dump helper: No such file or directory
02-02 03:47:20.032   306   306 F libc    : crash_dump helper failed to exec
02-02 03:47:20.064   312   316 I adbd    : Waiting for persist.adb.tls_server.enable=1
02-02 03:47:20.064   312   318 I adbd    : opening control endpoint /dev/usb-ffs/adb/ep0
02-02 03:47:20.065   312   318 I adbd    : UsbFfsConnection constructed
02-02 03:47:20.066   312   320 I adbd    : UsbFfs-monitor thread spawned
02-02 03:47:20.067   312   320 I adbd    : USB event: FUNCTIONFS_BIND
02-02 03:47:20.068     0     0 I         : (0)[318:usb ffs open]read descriptors
02-02 03:47:20.068     0     0 I         : (0)[318:usb ffs open]read strings
02-02 03:47:20.071     1     1 I         : (0)[1:init]gadget_dev_desc_UDC_store write musb-hdrc
02-02 03:47:20.071     1     1 I         : (0)[1:init]usb_gadget_probe_driver musb-hdrc musb-hdrc
02-02 03:47:20.071     1     1 I         : (0)[1:init]configfs_composite_bind
02-02 03:47:20.071     1     1 I         : (0)[1:init]composite_dev_prepare d98a11bd
02-02 03:47:20.071     1     1 I (0)[1:init]configfs-gadget gadget: adding 'Function FS Gadget'/a47cac13 to config 'b'/074a1637
02-02 03:47:20.071     1     1 I         : (0)[1:init]composite_os_desc_req_prepare 2e359e37
02-02 03:47:20.071     1     1 I (0)[1:init][MUSB]musb_gadget_start 2599: musb_gadget_start
02-02 03:47:20.071     1     1 I (0)[1:init][MUSB]musb_gadget_pullup 2391: is_on=1, softconnect=0 ++
02-02 03:47:20.071     1     1 I -(0)[1:init][MUSB]musb_gadget_pullup 2404: is_on=1, softconnect=0 ++
02-02 03:47:20.071     1     1 I -(0)[1:init][MUSB]musb_pullup 2334: MUSB: gadget pull up 1 start, musb->power:1
02-02 03:47:20.071     1     1 I -(0)[1:init][MUSB]musb_pullup 2343: MUSB: gadget pull up 1 end
02-02 03:47:20.074     1     1 I         : (2)[1:init]gadget_dev_desc_UDC_store write musb-hdrc
02-02 03:47:20.340     0     0 I -(0)[0:swapper/0][MUSB]musb_stage0_irq 1214: musb_stage0_irq:1214 MUSB_INTR_RESET (b_idle)
02-02 03:47:20.340     0     0 I         : -(0)[0:swapper/0]QMU_WARN,<musb_disable_q_all 333>, disable_q_all
02-02 03:47:20.340     0     0 I -(0)[0:swapper/0][MUSB]musb_sync_with_bat 724: BATTERY_SetUSBState, state=1
02-02 03:47:20.340     0     0 I         : -(0)[0:swapper/0]BATTERY_SetUSBState Success! Set 1
02-02 03:47:20.419   154   154 I (2)[154:kworker/2:1]android_work: sent uevent USB_STATE=CONNECTED
02-02 03:47:20.423     0     0 I -(0)[0:swapper/0][MUSB]musb_stage0_irq 1214: musb_stage0_irq:1214 MUSB_INTR_RESET (b_peripheral)
02-02 03:47:20.423     0     0 I         : -(0)[0:swapper/0]QMU_WARN,<musb_disable_q_all 333>, disable_q_all
02-02 03:47:20.423     0     0 I -(0)[0:swapper/0][MUSB]musb_sync_with_bat 724: BATTERY_SetUSBState, state=1
02-02 03:47:20.423     0     0 I         : -(0)[0:swapper/0]BATTERY_SetUSBState Success! Set 1
02-02 03:47:20.424   290   290 I (0)[290:kworker/0:2]android_work: sent uevent USB_STATE=DISCONNECTED
02-02 03:47:20.508   262   262 W HidlServiceManagement: Waited for hwservicemanager.ready for a second, waiting another...
02-02 03:47:20.525   312   320 I adbd    : USB event: FUNCTIONFS_ENABLE
02-02 03:47:20.527   154   154 I (2)[154:kworker/2:1]android_work: sent uevent USB_STATE=CONNECTED
02-02 03:47:20.528   239   239 I -(0)[239:ueventd]configfs-gadget gadget: high-speed config #1: b
02-02 03:47:20.529   239   239 I -(0)[239:ueventd][MUSB]fifo_setup 1349: musb type=BULK
02-02 03:47:20.529   239   239 I -(0)[239:ueventd][MUSB]fifo_setup 1395: fifo size is 6 after 512, fifo address is 512, epnum 1,hwepnum 1
02-02 03:47:20.529   239   239 I         : -(0)[239:ueventd]QMU_WARN,<mtk_qmu_enable 623>, enable RQ(1)
02-02 03:47:20.529   239   239 I -(0)[239:ueventd][MUSB]musb_gadget_enable 1598: musb-hdrc periph: enabled ep1out for bulk OUT, maxpacket 512
02-02 03:47:20.529   239   239 I -(0)[239:ueventd][MUSB]fifo_setup 1349: musb type=BULK
02-02 03:47:20.529   239   239 I -(0)[239:ueventd][MUSB]fifo_setup 1395: fifo size is 6 after 512, fifo address is 1024, epnum 1,hwepnum 1
02-02 03:47:20.529   239   239 I         : -(0)[239:ueventd]QMU_WARN,<mtk_qmu_enable 701>, enable TQ(1)
02-02 03:47:20.529   239   239 I -(0)[239:ueventd][MUSB]musb_gadget_enable 1598: musb-hdrc periph: enabled ep1in for bulk IN, maxpacket 512
02-02 03:47:20.529   239   239 I -(0)[239:ueventd]configfs-gadget gadget: USB_REQ_SET_CONFIGURATION: value=0
02-02 03:47:20.529   239   239 I -(0)[239:ueventd][MUSB]musb_sync_with_bat 724: BATTERY_SetUSBState, state=2
02-02 03:47:20.529   239   239 I         : -(0)[239:ueventd]BATTERY_SetUSBState Success! Set 2
02-02 03:47:20.529   312   321 I adbd    : UsbFfs-worker thread spawned
02-02 03:47:20.531   290   290 I (0)[290:kworker/0:2]android_work: sent uevent USB_STATE=CONFIGURED
02-02 03:47:20.531   290   290 I (0)[290:kworker/0:2]BOOTPROF: 8666.660250:USB configured
02-02 03:47:21.509   262   262 W HidlServiceManagement: Waited for hwservicemanager.ready for a second, waiting another...
02-02 03:47:21.527   312   312 I adbd    : UsbFfs: already offline
02-02 03:47:21.527   312   312 I adbd    : authentication not required
02-02 03:47:21.626     0     0 I (2)[228:mtk-tpd][tlsc]esd_check_work: Enter
02-02 03:47:21.736     0     0 I         : (2)[0:swapper/2][mtk_net][rtnl_lock]There is no process hold rtnl lock
02-02 03:47:21.739   174   174 I         : (0)[174:disp_check][DISP][ESD]ESD check end, ret = 0
02-02 03:47:22.376   290   290 I         : (0)[290:kworker/0:2]ldo vmch disable
02-02 03:47:22.376   290   290 I         : (0)[290:kworker/0:2]ldo vmc disable
02-02 03:47:22.376   290   290 I         : (0)[290:kworker/0:2][msdc]msdc1 power off
02-02 03:47:22.509   262   262 W HidlServiceManagement: Waited for hwservicemanager.ready for a second, waiting another...
02-02 03:47:23.343   195   195 I         : (0)[195:battery_thread][fg_drv_update_hw_status]=>
02-02 03:47:23.343   195   195 I         : (0)[195:battery_thread][fgauge_read_current] final current=1395 (ratio=1000)
02-02 03:47:23.343   195   195 I         : (0)[195:battery_thread][CH3_DBG] bat_cur = 1395
02-02 03:47:23.344   195   195 I (0)[195:battery_thread]mt635x-auxadc mt635x-auxadc: name:BAT_TEMP, channel=3, adc_out=0x62d, adc_result=694
02-02 03:47:23.344   195   195 I         : (0)[195:battery_thread][fgauge_read_current] final current=1395 (ratio=1000)
02-02 03:47:23.344   195   195 I         : (0)[195:battery_thread][BattVoltToTemp] 689 16900 1800 -5
02-02 03:47:23.344   195   195 I         : (0)[195:battery_thread][force_get_tbat] 694,689,1,139,100,238 r:320 100 0
02-02 03:47:23.344   195   195 I (0)[195:battery_thread][force_get_tbat] t: 23 precise:238
02-02 03:47:23.344   195   195 I         : (0)[195:battery_thread][fg_bat_temp_int_sw_check] tmp 23 lt 65535 ht 65535
02-02 03:47:23.344   195   195 I         : (0)[195:battery_thread][fg_bat_sw_temp_int_l_handler]
02-02 03:47:23.345   195   195 I         : (0)[195:battery_thread][fgauge_read_current] final current=1285 (ratio=1000)
02-02 03:47:23.345   195   195 I         : (0)[195:battery_thread][CH3_DBG] bat_cur = 1285
02-02 03:47:23.345   195   195 I (0)[195:battery_thread]mt635x-auxadc mt635x-auxadc: name:BAT_TEMP, channel=3, adc_out=0x62e, adc_result=695
02-02 03:47:23.346   195   195 I         : (0)[195:battery_thread][fgauge_read_current] final current=1285 (ratio=1000)
02-02 03:47:23.346   195   195 I         : (0)[195:battery_thread][BattVoltToTemp] 690 16900 1800 -5
02-02 03:47:23.346   195   195 I         : (0)[195:battery_thread][force_get_tbat] 695,690,1,128,100,237 r:320 100 0
02-02 03:47:23.346   195   195 I (0)[195:battery_thread][force_get_tbat] t: 23 precise:237
02-02 03:47:23.346   195   195 I         : (0)[195:battery_thread]mtk_battery boot mode =2
02-02 03:47:23.346   195   195 I         : (0)[195:battery_thread][fgauge_read_current] final current=1285 (ratio=1000)
02-02 03:47:23.346   195   195 I         : (0)[195:battery_thread][CH3_DBG] bat_cur = 1285
02-02 03:47:23.347   195   195 I (0)[195:battery_thread]mt635x-auxadc mt635x-auxadc: name:BAT_TEMP, channel=3, adc_out=0x62e, adc_result=695
02-02 03:47:23.347   195   195 I         : (0)[195:battery_thread][fgauge_read_current] final current=1238 (ratio=1000)
02-02 03:47:23.347   195   195 I         : (0)[195:battery_thread][BattVoltToTemp] 690 16900 1800 -5
02-02 03:47:23.347   195   195 I         : (0)[195:battery_thread][force_get_tbat] 695,690,1,123,100,237 r:320 100 0
02-02 03:47:23.347   195   195 I (0)[195:battery_thread][force_get_tbat] t: 23 precise:237
02-02 03:47:23.347   195   195 I (0)[195:battery_thread]act: 5 table: 50 25 10 0 -10 -25 -30 -35 -40 -45
02-02 03:47:23.347   195   195 I         : (0)[195:battery_thread]active_table_no is 5, 0 1
02-02 03:47:23.347   195   195 I (0)[195:battery_thread]table[0]: 50
02-02 03:47:23.347   195   195 I (0)[195:battery_thread]table[1]: 25
02-02 03:47:23.347   195   195 I (0)[195:battery_thread]table[2]: 10
02-02 03:47:23.347   195   195 I (0)[195:battery_thread]table[3]: 0
02-02 03:47:23.347   195   195 I (0)[195:battery_thread]table[4]: -10
02-02 03:47:23.347   195   195 I         : (0)[195:battery_thread][fr] FG_DAEMON_CMD_GET_RAC = 224
02-02 03:47:23.347   195   195 I (0)[195:battery_thread]send_to_kernel=FG_DAEMON_CMD_GET_RAC: 0 224
02-02 03:47:23.355   195   195 I         : (0)[195:battery_thread][fgauge_read_IM_current] final current=1273 (ratio=1000)
02-02 03:47:23.355   195   195 I (0)[195:battery_thread]do_ptim_internal: bat 43975 cur 1273
02-02 03:47:23.355   195   195 I         : (0)[195:battery_thread][fr] PTIM V 43975 I 1273
02-02 03:47:23.355   195   195 I (0)[195:battery_thread]send_to_kernel=FG_DAEMON_CMD_GET_PTIM_VBAT: 0 43975
02-02 03:47:23.355   195   195 I         : (0)[195:battery_thread][fr] FG_DAEMON_CMD_GET_PTIM_I = 1273
02-02 03:47:23.355   195   195 I (0)[195:battery_thread]send_to_kernel=FG_DAEMON_CMD_GET_PTIM_I: 0 1273
02-02 03:47:23.355   195   195 I         : (0)[195:battery_thread][fgauge_read_current] final current=1257 (ratio=1000)
02-02 03:47:23.355   195   195 I         : (0)[195:battery_thread][CH3_DBG] bat_cur = 1257
02-02 03:47:23.355   195   195 I (0)[195:battery_thread]mt635x-auxadc mt635x-auxadc: name:BAT_TEMP, channel=3, adc_out=0x62e, adc_result=695
02-02 03:47:23.356   195   195 I         : (0)[195:battery_thread][fgauge_read_current] final current=1257 (ratio=1000)
02-02 03:47:23.356   195   195 I         : (0)[195:battery_thread][BattVoltToTemp] 690 16900 1800 -5
02-02 03:47:23.356   195   195 I         : (0)[195:battery_thread][force_get_tbat] 695,690,1,125,100,237 r:320 100 0
02-02 03:47:23.356   195   195 I (0)[195:battery_thread][force_get_tbat] t: 23 precise:237
02-02 03:47:23.356   195   195 I         : (0)[195:battery_thread][fg_construct_vboot] idx 254 T_NEW 23 T_table 0 T_table_c 23 qmax_sel 1
02-02 03:47:23.356   195   195 I         : (0)[195:battery_thread][fg_construct_battery_profile_by_vboot]index 254 idx:95 _vboot:33612 32976 qmax_t_0ma_tb1:24570
02-02 03:47:23.356   195   195 I (0)[195:battery_thread][fg_compensate_battery_voltage_from_low]size: 100 oriv=33500 I:-5000
02-02 03:47:23.356   195   195 I         : (0)[195:battery_thread][fg_compensate_battery_voltage_from_low]find high=95,[10064][9958]
02-02 03:47:23.356   195   195 I         : (0)[195:battery_thread][fg_compensate_battery_voltage_from_low] h_percent=[9746,9641],high=92,fg_volt_withIR=33738 > oriv=33500
02-02 03:47:23.356   195   195 I (0)[195:battery_thread][fg_compensate_battery_voltage_from_low]fg_volt=35331,92,IR=-1826,orig_33500,+IR=33505,percent=9706,
02-02 03:47:23.356   195   195 I         : (0)[195:battery_thread][fg_construct_battery_profile_by_vboot]index 254 idx:92 _vboot:35331 35189 qmax_t_0ma_tb1:23849
02-02 03:47:23.356   195   195 I         : (0)[195:battery_thread][fg_construct_vboot]idx 254 T_NEW 23 T_table 0 T_table_c 23 qmax_sel 1 vboot_t=[33612:0:35331] 33500 5000 rac 224
02-02 03:47:23.356   195   195 I         : (0)[195:battery_thread][fg_construct_vboot] qmax_sel=1 iboot_sel=0 iboot:5000 vbat:43975 i:1273 vboot:0 35331 33612
02-02 03:47:23.356   195   195 I         : (0)[195:battery_thread][fg_construct_vboot][by_vboot]qmax_sel 1 vboot_t 33612 vboot 0 35331 pmic_min_vol 33500 iboot 5000 rac 224
02-02 03:47:23.356   195   195 I         : (0)[195:battery_thread][fg_update_c_dod]
02-02 03:47:23.356   195   195 I         : (0)[195:battery_thread][fgauge_get_coulomb] CAR=4 r_fg_value=100 car_tune_value=1000
02-02 03:47:23.356   195   195 I         : (0)[195:battery_thread][fr] BATTERY_METER_CMD_GET_FG_HW_CAR = 4
02-02 03:47:23.356   195   195 I (0)[195:battery_thread]send_to_kernel=FG_DAEMON_CMD_GET_FG_HW_CAR: 0 4
02-02 03:47:23.356   195   195 I         : (0)[195:battery_thread][fg_update_quse]aging_sel 0 qmax_t_0ma_tb1 23849 quse_tb1 [23849] aging[10000]
02-02 03:47:23.356   195   195 I (0)[195:battery_thread][FGADC] OCV_to_DOD: voltage:43035 dod:352 highidx:4
02-02 03:47:23.356   195   195 I         : (0)[195:battery_thread][fg_update_c_dod] fg_c_dod 351 fg_c_d0_dod 352 car 4 quse_tb1 23849 fg_c_soc 9649
02-02 03:47:23.356   195   195 I         : (0)[195:battery_thread][fgauge_read_current] final current=1273 (ratio=1000)
02-02 03:47:23.356   195   195 I         : (0)[195:battery_thread][CH3_DBG] bat_cur = 1273
02-02 03:47:23.357   195   195 I (0)[195:battery_thread]mt635x-auxadc mt635x-auxadc: name:BAT_TEMP, channel=3, adc_out=0x62a, adc_result=693
02-02 03:47:23.357   195   195 I         : (0)[195:battery_thread][fgauge_read_current] final current=1273 (ratio=1000)
02-02 03:47:23.357   195   195 I         : (0)[195:battery_thread][BattVoltToTemp] 688 16900 1800 -5
02-02 03:47:23.357   195   195 I         : (0)[195:battery_thread][force_get_tbat] 693,688,1,127,100,239 r:320 100 0
02-02 03:47:23.357   195   195 I (0)[195:battery_thread][force_get_tbat] t: 23 precise:239
02-02 03:47:23.357   195   195 I         : (0)[195:battery_thread][fr][FG_TEMP_INT] FG_DAEMON_CMD_SET_FG_BAT_TMP_C_GAP = 1 ht:24 lt:22
02-02 03:47:23.357   195   195 I         : (0)[195:battery_thread]send_to_kernel=FG_DAEMON_CMD_SET_FG_BAT_TMP_C_GAP 1 1
02-02 03:47:23.357   195   195 I         : (0)[195:battery_thread][fgauge_get_coulomb] CAR=4 r_fg_value=100 car_tune_value=1000
02-02 03:47:23.357   195   195 I         : (0)[195:battery_thread][fr] BATTERY_METER_CMD_GET_FG_HW_CAR = 4
02-02 03:47:23.357   195   195 I (0)[195:battery_thread]send_to_kernel=FG_DAEMON_CMD_GET_FG_HW_CAR: 0 4
02-02 03:47:23.358   195   195 I         : (0)[195:battery_thread][fgauge_get_coulomb] CAR=4 r_fg_value=100 car_tune_value=1000
02-02 03:47:23.358   195   195 I         : (0)[195:battery_thread][read_fg_hw_info] curr_1 1273 curr_2 1351 car 4
02-02 03:47:23.358   195   195 I (0)[195:battery_thread]send_to_kernel=FG_DAEMON_CMD_GET_HW_INFO: 1024 1024
02-02 03:47:23.359   195   195 I         : (0)[195:battery_thread][MDRT_ADC] OLD = 0x40c5, NOW = 0x405b, CNT = 0
02-02 03:47:23.359   195   195 I         : (0)[195:battery_thread][fr] FG_DAEMON_CMD_GET_VBAT = 43940
02-02 03:47:23.359   195   195 I (0)[195:battery_thread]send_to_kernel=FG_DAEMON_CMD_GET_VBAT: 0 43940
02-02 03:47:23.360   195   195 I         : (0)[195:battery_thread][fgauge_read_current] final current=1185 (ratio=1000)
02-02 03:47:23.360   195   195 I         : (0)[195:battery_thread][CH3_DBG] bat_cur = 1185
02-02 03:47:23.360   195   195 I         : (0)[195:battery_thread][fgauge_read_current] final current=1037 (ratio=1000)
02-02 03:47:23.360   195   195 I         : (0)[195:battery_thread][BattVoltToTemp] 691 16900 1800 -4
02-02 03:47:23.360   195   195 I         : (0)[195:battery_thread][force_get_tbat] 695,691,1,103,100,237 r:320 100 0
02-02 03:47:23.360   195   195 I (0)[195:battery_thread][force_get_tbat] t: 23 precise:237
02-02 03:47:23.360   195   195 I         : (0)[195:battery_thread][fg_res]FG_DAEMON_CMD_SET_KERNEL_SOC = 9649 96, type:0
02-02 03:47:23.360   195   195 I         : (0)[195:battery_thread]send_to_kernel=FG_DAEMON_CMD_SET_KERNEL_SOC 9649 9649
02-02 03:47:23.360   195   195 I         : (0)[195:battery_thread][fg_res] FG_DAEMON_CMD_SET_KERNEL_UISOC = 9500 95 GM3:0
02-02 03:47:23.362   195   195 I         : (2)[195:battery_thread][fgauge_read_current] final current=729 (ratio=1000)
02-02 03:47:23.362   195   195 I         : (2)[195:battery_thread][CH3_DBG] bat_cur = 729
02-02 03:47:23.363   195   195 I         : (2)[195:battery_thread][fgauge_read_current] final current=729 (ratio=1000)
02-02 03:47:23.363   195   195 I         : (2)[195:battery_thread][BattVoltToTemp] 691 16900 1800 -3
02-02 03:47:23.363   195   195 I         : (2)[195:battery_thread][force_get_tbat] 694,691,1,72,100,237 r:320 100 0
02-02 03:47:23.363   195   195 I (2)[195:battery_thread][force_get_tbat] t: 23 precise:237
02-02 03:47:23.363   154   154 I         : (2)[154:kworker/2:1][fgauge_read_current] final current=729 (ratio=1000)
02-02 03:47:23.364   154   154 I         : (2)[154:kworker/2:1][fgauge_read_current] final current=729 (ratio=1000)
02-02 03:47:23.364   195   195 I         : (2)[195:battery_thread]send_to_kernel=FG_DAEMON_CMD_SET_KERNEL_UISOC 9500 9500
02-02 03:47:23.364   195   195 I -(2)[195:battery_thread]mtk_rtc_hal_common: hal_rtc_get_spare_register: cmd[0], get rg[0x5aa, 0xff , 8] = 0xdf
02-02 03:47:23.364   195   195 I -(2)[195:battery_thread]mtk_rtc_hal_common: hal_rtc_set_spare_register: cmd[0], set rg[0x5aa, 0xff , 8] = 0xdf
02-02 03:47:23.364   195   195 I         : (2)[195:battery_thread][fg_set_rtc_ui_soc] rtc_ui_soc 95 spare3_reg 0xdf new_spare3_reg 0xdf
02-02 03:47:23.364   195   195 I         : (2)[195:battery_thread][fr] BATTERY_METER_CMD_SET_RTC_UI_SOC=95
02-02 03:47:23.364   195   195 I         : (2)[195:battery_thread]send_to_kernel=FG_DAEMON_CMD_SET_RTC_UI_SOC 95 95
02-02 03:47:23.364   195   195 I         : (2)[195:battery_thread][fg_res] FG_DAEMON_CMD_SET_CON0_SOC = 9649
02-02 03:47:23.364   195   195 I         : (2)[195:battery_thread]send_to_kernel=FG_DAEMON_CMD_SET_CON0_SOC 9649 9649
02-02 03:47:23.366   195   195 I (0)[195:battery_thread]get_shutdown_cond ret: 0 0 0 0 vbat:4388
02-02 03:47:23.366   195   195 I (0)[195:battery_thread][FGADC_intr_end][FG_INTR_BAT_TEMP_LT]soc: 9649, c_soc:9649 ui_soc:9500 VBAT 43940 T:[23 C:23] car:4
02-02 03:47:23.366   195   195 I         : (0)[195:battery_thread][wakeup_fg_algo_recovery] intr_num=0x800000
02-02 03:47:23.366   195   195 I         : (0)[195:battery_thread]mtk_battery boot mode =2
02-02 03:47:23.366   195   195 I         : (0)[195:battery_thread][wakeup_fg_algo_recovery] intr_num=0x400
02-02 03:47:23.366   195   195 I         : (0)[195:battery_thread][TempConverBattThermistor] [10417] 20 12081 25 10000 24
02-02 03:47:23.366   195   195 I         : (0)[195:battery_thread][fgauge_read_current] final current=1125 (ratio=1000)
02-02 03:47:23.366   195   195 I         : (0)[195:battery_thread][TempToBattVolt] temp 24 R_NTC 10417 V(6864 6911) I 1125 CHG 1
02-02 03:47:23.366   195   195 I         : (0)[195:battery_thread][TempConverBattThermistor] [11249] 20 12081 25 10000 22
02-02 03:47:23.366   195   195 I         : (0)[195:battery_thread][TempToBattVolt] temp 22 R_NTC 11249 V(7193 7240) I 1125 CHG 1
02-02 03:47:23.366   195   195 I         : (0)[195:battery_thread][fg_bat_temp_int_internal][FG_TEMP_INT] T[23] V[65535 65535] C[24 22] h[7240 6911]
02-02 03:47:23.370   195   195 I         : (0)[195:battery_thread][fgauge_read_current] final current=1009 (ratio=1000)
02-02 03:47:23.370   195   195 I         : (0)[195:battery_thread][CH3_DBG] bat_cur = 1009
02-02 03:47:23.370   195   195 I         : (0)[195:battery_thread][fgauge_read_current] final current=823 (ratio=1000)
02-02 03:47:23.370   195   195 I         : (0)[195:battery_thread][BattVoltToTemp] 692 16900 1800 -3
02-02 03:47:23.370   195   195 I         : (0)[195:battery_thread][force_get_tbat] 695,692,1,82,100,236 r:320 100 0
02-02 03:47:23.371   195   195 I (0)[195:battery_thread][force_get_tbat] t: 23 precise:236
02-02 03:47:23.371   290   290 I         : (0)[290:kworker/0:2][fgauge_read_current] final current=823 (ratio=1000)
02-02 03:47:23.371   290   290 I         : (0)[290:kworker/0:2][fgauge_read_current] final current=823 (ratio=1000)
02-02 03:47:23.371   195   195 I (0)[195:battery_thread][fg_update_sw_iavg]diff time: 10 iavg:0
02-02 03:47:23.371   195   195 I         : (0)[195:battery_thread][read_boot_battery_plug_out_status] rtc_invalid 0 plugout 1 bat_plug_out_time 31 sp3:0xdf pl:0 0
02-02 03:47:23.371   195   195 I         : (0)[195:battery_thread][fgauge_read_current] final current=823 (ratio=1000)
02-02 03:47:23.372   195   195 I         : (0)[195:battery_thread][fgauge_get_coulomb] CAR=4 r_fg_value=100 car_tune_value=1000
02-02 03:47:23.374   195   195 I         : (0)[195:battery_thread][fgauge_read_current] final current=1345 (ratio=1000)
02-02 03:47:23.374   195   195 I         : (0)[195:battery_thread][CH3_DBG] bat_cur = 1345
02-02 03:47:23.375   195   195 I         : (0)[195:battery_thread][fgauge_read_current] final current=1345 (ratio=1000)
02-02 03:47:23.375   195   195 I         : (0)[195:battery_thread][BattVoltToTemp] 689 16900 1800 -5
02-02 03:47:23.375   195   195 I         : (0)[195:battery_thread][force_get_tbat] 694,689,1,134,100,238 r:320 100 0
02-02 03:47:23.375   195   195 I (0)[195:battery_thread][force_get_tbat] t: 23 precise:238
02-02 03:47:23.375   195   195 I         : (0)[195:battery_thread]lbat 0 0 1 34500
02-02 03:47:23.375   195   195 I (0)[195:battery_thread]car[4,121,-121,243,-123, cycle_car:1,ncar:0] c: 1 823 vbat:4389 vbus:4910 soc:96 95 gm3:0 0 0 0
02-02 03:47:23.375   195   195 I         : (0)[195:battery_thread][fgauge_get_coulomb] CAR=4 r_fg_value=100 car_tune_value=1000
02-02 03:47:23.375   195   195 I         : (0)[195:battery_thread][fg_bat_nafg][fgauge_get_nag_cnt] 0 [25_16 0 15_0 0]
02-02 03:47:23.375   195   195 I (0)[195:battery_thread][fg_nafg_monitor]time: 11 nafg_cnt:0, now:11, last_t:0
02-02 03:47:23.375   195   195 I (0)[195:battery_thread]tmp: 23 65535 65535 hcar2:243 lcar2:123 time:11 sw_iavg:0 0 0 nafg_m:0 0 0
02-02 03:47:23.375   195   195 I (0)[195:battery_thread]1st chr_zcv: 0 pmic_zcv:0 0 pmic_in_zcv:0 swocv:0 zcv_from:0 tmp:0
02-02 03:47:23.375   195   195 I (0)[195:battery_thread]chr_zcv: 0 pmic_zcv:0 0 pmic_in_zcv:0 swocv:0 zcv_from:0 tmp:0
02-02 03:47:23.375   195   195 I         : (0)[195:battery_thread][fgauge_get_coulomb] CAR=4 r_fg_value=100 car_tune_value=1000
02-02 03:47:23.377     0     0 W (0)[0:swapper/0][mcdi]mcdi cpu: 0, 0, 0, 0, cluster : 0, pause = 0, multi core = 0, latency = 0, residency = 0, last core = 0, avail cpu = 0005, cluster = 0001, enabled = 0, max_s_state = 5, system_idle_hint = 00000000
02-02 03:47:23.377   195   195 I         : (0)[195:battery_thread][fgauge_read_current] final current=1188 (ratio=1000)
02-02 03:47:23.377   195   195 I         : (0)[195:battery_thread][fgauge_read_current] final current=1188 (ratio=1000)
02-02 03:47:23.378   195   195 I         : (0)[195:battery_thread][fgauge_read_current] final current=914 (ratio=1000)
02-02 03:47:23.378   195   195 I         : (0)[195:battery_thread][CH3_DBG] bat_cur = 914
02-02 03:47:23.379   195   195 I         : (0)[195:battery_thread][fgauge_read_current] final current=914 (ratio=1000)
02-02 03:47:23.379   195   195 I         : (0)[195:battery_thread][BattVoltToTemp] 692 16900 1800 -3
02-02 03:47:23.379   195   195 I         : (0)[195:battery_thread][force_get_tbat] 695,692,1,91,100,236 r:320 100 0
02-02 03:47:23.379   195   195 I (0)[195:battery_thread][force_get_tbat] t: 23 precise:236
02-02 03:47:23.379   195   195 I         : (0)[195:battery_thread][fg_is_battery_exist] PMIC_RGS_BATON_UNDET = 1
02-02 03:47:23.379   195   195 I         : (0)[195:battery_thread]GM3log1 11 11 4392 1188 1188 0 5 23 1 1 224 1 0
02-02 03:47:23.379   195   195 I         : (2)[195:battery_thread]GM3log2 11 0 0 0 0 43975 1273 1 4920
02-02 03:47:23.379   195   195 I         : (2)[195:battery_thread]GM3log3 11 0 43057 -3216 0
02-02 03:47:23.379   195   195 I         : (2)[195:battery_thread]GM3log4 0 95 0 1 31 0 1 1 1 1 96
02-02 03:47:23.379   195   195 I         : (2)[195:battery_thread]GM3log int 11 11 0 0 0 0
02-02 03:47:23.379   195   195 I         : (2)[195:battery_thread]GM3log phone_state 0 0
02-02 03:47:23.379   195   195 I (2)[195:battery_thread]GM3 car: 4 car_diff:1
02-02 03:47:23.379   195   195 I (2)[195:battery_thread][read_nafg_vbat] i: 0 nag_vbat_reg 0xe88a nag_vbat_mv 44102:26762
02-02 03:47:23.379   195   195 I         : (2)[195:battery_thread][read_nafg_vbat1] 0 0 10 0 0 0 0 0 0
02-02 03:47:23.379   195   195 I         : (2)[195:battery_thread][read_nafg_vbat2] 1 0 1 1 1 0 1 0 0 0 0 0
02-02 03:47:23.379   195   195 I (2)[195:battery_thread][fg_bat_nafg][fgauge_get_nag_dltv] mV: Reg [9897:6006]
02-02 03:47:23.379   195   195 I         : (2)[195:battery_thread][fg_bat_nafg][fgauge_get_nag_cnt] 0 [25_16 0 15_0 0]
02-02 03:47:23.379   195   195 I (2)[195:battery_thread][fg_bat_nafg][fgauge_get_nag_c_dltv] mV: Reg[0:0][b10:0][26_16(0x0000) 15_00(0x0000)]
02-02 03:47:23.379   195   195 I         : (2)[195:battery_thread]GM3log-nint-nafg 11 11 0 44102 9897 0 0
02-02 03:47:23.379   195   195 I         : (2)[195:battery_thread]mtk_battery boot mode =2
02-02 03:47:23.379   195   195 I         : (2)[195:battery_thread][wakeup_fg_algo_recovery] intr_num=0x2000000
02-02 03:47:23.443     5     5 I         : (0)[5:kworker/u8:0][fgauge_read_current] final current=1361 (ratio=1000)
02-02 03:47:23.443     5     5 I         : (0)[5:kworker/u8:0][CH3_DBG] bat_cur = 1361
02-02 03:47:23.444     5     5 I         : (0)[5:kworker/u8:0][fgauge_read_current] final current=1361 (ratio=1000)
02-02 03:47:23.444     5     5 I         : (0)[5:kworker/u8:0][BattVoltToTemp] 690 16900 1800 -5
02-02 03:47:23.444     5     5 I         : (0)[5:kworker/u8:0][force_get_tbat] 695,690,1,136,100,237 r:320 100 0
02-02 03:47:23.444     5     5 I (0)[5:kworker/u8:0][force_get_tbat] t: 23 precise:237
02-02 03:47:23.510   262   262 I chatty  : uid=0(root) identical 1 line
02-02 03:47:23.872   174   174 I         : (0)[174:disp_check][DISP][ESD]ESD check end, ret = 0
02-02 03:47:24.510   262   262 W HidlServiceManagement: Waited for hwservicemanager.ready for a second, waiting another...
02-02 03:47:24.936     0     0 I         : (0)[0:swapper/0][mtk_net][rtnl_lock]There is no process hold rtnl lock
02-02 03:47:24.983     1     1 I (0)[1:init]: starting service 'hwservicemanager'...
02-02 03:47:24.990     1     1 I (0)[1:init]: starting service 'servicemanager'...
02-02 03:47:24.999     1     1 I (0)[1:init]: starting service 'vndservicemanager'...
02-02 03:47:25.007   324   324 E (2)[324:init]: failed to write pid to files: couldn't write 324 to /dev/cpuset/system-background/tasks: No such file or directory
02-02 03:47:25.020   323   323 E ProcessState: Binder driver protocol(8) does not match user space protocol(7)! ioctl() return value: 0
02-02 03:47:25.026   322   322 E hw-ProcessState: Binder driver protocol(8) does not match user space protocol(7)!
02-02 03:47:25.027   322   322 E hw-ProcessState: Binder ioctl to set max threads failed: Bad file descriptor
02-02 03:47:25.027   322   322 F hw-ProcessState: Binder driver could not be opened. Terminating.
02-02 03:47:25.027   322   322 F libc    : Fatal signal 6 (SIGABRT), code -1 (SI_QUEUE) in tid 322 (hwservicemanage), pid 322 (hwservicemanage)
02-02 03:47:25.028   323   323 E ProcessState: Binder ioctl to set max threads failed: Bad file descriptor
02-02 03:47:25.029   323   323 F ProcessState: Binder driver '/dev/binder' could not be opened.  Terminating.
02-02 03:47:25.029   323   323 F libc    : Fatal signal 6 (SIGABRT), code -1 (SI_QUEUE) in tid 323 (servicemanager), pid 323 (servicemanager)
02-02 03:47:25.029   326   326 F libc    : failed to exec crash_dump helper: No such file or directory
02-02 03:47:25.030   322   322 F libc    : crash_dump helper failed to exec
02-02 03:47:25.033   324   324 E ProcessState: Binder driver protocol(8) does not match user space protocol(7)! ioctl() return value: 0
02-02 03:47:25.033   324   324 E ProcessState: Binder ioctl to set max threads failed: Bad file descriptor
02-02 03:47:25.033   324   324 F ProcessState: Binder driver '/dev/vndbinder' could not be opened.  Terminating.
02-02 03:47:25.033   324   324 F libc    : Fatal signal 6 (SIGABRT), code -1 (SI_QUEUE) in tid 324 (vndservicemanag), pid 324 (vndservicemanag)
02-02 03:47:25.035   330   330 F libc    : failed to exec crash_dump helper: No such file or directory
02-02 03:47:25.035   329   329 F libc    : failed to exec crash_dump helper: No such file or directory
02-02 03:47:25.035     1     1 I (2)[1:init]: Service 'hwservicemanager' (pid 322) received signal 6
02-02 03:47:25.035     1     1 I (2)[1:init]: Sending signal 9 to service 'hwservicemanager' (pid 322) process group...
02-02 03:47:25.035   324   324 F libc    : crash_dump helper failed to exec
02-02 03:47:25.035     1     1 I (2)[1:init]libprocessgroup: Successfully killed process cgroup uid 0 pid 322 in 0ms
02-02 03:47:25.036   323   323 F libc    : crash_dump helper failed to exec
02-02 03:47:25.037     1     1 I (2)[1:init]: Untracked pid 326 exited with status 1
02-02 03:47:25.040     1     1 I (2)[1:init]: Service 'vndservicemanager' (pid 324) received signal 6
02-02 03:47:25.041     1     1 I (2)[1:init]: Sending signal 9 to service 'vndservicemanager' (pid 324) process group...
02-02 03:47:25.149   154   154 I         : (2)[154:kworker/2:1]usb_state<CONFIGURED>
02-02 03:47:25.510     0     0 I -(0)[0:swapper/0]mtk_charger_alarm_timer_func: not suspend, wake up charger
02-02 03:47:25.510   230   230 I         : (0)[230:charger_thread][fgauge_read_current] final current=1420 (ratio=1000)
02-02 03:47:25.511   262   262 W HidlServiceManagement: Waited for hwservicemanager.ready for a second, waiting another...
02-02 03:47:25.512   230   230 W -(0)[230:charger_thread]mt635x_auxadc_read_raw: 18 callbacks suppressed
02-02 03:47:25.512   230   230 I (0)[230:charger_thread]mt635x-auxadc mt635x-auxadc: name:ISENSE, channel=0, adc_out=0x6902, adc_result=4430
02-02 03:47:25.514   230   230 I (2)[230:charger_thread]mt635x-auxadc mt635x-auxadc: name:BATADC, channel=0, adc_out=0x684a, adc_result=4399
02-02 03:47:25.516   230   230 I (0)[230:charger_thread]mt635x-auxadc mt635x-auxadc: name:BATADC, channel=0, adc_out=0x6840, adc_result=4398
02-02 03:47:25.516   230   230 I (0)[230:charger_thread]mt635x-auxadc mt635x-auxadc: name:VCDT, channel=2, adc_out=0x4a3, adc_result=521
02-02 03:47:25.516   230   230 I         : (0)[230:charger_thread][fgauge_read_current] final current=1313 (ratio=1000)
02-02 03:47:25.516   230   230 I         : (0)[230:charger_thread][CH3_DBG] bat_cur = 1313
02-02 03:47:25.517   230   230 I (0)[230:charger_thread]mt635x-auxadc mt635x-auxadc: name:BAT_TEMP, channel=3, adc_out=0x62e, adc_result=695
02-02 03:47:25.517   230   230 I         : (0)[230:charger_thread][fgauge_read_current] final current=1313 (ratio=1000)
02-02 03:47:25.517   230   230 I         : (0)[230:charger_thread][BattVoltToTemp] 690 16900 1800 -5
02-02 03:47:25.517   230   230 I         : (0)[230:charger_thread][force_get_tbat] 695,690,1,131,100,237 r:320 100 0
02-02 03:47:25.517   230   230 I (0)[230:charger_thread][force_get_tbat] t: 23 precise:237
02-02 03:47:25.517   230   230 I (0)[230:charger_thread]Vbat=4398,Ibat=1420,I=455,VChr=4929,T=23,Soc=96: 95,CT:1:1 hv:1 pd:0:0
02-02 03:47:25.517   230   230 I (0)[230:charger_thread]mtk_charger_start_timer: alarm timer start:0, 23 648414925
02-02 03:47:25.517   230   230 I         : -(0)[230:charger_thread]alarmtimer_enqueue, 23648414925
02-02 03:47:25.517   230   230 I         : (0)[230:charger_thread][fgauge_read_current] final current=1313 (ratio=1000)
02-02 03:47:25.517   230   230 I         : (0)[230:charger_thread][CH3_DBG] bat_cur = 1313
02-02 03:47:25.518   230   230 I         : (0)[230:charger_thread][fgauge_read_current] final current=1313 (ratio=1000)
02-02 03:47:25.518   230   230 I         : (0)[230:charger_thread][BattVoltToTemp] 689 16900 1800 -5
02-02 03:47:25.518   230   230 I         : (0)[230:charger_thread][force_get_tbat] 694,689,1,131,100,238 r:320 100 0
02-02 03:47:25.518   230   230 I (0)[230:charger_thread][force_get_tbat] t: 23 precise:238
02-02 03:47:25.518   230   230 I         : (0)[230:charger_thread][BATTER_ID_0] bat_id_valtage = 1044(mV)
02-02 03:47:25.518   230   230 I         : (0)[230:charger_thread][SW_JEITA] Battery Normal Temperature between 13 and 51 !!
02-02 03:47:25.518   230   230 I (0)[230:charger_thread][SW_JEITA]preState: 3 newState:3 tmp:23 cv:0
02-02 03:47:25.519   230   230 I (2)[230:charger_thread]tmp: 23 (jeita:1 sm:3 cv:0 en:1) (sm:1) en:1 c:0 s:0 ov:0 1 1
02-02 03:47:25.519   230   230 I         : (2)[230:charger_thread]mtk_switch_charging_run [1 0], timer=0
02-02 03:47:25.519   230   230 I         : (2)[230:charger_thread][fgauge_read_current] final current=1235 (ratio=1000)
02-02 03:47:25.519   230   230 I         : (2)[230:charger_thread][CH3_DBG] bat_cur = 1235
02-02 03:47:25.520   230   230 I         : (2)[230:charger_thread][fgauge_read_current] final current=1235 (ratio=1000)
02-02 03:47:25.520   230   230 I         : (2)[230:charger_thread][BattVoltToTemp] 689 16900 1800 -5
02-02 03:47:25.520   230   230 I         : (2)[230:charger_thread][force_get_tbat] 694,689,1,123,100,238 r:320 100 0
02-02 03:47:25.520   230   230 I (2)[230:charger_thread][force_get_tbat] t: 23 precise:238
02-02 03:47:25.520   230   230 I (2)[230:charger_thread]pe40_ready: 0 hv:1 thermal:-1,-1 tmp:23,39,16 pps:0 en:0 ibus:0 80
02-02 03:47:25.520   230   230 I (2)[230:charger_thread]force: 0 thermal:-1,-1 pe4:-1,-1,0 setting:500 500 type:1 usb_unlimited:0 usbif:0 usbsm:2 aicl:-1 atm:0
02-02 03:47:25.520   230   230 E         : (2)[230:charger_thread]zzf_500000<=500000, i=1
02-02 03:47:25.520   230   230 E         : (2)[230:charger_thread]array_size = 4
02-02 03:47:25.521   230   230 E         : (2)[230:charger_thread][psc5415e_config_interface] write Reg[1]=0x78 from 0x78
02-02 03:47:25.522   230   230 E         : (0)[230:charger_thread][psc5415e_config_interface] write Reg[5]=0x3 from 0x23
02-02 03:47:25.522   230   230 E         : (0)[230:charger_thread]Can't find closest level
02-02 03:47:25.522   230   230 E         : (0)[230:charger_thread]array_size = 8
02-02 03:47:25.523   230   230 E         : (0)[230:charger_thread][psc5415e_config_interface] write Reg[4]=0x6 from 0x6
02-02 03:47:25.524   230   230 E         : (0)[230:charger_thread][psc5415e_config_interface] write Reg[4]=0x6 from 0x6
02-02 03:47:25.525   230   230 E         : (0)[230:charger_thread][psc5415e_config_interface] write Reg[1]=0x78 from 0x78
02-02 03:47:25.526   230   230 E         : (2)[230:charger_thread][psc5415e_config_interface] write Reg[1]=0x78 from 0x78
02-02 03:47:25.526   230   230 E         : (2)[230:charger_thread]psc5415e calm enable charging
02-02 03:47:25.526   230   230 E         : (2)[230:charger_thread]charging_set_cv_voltage register_value=0x2d 4400000 4400000
02-02 03:47:25.527   230   230 E         : (0)[230:charger_thread][psc5415e_config_interface] write Reg[2]=0xb4 from 0xb4
02-02 03:47:25.528   230   230 E         : (0)[230:charger_thread][psc5415e_config_interface] write Reg[1]=0x78 from 0x78
02-02 03:47:25.528   230   230 E         : (0)[230:charger_thread]psc5415e calm enable charging
02-02 03:47:25.529   230   230 E         : (0)[230:charger_thread][psc5415e_read_interface] Reg[0]=0x10
02-02 03:47:25.529   230   230 E         : (0)[230:charger_thread][psc5415e_read_interface] val=0x1
02-02 03:47:25.529   230   230 I         : (0)[230:charger_thread]info->enable_sw_safety_timer(0)
02-02 03:47:25.529   230   230 E         : (0)[230:charger_thread]psc5415e cz [0x0]=0x10
02-02 03:47:25.530   230   230 E         : (0)[230:charger_thread]psc5415e cz [0x1]=0x78
02-02 03:47:25.531   230   230 E         : (0)[230:charger_thread]psc5415e cz [0x2]=0xb4
02-02 03:47:25.531   230   230 E         : (0)[230:charger_thread]psc5415e cz [0x3]=0xf0
02-02 03:47:25.532   230   230 E         : (2)[230:charger_thread]psc5415e cz [0x4]=0x6
02-02 03:47:25.532   230   230 E         : (2)[230:charger_thread]psc5415e cz [0x5]=0x23
02-02 03:47:25.533   230   230 E         : (2)[230:charger_thread]psc5415e cz [0x6]=0x7f
02-02 03:47:25.533     0     0 E         : (2)[230:charger_thread]
02-02 03:47:25.626     0     0 I (2)[228:mtk-tpd][tlsc]esd_check_work: Enter
02-02 03:47:26.005   174   174 I         : (2)[174:disp_check][DISP][ESD]ESD check end, ret = 0
02-02 03:47:28.136     0     0 I         : (0)[0:swapper/0][mtk_net][rtnl_lock]There is no process hold rtnl lock
02-02 03:47:28.138   174   174 I         : (0)[174:disp_check][DISP][ESD]ESD check end, ret = 0
02-02 03:47:28.379     0     0 W (0)[0:swapper/0][mcdi]mcdi cpu: 0, 0, 0, 0, cluster : 0, pause = 0, multi core = 0, latency = 0, residency = 0, last core = 0, avail cpu = 0005, cluster = 0001, enabled = 0, max_s_state = 5, system_idle_hint = 00000000
02-02 03:47:28.512   262   262 I chatty  : uid=0(root) identical 3 lines
02-02 03:47:28.562    79    79 I         : (0)[79:kworker/u8:1][fgauge_read_current] final current=1304 (ratio=1000)
02-02 03:47:28.563    79    79 I         : (0)[79:kworker/u8:1][CH3_DBG] bat_cur = 1304
02-02 03:47:28.563     5     5 W -(0)[5:kworker/u8:0]mt635x_auxadc_read_raw: 4 callbacks suppressed
02-02 03:47:28.563     5     5 I (0)[5:kworker/u8:0]mt635x-auxadc mt635x-auxadc: name:VPROC_TEMP, channel=4, adc_out=0x613, adc_result=683
02-02 03:47:28.563    79    79 I (0)[79:kworker/u8:1]mt635x-auxadc mt635x-auxadc: name:BAT_TEMP, channel=3, adc_out=0x62c, adc_result=694
02-02 03:47:28.564    79    79 I         : (0)[79:kworker/u8:1][fgauge_read_current] final current=1282 (ratio=1000)
02-02 03:47:28.564    79    79 I         : (0)[79:kworker/u8:1][BattVoltToTemp] 689 16900 1800 -5
02-02 03:47:28.564    79    79 I         : (0)[79:kworker/u8:1][force_get_tbat] 694,689,1,128,100,238 r:320 100 0
02-02 03:47:28.564    79    79 I (0)[79:kworker/u8:1][force_get_tbat] t: 23 precise:238
02-02 03:47:28.564   227   227 I (2)[227:kworker/u8:3]mt635x-auxadc mt635x-auxadc: name:VCORE_TEMP, channel=4, adc_out=0x615, adc_result=684
02-02 03:47:29.512   262   262 W HidlServiceManagement: Waited for hwservicemanager.ready for a second, waiting another...
02-02 03:47:29.626     0     0 I (2)[228:mtk-tpd][tlsc]esd_check_work: Enter
02-02 03:47:29.992     1     1 I (0)[1:init]: starting service 'hwservicemanager'...
02-02 03:47:29.998     1     1 I (2)[1:init]: starting service 'servicemanager'...
02-02 03:47:30.001     1     1 I (2)[1:init]: starting service 'vndservicemanager'...
02-02 03:47:30.010   333   333 E (0)[333:init]: failed to write pid to files: couldn't write 333 to /dev/cpuset/system-background/tasks: No such file or directory
02-02 03:47:30.034   332   332 E ProcessState: Binder driver protocol(8) does not match user space protocol(7)! ioctl() return value: 0
02-02 03:47:30.036   331   331 E hw-ProcessState: Binder driver protocol(8) does not match user space protocol(7)!
02-02 03:47:30.036   331   331 E hw-ProcessState: Binder ioctl to set max threads failed: Bad file descriptor
02-02 03:47:30.036   331   331 F hw-ProcessState: Binder driver could not be opened. Terminating.
02-02 03:47:30.036   331   331 F libc    : Fatal signal 6 (SIGABRT), code -1 (SI_QUEUE) in tid 331 (hwservicemanage), pid 331 (hwservicemanage)
02-02 03:47:30.038   335   335 F libc    : failed to exec crash_dump helper: No such file or directory
02-02 03:47:30.038   333   333 E ProcessState: Binder driver protocol(8) does not match user space protocol(7)! ioctl() return value: 0
02-02 03:47:30.039   331   331 F libc    : crash_dump helper failed to exec
02-02 03:47:30.039   333   333 E ProcessState: Binder ioctl to set max threads failed: Bad file descriptor
02-02 03:47:30.039   332   332 E ProcessState: Binder ioctl to set max threads failed: Bad file descriptor
02-02 03:47:30.039   332   332 F ProcessState: Binder driver '/dev/binder' could not be opened.  Terminating.
02-02 03:47:30.040   332   332 F libc    : Fatal signal 6 (SIGABRT), code -1 (SI_QUEUE) in tid 332 (servicemanager), pid 332 (servicemanager)
02-02 03:47:30.040   333   333 F ProcessState: Binder driver '/dev/vndbinder' could not be opened.  Terminating.
02-02 03:47:30.040   333   333 F libc    : Fatal signal 6 (SIGABRT), code -1 (SI_QUEUE) in tid 333 (vndservicemanag), pid 333 (vndservicemanag)
02-02 03:47:30.042   338   338 F libc    : failed to exec crash_dump helper: No such file or directory
02-02 03:47:30.043   332   332 F libc    : crash_dump helper failed to exec
02-02 03:47:30.044   339   339 F libc    : failed to exec crash_dump helper: No such file or directory
02-02 03:47:30.044     1     1 I (2)[1:init]: Service 'hwservicemanager' (pid 331) received signal 6
02-02 03:47:30.044     1     1 I (2)[1:init]: Sending signal 9 to service 'hwservicemanager' (pid 331) process group...
02-02 03:47:30.044     1     1 I (2)[1:init]libprocessgroup: Successfully killed process cgroup uid 0 pid 331 in 0ms
02-02 03:47:30.045   333   333 F libc    : crash_dump helper failed to exec
02-02 03:47:30.046     1     1 I (0)[1:init]: Untracked pid 335 exited with status 1
02-02 03:47:30.048     1     1 I (2)[1:init]: Service 'servicemanager' (pid 332) received signal 6
02-02 03:47:30.048     1     1 I (2)[1:init]: Sending signal 9 to service 'servicemanager' (pid 332) process group...
02-02 03:47:30.269   154   154 I         : (2)[154:kworker/2:1]usb_state<CONFIGURED>
02-02 03:47:30.271   174   174 I         : (0)[174:disp_check][DISP][ESD]ESD check end, ret = 0
02-02 03:47:30.513   262   262 W HidlServiceManagement: Waited for hwservicemanager.ready for a second, waiting another...
02-02 03:47:31.336     0     0 I         : (0)[0:swapper/0][mtk_net][rtnl_lock]There is no process hold rtnl lock
02-02 03:47:32.421   174   174 I         : (2)[174:disp_check][DISP][ESD]ESD check end, ret = 0
02-02 03:47:33.379   195   195 I         : (2)[195:battery_thread][fg_drv_update_hw_status]=>
02-02 03:47:33.380   195   195 I         : (2)[195:battery_thread][fgauge_read_current] final current=1310 (ratio=1000)
02-02 03:47:33.380   195   195 I         : (2)[195:battery_thread][CH3_DBG] bat_cur = 1310
