09-02 23:50:30.340   195   195 I         : (2)[195:battery_thread][BattVoltToTemp] 611 16900 1800 -1
09-02 23:50:30.340   195   195 I         : (2)[195:battery_thread][force_get_tbat] 612,611,1,25,100,289 r:320 100 0
09-02 23:50:30.340   195   195 I (2)[195:battery_thread][force_get_tbat] t: 28 precise:289
09-02 23:50:30.340   195   195 I         : (2)[195:battery_thread]mtk_battery boot mode =2
09-02 23:50:30.340   195   195 I         : (2)[195:battery_thread][fgauge_read_current] final current=251 (ratio=1000)
09-02 23:50:30.340   195   195 I         : (2)[195:battery_thread][CH3_DBG] bat_cur = 251
09-02 23:50:30.341   195   195 I (2)[195:battery_thread]mt635x-auxadc mt635x-auxadc: name:BAT_TEMP, channel=3, adc_out=0x573, adc_result=613
09-02 23:50:30.341   195   195 I         : (2)[195:battery_thread][fgauge_read_current] final current=238 (ratio=1000)
09-02 23:50:30.341   195   195 I         : (2)[195:battery_thread][BattVoltToTemp] 613 16900 1800 0
09-02 23:50:30.341   195   195 I         : (2)[195:battery_thread][force_get_tbat] 613,613,1,23,100,287 r:320 100 0
09-02 23:50:30.341   195   195 I (2)[195:battery_thread][force_get_tbat] t: 28 precise:287
09-02 23:50:30.341   195   195 I (2)[195:battery_thread]act: 5 table: 50 25 10 0 -10 -25 -30 -35 -40 -45
09-02 23:50:30.341   195   195 I         : (2)[195:battery_thread]active_table_no is 5, 0 1
09-02 23:50:30.341   195   195 I (2)[195:battery_thread]table[0]: 50
09-02 23:50:30.341   195   195 I (2)[195:battery_thread]table[1]: 25
09-02 23:50:30.341   195   195 I (2)[195:battery_thread]table[2]: 10
09-02 23:50:30.341   195   195 I (2)[195:battery_thread]table[3]: 0
09-02 23:50:30.341   195   195 I (2)[195:battery_thread]table[4]: -10
09-02 23:50:30.341   195   195 I         : (2)[195:battery_thread][fr] FG_DAEMON_CMD_GET_RAC = 197
09-02 23:50:30.341   195   195 I (2)[195:battery_thread]send_to_kernel=FG_DAEMON_CMD_GET_RAC: 0 197
09-02 23:50:30.349   195   195 I         : (2)[195:battery_thread][fgauge_read_IM_current] final current=242 (ratio=1000)
09-02 23:50:30.349   195   195 I (2)[195:battery_thread]do_ptim_internal: bat 43947 cur 242
09-02 23:50:30.349   195   195 I         : (2)[195:battery_thread][fr] PTIM V 43947 I 242
09-02 23:50:30.349   195   195 I (2)[195:battery_thread]send_to_kernel=FG_DAEMON_CMD_GET_PTIM_VBAT: 0 43947
09-02 23:50:30.349   195   195 I         : (2)[195:battery_thread][fr] FG_DAEMON_CMD_GET_PTIM_I = 242
09-02 23:50:30.349   195   195 I (2)[195:battery_thread]send_to_kernel=FG_DAEMON_CMD_GET_PTIM_I: 0 242
09-02 23:50:30.349   195   195 I         : (2)[195:battery_thread][fgauge_read_current] final current=257 (ratio=1000)
09-02 23:50:30.349   195   195 I         : (2)[195:battery_thread][CH3_DBG] bat_cur = 257
09-02 23:50:30.351   195   195 I (2)[195:battery_thread]mt635x-auxadc mt635x-auxadc: name:BAT_TEMP, channel=3, adc_out=0x572, adc_result=612
09-02 23:50:30.351   195   195 I         : (2)[195:battery_thread][fgauge_read_current] final current=172 (ratio=1000)
09-02 23:50:30.351   195   195 I         : (2)[195:battery_thread][BattVoltToTemp] 612 16900 1800 0
09-02 23:50:30.351   195   195 I         : (2)[195:battery_thread][force_get_tbat] 612,612,1,17,100,288 r:320 100 0
09-02 23:50:30.351   195   195 I (2)[195:battery_thread][force_get_tbat] t: 28 precise:288
09-02 23:50:30.351   195   195 I         : (2)[195:battery_thread][fg_construct_vboot] idx 254 T_NEW 28 T_table 0 T_table_c 28 qmax_sel 1
09-02 23:50:30.351   195   195 I         : (2)[195:battery_thread][fg_construct_battery_profile_by_vboot]index 254 idx:96 _vboot:33598 31957 qmax_t_0ma_tb1:24762
09-02 23:50:30.351   195   195 I (2)[195:battery_thread][fg_compensate_battery_voltage_from_low]size: 100 oriv=33500 I:-5000
09-02 23:50:30.351   195   195 I         : (2)[195:battery_thread][fg_compensate_battery_voltage_from_low]find high=96,[10091][9986]
09-02 23:50:30.351   195   195 I         : (2)[195:battery_thread][fg_compensate_battery_voltage_from_low] h_percent=[9881,9776],high=94,fg_volt_withIR=34319 > oriv=33500
09-02 23:50:30.351   195   195 I (2)[195:battery_thread][fg_compensate_battery_voltage_from_low]fg_volt=35014,94,IR=-1476,orig_33500,+IR=33538,percent=9871,
09-02 23:50:30.351   195   195 I         : (2)[195:battery_thread][fg_construct_battery_profile_by_vboot]index 254 idx:94 _vboot:35014 34944 qmax_t_0ma_tb1:24444
09-02 23:50:30.351   195   195 I         : (2)[195:battery_thread][fg_construct_vboot]idx 254 T_NEW 28 T_table 0 T_table_c 28 qmax_sel 1 vboot_t=[33598:0:35014] 33500 5000 rac 197
09-02 23:50:30.351   195   195 I         : (2)[195:battery_thread][fg_construct_vboot] qmax_sel=1 iboot_sel=0 iboot:5000 vbat:43947 i:242 vboot:0 35014 33598
09-02 23:50:30.351   195   195 I         : (2)[195:battery_thread][fg_construct_vboot][by_vboot]qmax_sel 1 vboot_t 33598 vboot 0 35014 pmic_min_vol 33500 iboot 5000 rac 197
09-02 23:50:30.351   195   195 I         : (2)[195:battery_thread][fg_update_c_dod]
09-02 23:50:30.351   195   195 I         : (2)[195:battery_thread][fgauge_get_coulomb] CAR=1 r_fg_value=100 car_tune_value=1000
09-02 23:50:30.351   195   195 I         : (2)[195:battery_thread][fr] BATTERY_METER_CMD_GET_FG_HW_CAR = 1
09-02 23:50:30.351   195   195 I (2)[195:battery_thread]send_to_kernel=FG_DAEMON_CMD_GET_FG_HW_CAR: 0 1
09-02 23:50:30.351   195   195 I         : (2)[195:battery_thread][fg_update_quse]aging_sel 0 qmax_t_0ma_tb1 24444 quse_tb1 [24444] aging[10000]
09-02 23:50:30.351   195   195 I (2)[195:battery_thread][FGADC] OCV_to_DOD: voltage:43530 dod:16 highidx:1
09-02 23:50:30.351   195   195 I         : (2)[195:battery_thread][fg_update_c_dod] fg_c_dod 16 fg_c_d0_dod 16 car 1 quse_tb1 24444 fg_c_soc 9984
09-02 23:50:30.351   195   195 I         : (2)[195:battery_thread][fgauge_read_current] final current=172 (ratio=1000)
09-02 23:50:30.351   195   195 I         : (2)[195:battery_thread][CH3_DBG] bat_cur = 172
09-02 23:50:30.352   195   195 I (2)[195:battery_thread]mt635x-auxadc mt635x-auxadc: name:BAT_TEMP, channel=3, adc_out=0x572, adc_result=612
09-02 23:50:30.353   195   195 I         : (2)[195:battery_thread][fgauge_read_current] final current=166 (ratio=1000)
09-02 23:50:30.353   195   195 I         : (2)[195:battery_thread][BattVoltToTemp] 612 16900 1800 0
09-02 23:50:30.353   195   195 I         : (2)[195:battery_thread][force_get_tbat] 612,612,1,16,100,288 r:320 100 0
09-02 23:50:30.353   195   195 I (2)[195:battery_thread][force_get_tbat] t: 28 precise:288
09-02 23:50:30.353   195   195 I         : (2)[195:battery_thread][fr][FG_TEMP_INT] FG_DAEMON_CMD_SET_FG_BAT_TMP_C_GAP = 1 ht:29 lt:27
09-02 23:50:30.353   195   195 I         : (2)[195:battery_thread]send_to_kernel=FG_DAEMON_CMD_SET_FG_BAT_TMP_C_GAP 1 1
09-02 23:50:30.356   195   195 I         : (2)[195:battery_thread][fgauge_get_coulomb] CAR=1 r_fg_value=100 car_tune_value=1000
09-02 23:50:30.356   195   195 I         : (2)[195:battery_thread][fr] BATTERY_METER_CMD_GET_FG_HW_CAR = 1
09-02 23:50:30.356   195   195 I (2)[195:battery_thread]send_to_kernel=FG_DAEMON_CMD_GET_FG_HW_CAR: 0 1
09-02 23:50:30.357   195   195 I         : (2)[195:battery_thread][fgauge_get_coulomb] CAR=1 r_fg_value=100 car_tune_value=1000
09-02 23:50:30.357   195   195 I         : (2)[195:battery_thread][read_fg_hw_info] curr_1 119 curr_2 248 car 1
09-02 23:50:30.357   195   195 I (2)[195:battery_thread]send_to_kernel=FG_DAEMON_CMD_GET_HW_INFO: 512 512
09-02 23:50:30.359   195   195 I         : (2)[195:battery_thread][MDRT_ADC] OLD = 0x38a0, NOW = 0x3851, CNT = 0
09-02 23:50:30.359   195   195 I         : (2)[195:battery_thread][fr] FG_DAEMON_CMD_GET_VBAT = 43940
09-02 23:50:30.359   195   195 I (2)[195:battery_thread]send_to_kernel=FG_DAEMON_CMD_GET_VBAT: 0 43940
09-02 23:50:30.359   195   195 I         : (2)[195:battery_thread][fgauge_read_current] final current=103 (ratio=1000)
09-02 23:50:30.359   195   195 I         : (2)[195:battery_thread][CH3_DBG] bat_cur = 103
09-02 23:50:30.361   195   195 I         : (2)[195:battery_thread][fgauge_read_current] final current=122 (ratio=1000)
09-02 23:50:30.361   195   195 I         : (2)[195:battery_thread][BattVoltToTemp] 613 16900 1800 0
09-02 23:50:30.361   195   195 I         : (2)[195:battery_thread][force_get_tbat] 613,613,1,12,100,287 r:320 100 0
09-02 23:50:30.361   195   195 I (2)[195:battery_thread][force_get_tbat] t: 28 precise:287
09-02 23:50:30.361   195   195 I         : (2)[195:battery_thread][fg_res]FG_DAEMON_CMD_SET_KERNEL_SOC = 9984 100, type:0
09-02 23:50:30.361   195   195 I         : (2)[195:battery_thread]send_to_kernel=FG_DAEMON_CMD_SET_KERNEL_SOC 9984 9984
09-02 23:50:30.361   195   195 I         : (2)[195:battery_thread][fg_res] FG_DAEMON_CMD_SET_KERNEL_UISOC = 9900 99 GM3:0
09-02 23:50:30.364   195   195 I         : (2)[195:battery_thread][fgauge_read_current] final current=125 (ratio=1000)
09-02 23:50:30.364   195   195 I         : (2)[195:battery_thread][CH3_DBG] bat_cur = 125
09-02 23:50:30.365   195   195 I         : (2)[195:battery_thread][fgauge_read_current] final current=125 (ratio=1000)
09-02 23:50:30.365   195   195 I         : (2)[195:battery_thread][BattVoltToTemp] 613 16900 1800 0
09-02 23:50:30.365   195   195 I         : (2)[195:battery_thread][force_get_tbat] 613,613,1,12,100,287 r:320 100 0
09-02 23:50:30.365   195   195 I (2)[195:battery_thread][force_get_tbat] t: 28 precise:287
09-02 23:50:30.365    81    81 I         : (2)[81:kworker/2:1][fgauge_read_current] final current=122 (ratio=1000)
09-02 23:50:30.366    81    81 I         : (2)[81:kworker/2:1][fgauge_read_current] final current=122 (ratio=1000)
09-02 23:50:30.368   195   195 I         : (0)[195:battery_thread]send_to_kernel=FG_DAEMON_CMD_SET_KERNEL_UISOC 9900 9900
09-02 23:50:30.368   195   195 I -(0)[195:battery_thread]mtk_rtc_hal_common: hal_rtc_get_spare_register: cmd[0], get rg[0x5aa, 0xff , 8] = 0xe3
09-02 23:50:30.368   195   195 I -(0)[195:battery_thread]mtk_rtc_hal_common: hal_rtc_set_spare_register: cmd[0], set rg[0x5aa, 0xff , 8] = 0xe3
09-02 23:50:30.369   195   195 I         : (0)[195:battery_thread][fg_set_rtc_ui_soc] rtc_ui_soc 99 spare3_reg 0xe3 new_spare3_reg 0xe3
09-02 23:50:30.369   195   195 I         : (0)[195:battery_thread][fr] BATTERY_METER_CMD_SET_RTC_UI_SOC=99
09-02 23:50:30.369   195   195 I         : (0)[195:battery_thread]send_to_kernel=FG_DAEMON_CMD_SET_RTC_UI_SOC 99 99
09-02 23:50:30.369   195   195 I         : (0)[195:battery_thread][fg_res] FG_DAEMON_CMD_SET_CON0_SOC = 9984
09-02 23:50:30.369   195   195 I         : (0)[195:battery_thread]send_to_kernel=FG_DAEMON_CMD_SET_CON0_SOC 9984 9984
09-02 23:50:30.371   195   195 I (0)[195:battery_thread]get_shutdown_cond ret: 0 0 0 0 vbat:4394
09-02 23:50:30.371   195   195 I (0)[195:battery_thread][FGADC_intr_end][FG_INTR_BAT_TEMP_HT]soc: 9984, c_soc:9984 ui_soc:9900 VBAT 43940 T:[28 C:28] car:1
09-02 23:50:30.371   195   195 I         : (0)[195:battery_thread][wakeup_fg_algo_recovery] intr_num=0x400000
09-02 23:50:30.371   195   195 I         : (0)[195:battery_thread]mtk_battery boot mode =2
09-02 23:50:30.371   195   195 I         : (0)[195:battery_thread][wakeup_fg_algo_recovery] intr_num=0x400
09-02 23:50:30.371   195   195 I         : (0)[195:battery_thread][TempConverBattThermistor] [8652] 25 10000 30 8315 29
09-02 23:50:30.371   195   195 I         : (0)[195:battery_thread][fgauge_read_current] final current=138 (ratio=1000)
09-02 23:50:30.371   195   195 I         : (0)[195:battery_thread][TempToBattVolt] temp 29 R_NTC 8652 V(6094 6099) I 138 CHG 1
09-02 23:50:30.371   195   195 I         : (0)[195:battery_thread][TempConverBattThermistor] [9326] 25 10000 30 8315 27
09-02 23:50:30.371   195   195 I         : (0)[195:battery_thread][TempToBattVolt] temp 27 R_NTC 9326 V(6400 6405) I 138 CHG 1
09-02 23:50:30.371   195   195 I         : (0)[195:battery_thread][fg_bat_temp_int_internal][FG_TEMP_INT] T[28] V[65535 65535] C[29 27] h[6405 6099]
09-02 23:50:30.373     0     0 W (0)[0:swapper/0][mcdi]mcdi cpu: 0, 0, 0, 0, cluster : 0, pause = 0, multi core = 0, latency = 0, residency = 0, last core = 0, avail cpu = 0005, cluster = 0001, enabled = 0, max_s_state = 5, system_idle_hint = 00000000
09-02 23:50:30.375   195   195 I         : (0)[195:battery_thread][fgauge_read_current] final current=81 (ratio=1000)
09-02 23:50:30.375   195   195 I         : (0)[195:battery_thread][CH3_DBG] bat_cur = 81
09-02 23:50:30.376   195   195 I         : (0)[195:battery_thread][fgauge_read_current] final current=97 (ratio=1000)
09-02 23:50:30.376   195   195 I         : (0)[195:battery_thread][BattVoltToTemp] 613 16900 1800 0
09-02 23:50:30.376   195   195 I         : (0)[195:battery_thread][force_get_tbat] 613,613,1,9,100,287 r:320 100 0
09-02 23:50:30.376   195   195 I (0)[195:battery_thread][force_get_tbat] t: 28 precise:287
09-02 23:50:30.376    28    28 I         : (0)[28:kworker/0:1][fgauge_read_current] final current=97 (ratio=1000)
09-02 23:50:30.377    28    28 I         : (0)[28:kworker/0:1][fgauge_read_current] final current=97 (ratio=1000)
09-02 23:50:30.380   195   195 I (0)[195:battery_thread][fg_update_sw_iavg]diff time: 10 iavg:0
09-02 23:50:30.380   195   195 I         : (0)[195:battery_thread][read_boot_battery_plug_out_status] rtc_invalid 0 plugout 1 bat_plug_out_time 31 sp3:0xe3 pl:0 0
09-02 23:50:30.381   195   195 I         : (0)[195:battery_thread][fgauge_read_current] final current=141 (ratio=1000)
09-02 23:50:30.381   195   195 I         : (0)[195:battery_thread][fgauge_get_coulomb] CAR=1 r_fg_value=100 car_tune_value=1000
09-02 23:50:30.384   195   195 I         : (0)[195:battery_thread][fgauge_read_current] final current=128 (ratio=1000)
09-02 23:50:30.384   195   195 I         : (0)[195:battery_thread][CH3_DBG] bat_cur = 128
09-02 23:50:30.385   195   195 I         : (0)[195:battery_thread][fgauge_read_current] final current=128 (ratio=1000)
09-02 23:50:30.385   195   195 I         : (0)[195:battery_thread][BattVoltToTemp] 613 16900 1800 0
09-02 23:50:30.385   195   195 I         : (0)[195:battery_thread][force_get_tbat] 613,613,1,12,100,287 r:320 100 0
09-02 23:50:30.385   195   195 I (0)[195:battery_thread][force_get_tbat] t: 28 precise:287
09-02 23:50:30.385   195   195 I         : (0)[195:battery_thread]lbat 0 0 1 34500
09-02 23:50:30.385   195   195 I (0)[195:battery_thread]car[1,121,-121,243,-123, cycle_car:0,ncar:1] c: 1 141 vbat:4394 vbus:4920 soc:100 99 gm3:0 0 0 0
09-02 23:50:30.385   195   195 I         : (0)[195:battery_thread][fgauge_get_coulomb] CAR=1 r_fg_value=100 car_tune_value=1000
09-02 23:50:30.385   195   195 I         : (0)[195:battery_thread][fg_bat_nafg][fgauge_get_nag_cnt] 0 [25_16 0 15_0 0]
09-02 23:50:30.385   195   195 I (0)[195:battery_thread][fg_nafg_monitor]time: 11 nafg_cnt:0, now:11, last_t:0
09-02 23:50:30.385   195   195 I (0)[195:battery_thread]tmp: 28 65535 65535 hcar2:243 lcar2:123 time:11 sw_iavg:0 0 0 nafg_m:0 0 0
09-02 23:50:30.386   195   195 I (0)[195:battery_thread]1st chr_zcv: 0 pmic_zcv:0 0 pmic_in_zcv:0 swocv:0 zcv_from:0 tmp:0
09-02 23:50:30.386   195   195 I (0)[195:battery_thread]chr_zcv: 0 pmic_zcv:0 0 pmic_in_zcv:0 swocv:0 zcv_from:0 tmp:0
09-02 23:50:30.386   195   195 I         : (0)[195:battery_thread][fgauge_get_coulomb] CAR=1 r_fg_value=100 car_tune_value=1000
09-02 23:50:30.388   195   195 I         : (0)[195:battery_thread][fgauge_read_current] final current=122 (ratio=1000)
09-02 23:50:30.388   195   195 I chatty  : uid=1036(auditd) identical 1 line
09-02 23:50:30.389   195   195 I         : (0)[195:battery_thread][fgauge_read_current] final current=122 (ratio=1000)
09-02 23:50:30.389   195   195 I         : (0)[195:battery_thread][CH3_DBG] bat_cur = 122
09-02 23:50:30.389   195   195 I         : (0)[195:battery_thread][fgauge_read_current] final current=132 (ratio=1000)
09-02 23:50:30.389   195   195 I         : (0)[195:battery_thread][BattVoltToTemp] 613 16900 1800 0
09-02 23:50:30.389   195   195 I         : (0)[195:battery_thread][force_get_tbat] 613,613,1,13,100,287 r:320 100 0
09-02 23:50:30.389   195   195 I (0)[195:battery_thread][force_get_tbat] t: 28 precise:287
09-02 23:50:30.389   195   195 I         : (0)[195:battery_thread][fg_is_battery_exist] PMIC_RGS_BATON_UNDET = 1
09-02 23:50:30.389   195   195 I         : (0)[195:battery_thread]GM3log1 11 11 4393 122 122 0 0 28 1 1 197 1 0
09-02 23:50:30.391   195   195 I         : (0)[195:battery_thread]GM3log2 11 0 0 0 0 43947 242 1 4929
09-02 23:50:30.391   195   195 I         : (0)[195:battery_thread]GM3log3 11 0 43296 -3179 0
09-02 23:50:30.391   195   195 I         : (0)[195:battery_thread]GM3log4 0 99 0 1 31 0 1 1 1 1 100
09-02 23:50:30.391   195   195 I         : (0)[195:battery_thread]GM3log int 11 11 0 0 0 0
09-02 23:50:30.391   195   195 I         : (0)[195:battery_thread]GM3log phone_state 0 0
09-02 23:50:30.391   195   195 I (0)[195:battery_thread]GM3 car: 1 car_diff:-1
09-02 23:50:30.391   195   195 I (0)[195:battery_thread][read_nafg_vbat] i: 0 nag_vbat_reg 0xe899 nag_vbat_mv 44127:26777
09-02 23:50:30.391   195   195 I         : (0)[195:battery_thread][read_nafg_vbat1] 0 0 10 0 0 0 0 0 0
09-02 23:50:30.391   195   195 I         : (0)[195:battery_thread][read_nafg_vbat2] 1 0 1 1 1 0 1 0 0 0 0 0
09-02 23:50:30.391   195   195 I (0)[195:battery_thread][fg_bat_nafg][fgauge_get_nag_dltv] mV: Reg [9872:5991]
09-02 23:50:30.391   195   195 I         : (0)[195:battery_thread][fg_bat_nafg][fgauge_get_nag_cnt] 0 [25_16 0 15_0 0]
09-02 23:50:30.391   195   195 I (0)[195:battery_thread][fg_bat_nafg][fgauge_get_nag_c_dltv] mV: Reg[0:0][b10:0][26_16(0x0000) 15_00(0x0000)]
09-02 23:50:30.391   195   195 I         : (0)[195:battery_thread]GM3log-nint-nafg 11 11 0 44127 9872 0 0
09-02 23:50:30.391   195   195 I         : (0)[195:battery_thread]mtk_battery boot mode =2
09-02 23:50:30.391   195   195 I         : (0)[195:battery_thread][wakeup_fg_algo_recovery] intr_num=0x2000000
09-02 23:50:30.513     5     5 I         : (0)[5:kworker/u8:0][fgauge_read_current] final current=242 (ratio=1000)
09-02 23:50:30.513     5     5 I         : (0)[5:kworker/u8:0][CH3_DBG] bat_cur = 242
09-02 23:50:30.515     5     5 I         : (0)[5:kworker/u8:0][fgauge_read_current] final current=251 (ratio=1000)
09-02 23:50:30.515     5     5 I         : (0)[5:kworker/u8:0][BattVoltToTemp] 612 16900 1800 -1
09-02 23:50:30.515     5     5 I         : (0)[5:kworker/u8:0][force_get_tbat] 613,612,1,25,100,288 r:320 100 0
09-02 23:50:30.515     5     5 I (0)[5:kworker/u8:0][force_get_tbat] t: 28 precise:288
09-02 23:50:30.938   385   385 I         : (0)[385:recovery]mtp_open
09-02 23:50:30.938   385   385 I         : (0)[385:recovery]MTP, <mtp_read(), 798> in
09-02 23:50:30.938     0     0 I         : , skip<0>
09-02 23:50:30.938    28    28 I         : (0)[28:kworker/0:1]MTP, <do_monitor_work(), 1802> IN <1 0 0 0 1 0 0 0 0 >
09-02 23:50:30.938    28    28 I         : (0)[28:kworker/0:1]MTP, <do_monitor_work(), 1807> OUT <0 0 0 0 0 0 0 0 0 >
09-02 23:50:30.946   173   173 I         : (0)[173:disp_check][DISP][ESD]ESD check end, ret = 0
09-02 23:50:31.953    28    28 I         : (0)[28:kworker/0:1]MTP, <do_monitor_work(), 1802> IN <1 0 0 0 1 0 0 0 0 >
09-02 23:50:31.953    28    28 I         : (0)[28:kworker/0:1]MTP, <do_monitor_work(), 1807> OUT <0 0 0 0 0 0 0 0 0 >
09-02 23:50:32.006   388   388 I         : (0)[388:pigz][mtk_net][rtnl_lock]There is no process hold rtnl lock
09-02 23:50:32.017     1     1 I (0)[1:init]: starting service 'hwservicemanager'...
09-02 23:50:32.021     1     1 I (0)[1:init]: starting service 'vndservicemanager'...
09-02 23:50:32.023   395   395 E (2)[395:init]: failed to write pid to files: couldn't write 395 to /dev/cpuset/system-background/tasks: No such file or directory
09-02 23:50:32.055     1     1 I (0)[1:init]: starting service 'adbd'...
09-02 23:50:32.056     1     1 I (0)[1:init]: Created socket '/dev/socket/adbd', mode 660, user 1000, group 1000
09-02 23:50:32.056   395   395 E ProcessState: Binder driver protocol(8) does not match user space protocol(7)! ioctl() return value: 0
09-02 23:50:32.066   395   395 E ProcessState: Binder ioctl to set max threads failed: Bad file descriptor
09-02 23:50:32.066   395   395 F ProcessState: Binder driver '/dev/vndbinder' could not be opened.  Terminating.
09-02 23:50:32.066   395   395 F libc    : Fatal signal 6 (SIGABRT), code -1 (SI_QUEUE) in tid 395 (vndservicemanag), pid 395 (vndservicemanag)
09-02 23:50:32.073   398   398 F libc    : failed to exec crash_dump helper: No such file or directory
09-02 23:50:32.075   395   395 F libc    : crash_dump helper failed to exec
09-02 23:50:32.082     1     1 I (0)[1:init]: Untracked pid 398 exited with status 1
09-02 23:50:32.082     1     1 I (0)[1:init]: Service 'vndservicemanager' (pid 395) received signal 6
09-02 23:50:32.083     1     1 I (0)[1:init]: Sending signal 9 to service 'vndservicemanager' (pid 395) process group...
09-02 23:50:32.083     1     1 I (0)[1:init]libprocessgroup: Successfully killed process cgroup uid 0 pid 395 in 0ms
09-02 23:50:32.110   394   394 E hw-ProcessState: Binder driver protocol(8) does not match user space protocol(7)!
09-02 23:50:32.111   394   394 E hw-ProcessState: Binder ioctl to set max threads failed: Bad file descriptor
09-02 23:50:32.111   394   394 F hw-ProcessState: Binder driver could not be opened. Terminating.
09-02 23:50:32.112   394   394 F libc    : Fatal signal 6 (SIGABRT), code -1 (SI_QUEUE) in tid 394 (hwservicemanage), pid 394 (hwservicemanage)
09-02 23:50:32.126   400   400 F libc    : failed to exec crash_dump helper: No such file or directory
09-02 23:50:32.128   394   394 F libc    : crash_dump helper failed to exec
09-02 23:50:32.132     1     1 I (2)[1:init]: Service 'hwservicemanager' (pid 394) received signal 6
09-02 23:50:32.164   396   403 I adbd    : opening control endpoint /dev/usb-ffs/adb/ep0
09-02 23:50:32.168     0     0 I         : (0)[403:usb ffs open]read descriptors
09-02 23:50:32.168     0     0 I         : (0)[403:usb ffs open]read strings
09-02 23:50:32.169   396   401 I adbd    : Waiting for persist.adb.tls_server.enable=1
09-02 23:50:32.172     1     1 I         : (0)[1:init]os_desc_use_store Use OS DESC
09-02 23:50:32.175     1     1 I         : (0)[1:init]config_usb_cfg_link b.1<-->mtp.gs0
09-02 23:50:32.175     1     1 I         : (0)[1:init]usb_get_function usb_function name=mtp
09-02 23:50:32.175     1     1 I         : (0)[1:init]config_usb_cfg_link b.1<-->ffs.adb
09-02 23:50:32.175     1     1 I         : (0)[1:init]usb_get_function usb_function name=Function FS Gadget
09-02 23:50:32.176     1     1 I         : (0)[1:init]gadget_dev_desc_UDC_store write musb-hdrc
09-02 23:50:32.177     1     1 I         : (0)[1:init]usb_gadget_probe_driver musb-hdrc musb-hdrc
09-02 23:50:32.177     1     1 I         : (0)[1:init]configfs_composite_bind
09-02 23:50:32.177     1     1 I         : (0)[1:init]composite_dev_prepare 3cde2b7f
09-02 23:50:32.177     1     1 I (0)[1:init]configfs-gadget gadget: adding 'mtp'/b6bc91a8 to config 'b'/c215ffcc
09-02 23:50:32.177     1     1 I         : (0)[1:init]allocate RX=49152 Tx=49152
09-02 23:50:32.177     1     1 I (0)[1:init]configfs-gadget gadget: adding 'Function FS Gadget'/6ae93e57 to config 'b'/c215ffcc
09-02 23:50:32.177     1     1 I         : (0)[1:init]composite_os_desc_req_prepare 9f1f985e
09-02 23:50:32.177     1     1 I (0)[1:init][MUSB]musb_gadget_start 2599: musb_gadget_start
09-02 23:50:32.177     1     1 I (0)[1:init][MUSB]musb_gadget_pullup 2391: is_on=1, softconnect=0 ++
09-02 23:50:32.177     1     1 I -(0)[1:init][MUSB]musb_gadget_pullup 2404: is_on=1, softconnect=0 ++
09-02 23:50:32.177     1     1 I -(0)[1:init][MUSB]musb_pullup 2334: MUSB: gadget pull up 1 start, musb->power:1
09-02 23:50:32.177     1     1 I -(0)[1:init][MUSB]musb_pullup 2343: MUSB: gadget pull up 1 end
09-02 23:50:32.180   396   403 I adbd    : UsbFfsConnection constructed
09-02 23:50:32.181   396   405 I adbd    : UsbFfs-monitor thread spawned
09-02 23:50:32.181   396   405 I adbd    : USB event: FUNCTIONFS_BIND
09-02 23:50:32.220    81    81 I         : (2)[81:kworker/2:1]usb_state<DISCONNECTED>
09-02 23:50:32.233   257   257 I -(2)[257:recovery][MUSB]musb_stage0_irq 982: SUSPEND (b_idle) devctl 99
09-02 23:50:32.433    81    81 I         : (2)[81:kworker/2:1]ldo vmch disable
09-02 23:50:32.433    81    81 I         : (2)[81:kworker/2:1]ldo vmc disable
09-02 23:50:32.433    81    81 I         : (2)[81:kworker/2:1][msdc]msdc1 power off
09-02 23:50:32.444   257   257 I -(0)[257:recovery][MUSB]musb_stage0_irq 1214: musb_stage0_irq:1214 MUSB_INTR_RESET (b_idle)
09-02 23:50:32.444   257   257 I         : -(0)[257:recovery]QMU_WARN,<musb_disable_q_all 333>, disable_q_all
09-02 23:50:32.444   257   257 I         : -(0)[257:recovery]QMU_WARN,<mtk_qmu_disable 823>, disable RQ(1)
09-02 23:50:32.444   257   257 I         : -(0)[257:recovery]QMU_WARN,<mtk_qmu_disable 823>, disable TQ(1)
09-02 23:50:32.444   257   257 I -(0)[257:recovery][MUSB]musb_sync_with_bat 724: BATTERY_SetUSBState, state=1
09-02 23:50:32.444   257   257 I         : -(0)[257:recovery]BATTERY_SetUSBState Success! Set 1
09-02 23:50:32.445    28    28 I (0)[28:kworker/0:1]android_work: sent uevent USB_STATE=DISCONNECTED
09-02 23:50:32.498   257   257 I -(0)[257:recovery]mtk_charger_alarm_timer_func: not suspend, wake up charger
09-02 23:50:32.499   229   229 I         : (2)[229:charger_thread][fgauge_read_current] final current=232 (ratio=1000)
09-02 23:50:32.500   229   229 W -(0)[229:charger_thread]mt635x_auxadc_read_raw: 18 callbacks suppressed
09-02 23:50:32.500   229   229 I (0)[229:charger_thread]mt635x-auxadc mt635x-auxadc: name:ISENSE, channel=0, adc_out=0x68ec, adc_result=4426
09-02 23:50:32.502   229   229 I (0)[229:charger_thread]mt635x-auxadc mt635x-auxadc: name:BATADC, channel=0, adc_out=0x682d, adc_result=4394
09-02 23:50:32.504   229   229 I (0)[229:charger_thread]mt635x-auxadc mt635x-auxadc: name:BATADC, channel=0, adc_out=0x6821, adc_result=4392
09-02 23:50:32.506   229   229 I (0)[229:charger_thread]mt635x-auxadc mt635x-auxadc: name:VCDT, channel=2, adc_out=0x49f, adc_result=519
09-02 23:50:32.506   229   229 I         : (0)[229:charger_thread][fgauge_read_current] final current=113 (ratio=1000)
09-02 23:50:32.506   229   229 I         : (0)[229:charger_thread][CH3_DBG] bat_cur = 113
09-02 23:50:32.507   229   229 I (0)[229:charger_thread]mt635x-auxadc mt635x-auxadc: name:BAT_TEMP, channel=3, adc_out=0x573, adc_result=613
09-02 23:50:32.507   229   229 I         : (0)[229:charger_thread][fgauge_read_current] final current=113 (ratio=1000)
09-02 23:50:32.507   229   229 I         : (0)[229:charger_thread][BattVoltToTemp] 613 16900 1800 0
09-02 23:50:32.507   229   229 I         : (0)[229:charger_thread][force_get_tbat] 613,613,1,11,100,287 r:320 100 0
09-02 23:50:32.507   229   229 I (0)[229:charger_thread][force_get_tbat] t: 28 precise:287
09-02 23:50:32.507   229   229 I (0)[229:charger_thread]Vbat=4392,Ibat=232,I=470,VChr=4910,T=28,Soc=100: 99,CT:1:1 hv:1 pd:0:0
09-02 23:50:32.507   229   229 I (0)[229:charger_thread]mtk_charger_start_timer: alarm timer start:0, 23 564404969
09-02 23:50:32.507   229   229 I         : -(0)[229:charger_thread]alarmtimer_enqueue, 23564404969
09-02 23:50:32.508   229   229 I         : (0)[229:charger_thread][fgauge_read_current] final current=113 (ratio=1000)
09-02 23:50:32.508   229   229 I         : (0)[229:charger_thread][CH3_DBG] bat_cur = 113
09-02 23:50:32.508   229   229 I         : (0)[229:charger_thread][fgauge_read_current] final current=72 (ratio=1000)
09-02 23:50:32.508   229   229 I         : (0)[229:charger_thread][BattVoltToTemp] 612 16900 1800 0
09-02 23:50:32.508   229   229 I         : (0)[229:charger_thread][force_get_tbat] 612,612,1,7,100,288 r:320 100 0
09-02 23:50:32.508   229   229 I (0)[229:charger_thread][force_get_tbat] t: 28 precise:288
09-02 23:50:32.509   229   229 I         : (0)[229:charger_thread][BATTER_ID_0] bat_id_valtage = 1042(mV)
09-02 23:50:32.509   229   229 I         : (0)[229:charger_thread][SW_JEITA] Battery Normal Temperature between 13 and 51 !!
09-02 23:50:32.509   229   229 I (0)[229:charger_thread][SW_JEITA]preState: 3 newState:3 tmp:28 cv:0
09-02 23:50:32.510   229   229 I (0)[229:charger_thread]tmp: 28 (jeita:1 sm:3 cv:0 en:1) (sm:1) en:1 c:0 s:0 ov:0 1 1
09-02 23:50:32.510   229   229 I         : (0)[229:charger_thread]mtk_switch_charging_run [1 0], timer=0
09-02 23:50:32.510   229   229 I         : (0)[229:charger_thread][fgauge_read_current] final current=59 (ratio=1000)
09-02 23:50:32.510   229   229 I         : (0)[229:charger_thread][CH3_DBG] bat_cur = 59
09-02 23:50:32.511   229   229 I         : (0)[229:charger_thread][fgauge_read_current] final current=59 (ratio=1000)
09-02 23:50:32.511   229   229 I         : (0)[229:charger_thread][BattVoltToTemp] 612 16900 1800 0
09-02 23:50:32.511   229   229 I         : (0)[229:charger_thread][force_get_tbat] 612,612,1,5,100,288 r:320 100 0
09-02 23:50:32.511   229   229 I (0)[229:charger_thread][force_get_tbat] t: 28 precise:288
09-02 23:50:32.511   229   229 I (0)[229:charger_thread]pe40_ready: 0 hv:1 thermal:-1,-1 tmp:28,39,16 pps:0 en:0 ibus:0 80
09-02 23:50:32.511   229   229 I (0)[229:charger_thread]force: 0 thermal:-1,-1 pe4:-1,-1,0 setting:500 500 type:1 usb_unlimited:0 usbif:0 usbsm:1 aicl:-1 atm:0
09-02 23:50:32.511   229   229 E         : (0)[229:charger_thread]zzf_500000<=500000, i=1
09-02 23:50:32.511   229   229 E         : (0)[229:charger_thread]array_size = 4
09-02 23:50:32.512   229   229 E         : (0)[229:charger_thread][psc5415e_config_interface] write Reg[1]=0x78 from 0x78
09-02 23:50:32.514   229   229 E         : (0)[229:charger_thread][psc5415e_config_interface] write Reg[5]=0x3 from 0x23
09-02 23:50:32.514   229   229 E         : (0)[229:charger_thread]Can't find closest level
09-02 23:50:32.514   229   229 E         : (0)[229:charger_thread]array_size = 8
09-02 23:50:32.515   229   229 E         : (0)[229:charger_thread][psc5415e_config_interface] write Reg[4]=0x6 from 0x6
09-02 23:50:32.517   229   229 E         : (0)[229:charger_thread][psc5415e_config_interface] write Reg[4]=0x6 from 0x6
09-02 23:50:32.518   229   229 E         : (0)[229:charger_thread][psc5415e_config_interface] write Reg[1]=0x78 from 0x78
09-02 23:50:32.519   229   229 E         : (0)[229:charger_thread][psc5415e_config_interface] write Reg[1]=0x78 from 0x78
09-02 23:50:32.519   229   229 E         : (0)[229:charger_thread]psc5415e calm enable charging
09-02 23:50:32.519   229   229 E         : (0)[229:charger_thread]charging_set_cv_voltage register_value=0x2d 4400000 4400000
09-02 23:50:32.520   229   229 E         : (0)[229:charger_thread][psc5415e_config_interface] write Reg[2]=0xb4 from 0xb4
09-02 23:50:32.521   229   229 E         : (0)[229:charger_thread][psc5415e_config_interface] write Reg[1]=0x78 from 0x78
09-02 23:50:32.521   229   229 E         : (0)[229:charger_thread]psc5415e calm enable charging
09-02 23:50:32.522   229   229 E         : (0)[229:charger_thread][psc5415e_read_interface] Reg[0]=0x10
09-02 23:50:32.522   229   229 E         : (0)[229:charger_thread][psc5415e_read_interface] val=0x1
09-02 23:50:32.522   229   229 I         : (0)[229:charger_thread]info->enable_sw_safety_timer(0)
09-02 23:50:32.522    81    81 E         : (2)[81:kworker/2:1]psc5415e cz [0x0]=0x10
09-02 23:50:32.523    81    81 I (2)[81:kworker/2:1]android_work: sent uevent USB_STATE=CONNECTED
09-02 23:50:32.525   229   229 E         : (0)[229:charger_thread]psc5415e cz [0x1]=0x78
09-02 23:50:32.525   229   229 E         : (0)[229:charger_thread]psc5415e cz [0x2]=0xb4
09-02 23:50:32.526   229   229 E         : (0)[229:charger_thread]psc5415e cz [0x3]=0xf0
09-02 23:50:32.527   229   229 E         : (0)[229:charger_thread]psc5415e cz [0x4]=0x6
09-02 23:50:32.527   257   257 E         : -(2)[257:recovery]psc5415e cz [0x5]=0x23
09-02 23:50:32.527   257   257 I -(2)[257:recovery][MUSB]musb_stage0_irq 1214: musb_stage0_irq:1214 MUSB_INTR_RESET (b_peripheral)
09-02 23:50:32.527   257   257 I         : -(2)[257:recovery]QMU_WARN,<musb_disable_q_all 333>, disable_q_all
09-02 23:50:32.527   257   257 I -(2)[257:recovery][MUSB]musb_sync_with_bat 724: BATTERY_SetUSBState, state=1
09-02 23:50:32.527   257   257 I         : -(2)[257:recovery]BATTERY_SetUSBState Success! Set 1
09-02 23:50:32.527    81    81 I (2)[81:kworker/2:1]android_work: sent uevent USB_STATE=DISCONNECTED
09-02 23:50:32.529   229   229 E         : (0)[229:charger_thread]psc5415e cz [0x6]=0x7f
09-02 23:50:32.529     0     0 E         : (0)[229:charger_thread]
09-02 23:50:32.617     0     0 I (0)[227:mtk-tpd][tlsc]esd_check_work: Enter
09-02 23:50:32.630   396   405 I adbd    : USB event: FUNCTIONFS_ENABLE
09-02 23:50:32.630   396   406 I adbd    : UsbFfs-worker thread spawned
09-02 23:50:32.631    81    81 I (2)[81:kworker/2:1]android_work: sent uevent USB_STATE=CONNECTED
09-02 23:50:32.632   238   238 I -(0)[238:ueventd]configfs-gadget gadget: high-speed config #1: b
09-02 23:50:32.632   238   238 I -(0)[238:ueventd][MUSB]fifo_setup 1349: musb type=BULK
09-02 23:50:32.632   238   238 I -(0)[238:ueventd][MUSB]check_musb_dbuffer_avail 1301: <check_musb_dbuffer_avail, 1301>, got bulk ep:81 in function :mtp
09-02 23:50:32.632   238   238 I -(0)[238:ueventd][MUSB]is_saving_mode 910: 0
09-02 23:50:32.632   238   238 I -(0)[238:ueventd][MUSB]fifo_setup 1380: EP1 supports DBBUF
09-02 23:50:32.632   238   238 I -(0)[238:ueventd][MUSB]fifo_setup 1395: fifo size is 22 after 512, fifo address is 512, epnum 1,hwepnum 1
09-02 23:50:32.632   238   238 I         : -(0)[238:ueventd]QMU_WARN,<mtk_qmu_enable 701>, enable TQ(1)
09-02 23:50:32.632   238   238 I -(0)[238:ueventd][MUSB]musb_gadget_enable 1598: musb-hdrc periph: enabled ep1in for bulk IN, maxpacket 512
09-02 23:50:32.632   238   238 I -(0)[238:ueventd][MUSB]fifo_setup 1349: musb type=BULK
09-02 23:50:32.632   238   238 I -(0)[238:ueventd][MUSB]check_musb_dbuffer_avail 1301: <check_musb_dbuffer_avail, 1301>, got bulk ep:1 in function :mtp
09-02 23:50:32.632   238   238 I -(0)[238:ueventd][MUSB]is_saving_mode 910: 0
09-02 23:50:32.632   238   238 I -(0)[238:ueventd][MUSB]fifo_setup 1380: EP1 supports DBBUF
09-02 23:50:32.632   238   238 I -(0)[238:ueventd][MUSB]fifo_setup 1395: fifo size is 22 after 512, fifo address is 1536, epnum 1,hwepnum 1
09-02 23:50:32.632   238   238 I         : -(0)[238:ueventd]QMU_WARN,<mtk_qmu_enable 623>, enable RQ(1)
09-02 23:50:32.632   238   238 I -(0)[238:ueventd][MUSB]musb_gadget_enable 1598: musb-hdrc periph: enabled ep1out for bulk OUT, maxpacket 512
09-02 23:50:32.632   238   238 I -(0)[238:ueventd][MUSB]fifo_setup 1349: musb type=INT
09-02 23:50:32.632   238   238 I -(0)[238:ueventd][MUSB]fifo_setup 1395: fifo size is 6 after 512, fifo address is 2560, epnum 2,hwepnum 2
09-02 23:50:32.632   238   238 I         : -(0)[238:ueventd]QMU_WARN,<mtk_qmu_enable 701>, enable TQ(2)
09-02 23:50:32.632   238   238 I -(0)[238:ueventd][MUSB]musb_gadget_enable 1598: musb-hdrc periph: enabled ep2in for int IN, maxpacket 28
09-02 23:50:32.632   238   238 I -(0)[238:ueventd][MUSB]fifo_setup 1349: musb type=BULK
09-02 23:50:32.632   238   238 I -(0)[238:ueventd][MUSB]fifo_setup 1395: fifo size is 6 after 512, fifo address is 3072, epnum 2,hwepnum 2
09-02 23:50:32.632   238   238 I         : -(0)[238:ueventd]QMU_WARN,<mtk_qmu_enable 623>, enable RQ(2)
09-02 23:50:32.632   238   238 I -(0)[238:ueventd][MUSB]musb_gadget_enable 1598: musb-hdrc periph: enabled ep2out for bulk OUT, maxpacket 512
09-02 23:50:32.632   238   238 I -(0)[238:ueventd][MUSB]fifo_setup 1349: musb type=BULK
09-02 23:50:32.632   238   238 I -(0)[238:ueventd][MUSB]fifo_setup 1395: fifo size is 6 after 512, fifo address is 3584, epnum 3,hwepnum 3
09-02 23:50:32.632   238   238 I         : -(0)[238:ueventd]QMU_WARN,<mtk_qmu_enable 701>, enable TQ(3)
09-02 23:50:32.632   238   238 I -(0)[238:ueventd][MUSB]musb_gadget_enable 1598: musb-hdrc periph: enabled ep3in for bulk IN, maxpacket 512
09-02 23:50:32.632   238   238 I -(0)[238:ueventd]configfs-gadget gadget: USB_REQ_SET_CONFIGURATION: value=0
09-02 23:50:32.632   238   238 I -(0)[238:ueventd][MUSB]musb_sync_with_bat 724: BATTERY_SetUSBState, state=2
09-02 23:50:32.632   238   238 I         : -(0)[238:ueventd]BATTERY_SetUSBState Success! Set 2
09-02 23:50:32.633    28    28 I (0)[28:kworker/0:1]android_work: sent uevent USB_STATE=CONFIGURED
09-02 23:50:32.674    79    79 I         : (0)[79:kworker/u8:1]USB_BOOST, <boost_work(), 293> id:0, begin of work
09-02 23:50:32.674    79    79 I         : (0)[79:kworker/u8:1][Power/PPM] (0x80)(-1)(0)(0-3)(0)(0)(4)(4)
09-02 23:50:32.675   385   385 I         : (0)[385:recovery]MTP, <protocol_dump(), 134> H<10 10020001 0>
09-02 23:50:32.675   385   385 I         : (0)[385:recovery]MTP, <protocol_dump(), 134> H<c 20010003 0>
09-02 23:50:32.675   385   385 I         : (0)[385:recovery]MTP, <mtp_read(), 798> in
09-02 23:50:32.675     0     0 I         : , skip<0>
09-02 23:50:32.675   393   393 I         : (0)[393:kworker/u8:4]USB_BOOST, <boost_work(), 293> id:1, begin of work
09-02 23:50:32.675     5     5 I         : (0)[5:kworker/u8:0]USB_BOOST, <boost_work(), 293> id:2, begin of work
09-02 23:50:32.675   385   385 I         : (0)[385:recovery]MTP, <protocol_dump(), 134> H<c 10010001 1>
09-02 23:50:32.675   385   385 I         : (0)[385:recovery]MTP, <protocol_dump(), 134> H<149 10010002 1>
09-02 23:50:32.675   385   385 I         : (0)[385:recovery]MTP, <protocol_dump(), 134> H<c 20010003 1>
09-02 23:50:32.675   385   385 I         : (0)[385:recovery]MTP, <mtp_read(), 798> in
09-02 23:50:32.675     0     0 I         : , skip<0>
09-02 23:50:32.675   385   385 I         : (0)[385:recovery]MTP, <protocol_dump(), 134> H<14 98020001 2>
09-02 23:50:32.675   385   385 I         : (0)[385:recovery]MTP, <protocol_dump(), 134> H<1e 98020002 2>
09-02 23:50:32.675   385   385 I         : (0)[385:recovery]MTP, <protocol_dump(), 134> H<c 20010003 2>
09-02 23:50:32.675   385   385 I         : (0)[385:recovery]MTP, <mtp_read(), 798> in
09-02 23:50:32.675     0     0 I         : , skip<0>
09-02 23:50:32.676   385   385 I         : (0)[385:recovery]MTP, <protocol_dump(), 134> H<14 98020001 3>
09-02 23:50:32.676   385   385 I         : (0)[385:recovery]MTP, <mtp_read(), 798> in
09-02 23:50:32.676     0     0 I         : , skip<0>
09-02 23:50:32.676   385   385 I         : (0)[385:recovery]MTP, <protocol_dump(), 134> H<14 98020001 4>
09-02 23:50:32.676   385   385 I         : (0)[385:recovery]MTP, <mtp_read(), 798> in
09-02 23:50:32.676     0     0 I         : , skip<0>
09-02 23:50:32.687     0     0 I -(1)[0:swapper/1]GICv3: CPU1: found redistributor 1 region 0:0x0c0a0000
09-02 23:50:32.687     0     0 I -(1)[0:swapper/1]CPU1: thread -1, cpu 1, socket 0
09-02 23:50:32.703   266   266 W (1)[266:kworker/1:2]WARN: cpu=2, domain=MC: incr. energy eff 199[0]->205[1]
09-02 23:50:32.703   266   266 W (1)[266:kworker/1:2]WARN: cpu=2, domain=MC: incr. energy eff 205[1]->220[2]
09-02 23:50:32.703   266   266 W (1)[266:kworker/1:2]WARN: cpu=2, domain=MC: incr. energy eff 220[2]->233[3]
09-02 23:50:32.703   266   266 W (1)[266:kworker/1:2]WARN: cpu=2, domain=MC: incr. energy eff 233[3]->233[4]
09-02 23:50:32.703   266   266 W (1)[266:kworker/1:2]WARN: cpu=2, domain=MC: incr. energy eff 233[4]->235[5]
09-02 23:50:32.703   266   266 W (1)[266:kworker/1:2]WARN: cpu=2, domain=MC: incr. energy eff 231[6]->232[7]
09-02 23:50:32.703   266   266 W (1)[266:kworker/1:2]WARN: cpu=2, domain=MC: incr. energy eff 231[8]->231[9]
09-02 23:50:32.703   266   266 W (1)[266:kworker/1:2]WARN: cpu=1, domain=MC: incr. energy eff 199[0]->205[1]
09-02 23:50:32.703   266   266 W (1)[266:kworker/1:2]WARN: cpu=1, domain=MC: incr. energy eff 205[1]->220[2]
09-02 23:50:32.703   266   266 W (1)[266:kworker/1:2]WARN: cpu=1, domain=MC: incr. energy eff 220[2]->233[3]
09-02 23:50:32.703   266   266 W (1)[266:kworker/1:2]WARN: cpu=1, domain=MC: incr. energy eff 233[3]->233[4]
09-02 23:50:32.703   266   266 W (1)[266:kworker/1:2]WARN: cpu=1, domain=MC: incr. energy eff 233[4]->235[5]
09-02 23:50:32.703   266   266 W (1)[266:kworker/1:2]WARN: cpu=1, domain=MC: incr. energy eff 231[6]->232[7]
09-02 23:50:32.703   266   266 W (1)[266:kworker/1:2]WARN: cpu=1, domain=MC: incr. energy eff 231[8]->231[9]
09-02 23:50:32.703   266   266 W (1)[266:kworker/1:2]WARN: cpu=0, domain=MC: incr. energy eff 199[0]->205[1]
09-02 23:50:32.703   266   266 W (1)[266:kworker/1:2]WARN: cpu=0, domain=MC: incr. energy eff 205[1]->220[2]
09-02 23:50:32.703   266   266 W (1)[266:kworker/1:2]WARN: cpu=0, domain=MC: incr. energy eff 220[2]->233[3]
09-02 23:50:32.703   266   266 W (1)[266:kworker/1:2]WARN: cpu=0, domain=MC: incr. energy eff 233[3]->233[4]
09-02 23:50:32.703   266   266 W (1)[266:kworker/1:2]WARN: cpu=0, domain=MC: incr. energy eff 233[4]->235[5]
09-02 23:50:32.703   266   266 W (1)[266:kworker/1:2]WARN: cpu=0, domain=MC: incr. energy eff 231[6]->232[7]
09-02 23:50:32.703   266   266 W (1)[266:kworker/1:2]WARN: cpu=0, domain=MC: incr. energy eff 231[8]->231[9]
09-02 23:50:32.703   266   266 W (1)[266:kworker/1:2]WARN: cpu=0, domain=DIE: incr. energy eff 544[0]->561[1]
09-02 23:50:32.703   266   266 W (1)[266:kworker/1:2]WARN: cpu=0, domain=DIE: incr. energy eff 561[1]->633[2]
09-02 23:50:32.704   266   266 W (1)[266:kworker/1:2]WARN: cpu=0, domain=DIE: incr. energy eff 633[2]->680[3]
09-02 23:50:32.704   266   266 W (1)[266:kworker/1:2]WARN: cpu=0, domain=DIE: incr. energy eff 680[3]->696[4]
09-02 23:50:32.704   266   266 W (1)[266:kworker/1:2]WARN: cpu=0, domain=DIE: incr. energy eff 696[4]->709[5]
09-02 23:50:32.704   266   266 W (1)[266:kworker/1:2]WARN: cpu=0, domain=DIE: incr. energy eff 693[6]->702[7]
09-02 23:50:32.704   266   266 W (1)[266:kworker/1:2]WARN: cpu=0, domain=DIE: incr. energy eff 702[7]->709[8]
09-02 23:50:32.704   266   266 W (1)[266:kworker/1:2]WARN: cpu=0, domain=DIE: incr. energy eff 709[8]->709[9]
09-02 23:50:32.704   266   266 W (1)[266:kworker/1:2]WARN: cpu=0, domain=DIE: incr. energy eff 692[12]->692[13]
09-02 23:50:32.705     0     0 I -(3)[0:swapper/3]GICv3: CPU3: found redistributor 3 region 0:0x0c0e0000
09-02 23:50:32.705     0     0 I -(3)[0:swapper/3]CPU3: thread -1, cpu 3, socket 0
09-02 23:50:32.710   386   386 W -(2)[386:pigz]CPU2: update max cpu_capacity 1024
09-02 23:50:32.720   184   184 W (3)[184:kworker/3:1]WARN: cpu=3, domain=MC: incr. energy eff 199[0]->205[1]
09-02 23:50:32.720   184   184 W (3)[184:kworker/3:1]WARN: cpu=3, domain=MC: incr. energy eff 205[1]->220[2]
09-02 23:50:32.720   184   184 W (3)[184:kworker/3:1]WARN: cpu=3, domain=MC: incr. energy eff 220[2]->233[3]
09-02 23:50:32.720   184   184 W (3)[184:kworker/3:1]WARN: cpu=3, domain=MC: incr. energy eff 233[3]->233[4]
09-02 23:50:32.720   184   184 W (3)[184:kworker/3:1]WARN: cpu=3, domain=MC: incr. energy eff 233[4]->235[5]
09-02 23:50:32.720   184   184 W (3)[184:kworker/3:1]WARN: cpu=3, domain=MC: incr. energy eff 231[6]->232[7]
09-02 23:50:32.720   184   184 W (3)[184:kworker/3:1]WARN: cpu=3, domain=MC: incr. energy eff 231[8]->231[9]
09-02 23:50:32.720   184   184 W (3)[184:kworker/3:1]WARN: cpu=2, domain=MC: incr. energy eff 199[0]->205[1]
09-02 23:50:32.720   184   184 W (3)[184:kworker/3:1]WARN: cpu=2, domain=MC: incr. energy eff 205[1]->220[2]
09-02 23:50:32.720   184   184 W (3)[184:kworker/3:1]WARN: cpu=2, domain=MC: incr. energy eff 220[2]->233[3]
09-02 23:50:32.720   184   184 W (3)[184:kworker/3:1]WARN: cpu=2, domain=MC: incr. energy eff 233[3]->233[4]
09-02 23:50:32.720   184   184 W (3)[184:kworker/3:1]WARN: cpu=2, domain=MC: incr. energy eff 233[4]->235[5]
09-02 23:50:32.720   184   184 W (3)[184:kworker/3:1]WARN: cpu=2, domain=MC: incr. energy eff 231[6]->232[7]
09-02 23:50:32.720   184   184 W (3)[184:kworker/3:1]WARN: cpu=2, domain=MC: incr. energy eff 231[8]->231[9]
09-02 23:50:32.720   184   184 W (3)[184:kworker/3:1]WARN: cpu=1, domain=MC: incr. energy eff 199[0]->205[1]
09-02 23:50:32.720   184   184 W (3)[184:kworker/3:1]WARN: cpu=1, domain=MC: incr. energy eff 205[1]->220[2]
09-02 23:50:32.720   184   184 W (3)[184:kworker/3:1]WARN: cpu=1, domain=MC: incr. energy eff 220[2]->233[3]
09-02 23:50:32.720   184   184 W (3)[184:kworker/3:1]WARN: cpu=1, domain=MC: incr. energy eff 233[3]->233[4]
09-02 23:50:32.720   184   184 W (3)[184:kworker/3:1]WARN: cpu=1, domain=MC: incr. energy eff 233[4]->235[5]
09-02 23:50:32.720   184   184 W (3)[184:kworker/3:1]WARN: cpu=1, domain=MC: incr. energy eff 231[6]->232[7]
09-02 23:50:32.720   184   184 W (3)[184:kworker/3:1]WARN: cpu=1, domain=MC: incr. energy eff 231[8]->231[9]
09-02 23:50:32.720   184   184 W (3)[184:kworker/3:1]WARN: cpu=0, domain=MC: incr. energy eff 199[0]->205[1]
09-02 23:50:32.720   184   184 W (3)[184:kworker/3:1]WARN: cpu=0, domain=MC: incr. energy eff 205[1]->220[2]
09-02 23:50:32.720   184   184 W (3)[184:kworker/3:1]WARN: cpu=0, domain=MC: incr. energy eff 220[2]->233[3]
09-02 23:50:32.720   184   184 W (3)[184:kworker/3:1]WARN: cpu=0, domain=MC: incr. energy eff 233[3]->233[4]
09-02 23:50:32.720   184   184 W (3)[184:kworker/3:1]WARN: cpu=0, domain=MC: incr. energy eff 233[4]->235[5]
09-02 23:50:32.720   184   184 W (3)[184:kworker/3:1]WARN: cpu=0, domain=MC: incr. energy eff 231[6]->232[7]
09-02 23:50:32.720   184   184 W (3)[184:kworker/3:1]WARN: cpu=0, domain=MC: incr. energy eff 231[8]->231[9]
09-02 23:50:32.720   184   184 W (3)[184:kworker/3:1]WARN: cpu=0, domain=DIE: incr. energy eff 544[0]->561[1]
09-02 23:50:32.720   184   184 W (3)[184:kworker/3:1]WARN: cpu=0, domain=DIE: incr. energy eff 561[1]->633[2]
09-02 23:50:32.720   184   184 W (3)[184:kworker/3:1]WARN: cpu=0, domain=DIE: incr. energy eff 633[2]->680[3]
09-02 23:50:32.720   184   184 W (3)[184:kworker/3:1]WARN: cpu=0, domain=DIE: incr. energy eff 680[3]->696[4]
09-02 23:50:32.720   184   184 W (3)[184:kworker/3:1]WARN: cpu=0, domain=DIE: incr. energy eff 696[4]->709[5]
09-02 23:50:32.720   184   184 W (3)[184:kworker/3:1]WARN: cpu=0, domain=DIE: incr. energy eff 693[6]->702[7]
09-02 23:50:32.720   184   184 W (3)[184:kworker/3:1]WARN: cpu=0, domain=DIE: incr. energy eff 702[7]->709[8]
09-02 23:50:32.720   184   184 W (3)[184:kworker/3:1]WARN: cpu=0, domain=DIE: incr. energy eff 709[8]->709[9]
09-02 23:50:32.720   184   184 W (3)[184:kworker/3:1]WARN: cpu=0, domain=DIE: incr. energy eff 692[12]->692[13]
09-02 23:50:32.727   388   388 W -(0)[388:pigz]CPU0: update max cpu_capacity 1024
09-02 23:50:32.786   385   385 I recovery: type=1400 audit(0.0:1307): avc: denied { getattr } for path="/data/media/0/JzT,h7YgLdE7zcGuys0plC" dev="mmcblk0p38" ino=2727 scontext=u:r:recovery:s0 tcontext=u:object_r:media_rw_data_file:s0 tclass=dir permissive=1
09-02 23:50:32.839   385   385 I recovery: type=1400 audit(0.0:1308): avc: denied { read } for name="JzT,h7YgLdE7zcGuys0plC" dev="mmcblk0p38" ino=2727 scontext=u:r:recovery:s0 tcontext=u:object_r:media_rw_data_file:s0 tclass=dir permissive=1
09-02 23:50:32.839   385   385 I recovery: type=1400 audit(0.0:1309): avc: denied { open } for path="/data/media/0/JzT,h7YgLdE7zcGuys0plC" dev="mmcblk0p38" ino=2727 scontext=u:r:recovery:s0 tcontext=u:object_r:media_rw_data_file:s0 tclass=dir permissive=1
09-02 23:50:32.846   385   385 I recovery: type=1400 audit(0.0:1310): avc: denied { read } for name="Yn9qJ3QiKhOl4PlafD2Y7C" dev="mmcblk0p38" ino=2919 scontext=u:r:recovery:s0 tcontext=u:object_r:media_rw_data_file:s0:c512,c768 tclass=dir permissive=1
09-02 23:50:32.846   385   385 I recovery: type=1400 audit(0.0:1311): avc: denied { open } for path="/data/media/0/Yn9qJ3QiKhOl4PlafD2Y7C" dev="mmcblk0p38" ino=2919 scontext=u:r:recovery:s0 tcontext=u:object_r:media_rw_data_file:s0:c512,c768 tclass=dir permissive=1
09-02 23:50:32.861   306   306 I         : (3)[306:mmcqd/1]ldo vmch enable
09-02 23:50:32.862   306   306 I         : (0)[306:mmcqd/1]ldo vmc enable
09-02 23:50:32.862   306   306 I         : (0)[306:mmcqd/1][msdc]msdc1 power on
09-02 23:50:32.887   306   306 I         : (0)[306:mmcqd/1][msdc]msdc1 -> !!! Set<260KHz> Source<191999KHz> -> sclk<259KHz> timing<0> mode<0> div<185> hs400_div_dis<0>
09-02 23:50:32.888   306   306 I         : (0)[306:mmcqd/1][msdc]msdc1 -> !!! Set<400KHz> Source<191999KHz> -> sclk<399KHz> timing<0> mode<0> div<120> hs400_div_dis<0>
09-02 23:50:32.966    28    28 I         : (0)[28:kworker/0:1]MTP, <do_monitor_work(), 1802> IN <174 345 0 0 174 174 345 0 0 >
09-02 23:50:32.966    28    28 I         : (0)[28:kworker/0:1]MTP, <do_monitor_work(), 1807> OUT <174 345 0 0 174 174 345 0 0 >
09-02 23:50:33.079   173   173 I         : (2)[173:disp_check][DISP][ESD]ESD check end, ret = 0
09-02 23:50:33.085   306   306 I         : (0)[306:mmcqd/1]ldo vmc disable
09-02 23:50:33.086   306   306 I         : (0)[306:mmcqd/1]ldo vmc enable
09-02 23:50:33.114   306   306 I         : (3)[306:mmcqd/1][msdc]msdc1 -> !!! Set<400KHz> Source<191999KHz> -> sclk<399KHz> timing<0> mode<0> div<120> hs400_div_dis<0>
09-02 23:50:33.122   306   306 I         : (3)[306:mmcqd/1][msdc]msdc1 -> !!! Set<200000KHz> Source<191999KHz> -> sclk<191999KHz> timing<6> mode<1> div<0> hs400_div_dis<0>
09-02 23:50:33.306   385   385 I recovery: type=1400 audit(0.0:1312): avc: denied { getattr } for path="/data/media/0/JzT,h7YgLdE7zcGuys0plC/RnI+MJ7fofA0wFV4iPUAtD/XamxOOlNSpbmF5jxbR2mWA" dev="mmcblk0p38" ino=2853 scontext=u:r:recovery:s0 tcontext=u:object_r:media_rw_data_file:s0:c512,c768 tclass=file permissive=1
09-02 23:50:33.631   396   396 I adbd    : UsbFfs: already offline
09-02 23:50:33.631   396   396 I adbd    : authentication not required
09-02 23:50:33.676   385   385 W -(2)[385:recovery]mtp_read: 841 callbacks suppressed
09-02 23:50:33.677   385   385 I         : (2)[385:recovery]MTP, <protocol_dump(), 134> H<10 98010001 34e>
09-02 23:50:33.677   385   385 W -(2)[385:recovery]mtp_write: 1686 callbacks suppressed
