09-02 20:10:22.681  2094  2094 W -(0)[2094:recovery] r10: 00000036 r9:00000000 r8:00000000 r7:c120a188 r6:00000002 r5:00000000
09-02 20:10:22.681  2094  2094 W -(0)[2094:recovery] r4: 00000000
09-02 20:10:22.681  2094  2094 W         : -(0)[2094:recovery][<c0813144>] (mtkfb_blank) from [<c04c3fd8>] (fb_blank+0x6c/0xb8)
09-02 20:10:22.681  2094  2094 W -(0)[2094:recovery] r6: 00000000 r5:c120a188 r4:c5b2c800 r3:c0813144
09-02 20:10:22.681  2094  2094 W         : -(0)[2094:recovery][<c04c3f6c>] (fb_blank) from [<c04c4a9c>] (do_fb_ioctl+0x68c/0x750)
09-02 20:10:22.681  2094  2094 W -(0)[2094:recovery] r6: 00004611 r5:00000000 r4:c5b2c800
09-02 20:10:22.681  2094  2094 W         : -(0)[2094:recovery][<c04c4410>] (do_fb_ioctl) from [<c04c5594>] (fb_ioctl+0x44/0x54)
09-02 20:10:22.681  2094  2094 W -(0)[2094:recovery] r8: 00000000 r7:00000000 r6:e3b95300 r5:c5dc6bc8 r4:00000000
09-02 20:10:22.681  2094  2094 W         : -(0)[2094:recovery][<c04c5550>] (fb_ioctl) from [<c02b9694>] (vfs_ioctl+0x20/0x3c)
09-02 20:10:22.681  2094  2094 W         : -(0)[2094:recovery][<c02b9674>] (vfs_ioctl) from [<c02b9f94>] (do_vfs_ioctl+0x7a0/0x8f8)
09-02 20:10:22.681  2094  2094 W         : -(0)[2094:recovery][<c02b97f4>] (do_vfs_ioctl) from [<c02ba140>] (SyS_ioctl+0x54/0x7c)
09-02 20:10:22.681  2094  2094 W -(0)[2094:recovery] r10: 00000036 r9:00000000 r8:00004611 r7:00000000 r6:e3b95300 r5:e3b95300
09-02 20:10:22.681  2094  2094 W -(0)[2094:recovery] r4: 00000000
09-02 20:10:22.681  2094  2094 W         : -(0)[2094:recovery][<c02ba0ec>] (SyS_ioctl) from [<c0107ac0>] (ret_fast_syscall+0x0/0x54)
09-02 20:10:22.681  2094  2094 W -(0)[2094:recovery] r9: e2eb0000 r8:c0107cc4 r7:00000036 r6:00000000 r5:b1b53124 r4:b1b53124
09-02 20:10:22.681  2094  2094 I (0)[2094:recovery][DISP]skip_update: 0
09-02 20:10:22.681  2094  2094 I         : (0)[2094:recovery][DISP][FB Driver] leave late_resume
09-02 20:10:22.682  2094  2094 I (0)[2094:recovery][DISP]AOD check: succeed to set FB power mode FB_SUSPEND to FB_RESUME
09-02 20:10:22.714   172   172 I         : (1)[172:disp_check][DISP][ESD]ESD check end, ret = 0
09-02 20:10:22.720  2094  2094 I (0)[2094:recovery][Power/PPM] @ppm_lcmoff_switch: onoff = 1
09-02 20:10:22.720  2094  2094 I (0)[2094:recovery]mtk-tpd: [tpd_fb_notifier_callback:458] tpd_fb_notifier_callback
09-02 20:10:22.720  2094  2094 I (0)[2094:recovery]mtk-tpd: [tpd_fb_notifier_callback:466] fb_notify(blank=0)
09-02 20:10:22.720  2094  2094 I (0)[2094:recovery]mtk-tpd: [tpd_fb_notifier_callback:469] LCD ON Notify
09-02 20:10:22.720    80    80 I (2)[80:kworker/u8:2]mtk-tpd: [touch_resume_workqueue_callback:446] GTP touch_resume_workqueue_callback
09-02 20:10:22.720    80    80 I (2)[80:kworker/u8:2][tlsc]tlsc6x_tpd_reset: Enter
09-02 20:10:22.720    80    80 I (2)[80:kworker/u8:2][tlsc]tlsc6x_tpd_reset_force: Enter
09-02 20:10:22.720    80    80 I (2)[80:kworker/u8:2]mtk-tpd: [tpd_gpio_output:168] tpd_gpio_output pin = 0, level = 0
09-02 20:10:22.721  2094  2094 I (0)[2094:recovery][PWM] disp_pwm_set_backlight_cmdq: (id = 0x1, level_1024 = 1023), old = 0
09-02 20:10:22.721  2094  2094 I (0)[2094:recovery][PWM] disp_pwm_backlight_status: backlight is on (1023), power:(1), pwm id: (0)
09-02 20:10:22.747    80    80 I (0)[80:kworker/u8:2]mtk-tpd: [tpd_gpio_output:168] tpd_gpio_output pin = 0, level = 1
09-02 20:10:22.753  2094  2094 I (0)[2094:recovery]EXT4-fs (mmcblk0p16): mounted filesystem with ordered data mode. Opts:
09-02 20:10:22.728  2094  2094 I chatty  : uid=0(root) identical 2 lines
09-02 20:10:22.731  2094  2094 W recovery: [libfs_mgr]Warning: unknown flag: resize
09-02 20:10:22.794  2094  2094 E recovery: DM_DEV_CREATE failed for [product]: Device or resource busy
09-02 20:10:22.794  2094  2094 E recovery: [libfs_mgr]Could not create logical partition: product
09-02 20:10:22.792  2094  2094 I recovery: type=1400 audit(0.0:2668): avc: denied { ioctl } for path="/dev/block/dm-1" dev="tmpfs" ino=11563 ioctlcmd=0x5331 scontext=u:r:recovery:s0 tcontext=u:object_r:dm_device:s0 tclass=blk_file permissive=1
09-02 20:10:22.818  2094  2094 I recovery: type=1400 audit(0.0:2669): avc: denied { ioctl } for path="/dev/block/dm-2" dev="tmpfs" ino=15566 ioctlcmd=0x5331 scontext=u:r:recovery:s0 tcontext=u:object_r:dm_device:s0 tclass=blk_file permissive=1
09-02 20:10:22.835  2094  2094 I (0)[2094:recovery]EXT4-fs (dm-2): mounted filesystem without journal. Opts:
09-02 20:10:22.845  2094  2094 I recovery: type=1400 audit(0.0:2670): avc: denied { ioctl } for path="/dev/block/dm-0" dev="tmpfs" ino=15557 ioctlcmd=0x5331 scontext=u:r:recovery:s0 tcontext=u:object_r:dm_device:s0 tclass=blk_file permissive=1
09-02 20:10:22.862  2094  2094 I (0)[2094:recovery]EXT4-fs (dm-0): mounted filesystem without journal. Opts:
09-02 20:10:22.924   192   192 I         : (2)[192:kworker/2:1]usb_state<CONFIGURED>
09-02 20:10:22.972  2094  2094 I recovery: type=1400 audit(0.0:2671): avc: denied { ioctl } for path="/dev/block/dm-1" dev="tmpfs" ino=11563 ioctlcmd=0x5331 scontext=u:r:recovery:s0 tcontext=u:object_r:dm_device:s0 tclass=blk_file permissive=1
09-02 20:10:22.975  2094  2094 I recovery: type=1400 audit(0.0:2672): avc: denied { ioctl } for path="/dev/block/dm-2" dev="tmpfs" ino=15566 ioctlcmd=0x5331 scontext=u:r:recovery:s0 tcontext=u:object_r:dm_device:s0 tclass=blk_file permissive=1
09-02 20:10:22.991  2094  2094 I (0)[2094:recovery]EXT4-fs (dm-2): mounted filesystem without journal. Opts:
09-02 20:10:23.040  2094  2094 I (0)[2094:recovery]F2FS-fs (mmcblk0p38): Reduce reserved blocks for root = 5871
09-02 20:10:23.059  2094  2094 I (0)[2094:recovery]F2FS-fs (mmcblk0p38): Found nat_bits in checkpoint
09-02 20:10:23.235  2094  2094 I (0)[2094:recovery]F2FS-fs (mmcblk0p38): Mounted with checkpoint version = b1edb7
09-02 20:10:23.265  2094  2094 I recovery: type=1400 audit(0.0:2673): avc: denied { ioctl } for path="/dev/block/dm-1" dev="tmpfs" ino=11563 ioctlcmd=0x5331 scontext=u:r:recovery:s0 tcontext=u:object_r:dm_device:s0 tclass=blk_file permissive=1
09-02 20:10:23.292  2094  2094 I recovery: type=1400 audit(0.0:2674): avc: denied { ioctl } for path="/dev/block/dm-2" dev="tmpfs" ino=15566 ioctlcmd=0x5331 scontext=u:r:recovery:s0 tcontext=u:object_r:dm_device:s0 tclass=blk_file permissive=1
09-02 20:10:23.310  2094  2094 I (0)[2094:recovery]EXT4-fs (dm-2): mounted filesystem without journal. Opts:
09-02 20:10:23.328  2094  2094 I recovery: type=1400 audit(0.0:2675): avc: denied { ioctl } for path="/dev/block/dm-0" dev="tmpfs" ino=15557 ioctlcmd=0x5331 scontext=u:r:recovery:s0 tcontext=u:object_r:dm_device:s0 tclass=blk_file permissive=1
09-02 20:10:23.346  2094  2094 I (0)[2094:recovery]EXT4-fs (dm-0): mounted filesystem without journal. Opts:
09-02 20:10:23.386  2094  2094 I (0)[2094:recovery]EXT4-fs (mmcblk0p11): mounted filesystem with ordered data mode. Opts: discard
09-02 20:10:23.410     0     0 W (0)[0:swapper/0][mcdi]mcdi cpu: 0, 0, 0, 0, cluster : 0, pause = 0, multi core = 0, latency = 0, residency = 0, last core = 0, avail cpu = 000f, cluster = 0001, enabled = 0, max_s_state = 5, system_idle_hint = 00000000
09-02 20:10:23.416  2094  2094 I (0)[2094:recovery]F2FS-fs (mmcblk0p38): Reduce reserved blocks for root = 5871
09-02 20:10:23.436  2094  2094 I (0)[2094:recovery]F2FS-fs (mmcblk0p38): Found nat_bits in checkpoint
09-02 20:10:23.611  2094  2094 I (0)[2094:recovery]F2FS-fs (mmcblk0p38): Mounted with checkpoint version = b1edb9
09-02 20:10:23.784     0     0 I (1)[227:mtk-tpd][tlsc]esd_check_work: Enter
09-02 20:10:24.847   172   172 I         : (2)[172:disp_check][DISP][ESD]ESD check end, ret = 0
09-02 20:10:25.015  2110  2110 E (0)[2110:init]: failed to write pid to files: couldn't write 2110 to /dev/cpuset/system-background/tasks: No such file or directory
09-02 20:10:25.032  2110  2110 E ProcessState: Binder driver protocol(8) does not match user space protocol(7)! ioctl() return value: 0
09-02 20:10:25.032  2110  2110 E ProcessState: Binder ioctl to set max threads failed: Bad file descriptor
09-02 20:10:25.033  2110  2110 F ProcessState: Binder driver '/dev/vndbinder' could not be opened.  Terminating.
09-02 20:10:25.033  2110  2110 F libc    : Fatal signal 6 (SIGABRT), code -1 (SI_QUEUE) in tid 2110 (vndservicemanag), pid 2110 (vndservicemanag)
09-02 20:10:25.034  2112  2112 F libc    : failed to exec crash_dump helper: No such file or directory
09-02 20:10:25.035  2110  2110 F libc    : crash_dump helper failed to exec
09-02 20:10:25.040     1     1 I (2)[1:init]: Service 'vndservicemanager' (pid 2110) received signal 6
09-02 20:10:25.040     1     1 I (2)[1:init]: Sending signal 9 to service 'vndservicemanager' (pid 2110) process group...
09-02 20:10:25.040     1     1 I (2)[1:init]libprocessgroup: Successfully killed process cgroup uid 0 pid 2110 in 0ms
09-02 20:10:25.042     1     1 I (0)[1:init]: Untracked pid 2112 exited with status 1
09-02 20:10:25.049  2109  2109 E hw-ProcessState: Binder driver protocol(8) does not match user space protocol(7)!
09-02 20:10:25.049  2109  2109 E hw-ProcessState: Binder ioctl to set max threads failed: Bad file descriptor
09-02 20:10:25.049  2109  2109 F hw-ProcessState: Binder driver could not be opened. Terminating.
09-02 20:10:25.049  2109  2109 F libc    : Fatal signal 6 (SIGABRT), code -1 (SI_QUEUE) in tid 2109 (hwservicemanage), pid 2109 (hwservicemanage)
09-02 20:10:25.051  2114  2114 F libc    : failed to exec crash_dump helper: No such file or directory
09-02 20:10:25.052  2109  2109 F libc    : crash_dump helper failed to exec
09-02 20:10:25.056     1     1 I (0)[1:init]: Service 'hwservicemanager' (pid 2109) received signal 6
09-02 20:10:25.056     1     1 I (0)[1:init]: Sending signal 9 to service 'hwservicemanager' (pid 2109) process group...
09-02 20:10:25.057     1     1 I (0)[1:init]libprocessgroup: Successfully killed process cgroup uid 0 pid 2109 in 0ms
09-02 20:10:25.058     1     1 I (3)[1:init]: Untracked pid 2114 exited with status 1
09-02 20:10:25.103  2094  2094 I (0)[2094:recovery]EXT4-fs (mmcblk0p37): mounted filesystem with ordered data mode. Opts: noauto_da_alloc,discard
09-02 20:10:25.143  2094  2094 I (0)[2094:recovery]EXT4-fs (mmcblk0p13): mounted filesystem with ordered data mode. Opts: noauto_da_alloc,commit=1,nodelalloc
09-02 20:10:25.180  2094  2094 I (0)[2094:recovery]EXT4-fs (mmcblk0p14): mounted filesystem with ordered data mode. Opts: noauto_da_alloc,commit=1,nodelalloc
09-02 20:10:25.216  2094  2094 I (0)[2094:recovery]EXT4-fs (mmcblk0p10): mounted filesystem with ordered data mode. Opts: noauto_da_alloc,commit=1,nodelalloc
09-02 20:10:25.248  2094  2094 I (0)[2094:recovery]EXT4-fs (mmcblk0p9): mounted filesystem with ordered data mode. Opts: noauto_da_alloc,commit=1,nodelalloc
09-02 20:10:25.286  2094  2094 I (0)[2094:recovery]EXT4-fs (mmcblk0p16): mounted filesystem with ordered data mode. Opts: noauto_da_alloc,commit=1,nodelalloc
09-02 20:10:25.312  2094  2094 I (0)[2094:recovery]EXT4-fs (mmcblk0p9): mounted filesystem with ordered data mode. Opts:
09-02 20:10:25.346  2094  2094 I (0)[2094:recovery]EXT4-fs (mmcblk0p10): mounted filesystem with ordered data mode. Opts:
09-02 20:10:25.372  2094  2094 I (0)[2094:recovery]EXT4-fs (mmcblk0p16): mounted filesystem with ordered data mode. Opts:
09-02 20:10:25.397  2094  2094 I (0)[2094:recovery]EXT4-fs (mmcblk0p13): mounted filesystem with ordered data mode. Opts:
09-02 20:10:25.442  2094  2094 I (0)[2094:recovery]EXT4-fs (mmcblk0p14): mounted filesystem with ordered data mode. Opts:
09-02 20:10:25.484  2094  2094 I (0)[2094:recovery]F2FS-fs (mmcblk0p38): Reduce reserved blocks for root = 5871
09-02 20:10:25.503  2094  2094 I (2)[2094:recovery]F2FS-fs (mmcblk0p38): Found nat_bits in checkpoint
09-02 20:10:25.679  2094  2094 I (0)[2094:recovery]F2FS-fs (mmcblk0p38): Mounted with checkpoint version = b1edbb
09-02 20:10:25.695  2094  2094 I recovery: type=1400 audit(0.0:2676): avc: denied { ioctl } for path="/dev/block/dm-1" dev="tmpfs" ino=11563 ioctlcmd=0x5331 scontext=u:r:recovery:s0 tcontext=u:object_r:dm_device:s0 tclass=blk_file permissive=1
09-02 20:10:25.707   202   202 I (1)[202:rpmb_open]Trustonic TEE: request_send: daemon not connected after 80s, waiting
09-02 20:10:25.728  2094  2094 I recovery: type=1400 audit(0.0:2677): avc: denied { ioctl } for path="/dev/block/dm-2" dev="tmpfs" ino=15566 ioctlcmd=0x5331 scontext=u:r:recovery:s0 tcontext=u:object_r:dm_device:s0 tclass=blk_file permissive=1
09-02 20:10:25.747  2094  2094 I (0)[2094:recovery]EXT4-fs (dm-2): mounted filesystem without journal. Opts:
09-02 20:10:25.772  2094  2094 I recovery: type=1400 audit(0.0:2678): avc: denied { ioctl } for path="/dev/block/dm-0" dev="tmpfs" ino=15557 ioctlcmd=0x5331 scontext=u:r:recovery:s0 tcontext=u:object_r:dm_device:s0 tclass=blk_file permissive=1
09-02 20:10:25.790  2094  2094 I (0)[2094:recovery]EXT4-fs (dm-0): mounted filesystem without journal. Opts:
09-02 20:10:25.817  2094  2094 I (0)[2094:recovery]EXT4-fs (mmcblk0p11): mounted filesystem with ordered data mode. Opts: discard
09-02 20:10:26.337    79    79 I         : (2)[79:kworker/u8:1][fgauge_read_current] final current=345 (ratio=1000)
09-02 20:10:26.337    79    79 I         : (2)[79:kworker/u8:1][CH3_DBG] bat_cur = 345
09-02 20:10:26.338    79    79 I (1)[79:kworker/u8:1]mt635x-auxadc mt635x-auxadc: name:BAT_TEMP, channel=3, adc_out=0x5bb, adc_result=644
09-02 20:10:26.338    79    79 I         : (1)[79:kworker/u8:1][fgauge_read_current] final current=345 (ratio=1000)
09-02 20:10:26.338    79    79 I         : (1)[79:kworker/u8:1][BattVoltToTemp] 643 16900 1800 -1
09-02 20:10:26.338    79    79 I         : (1)[79:kworker/u8:1][force_get_tbat] 644,643,1,34,100,268 r:320 100 0
09-02 20:10:26.338    79    79 I (1)[79:kworker/u8:1][force_get_tbat] t: 26 precise:268
09-02 20:10:26.551    79    79 I (0)[79:kworker/u8:1]mt635x-auxadc mt635x-auxadc: name:VCORE_TEMP, channel=4, adc_out=0x601, adc_result=675
09-02 20:10:26.551    80    80 I (0)[80:kworker/u8:2]mt635x-auxadc mt635x-auxadc: name:VPROC_TEMP, channel=4, adc_out=0x5fe, adc_result=674
09-02 20:10:26.980   172   172 I         : (2)[172:disp_check][DISP][ESD]ESD check end, ret = 0
09-02 20:10:27.263  2094  2094 I (0)[2094:recovery]EXT4-fs (mmcblk0p37): mounted filesystem with ordered data mode. Opts: noauto_da_alloc,discard
09-02 20:10:27.303  2094  2094 I (0)[2094:recovery]EXT4-fs (mmcblk0p13): mounted filesystem with ordered data mode. Opts: noauto_da_alloc,commit=1,nodelalloc
09-02 20:10:27.340  2094  2094 I (0)[2094:recovery]EXT4-fs (mmcblk0p14): mounted filesystem with ordered data mode. Opts: noauto_da_alloc,commit=1,nodelalloc
09-02 20:10:27.368  2094  2094 I (0)[2094:recovery]EXT4-fs (mmcblk0p10): mounted filesystem with ordered data mode. Opts: noauto_da_alloc,commit=1,nodelalloc
09-02 20:10:27.401  2094  2094 I (1)[2094:recovery]EXT4-fs (mmcblk0p9): mounted filesystem with ordered data mode. Opts: noauto_da_alloc,commit=1,nodelalloc
09-02 20:10:27.440  2094  2094 I (0)[2094:recovery]EXT4-fs (mmcblk0p16): mounted filesystem with ordered data mode. Opts: noauto_da_alloc,commit=1,nodelalloc
09-02 20:10:27.473  2094  2094 I (0)[2094:recovery]EXT4-fs (mmcblk0p9): mounted filesystem with ordered data mode. Opts:
09-02 20:10:27.502  2094  2094 I (0)[2094:recovery]EXT4-fs (mmcblk0p10): mounted filesystem with ordered data mode. Opts:
09-02 20:10:27.539  2094  2094 I (0)[2094:recovery]EXT4-fs (mmcblk0p16): mounted filesystem with ordered data mode. Opts:
09-02 20:10:27.575  2094  2094 I (0)[2094:recovery]EXT4-fs (mmcblk0p13): mounted filesystem with ordered data mode. Opts:
09-02 20:10:27.610  2094  2094 I (0)[2094:recovery]EXT4-fs (mmcblk0p14): mounted filesystem with ordered data mode. Opts:
09-02 20:10:27.684  2169  2169 I (3)[2169:sh][DISP][mtkfb_ioctl #1613]warn: mtkfb_ioctl Not support, info=0x21d257fc, cmd=0x00005401, arg=0xbee19c08
09-02 20:10:27.784     0     0 I (0)[227:mtk-tpd][tlsc]esd_check_work: Enter
09-02 20:10:28.044   192   192 I         : (2)[192:kworker/2:1]usb_state<CONFIGURED>
09-02 20:10:28.045    84    84 I         : (2)[84:dlpt_notify_thr][MDRT_ADC] OLD = 0x3b35, NOW = 0x3b0f, CNT = 0
09-02 20:10:28.045    84    84 I (2)[84:dlpt_notify_thr]mt635x-auxadc mt635x-auxadc: name:BATADC, channel=0, adc_out=0x6743, adc_result=4356
09-02 20:10:28.048    84    84 I (2)[84:dlpt_notify_thr]mt635x-auxadc mt635x-auxadc: name:BATADC, channel=0, adc_out=0x6759, adc_result=4359
09-02 20:10:28.048    84    84 I         : (2)[84:dlpt_notify_thr][PBM] [ma_to_mw] 4359(mV) * 4851(mA) = 21145(mW)
09-02 20:10:28.048    84    84 I         : (2)[84:dlpt_notify_thr][DLPT_final] 4851,100,100,1,5500
09-02 20:10:28.075  2094  2094 I recovery: type=1400 audit(0.0:2679): avc: denied { ioctl } for path="/dev/block/dm-1" dev="tmpfs" ino=11563 ioctlcmd=0x5331 scontext=u:r:recovery:s0 tcontext=u:object_r:dm_device:s0 tclass=blk_file permissive=1
09-02 20:10:28.104  2094  2094 F libc    : Fatal signal 11 (SIGSEGV), code 1 (SEGV_MAPERR), fault addr 0x2c in tid 2094 (recovery), pid 2094 (recovery)
09-02 20:10:28.111  2181  2181 F libc    : failed to exec crash_dump helper: No such file or directory
09-02 20:10:28.112  2094  2094 F libc    : crash_dump helper failed to exec
09-02 20:10:28.231     1     1 I (1)[1:init]: Service 'recovery' (pid 2094) received signal 11
09-02 20:10:28.290  2182  2182 W libc    : Unable to set property "ro.twrp.boot" to "1": error code: 0xb
09-02 20:10:28.290  2182  2182 W libc    : Unable to set property "ro.twrp.version" to "3.6.0_11-TEST_MRMAZAK_v1": error code: 0xb
09-02 20:10:28.295  2182  2182 E (0)[2182:recovery]PVR_K: (Error):  2182: PVRSRVCommonDeviceOpen: Driver already in bad state. Device open failed.
09-02 20:10:28.297  2182  2182 I (0)[2182:recovery]mtk-tpd: [tpd_fb_notifier_callback:458] tpd_fb_notifier_callback
09-02 20:10:28.297  2182  2182 I         : (0)[2182:recovery][DISP][FB Driver] enter early_suspend
09-02 20:10:28.334  2182  2182 I         : (0)[2182:recovery][DISP]primary_display_suspend begin
09-02 20:10:28.334  2182  2182 I (0)[2182:recovery][DISP][disp_lowpower]_release_wrot_resource_nolock: use_wrot_sram:1
09-02 20:10:28.346    80    80 I         : (1)[80:kworker/u8:2][CMDQ][Res]resource clock engine:0x100 enable:false
09-02 20:10:28.363  2182  2182 I         : (0)[2182:recovery][DISP][POWER]primary display path is busy now, wait frame done, event_ret=295
09-02 20:10:28.363  2182  2182 I         : (0)[2182:recovery][DISP][POWER]display cmdq trigger loop stop
09-02 20:10:28.363  2182  2182 I         : (0)[2182:recovery][DISP]primary display STOP cmdq trigger loop finished
09-02 20:10:28.363  2182  2182 I (0)[2182:recovery][DISP]dsi stop: brust mode(vdo mode lcm)
09-02 20:10:28.363  2182  2182 I         : (0)[2182:recovery][DISP][POWER]primary display path stop[end]
09-02 20:10:28.414     0     0 W (3)[0:swapper/3][mcdi]mcdi cpu: 0, 0, 0, 0, cluster : 0, pause = 0, multi core = 0, latency = 0, residency = 0, last core = 0, avail cpu = 000f, cluster = 0001, enabled = 0, max_s_state = 5, system_idle_hint = 00000000
09-02 20:10:28.533     0     0 I -(0)[0:swapper/0]mtk_charger_alarm_timer_func: not suspend, wake up charger
09-02 20:10:28.533   229   229 I         : (0)[229:charger_thread][fgauge_read_current] final current=864 (ratio=1000)
09-02 20:10:28.535   229   229 I (0)[229:charger_thread]mt635x-auxadc mt635x-auxadc: name:ISENSE, channel=0, adc_out=0x68d3, adc_result=4422
09-02 20:10:28.537   229   229 I (0)[229:charger_thread]mt635x-auxadc mt635x-auxadc: name:BATADC, channel=0, adc_out=0x6848, adc_result=4399
09-02 20:10:28.539   229   229 I (0)[229:charger_thread]mt635x-auxadc mt635x-auxadc: name:BATADC, channel=0, adc_out=0x684b, adc_result=4399
09-02 20:10:28.539   229   229 I         : (0)[229:charger_thread][fgauge_read_current] final current=729 (ratio=1000)
09-02 20:10:28.539   229   229 I         : (0)[229:charger_thread][CH3_DBG] bat_cur = 729
09-02 20:10:28.540   229   229 I         : (0)[229:charger_thread][fgauge_read_current] final current=785 (ratio=1000)
09-02 20:10:28.540   229   229 I         : (0)[229:charger_thread][BattVoltToTemp] 644 16900 1800 -3
09-02 20:10:28.540   229   229 I         : (0)[229:charger_thread][force_get_tbat] 647,644,1,78,100,267 r:320 100 0
09-02 20:10:28.540   229   229 I (0)[229:charger_thread][force_get_tbat] t: 26 precise:267
09-02 20:10:28.540   229   229 I (0)[229:charger_thread]Vbat=4399,Ibat=864,I=338,VChr=4986,T=26,Soc=99: 100,CT:1:1 hv:1 pd:0:0
09-02 20:10:28.540   229   229 I (0)[229:charger_thread]mtk_charger_start_timer: alarm timer start:0, 151 559913776
09-02 20:10:28.540   229   229 I         : -(0)[229:charger_thread]alarmtimer_enqueue, 151559913776
09-02 20:10:28.540   229   229 I         : (0)[229:charger_thread][fgauge_read_current] final current=785 (ratio=1000)
09-02 20:10:28.540   229   229 I         : (0)[229:charger_thread][CH3_DBG] bat_cur = 785
09-02 20:10:28.541   229   229 I         : (0)[229:charger_thread][fgauge_read_current] final current=785 (ratio=1000)
09-02 20:10:28.541   229   229 I         : (0)[229:charger_thread][BattVoltToTemp] 645 16900 1800 -3
09-02 20:10:28.541   229   229 I         : (0)[229:charger_thread][force_get_tbat] 648,645,1,78,100,266 r:320 100 0
09-02 20:10:28.541   229   229 I (0)[229:charger_thread][force_get_tbat] t: 26 precise:266
09-02 20:10:28.541   229   229 I         : (0)[229:charger_thread][BATTER_ID_0] bat_id_valtage = 1044(mV)
09-02 20:10:28.541   229   229 I         : (0)[229:charger_thread][SW_JEITA] Battery Normal Temperature between 13 and 51 !!
09-02 20:10:28.541   229   229 I (0)[229:charger_thread][SW_JEITA]preState: 3 newState:3 tmp:26 cv:0
09-02 20:10:28.542   229   229 I (0)[229:charger_thread]tmp: 26 (jeita:1 sm:3 cv:0 en:1) (sm:1) en:1 c:0 s:0 ov:0 1 1
09-02 20:10:28.542   229   229 I         : (0)[229:charger_thread]mtk_switch_charging_run [1 0], timer=128
09-02 20:10:28.542   229   229 I         : (0)[229:charger_thread][fgauge_read_current] final current=782 (ratio=1000)
09-02 20:10:28.542   229   229 I         : (0)[229:charger_thread][CH3_DBG] bat_cur = 782
09-02 20:10:28.543   229   229 I         : (0)[229:charger_thread][fgauge_read_current] final current=782 (ratio=1000)
09-02 20:10:28.543   229   229 I         : (0)[229:charger_thread][BattVoltToTemp] 643 16900 1800 -3
09-02 20:10:28.543   229   229 I         : (0)[229:charger_thread][force_get_tbat] 646,643,1,78,100,268 r:320 100 0
09-02 20:10:28.543   229   229 I (0)[229:charger_thread][force_get_tbat] t: 26 precise:268
09-02 20:10:28.543   229   229 I (0)[229:charger_thread]pe40_ready: 0 hv:1 thermal:-1,-1 tmp:26,39,16 pps:0 en:0 ibus:0 80
09-02 20:10:28.543   229   229 I (0)[229:charger_thread]force: 0 thermal:-1,-1 pe4:-1,-1,0 setting:500 500 type:1 usb_unlimited:0 usbif:0 usbsm:2 aicl:-1 atm:0
09-02 20:10:28.543   229   229 E         : (0)[229:charger_thread]zzf_500000<=500000, i=1
09-02 20:10:28.543   229   229 E         : (0)[229:charger_thread]array_size = 4
09-02 20:10:28.544   229   229 E         : (0)[229:charger_thread][psc5415e_config_interface] write Reg[1]=0x78 from 0x78
09-02 20:10:28.545   229   229 E         : (0)[229:charger_thread][psc5415e_config_interface] write Reg[5]=0x3 from 0x23
09-02 20:10:28.545   229   229 E         : (0)[229:charger_thread]Can't find closest level
09-02 20:10:28.545   229   229 E         : (0)[229:charger_thread]array_size = 8
09-02 20:10:28.546   229   229 E         : (0)[229:charger_thread][psc5415e_config_interface] write Reg[4]=0x6 from 0x6
09-02 20:10:28.547   229   229 E         : (0)[229:charger_thread][psc5415e_config_interface] write Reg[4]=0x6 from 0x6
09-02 20:10:28.548   229   229 E         : (0)[229:charger_thread][psc5415e_config_interface] write Reg[1]=0x78 from 0x78
09-02 20:10:28.549   229   229 E         : (0)[229:charger_thread][psc5415e_config_interface] write Reg[1]=0x78 from 0x78
09-02 20:10:28.549   229   229 E         : (0)[229:charger_thread]psc5415e calm enable charging
09-02 20:10:28.549   229   229 E         : (0)[229:charger_thread]charging_set_cv_voltage register_value=0x2d 4400000 4400000
09-02 20:10:28.550   229   229 E         : (0)[229:charger_thread][psc5415e_config_interface] write Reg[2]=0xb4 from 0xb4
09-02 20:10:28.551   229   229 E         : (0)[229:charger_thread][psc5415e_config_interface] write Reg[1]=0x78 from 0x78
09-02 20:10:28.551   229   229 E         : (0)[229:charger_thread]psc5415e calm enable charging
09-02 20:10:28.551   229   229 E         : (0)[229:charger_thread][psc5415e_read_interface] Reg[0]=0x10
09-02 20:10:28.551   229   229 E         : (0)[229:charger_thread][psc5415e_read_interface] val=0x1
09-02 20:10:28.551   229   229 I         : (0)[229:charger_thread]info->enable_sw_safety_timer(0)
09-02 20:10:28.552   229   229 E         : (0)[229:charger_thread]psc5415e cz [0x0]=0x10
09-02 20:10:28.552   229   229 E         : (0)[229:charger_thread]psc5415e cz [0x1]=0x78
09-02 20:10:28.553   229   229 E         : (0)[229:charger_thread]psc5415e cz [0x2]=0xb4
09-02 20:10:28.554   229   229 E         : (0)[229:charger_thread]psc5415e cz [0x3]=0xf0
09-02 20:10:28.554   229   229 E         : (0)[229:charger_thread]psc5415e cz [0x4]=0x6
09-02 20:10:28.555   229   229 E         : (0)[229:charger_thread]psc5415e cz [0x5]=0x23
09-02 20:10:28.555   229   229 E         : (0)[229:charger_thread]psc5415e cz [0x6]=0x7f
09-02 20:10:28.555     0     0 E         : (0)[229:charger_thread]
09-02 20:10:28.584  2182  2182 I         : (0)[2182:recovery][DISP][POWER]lcm suspend[end]
09-02 20:10:28.584  2182  2182 I (0)[2182:recovery][PWM] disp_pwm_backlight_status: backlight is off, power:(0), pwm id: (0)
09-02 20:10:28.588  2182  2182 I         : (0)[2182:recovery][DISP][POWER]dpmanager path power off[end]
09-02 20:10:28.588  2182  2182 I         : (0)[2182:recovery][DISP]mutex_release_timeout1 <253966463 ns>
09-02 20:10:28.588  2182  2182 W -(0)[2182:recovery]CPU: 0 PID: 2182 Comm: recovery Tainted: G        W       4.14.141+ #1
09-02 20:10:28.588  2182  2182 W -(0)[2182:recovery]Hardware name: Generic DT based system
09-02 20:10:28.588  2182  2182 W -(0)[2182:recovery]Backtrace:  
09-02 20:10:28.588  2182  2182 W         : -(0)[2182:recovery][<c010bf48>] (dump_backtrace) from [<c010c218>] (show_stack+0x18/0x1c)
09-02 20:10:28.588  2182  2182 W -(0)[2182:recovery] r6: c168fe20 r5:60010013 r4:00000000 r3:3aaa6479
09-02 20:10:28.588  2182  2182 W         : -(0)[2182:recovery][<c010c200>] (show_stack) from [<c0c934fc>] (dump_stack+0x84/0xa4)
09-02 20:10:28.588  2182  2182 W         : -(0)[2182:recovery][<c0c93478>] (dump_stack) from [<c081c224>] (_primary_path_unlock+0x6c/0x11c)
09-02 20:10:28.588  2182  2182 W -(0)[2182:recovery] r5: 00000000 r4:0f23387f
09-02 20:10:28.588  2182  2182 W         : -(0)[2182:recovery][<c081c1b8>] (_primary_path_unlock) from [<c0825e24>] (primary_display_suspend+0x440/0x528)
09-02 20:10:28.588  2182  2182 W -(0)[2182:recovery] r9: 00000000 r8:00000000 r7:c120a188 r6:00000002 r5:c168fe00 r4:00000000
09-02 20:10:28.588  2182  2182 W         : -(0)[2182:recovery][<c08259e4>] (primary_display_suspend) from [<c08132f4>] (mtkfb_blank+0x1b0/0x270)
09-02 20:10:28.588  2182  2182 W -(0)[2182:recovery] r5: 00000001 r4:00000000
09-02 20:10:28.588  2182  2182 W         : -(0)[2182:recovery][<c0813144>] (mtkfb_blank) from [<c04c3fd8>] (fb_blank+0x6c/0xb8)
09-02 20:10:28.588  2182  2182 W -(0)[2182:recovery] r6: 00000000 r5:c120a188 r4:c5b2c800 r3:c0813144
09-02 20:10:28.588  2182  2182 W         : -(0)[2182:recovery][<c04c3f6c>] (fb_blank) from [<c04c4a9c>] (do_fb_ioctl+0x68c/0x750)
09-02 20:10:28.588  2182  2182 W -(0)[2182:recovery] r6: 00004611 r5:00000004 r4:c5b2c800
09-02 20:10:28.588  2182  2182 W         : -(0)[2182:recovery][<c04c4410>] (do_fb_ioctl) from [<c04c5594>] (fb_ioctl+0x44/0x54)
09-02 20:10:28.588  2182  2182 W -(0)[2182:recovery] r8: 00000000 r7:00000004 r6:e400d0c0 r5:c5dc6bc8 r4:00000004
09-02 20:10:28.588  2182  2182 W         : -(0)[2182:recovery][<c04c5550>] (fb_ioctl) from [<c02b9694>] (vfs_ioctl+0x20/0x3c)
09-02 20:10:28.588  2182  2182 W         : -(0)[2182:recovery][<c02b9674>] (vfs_ioctl) from [<c02b9f94>] (do_vfs_ioctl+0x7a0/0x8f8)
09-02 20:10:28.588  2182  2182 W         : -(0)[2182:recovery][<c02b97f4>] (do_vfs_ioctl) from [<c02ba140>] (SyS_ioctl+0x54/0x7c)
09-02 20:10:28.588  2182  2182 W -(0)[2182:recovery] r10: 00000036 r9:00000000 r8:00004611 r7:00000004 r6:e400d0c0 r5:e400d0c0
09-02 20:10:28.588  2182  2182 W -(0)[2182:recovery] r4: 00000000
09-02 20:10:28.588  2182  2182 W         : -(0)[2182:recovery][<c02ba0ec>] (SyS_ioctl) from [<c0107ac0>] (ret_fast_syscall+0x0/0x54)
09-02 20:10:28.588  2182  2182 W -(0)[2182:recovery] r9: e4714000 r8:c0107cc4 r7:00000036 r6:ae3fd4b0 r5:ae3fd40c r4:adf99124
09-02 20:10:28.588  2182  2182 I         : (0)[2182:recovery][DISP]primary_display_suspend end
09-02 20:10:28.588  2182  2182 I         : (0)[2182:recovery][DISP][FB Driver] leave early_suspend
09-02 20:10:28.588  2182  2182 I (0)[2182:recovery][DISP]AOD check: succeed to set FB power mode FB_RESUME to FB_SUSPEND
09-02 20:10:28.588  2182  2182 E (0)[2182:recovery][ION]ion_fb_event: + screen-off +
09-02 20:10:28.588  2182  2182 E (0)[2182:recovery][ION]ion_fb_event: - screen-off -
09-02 20:10:28.588  2182  2182 I (0)[2182:recovery][Power/PPM] @ppm_lcmoff_switch: onoff = 0
09-02 20:10:28.588  2182  2182 I (0)[2182:recovery]mtk-tpd: [tpd_fb_notifier_callback:458] tpd_fb_notifier_callback
09-02 20:10:28.588  2182  2182 I (0)[2182:recovery]mtk-tpd: [tpd_fb_notifier_callback:466] fb_notify(blank=4)
09-02 20:10:28.588  2182  2182 I (0)[2182:recovery]mtk-tpd: [tpd_fb_notifier_callback:480] LCD OFF Notify
09-02 20:10:28.588  2182  2182 I (0)[2182:recovery]mtk-tpd: [tpd_fb_notifier_callback:484] cancel resume_workqueue failed
09-02 20:10:28.590  2182  2182 I (0)[2182:recovery]mtk-tpd: [tpd_fb_notifier_callback:458] tpd_fb_notifier_callback
09-02 20:10:28.590  2182  2182 I         : (0)[2182:recovery][DISP][FB Driver] enter late_resume
09-02 20:10:28.590  2182  2182 I         : (0)[2182:recovery][DISP]primary_display_resume begin
09-02 20:10:28.597  2182  2182 I (0)[2182:recovery][DDP/]warn: CG0 0xfec00df0, CG1 0x3ffff
09-02 20:10:28.597  2182  2182 I         : (0)[2182:recovery][DISP]dpmanager path power on[end]
09-02 20:10:28.597  2182  2182 I         : (0)[2182:recovery][DISP]cmd/video mode=1
09-02 20:10:28.597  2182  2182 I (0)[2182:recovery][DDP/OVL]warn: ovl_roi:(480x960)
09-02 20:10:28.597  2182  2182 I (0)[2182:recovery][DDP/DSI]warn: DSI_Set_VM_CMD
09-02 20:10:28.597  2182  2182 I         : (0)[2182:recovery][DISP][POWER]dpmanager re-init[end]
09-02 20:10:28.603   195   195 I         : (0)[195:battery_thread][fg_drv_update_hw_status]=>
09-02 20:10:28.603   195   195 I         : (0)[195:battery_thread][fgauge_read_current] final current=700 (ratio=1000)
09-02 20:10:28.603   195   195 I         : (0)[195:battery_thread][CH3_DBG] bat_cur = 700
09-02 20:10:28.604   195   195 I         : (0)[195:battery_thread][fgauge_read_current] final current=700 (ratio=1000)
09-02 20:10:28.604   195   195 I         : (0)[195:battery_thread][BattVoltToTemp] 644 16900 1800 -2
09-02 20:10:28.604   195   195 I         : (0)[195:battery_thread][force_get_tbat] 646,644,1,70,100,267 r:320 100 0
09-02 20:10:28.604   195   195 I (0)[195:battery_thread][force_get_tbat] t: 26 precise:267
09-02 20:10:28.604   195   195 I         : (0)[195:battery_thread][fg_bat_temp_int_sw_check] tmp 26 lt 65535 ht 65535
09-02 20:10:28.604   195   195 I         : (0)[195:battery_thread][fg_bat_sw_temp_int_l_handler]
09-02 20:10:28.604   195   195 I         : (0)[195:battery_thread][fgauge_read_current] final current=700 (ratio=1000)
09-02 20:10:28.604   195   195 I         : (0)[195:battery_thread][CH3_DBG] bat_cur = 700
09-02 20:10:28.605   195   195 I         : (0)[195:battery_thread][fgauge_read_current] final current=785 (ratio=1000)
09-02 20:10:28.605   195   195 I         : (0)[195:battery_thread][BattVoltToTemp] 644 16900 1800 -3
09-02 20:10:28.605   195   195 I         : (0)[195:battery_thread][force_get_tbat] 647,644,1,78,100,267 r:320 100 0
09-02 20:10:28.605   195   195 I (0)[195:battery_thread][force_get_tbat] t: 26 precise:267
09-02 20:10:28.605   195   195 I         : (0)[195:battery_thread]mtk_battery boot mode =2
09-02 20:10:28.605   195   195 I         : (0)[195:battery_thread][wakeup_fg_algo_recovery] intr_num=0x400
09-02 20:10:28.605   195   195 I         : (0)[195:battery_thread][TempConverBattThermistor] [9326] 25 10000 30 8315 27
09-02 20:10:28.605   195   195 I         : (0)[195:battery_thread][fgauge_read_current] final current=785 (ratio=1000)
09-02 20:10:28.605   195   195 I         : (0)[195:battery_thread][TempToBattVolt] temp 27 R_NTC 9326 V(6400 6432) I 785 CHG 1
09-02 20:10:28.605   195   195 I         : (0)[195:battery_thread][TempConverBattThermistor] [10000] 20 12081 25 10000 25
09-02 20:10:28.605   195   195 I         : (0)[195:battery_thread][TempToBattVolt] temp 25 R_NTC 10000 V(6691 6723) I 785 CHG 1
09-02 20:10:28.605   195   195 I         : (0)[195:battery_thread][fg_bat_temp_int_internal][FG_TEMP_INT] T[26] V[65535 65535] C[27 25] h[6723 6432]
09-02 20:10:28.607   195   195 I         : (0)[195:battery_thread][fgauge_read_current] final current=782 (ratio=1000)
09-02 20:10:28.607   195   195 I         : (0)[195:battery_thread][CH3_DBG] bat_cur = 782
09-02 20:10:28.608   195   195 I         : (0)[195:battery_thread][fgauge_read_current] final current=782 (ratio=1000)
09-02 20:10:28.608   195   195 I         : (0)[195:battery_thread][BattVoltToTemp] 644 16900 1800 -3
09-02 20:10:28.608   195   195 I         : (0)[195:battery_thread][force_get_tbat] 647,644,1,78,100,267 r:320 100 0
09-02 20:10:28.608   195   195 I (0)[195:battery_thread][force_get_tbat] t: 26 precise:267
09-02 20:10:28.608   278   278 I         : (0)[278:kworker/0:2][fgauge_read_current] final current=735 (ratio=1000)
09-02 20:10:28.608   278   278 I         : (0)[278:kworker/0:2][fgauge_read_current] final current=735 (ratio=1000)
09-02 20:10:28.608   195   195 I (0)[195:battery_thread][fg_update_sw_iavg]diff time: 20 iavg:600
09-02 20:10:28.608   195   195 I         : (0)[195:battery_thread][read_boot_battery_plug_out_status] rtc_invalid 0 plugout 1 bat_plug_out_time 31 sp3:0xe4 pl:0 0
09-02 20:10:28.609   195   195 I         : (0)[195:battery_thread][fgauge_read_current] final current=735 (ratio=1000)
09-02 20:10:28.609   195   195 I         : (0)[195:battery_thread][fgauge_get_coulomb] CAR=25 r_fg_value=100 car_tune_value=1000
09-02 20:10:28.611   195   195 I         : (0)[195:battery_thread][fgauge_read_current] final current=707 (ratio=1000)
09-02 20:10:28.611   195   195 I         : (0)[195:battery_thread][CH3_DBG] bat_cur = 707
09-02 20:10:28.612   195   195 I         : (0)[195:battery_thread][fgauge_read_current] final current=707 (ratio=1000)
09-02 20:10:28.612   195   195 I         : (0)[195:battery_thread][BattVoltToTemp] 645 16900 1800 -2
09-02 20:10:28.612   195   195 I         : (0)[195:battery_thread][force_get_tbat] 647,645,1,70,100,266 r:320 100 0
09-02 20:10:28.612   195   195 I (0)[195:battery_thread][force_get_tbat] t: 26 precise:266
09-02 20:10:28.612   195   195 I         : (0)[195:battery_thread]lbat 0 0 1 34500
09-02 20:10:28.612   195   195 I (0)[195:battery_thread]car[25,121,-121,243,-120, cycle_car:0,ncar:10] c: 1 735 vbat:4399 vbus:4957 soc:99 100 gm3:0 0 0 0
09-02 20:10:28.612   195   195 I         : (0)[195:battery_thread][fgauge_get_coulomb] CAR=25 r_fg_value=100 car_tune_value=1000
09-02 20:10:28.612   195   195 I         : (0)[195:battery_thread][fg_bat_nafg][fgauge_get_nag_cnt] 0 [25_16 0 15_0 0]
09-02 20:10:28.612   195   195 I (0)[195:battery_thread][fg_nafg_monitor]time: 141 nafg_cnt:0, now:141, last_t:0
09-02 20:10:28.612   195   195 I (0)[195:battery_thread]tmp: 26 65535 65535 hcar2:243 lcar2:120 time:141 sw_iavg:600 600 0 nafg_m:0 0 0
09-02 20:10:28.612   195   195 I         : (0)[195:battery_thread][fgauge_get_coulomb] CAR=25 r_fg_value=100 car_tune_value=1000
09-02 20:10:28.614   195   195 I         : (0)[195:battery_thread][fgauge_read_current] final current=782 (ratio=1000)
09-02 20:10:28.615   195   195 I chatty  : uid=1036(auditd) identical 1 line
09-02 20:10:28.615   195   195 I         : (0)[195:battery_thread][fgauge_read_current] final current=782 (ratio=1000)
09-02 20:10:28.615   195   195 I         : (0)[195:battery_thread][CH3_DBG] bat_cur = 782
09-02 20:10:28.615   195   195 I         : (0)[195:battery_thread][fgauge_read_current] final current=782 (ratio=1000)
09-02 20:10:28.615   195   195 I         : (0)[195:battery_thread][BattVoltToTemp] 643 16900 1800 -3
09-02 20:10:28.615   195   195 I         : (0)[195:battery_thread][force_get_tbat] 646,643,1,78,100,268 r:320 100 0
09-02 20:10:28.615   195   195 I (0)[195:battery_thread][force_get_tbat] t: 26 precise:268
09-02 20:10:28.615   195   195 I         : (0)[195:battery_thread][fg_is_battery_exist] PMIC_RGS_BATON_UNDET = 1
09-02 20:10:28.616   195   195 I         : (0)[195:battery_thread]GM3log1 141 141 4399 782 782 48510 15 26 1 1 233 1 0
09-02 20:10:28.616   195   195 I         : (0)[195:battery_thread]GM3log2 141 0 0 0 0 43876 47 0 4967
09-02 20:10:28.616   195   195 I         : (0)[195:battery_thread]GM3log3 141 0 43085 -3228 0
09-02 20:10:28.616   195   195 I         : (0)[195:battery_thread]GM3log4 0 100 0 1 31 0 1 1 1 0 99
09-02 20:10:28.616   195   195 I         : (0)[195:battery_thread]GM3log int 141 141 0 0 0 0
09-02 20:10:28.616   195   195 I         : (0)[195:battery_thread]GM3log phone_state 0 0
09-02 20:10:28.616   195   195 I (0)[195:battery_thread]GM3 car: 25 car_diff:-10
09-02 20:10:28.616   195   195 I (0)[195:battery_thread][read_nafg_vbat] i: 0 nag_vbat_reg 0xe772 nag_vbat_mv 43640:26482
09-02 20:10:28.616   195   195 I         : (0)[195:battery_thread][read_nafg_vbat1] 0 0 10 0 0 0 0 0 0
09-02 20:10:28.616   195   195 I         : (0)[195:battery_thread][read_nafg_vbat2] 1 0 1 1 1 0 1 0 0 0 0 0
09-02 20:10:28.616   195   195 I (0)[195:battery_thread][fg_bat_nafg][fgauge_get_nag_dltv] mV: Reg [10359:6286]
09-02 20:10:28.616   195   195 I         : (0)[195:battery_thread][fg_bat_nafg][fgauge_get_nag_cnt] 0 [25_16 0 15_0 0]
09-02 20:10:28.616   195   195 I (0)[195:battery_thread][fg_bat_nafg][fgauge_get_nag_c_dltv] mV: Reg[0:0][b10:0][26_16(0x0000) 15_00(0x0000)]
09-02 20:10:28.616   195   195 I         : (0)[195:battery_thread]GM3log-nint-nafg 141 141 0 43640 10359 0 0
09-02 20:10:28.616   195   195 I         : (0)[195:battery_thread]mtk_battery boot mode =2
09-02 20:10:28.616   195   195 I         : (0)[195:battery_thread][wakeup_fg_algo_recovery] intr_num=0x2000000
09-02 20:10:28.947  2182  2182 I         : (0)[2182:recovery][DISP][POWER]lcm resume[end]
09-02 20:10:28.947  2182  2182 I (0)[2182:recovery][GAMMA] disp_gamma_write_lut_reg: table [0] not initialized
09-02 20:10:28.947  2182  2182 I         : (0)[2182:recovery][DISP]primary display START cmdq trigger loop finished
09-02 20:10:28.947  2182  2182 I         : (0)[2182:recovery][DISP]share SRAM success
09-02 20:10:28.948  2182  2182 I         : (0)[2182:recovery][CMDQ][Res]resource clock engine:0x100 enable:true
09-02 20:10:28.948  2182  2182 I         : (0)[2182:recovery][DISP]mutex_release_timeout1 <357634078 ns>
09-02 20:10:28.948  2182  2182 W -(0)[2182:recovery]CPU: 0 PID: 2182 Comm: recovery Tainted: G        W       4.14.141+ #1
09-02 20:10:28.948  2182  2182 W -(0)[2182:recovery]Hardware name: Generic DT based system
09-02 20:10:28.948  2182  2182 W -(0)[2182:recovery]Backtrace:  
09-02 20:10:28.948  2182  2182 W         : -(0)[2182:recovery][<c010bf48>] (dump_backtrace) from [<c010c218>] (show_stack+0x18/0x1c)
09-02 20:10:28.948  2182  2182 W -(0)[2182:recovery] r6: c168fe20 r5:60010013 r4:00000000 r3:3aaa6479
09-02 20:10:28.948  2182  2182 W         : -(0)[2182:recovery][<c010c200>] (show_stack) from [<c0c934fc>] (dump_stack+0x84/0xa4)
09-02 20:10:28.948  2182  2182 W         : -(0)[2182:recovery][<c0c93478>] (dump_stack) from [<c081c224>] (_primary_path_unlock+0x6c/0x11c)
09-02 20:10:28.948  2182  2182 W -(0)[2182:recovery] r5: 00000000 r4:1551101e
09-02 20:10:28.948  2182  2182 W         : -(0)[2182:recovery][<c081c1b8>] (_primary_path_unlock) from [<c0823d68>] (primary_display_resume+0xa48/0xbb8)
09-02 20:10:28.948  2182  2182 W -(0)[2182:recovery] r9: 00000000 r8:00000001 r7:c120a188 r6:00000000 r5:c168fe00 r4:00000000
09-02 20:10:28.948  2182  2182 W         : -(0)[2182:recovery][<c0823320>] (primary_display_resume) from [<c0813204>] (mtkfb_blank+0xc0/0x270)
09-02 20:10:28.948  2182  2182 W -(0)[2182:recovery] r10: 00000036 r9:00000000 r8:00000000 r7:c120a188 r6:00000002 r5:00000000
09-02 20:10:28.948  2182  2182 W -(0)[2182:recovery] r4: 00000000
09-02 20:10:28.948  2182  2182 W         : -(0)[2182:recovery][<c0813144>] (mtkfb_blank) from [<c04c3fd8>] (fb_blank+0x6c/0xb8)
09-02 20:10:28.948  2182  2182 W -(0)[2182:recovery] r6: 00000000 r5:c120a188 r4:c5b2c800 r3:c0813144
09-02 20:10:28.948  2182  2182 W         : -(0)[2182:recovery][<c04c3f6c>] (fb_blank) from [<c04c4a9c>] (do_fb_ioctl+0x68c/0x750)
09-02 20:10:28.948  2182  2182 W -(0)[2182:recovery] r6: 00004611 r5:00000000 r4:c5b2c800
09-02 20:10:28.948  2182  2182 W         : -(0)[2182:recovery][<c04c4410>] (do_fb_ioctl) from [<c04c5594>] (fb_ioctl+0x44/0x54)
09-02 20:10:28.948  2182  2182 W -(0)[2182:recovery] r8: 00000000 r7:00000000 r6:e400d0c0 r5:c5dc6bc8 r4:00000000
09-02 20:10:28.948  2182  2182 W         : -(0)[2182:recovery][<c04c5550>] (fb_ioctl) from [<c02b9694>] (vfs_ioctl+0x20/0x3c)
09-02 20:10:28.948  2182  2182 W         : -(0)[2182:recovery][<c02b9674>] (vfs_ioctl) from [<c02b9f94>] (do_vfs_ioctl+0x7a0/0x8f8)
09-02 20:10:28.948  2182  2182 W         : -(0)[2182:recovery][<c02b97f4>] (do_vfs_ioctl) from [<c02ba140>] (SyS_ioctl+0x54/0x7c)
09-02 20:10:28.948  2182  2182 W -(0)[2182:recovery] r10: 00000036 r9:00000000 r8:00004611 r7:00000000 r6:e400d0c0 r5:e400d0c0
09-02 20:10:28.948  2182  2182 W -(0)[2182:recovery] r4: 00000000
09-02 20:10:28.948  2182  2182 W         : -(0)[2182:recovery][<c02ba0ec>] (SyS_ioctl) from [<c0107ac0>] (ret_fast_syscall+0x0/0x54)
09-02 20:10:28.948  2182  2182 W -(0)[2182:recovery] r9: e4714000 r8:c0107cc4 r7:00000036 r6:ae3fd4b0 r5:ae3fd40c r4:adf99124
09-02 20:10:28.948  2182  2182 I (0)[2182:recovery][DISP]skip_update: 0
09-02 20:10:28.948  2182  2182 I         : (0)[2182:recovery][DISP][FB Driver] leave late_resume
09-02 20:10:28.948  2182  2182 I (0)[2182:recovery][DISP]AOD check: succeed to set FB power mode FB_SUSPEND to FB_RESUME
09-02 20:10:28.987  2182  2182 I (0)[2182:recovery][Power/PPM] @ppm_lcmoff_switch: onoff = 1
09-02 20:10:28.987  2182  2182 I (0)[2182:recovery]mtk-tpd: [tpd_fb_notifier_callback:458] tpd_fb_notifier_callback
09-02 20:10:28.987  2182  2182 I (0)[2182:recovery]mtk-tpd: [tpd_fb_notifier_callback:466] fb_notify(blank=0)
09-02 20:10:28.987  2182  2182 I (0)[2182:recovery]mtk-tpd: [tpd_fb_notifier_callback:469] LCD ON Notify
09-02 20:10:28.987    80    80 I (1)[80:kworker/u8:2]mtk-tpd: [touch_resume_workqueue_callback:446] GTP touch_resume_workqueue_callback
09-02 20:10:28.987    80    80 I (1)[80:kworker/u8:2][tlsc]tlsc6x_tpd_reset: Enter
09-02 20:10:28.987    80    80 I (1)[80:kworker/u8:2][tlsc]tlsc6x_tpd_reset_force: Enter
09-02 20:10:28.987    80    80 I (1)[80:kworker/u8:2]mtk-tpd: [tpd_gpio_output:168] tpd_gpio_output pin = 0, level = 0
09-02 20:10:28.991  2182  2182 I         : (0)[2182:recovery][DISP]AEE is not enabled, will disable layer 3
09-02 20:10:28.991  2182  2182 I (0)[2182:recovery][VcoreFS] feature_en: 0, init_done: 0, kr: 0, opp: 3
09-02 20:10:28.991  2182  2182 I         : (0)[2182:recovery][pid=2182]Set vcore step failed: 3
09-02 20:10:28.991  2182  2182 I (0)[2182:recovery][MMDVFS][pid=2182]Fixed,set scen: (22,0x0)step:(3,3,0x0,0x0,0x0,0x400000)
09-02 20:10:28.991  2182  2182 I (0)[2182:recovery][MMDVFS][pid=2182]Fixed,C(0,0,0x0,0),I(0,0),CLK: 0
09-02 20:10:28.991  2182  2182 I         : (0)[2182:recovery][DISP]primary display will switch from DIRECT_LINK to RDMA_MODE
09-02 20:10:28.992  2182  2182 I         : (0)[2182:recovery][DISP]primary display is RDMA_MODE mode now
09-02 20:10:28.997  2182  2182 I (2)[2182:recovery]mtk-tpd: [tpd_fb_notifier_callback:458] tpd_fb_notifier_callback
09-02 20:10:28.998  2182  2182 I         : (2)[2182:recovery][DISP]AEE is not enabled, will disable layer 3
09-02 20:10:29.014    80    80 I (3)[80:kworker/u8:2]mtk-tpd: [tpd_gpio_output:168] tpd_gpio_output pin = 0, level = 1
09-02 20:10:29.014  2182  2182 I (2)[2182:recovery]mtk-tpd: [tpd_fb_notifier_callback:458] tpd_fb_notifier_callback
09-02 20:10:29.015  2182  2182 I (2)[2182:recovery][PWM] disp_pwm_set_backlight_cmdq: (id = 0x1, level_1024 = 0), old = 1023
09-02 20:10:29.015  2182  2182 I (2)[2182:recovery]mtk-tpd: [tpd_fb_notifier_callback:458] tpd_fb_notifier_callback
09-02 20:10:29.015  2182  2182 I         : (2)[2182:recovery][DISP][FB Driver] enter early_suspend
09-02 20:10:29.054  2182  2182 I         : (0)[2182:recovery][DISP]primary_display_suspend begin
09-02 20:10:29.054  2182  2182 I         : (0)[2182:recovery][DISP]primary display will switch from RDMA_MODE to DIRECT_LINK
09-02 20:10:29.054  2182  2182 I (0)[2182:recovery][DDP/OVL]warn: ovl_roi:(480x960)
09-02 20:10:29.055  2182  2182 I (0)[2182:recovery][DDP/DSI]warn: DSI_Set_VM_CMD
09-02 20:10:29.064  2182  2182 I         : (0)[2182:recovery][DISP]primary display is DIRECT_LINK mode now
09-02 20:10:29.064  2182  2182 I (0)[2182:recovery][DISP][disp_lowpower]_release_wrot_resource_nolock: use_wrot_sram:1
09-02 20:10:29.080    80    80 I         : (2)[80:kworker/u8:2][CMDQ][Res]resource clock engine:0x100 enable:false
09-02 20:10:29.097  2182  2182 I         : (1)[2182:recovery][DISP][POWER]primary display path is busy now, wait frame done, event_ret=295
09-02 20:10:29.097  2182  2182 I         : (1)[2182:recovery][DISP][POWER]display cmdq trigger loop stop
09-02 20:10:29.097  2182  2182 I         : (1)[2182:recovery][DISP]primary display STOP cmdq trigger loop finished
09-02 20:10:29.097  2182  2182 I (1)[2182:recovery][DISP]dsi stop: brust mode(vdo mode lcm)
09-02 20:10:29.097  2182  2182 I         : (0)[2182:recovery][DISP][POWER]primary display path stop[end]
09-02 20:10:29.317  2182  2182 I         : (0)[2182:recovery][DISP][POWER]lcm suspend[end]
09-02 20:10:29.317  2182  2182 I (0)[2182:recovery][PWM] disp_pwm_backlight_status: backlight is off, power:(0), pwm id: (0)
09-02 20:10:29.321  2182  2182 I         : (1)[2182:recovery][DISP][POWER]dpmanager path power off[end]
09-02 20:10:29.321  2182  2182 I         : (1)[2182:recovery][DISP]mutex_release_timeout1 <267256616 ns>
09-02 20:10:29.321  2182  2182 W -(1)[2182:recovery]CPU: 1 PID: 2182 Comm: recovery Tainted: G        W       4.14.141+ #1
09-02 20:10:29.321  2182  2182 W -(1)[2182:recovery]Hardware name: Generic DT based system
09-02 20:10:29.321  2182  2182 W -(1)[2182:recovery]Backtrace:  
09-02 20:10:29.321  2182  2182 W         : -(1)[2182:recovery][<c010bf48>] (dump_backtrace) from [<c010c218>] (show_stack+0x18/0x1c)
09-02 20:10:29.321  2182  2182 W -(1)[2182:recovery] r6: c168fe20 r5:600c0113 r4:00000000 r3:3aaa6479
09-02 20:10:29.321  2182  2182 W         : -(1)[2182:recovery][<c010c200>] (show_stack) from [<c0c934fc>] (dump_stack+0x84/0xa4)
09-02 20:10:29.321  2182  2182 W         : -(1)[2182:recovery][<c0c93478>] (dump_stack) from [<c081c224>] (_primary_path_unlock+0x6c/0x11c)
09-02 20:10:29.321  2182  2182 W -(1)[2182:recovery] r5: 00000000 r4:0fee0328
09-02 20:10:29.321  2182  2182 W         : -(1)[2182:recovery][<c081c1b8>] (_primary_path_unlock) from [<c0825e24>] (primary_display_suspend+0x440/0x528)
09-02 20:10:29.321  2182  2182 W -(1)[2182:recovery] r9: 00000000 r8:00000000 r7:c120a188 r6:00000002 r5:c168fe00 r4:00000000
09-02 20:10:29.321  2182  2182 W         : -(1)[2182:recovery][<c08259e4>] (primary_display_suspend) from [<c08132f4>] (mtkfb_blank+0x1b0/0x270)
09-02 20:10:29.321  2182  2182 W -(1)[2182:recovery] r5: 00000001 r4:00000000
09-02 20:10:29.321  2182  2182 W         : -(1)[2182:recovery][<c0813144>] (mtkfb_blank) from [<c04c3fd8>] (fb_blank+0x6c/0xb8)
09-02 20:10:29.321  2182  2182 W -(1)[2182:recovery] r6: 00000000 r5:c120a188 r4:c5b2c800 r3:c0813144
09-02 20:10:29.321  2182  2182 W         : -(1)[2182:recovery][<c04c3f6c>] (fb_blank) from [<c04c4a9c>] (do_fb_ioctl+0x68c/0x750)
09-02 20:10:29.321  2182  2182 W -(1)[2182:recovery] r6: 00004611 r5:00000004 r4:c5b2c800
09-02 20:10:29.321  2182  2182 W         : -(1)[2182:recovery][<c04c4410>] (do_fb_ioctl) from [<c04c5594>] (fb_ioctl+0x44/0x54)
09-02 20:10:29.321  2182  2182 W -(1)[2182:recovery] r8: 00000000 r7:00000004 r6:e400d0c0 r5:c5dc6bc8 r4:00000004
09-02 20:10:29.321  2182  2182 W         : -(1)[2182:recovery][<c04c5550>] (fb_ioctl) from [<c02b9694>] (vfs_ioctl+0x20/0x3c)
09-02 20:10:29.321  2182  2182 W         : -(1)[2182:recovery][<c02b9674>] (vfs_ioctl) from [<c02b9f94>] (do_vfs_ioctl+0x7a0/0x8f8)
09-02 20:10:29.321  2182  2182 W         : -(1)[2182:recovery][<c02b97f4>] (do_vfs_ioctl) from [<c02ba140>] (SyS_ioctl+0x54/0x7c)
09-02 20:10:29.321  2182  2182 W -(1)[2182:recovery] r10: 00000036 r9:00000000 r8:00004611 r7:00000004 r6:e400d0c0 r5:e400d0c0
09-02 20:10:29.321  2182  2182 W -(1)[2182:recovery] r4: 00000000
09-02 20:10:29.321  2182  2182 W         : -(1)[2182:recovery][<c02ba0ec>] (SyS_ioctl) from [<c0107ac0>] (ret_fast_syscall+0x0/0x54)
09-02 20:10:29.321  2182  2182 W -(1)[2182:recovery] r9: e4714000 r8:c0107cc4 r7:00000036 r6:00bda810 r5:adf99124 r4:adf99124
09-02 20:10:29.321  2182  2182 I         : (1)[2182:recovery][DISP]primary_display_suspend end
09-02 20:10:29.321   172   172 I         : (2)[172:disp_check][DISP][ESD]ESD check end, ret = 0
09-02 20:10:29.321  2182  2182 I (1)[2182:recovery][VcoreFS] feature_en: 0, init_done: 0, kr: 0, opp: -1
09-02 20:10:29.321  2182  2182 I         : (1)[2182:recovery][pid=2182]Set vcore step failed: -1
