09-02 23:50:20.438     1     1 I         : (0)[1:swapper/0][Power/PPM] [3][4] = (688, 2832)
09-02 23:50:20.438     1     1 I         : (0)[1:swapper/0][Power/PPM] [3][5] = (642, 2696)
09-02 23:50:20.438     1     1 I         : (0)[1:swapper/0][Power/PPM] [3][6] = (599, 2564)
09-02 23:50:20.438     1     1 I         : (0)[1:swapper/0][Power/PPM] [3][7] = (563, 2432)
09-02 23:50:20.438     1     1 I         : (0)[1:swapper/0][Power/PPM] [3][8] = (494, 2196)
09-02 23:50:20.438     1     1 I         : (0)[1:swapper/0][Power/PPM] [3][9] = (441, 2000)
09-02 23:50:20.438     1     1 I         : (0)[1:swapper/0][Power/PPM] [3][10] = (377, 1800)
09-02 23:50:20.438     1     1 I         : (0)[1:swapper/0][Power/PPM] [3][11] = (326, 1600)
09-02 23:50:20.438     1     1 I         : (0)[1:swapper/0][Power/PPM] [3][12] = (275, 1400)
09-02 23:50:20.438     1     1 I         : (0)[1:swapper/0][Power/PPM] [3][13] = (201, 1064)
09-02 23:50:20.438     1     1 I         : (0)[1:swapper/0][Power/PPM] [3][14] = (157, 864)
09-02 23:50:20.438     1     1 I         : (0)[1:swapper/0][Power/PPM] [3][15] = (136, 764)
09-02 23:50:20.438     1     1 I         : (0)[1:swapper/0][Power/PPM] COBRA init done!
09-02 23:50:20.438     1     1 I         : (0)[1:swapper/0][Power/PPM] power data init done!
09-02 23:50:20.439     1     1 W         : (0)[1:swapper/0][name:spm&][SPM] pmic_ver 2
09-02 23:50:20.439     1     1 W         : (0)[1:swapper/0][name:spm&][SPM] spm_base = 6258c517, sleep_reg_md_base = 12a8aa30, spm_irq_0 = 230
09-02 23:50:20.439     1     1 W         : (0)[1:swapper/0][name:spm&][SPM] edge trigger irqs: 234, 249
09-02 23:50:20.439     1     1 W (0)[1:swapper/0][name:spm&][SPM] dram_rank_num: 1
09-02 23:50:20.439     1     1 W         : (0)[1:swapper/0][name:spm&][SPM] dummy read addr: rank0: 0x765cf000, rank1: 0x765cf000
09-02 23:50:20.439     1     1 W         : (0)[1:swapper/0][name:spm&][SPM] dummy read addr(4GB: 0): rank0: 0x765cf000, rank1: 0x765cf000
09-02 23:50:20.439     1     1 W         : (0)[1:swapper/0][name:spm&][SODI3] spm_sodi3_init
09-02 23:50:20.440     1     1 W         : (0)[1:swapper/0][name:spm&]#@# spm_module_init(727) is_ext_buck_exist() 0x0
09-02 23:50:20.440     1     1 W (0)[1:swapper/0][name:spm&][VcoreFS] spm_dvfsrc_register_init: dvfsrc_base = 928dd47a
09-02 23:50:20.440     1     1 W (0)[1:swapper/0][name:spm&][VcoreFS] dram_issue: 0x0
09-02 23:50:20.440     1     1 W (0)[1:swapper/0][name:spm&][VcoreFS] pcm_flag: 0x418
09-02 23:50:20.440     1     1 W         : (0)[1:swapper/0][name:spm&][VcoreFS] [spm_go_to_vcorefs] done
09-02 23:50:20.440     1     1 W         : (0)[1:swapper/0][name:spm&][VcoreFS] [spm_vcorefs_init] VCORE DVFS IS DISABLE
09-02 23:50:20.440     1     1 W (0)[1:swapper/0][name:spm&][SPM] PWAKE_EN: 1, PCMWDT_EN:1, BYPASS_SYSPWREQ:1
09-02 23:50:20.440     1     1 W (0)[1:swapper/0][name:spm&][SLP] SLEEP_DPIDLE_EN: 1, REPLACE_DEF_WAKESRC:0, SUSPEND_LOG_EN:1
09-02 23:50:20.441     1     1 I         : (0)[1:swapper/0][Power/dcm] weak function of dcm_pre_init
09-02 23:50:20.441     1     1 I (0)[1:swapper/0][Power/dcm] [dcm_set_default]type: 0x00000007, init_dcm_type=0x7, INIT_DCM_TYPE_BY_K=0x0
09-02 23:50:20.441     1     1 I         : (0)[1:swapper/0][Power/dcm] [     ARMCORE_DCM 0x00000001] current state:1 (0)
09-02 23:50:20.441     1     1 I         : (0)[1:swapper/0][Power/dcm] [      MCUSYS_DCM 0x00000002] current state:1 (0)
09-02 23:50:20.441     1     1 I         : (0)[1:swapper/0][Power/dcm] [       INFRA_DCM 0x00000004] current state:1 (0)
09-02 23:50:20.441     1     1 I         : (0)[1:swapper/0][Power/dcm]
09-02 23:50:20.441     0     0 I         : ******** dcm dump register *********
09-02 23:50:20.441     1     1 I         : (0)[1:swapper/0][Power/dcm] INFRA_BUS_DCM_CTRL            (0xe81fc070): 0x40ff4203
09-02 23:50:20.441     1     1 I         : (0)[1:swapper/0][Power/dcm] PERI_BUS_DCM_CTRL             (0xe81fc074): 0xb07f83e3
09-02 23:50:20.441     1     1 I         : (0)[1:swapper/0][Power/dcm] MEM_DCM_CTRL                  (0xe81fc078): 0x03e007be
09-02 23:50:20.441     1     1 I         : (0)[1:swapper/0][Power/dcm] DFS_MEM_DCM_CTRL              (0xe81fc07c): 0x00000000
09-02 23:50:20.441     1     1 I         : (0)[1:swapper/0][Power/dcm] P2P_RX_CLK_ON                 (0xe81fc0a0): 0x00000000
09-02 23:50:20.441     1     1 I         : (0)[1:swapper/0][Power/dcm] INFRA_TOPCKGEN_DCMCTL         (0xe81fe008): 0x00000004
09-02 23:50:20.441     1     1 I         : (0)[1:swapper/0][Power/dcm] DRAMC_DRAMC_PD_CTRL           (0xe82ac1dc): 0xd365487a
09-02 23:50:20.441     1     1 I         : (0)[1:swapper/0][Power/dcm] L2C_SRAM_CTRL                 (0xe82aa648): 0x000c0081
09-02 23:50:20.441     1     1 I         : (0)[1:swapper/0][Power/dcm] CCI_CLK_CTRL                  (0xe82aa660): 0x00000117
09-02 23:50:20.441     1     1 I         : (0)[1:swapper/0][Power/dcm] BUS_FABRIC_DCM_CTRL           (0xe82aa668): 0x00040303
09-02 23:50:20.441     1     1 I         : (0)[1:swapper/0][Power/dcm] MCU_MISC_DCM_CTRL             (0xe82aa66c): 0x00000001
09-02 23:50:20.441     1     1 I         : (0)[1:swapper/0][Power/dcm] EMI_CONM                      (0xe82ae060): 0x000006b0
09-02 23:50:20.441     1     1 I         : (0)[1:swapper/0][Power/dcm] EMI_CONN                      (0xe82ae068): 0x00000000
09-02 23:50:20.441     1     1 I         : (0)[1:swapper/0][Power/dcm] CHN0_EMI_CHN_EMI_CONB         (0xe82b0008): 0x00000040
09-02 23:50:20.441     1     1 I         : (0)[1:swapper/0][Power/dcm] weak function of dcm_set_hotplug_nb
09-02 23:50:20.441     1     1 I         : (0)[1:swapper/0]mcdi_init
09-02 23:50:20.441     1     1 W         : (0)[1:swapper/0][MCDI] load mcupmfw fail(smc fail - 0xf)
09-02 23:50:20.441     1     1 I (0)[1:swapper/0]set_mcdi_s_state: 5
09-02 23:50:20.441    28    28 I (0)[28:kworker/0:1][MUSB]usb20_check_vbus_on 135: vbus_on<0>
09-02 23:50:20.441    28    28 I (0)[28:kworker/0:1]charger type: charger IN
09-02 23:50:20.441     1     1 I         : (0)[1:swapper/0][pmic_register_interrupt_callback] intNo=54, callback=chrdet_int_handler
09-02 23:50:20.441     1     1 I         : (0)[1:swapper/0][pmic_enable_interrupt] intNo=54, en=1, depth=0
09-02 23:50:20.441     1     1 I         : (0)[1:swapper/0][mmdvfs]force set step invalid: 0
09-02 23:50:20.441     1     1 I         : (0)[1:swapper/0][mmdvfs]force set step0 when late_init
09-02 23:50:20.441     1     1 I (0)[1:swapper/0][TMEM]trusted_mem_init: 385
09-02 23:50:20.441     1     1 I (0)[1:swapper/0][TMEM]trusted_mem_init: 389 (end)
09-02 23:50:20.441     1     1 I         : (0)[1:swapper/0]mult=161319385, shift=21, maxsec=5000
09-02 23:50:20.441     1     1 I (0)[1:swapper/0]enabled: 1, support_sysram: 1
09-02 23:50:20.446     1     1 E (1)[1:swapper/0]PVR_K: 1: irq_res = 0x119
09-02 23:50:20.446     1     1 E (1)[1:swapper/0]PVR_K: 1: reg_res = 0x13000000, 0x80000
09-02 23:50:20.446     1     1 W (1)[1:swapper/0][Power/gpufreq] [WARNING]@mt_gpufreq_voltage_enable_set: vcorefs_request_dvfs_opp fail! volt 115000
09-02 23:50:20.446     1     1 I chatty  : uid=1036(auditd) identical 2 lines
09-02 23:50:20.446     1     1 W (1)[1:swapper/0][Power/gpufreq] [WARNING]@mt_gpufreq_voltage_enable_set: vcorefs_request_dvfs_opp fail! volt 115000
09-02 23:50:20.446     1     1 E (1)[1:swapper/0]PVR_K: 1: Read BVNC 22.49.21.16 from HW device registers
09-02 23:50:20.446     1     1 W (1)[1:swapper/0][Power/gpufreq] [WARNING]@mt_gpufreq_voltage_enable_set: vcorefs_request_dvfs_opp fail! volt 115000
09-02 23:50:20.446     1     1 E (1)[1:swapper/0]PVR_K: 1: RGX Device registered with BVNC 22.49.21.16
09-02 23:50:20.447     1     1 I         : (1)[1:swapper/0][drm] Initialized pvr 1.11.5425693 20170530 for 13000000.mfg_auckland on minor 0
09-02 23:50:20.447     1     1 E         : (1)[1:swapper/0][ALS/PS] stk3x1x_local_init
09-02 23:50:20.447     1     1 E (1)[1:swapper/0][ALS/PS] stk3x1x_i2c_probe: driver version: 3.9.1 for android8.0
09-02 23:50:20.447     1     1 E (1)[1:swapper/0][ALS/PS] stk3x1x_i2c_probe: enable PS interrupt
09-02 23:50:20.447     1     1 E (1)[1:swapper/0][ALS/PS] stk3x1x_i2c_probe: state_val=0x0, psctrl_val=0x32, alsctrl_val=0x39, ledctrl_val=0xff, wait_val=0xf, int_val=0x1
09-02 23:50:20.447     1     1 E         : (1)[1:swapper/0][ALS/PS] stk3x1x_i2c_probe() OK!
09-02 23:50:20.450    81    81 I         : (2)[81:kworker/2:1][msdc]msdc0 -> !!! Set<200000KHz> Source<383999KHz> -> sclk<191999KHz> timing<9> mode<0> div<0> hs400_div_dis<0>
09-02 23:50:20.451    81    81 I         : (2)[81:kworker/2:1][AUTOK]eMMC HS200 Tune
09-02 23:50:20.455    81    81 I         : (2)[81:kworker/2:1][AUTOK]CMD 0 	 31 	 OOOOOOOOOOOOOOOOOOOOOOOOOOXXXXXXXOOOOOOOOOOOOOOOOOOOOOOOOOOOOOOO
09-02 23:50:20.458    81    81 I         : (2)[81:kworker/2:1][AUTOK]CMD 1 	 45 	 OXXXXXOOOOOOOOOOOOOOOOOOOOOOOOOOOOOOOOOOOOOOOOOOOOOXXXXXXXXOOOOO
09-02 23:50:20.458    81    81 I (2)[81:kworker/2:1][AUTOK]Analysis Result: 1T = 52
09-02 23:50:20.458    81    81 I         : (2)[81:kworker/2:1][AUTOK]dev status 0x00000900
09-02 23:50:20.463    81    81 I         : (2)[81:kworker/2:1][AUTOK]DAT 0 	 29 	 OOOOOOOOOOOOOOOOOOOOOOOOOOOXXXXXXXXOOOOOOOOOOOOOOOOOOOOOOOOOOOOO
09-02 23:50:20.467     1     1 E (0)[1:swapper/0][ALS/PS] stk3x1x_read_id: PID=0x12, VID=0xc3
09-02 23:50:20.468    81    81 I         : (2)[81:kworker/2:1][AUTOK]DAT 1 	 43 	 OXXXXXXXXOOOOOOOOOOOOOOOOOOOOOOOOOOOOOOOOOOOOOOOOOOOXXXXXXXXXXOO
09-02 23:50:20.468    81    81 I (2)[81:kworker/2:1][AUTOK]Analysis Result: 1T = 52
09-02 23:50:20.468    81    81 I (2)[81:kworker/2:1][AUTOK]CMD [EDGE: 0 CMD_FIFO_EDGE:0 DLY1:3 DLY2:0]
09-02 23:50:20.468    81    81 I (2)[81:kworker/2:1][AUTOK]DAT [RDAT_EDGE: 0 RD_FIFO_EDGE:0 WD_FIFO_EDGE:0]
09-02 23:50:20.468    81    81 I (2)[81:kworker/2:1][AUTOK]DAT [LATCH_CK: 0 DLY1:4 DLY2:0]
09-02 23:50:20.468    81    81 I (2)[81:kworker/2:1][AUTOK]DS  [DLY1: 0 DLY2:0 DLY3:0]
09-02 23:50:20.468    81    81 I         : (2)[81:kworker/2:1][AUTOK]CLK TX  [0]
09-02 23:50:20.468    81    81 I         : (2)[81:kworker/2:1][AUTOK]CMD TX  [0]
09-02 23:50:20.468    81    81 I         : (2)[81:kworker/2:1][AUTOK]DAT TX  [D0:0 D1:0 D2:0 D3:0]
09-02 23:50:20.468    81    81 I         : (2)[81:kworker/2:1][AUTOK]DAT TX  [D4:0 D5:0 D6:0 D7:0]
09-02 23:50:20.468    81    81 I (2)[81:kworker/2:1][AUTOK][HS200]======Cost: 16 ms======
09-02 23:50:20.469    81    81 I         : (2)[81:kworker/2:1][msdc]msdc0 -> !!! Set<52000KHz> Source<383999KHz> -> sclk<47999KHz> timing<1> mode<0> div<2> hs400_div_dis<0>
09-02 23:50:20.469    81    81 I         : (2)[81:kworker/2:1][msdc]msdc0 -> !!! Set<200000KHz> Source<383999KHz> -> sclk<191999KHz> timing<10> mode<3> div<0> hs400_div_dis<1>
09-02 23:50:20.470    81    81 I         : (2)[81:kworker/2:1][AUTOK]eMMC HS400 Tune
09-02 23:50:20.473     1     1 E (0)[1:swapper/0][ALS/PS] stk3x1x_otp_read_byte_data: 0x25=0x0
09-02 23:50:20.473    81    81 I         : (2)[81:kworker/2:1][AUTOK]CMD 0 	 30 	 OOOOOOOOOOOOOOOOOOOOOOOOOOOXXXXXXXOOOOOOOOOOOOOOOOOOOOOOOOOOOOOO
09-02 23:50:20.473     1     1 E (0)[1:swapper/0][ALS/PS] stk3x1x_read_id: p_wv_r_bd_with_co = 0x2
09-02 23:50:20.473     1     1 E (0)[1:swapper/0][ALS/PS] stk3x1x_read_id: p_1x_r_bd_with_co = 0x6
09-02 23:50:20.473     1     1 E (0)[1:swapper/0][ALS/PS] stk3x1x_read_id: p_19_r_bc = 0x0
09-02 23:50:20.473     1     1 E         : (0)[1:swapper/0][ALS/PS] stk3x1x_setup_eint 2889 : Cannot find alsps pinctrl default!
09-02 23:50:20.473     1     1 E         : (0)[1:swapper/0][ALS/PS] stk3x1x_setup_eint 2908 : debounce time not found
09-02 23:50:20.474     1     1 E         : (0)[1:swapper/0][ALS/PS] ints[0] = -2, ints[1] = 0!!
09-02 23:50:20.474     1     1 E         : (0)[1:swapper/0][ALS/PS] stk3x1x_obj->irq = 48
09-02 23:50:20.474     1     1 W         : -(0)[1:swapper/0]------------[ cut here ]------------
09-02 23:50:20.474     1     1 W -(0)[1:swapper/0]WARNING: CPU: 0 PID: 1 at /home/android/jenkins_home/jobs/MT6762Q/U318/U318AA_SMR_MT_Q_NA_DEV/51/workspace/android/kernel-4.14/kernel/irq/manage.c:530 __enable_irq+0x3c/0x74
09-02 23:50:20.474     1     1 W         : -(0)[1:swapper/0]Unbalanced enable for IRQ 48
09-02 23:50:20.474     1     1 W         : -(0)[1:swapper/0]Modules linked in:
09-02 23:50:20.474     1     1 W -(0)[1:swapper/0]CPU: 0 PID: 1 Comm: swapper/0 Tainted: G        W       4.14.141+ #1
09-02 23:50:20.474     1     1 W -(0)[1:swapper/0]Hardware name: Generic DT based system
09-02 23:50:20.474     1     1 W -(0)[1:swapper/0]Backtrace:  
09-02 23:50:20.474     1     1 W         : -(0)[1:swapper/0][<c010bf48>] (dump_backtrace) from [<c010c218>] (show_stack+0x18/0x1c)
09-02 23:50:20.474     1     1 W -(0)[1:swapper/0] r6: 00000009 r5:60000193 r4:00000000 r3:bc383b4e
09-02 23:50:20.474     1     1 W         : -(0)[1:swapper/0][<c010c200>] (show_stack) from [<c0c934fc>] (dump_stack+0x84/0xa4)
09-02 23:50:20.474     1     1 W         : -(0)[1:swapper/0][<c0c93478>] (dump_stack) from [<c012545c>] (__warn+0xdc/0x10c)
09-02 23:50:20.474     1     1 W -(0)[1:swapper/0] r5: 00000000 r4:e58b9c14
09-02 23:50:20.474     1     1 W         : -(0)[1:swapper/0][<c0125380>] (__warn) from [<c01254d8>] (warn_slowpath_fmt+0x4c/0x6c)
09-02 23:50:20.474     1     1 W -(0)[1:swapper/0] r9: 00000007 r8:c120a188 r7:c1470390 r6:00000030 r5:e5b50700 r4:c120a188
09-02 23:50:20.474     1     1 W         : -(0)[1:swapper/0][<c0125490>] (warn_slowpath_fmt) from [<c019c888>] (__enable_irq+0x3c/0x74)
09-02 23:50:20.474     1     1 W -(0)[1:swapper/0] r3: 00000030 r2:c0ee2e97
09-02 23:50:20.474     1     1 W -(0)[1:swapper/0] r4: c120a188
09-02 23:50:20.474     1     1 W         : -(0)[1:swapper/0][<c019c84c>] (__enable_irq) from [<c019c930>] (enable_irq+0x70/0x9c)
09-02 23:50:20.474     1     1 W         : -(0)[1:swapper/0][<c019c8c0>] (enable_irq) from [<c074e7e0>] (stk3x1x_setup_eint+0x1a4/0x23c)
09-02 23:50:20.474     1     1 W -(0)[1:swapper/0] r6: e4c83800 r5:c120a188 r4:00000000
09-02 23:50:20.474     1     1 W         : -(0)[1:swapper/0][<c074e63c>] (stk3x1x_setup_eint) from [<c074ec50>] (stk3x1x_i2c_probe+0x3d8/0x90c)
09-02 23:50:20.474     1     1 W -(0)[1:swapper/0] r7: c5453000 r6:e4c83800 r5:00000000 r4:e4c83800
09-02 23:50:20.474     1     1 W         : -(0)[1:swapper/0][<c074e878>] (stk3x1x_i2c_probe) from [<c093687c>] (i2c_device_probe+0x218/0x260)
09-02 23:50:20.474     1     1 W -(0)[1:swapper/0] r10: 00000000 r9:00000007 r8:c12b353c r7:c5453020 r6:c12b353c r5:c074e878
09-02 23:50:20.474     1     1 W -(0)[1:swapper/0] r4: c5453000
09-02 23:50:20.474     1     1 W         : -(0)[1:swapper/0][<c0936664>] (i2c_device_probe) from [<c053c590>] (driver_probe_device+0x144/0x378)
09-02 23:50:20.474     1     1 W -(0)[1:swapper/0] r8: c12b353c r7:c139e398 r6:00000000 r5:c139e394 r4:c5453020 r3:00000000
09-02 23:50:20.474     1     1 W         : -(0)[1:swapper/0][<c053c44c>] (driver_probe_device) from [<c053c84c>] (__driver_attach+0x88/0xac)
09-02 23:50:20.474     1     1 W -(0)[1:swapper/0] r10: 00000000 r9:c135d000 r8:c118f1bc r7:c053c7c4 r6:c12b353c r5:c5453054
09-02 23:50:20.474     1     1 W -(0)[1:swapper/0] r4: c5453020
09-02 23:50:20.474     1     1 W         : -(0)[1:swapper/0][<c053c7c4>] (__driver_attach) from [<c053b5e0>] (bus_for_each_dev+0x9c/0xc8)
09-02 23:50:20.474     1     1 W -(0)[1:swapper/0] r6: c12b353c r5:c120a188 r4:00000000 r3:00000001
09-02 23:50:20.474     1     1 W         : -(0)[1:swapper/0][<c053b544>] (bus_for_each_dev) from [<c053c040>] (driver_attach+0x20/0x28)
09-02 23:50:20.474     1     1 W -(0)[1:swapper/0] r7: c1310850 r6:c5b97d80 r5:00000000 r4:c12b353c
09-02 23:50:20.474     1     1 W         : -(0)[1:swapper/0][<c053c020>] (driver_attach) from [<c053bb10>] (bus_add_driver+0xd8/0x1ec)
09-02 23:50:20.474     1     1 W         : -(0)[1:swapper/0][<c053ba38>] (bus_add_driver) from [<c053d528>] (driver_register+0xa4/0xe8)
09-02 23:50:20.474     1     1 W -(0)[1:swapper/0] r7: 00000042 r6:c1470368 r5:c1470360 r4:c12b353c
09-02 23:50:20.474     1     1 W         : -(0)[1:swapper/0][<c053d484>] (driver_register) from [<c0937588>] (i2c_register_driver+0x54/0x80)
09-02 23:50:20.474     1     1 W -(0)[1:swapper/0] r5: c1470360 r4:c12b351c
09-02 23:50:20.474     1     1 W         : -(0)[1:swapper/0][<c0937534>] (i2c_register_driver) from [<c074ae78>] (stk3x1x_local_init+0x28/0x84)
09-02 23:50:20.474     1     1 W -(0)[1:swapper/0] r5: c1470360 r4:c12b350c
09-02 23:50:20.474     1     1 W         : -(0)[1:swapper/0][<c074ae50>] (stk3x1x_local_init) from [<c113f9d0>] (alsps_init+0x1b0/0x21c)
09-02 23:50:20.474     1     1 W -(0)[1:swapper/0] r4: 00000000 r3:c074ae50
09-02 23:50:20.474     1     1 W         : -(0)[1:swapper/0]Backtrace aborted due to bad pc <0ac432e9>
09-02 23:50:20.474     1     1 W         : -(0)[1:swapper/0]---[ end trace 7f13858832aedf63 ]---
09-02 23:50:20.474    81    81 I         : (2)[81:kworker/2:1][AUTOK]CMD 1 	 46 	 OXXXXXXOOOOOOOOOOOOOOOOOOOOOOOOOOOOOOOOOOOOOOOOOOOOOOXXXXXXXOOOO
09-02 23:50:20.474    81    81 I (2)[81:kworker/2:1][AUTOK]Analysis Result: 1T = 54
09-02 23:50:20.475    81    81 I         : (2)[81:kworker/2:1][AUTOK]device status 0x00000900
09-02 23:50:20.476    81    81 I         : (2)[81:kworker/2:1][AUTOK]DLY1/2 0 	 22 	 XXOOOOOOOOOOOOOOOOOOOOOOXXXXXXXXXXXXXXXXXXXXXXXXXXXXXXXXXXXXXXXX
09-02 23:50:20.476    81    81 I (2)[81:kworker/2:1][AUTOK]CMD [EDGE: 0 CMD_FIFO_EDGE:0 DLY1:3 DLY2:0]
09-02 23:50:20.476    81    81 I (2)[81:kworker/2:1][AUTOK]DAT [RDAT_EDGE: 0 RD_FIFO_EDGE:0 WD_FIFO_EDGE:0]
09-02 23:50:20.476    81    81 I (2)[81:kworker/2:1][AUTOK]DAT [LATCH_CK: 0 DLY1:0 DLY2:0]
09-02 23:50:20.476    81    81 I (2)[81:kworker/2:1][AUTOK]DS  [DLY1: 12 DLY2:0 DLY3:12]
09-02 23:50:20.476    81    81 I         : (2)[81:kworker/2:1][AUTOK]CLK TX  [0]
09-02 23:50:20.476    81    81 I         : (2)[81:kworker/2:1][AUTOK]CMD TX  [0]
09-02 23:50:20.476    81    81 I         : (2)[81:kworker/2:1][AUTOK]DAT TX  [D0:0 D1:0 D2:0 D3:0]
09-02 23:50:20.476    81    81 I         : (2)[81:kworker/2:1][AUTOK]DAT TX  [D4:0 D5:0 D6:0 D7:0]
09-02 23:50:20.476    81    81 I (2)[81:kworker/2:1][AUTOK][HS400]======Cost: 5 ms======
09-02 23:50:20.476    81    81 E (2)[81:kworker/2:1][PRODUCT_DEV_INFO]: full_product_device_info: - [6, (null), get_mmc_chip_info]
09-02 23:50:20.476    81    81 I (2)[81:kworker/2:1]mmc0: new HS400 MMC card at address 0001
09-02 23:50:20.477    81    81 I (2)[81:kworker/2:1]mmcblk0: mmc0:0001 FE62AB 14.6 GiB
09-02 23:50:20.477    81    81 I (2)[81:kworker/2:1]mmcblk0boot0: mmc0:0001 FE62AB partition 1 4.00 MiB
09-02 23:50:20.477    81    81 I (2)[81:kworker/2:1]mmcblk0boot1: mmc0:0001 FE62AB partition 2 4.00 MiB
09-02 23:50:20.477    81    81 I (2)[81:kworker/2:1]mmcblk0rpmb: mmc0:0001 FE62AB partition 3 4.00 MiB
09-02 23:50:20.478     1     1 E         : (0)[1:swapper/0][ALS/PS] stk3x1x_init_client() OK!
09-02 23:50:20.478     1     1 E         : (0)[1:swapper/0][ALS/PS] stk3x1x_device misc_register OK!
09-02 23:50:20.478     1     1 E (0)[1:swapper/0][PRODUCT_DEV_INFO]: full_product_device_info: - [4, STK3311-X,   (null)]
09-02 23:50:20.478     1     1 E (0)[1:swapper/0][ALS/PS] stk3x1x_i2c_probe: OK
09-02 23:50:20.478     1     1 I (0)[1:swapper/0]BOOTPROF: 1538.372464:probe: probe=i2c_device_probe drv=stk3x1x(0xc12b353c)    30.849847ms
09-02 23:50:20.479     1     1 I (0)[1:swapper/0]BOOTPROF: 1539.184311:initcall: alsps_init    31.808154ms
09-02 23:50:20.480    81    81 I (2)[81:kworker/2:1] mmcblk0: p1 p2 p3 p4 p5 p6 p7 p8 p9 p10 p11 p12 p13 p14 p15 p16 p17 p18 p19 p20 p21 p22 p23 p24 p25 p26 p27 p28 p29 p30 p31 p32 p33 p34 p35 p36 p37 p38 p39
09-02 23:50:20.480    81    81 I         : (2)[81:kworker/2:1]Start 0x40 of disk mmcblk0 not write group aligned
09-02 23:50:20.480    81    81 I         : (2)[81:kworker/2:1]End 0x40 of disk mmcblk0 not write group aligned
09-02 23:50:20.480    81    81 I         : (2)[81:kworker/2:1]Start 0x840 of disk mmcblk0 not write group aligned
09-02 23:50:20.480    81    81 I         : (2)[81:kworker/2:1]End 0x840 of disk mmcblk0 not write group aligned
09-02 23:50:20.480    81    81 I         : (2)[81:kworker/2:1]Start 0xc840 of disk mmcblk0 not write group aligned
09-02 23:50:20.480    81    81 I         : (2)[81:kworker/2:1]End 0xc840 of disk mmcblk0 not write group aligned
09-02 23:50:20.481    81    81 I         : (2)[81:kworker/2:1]Start 0xcc40 of disk mmcblk0 not write group aligned
09-02 23:50:20.481    81    81 I         : (2)[81:kworker/2:1]End 0xcc40 of disk mmcblk0 not write group aligned
09-02 23:50:20.481    81    81 I         : (2)[81:kworker/2:1]Start 0x16c40 of disk mmcblk0 not write group aligned
09-02 23:50:20.481    81    81 I         : (2)[81:kworker/2:1]End 0x16c40 of disk mmcblk0 not write group aligned
09-02 23:50:20.481    81    81 I         : (2)[81:kworker/2:1]Start 0x17440 of disk mmcblk0 not write group aligned
09-02 23:50:20.481    81    81 I         : (2)[81:kworker/2:1]End 0x17440 of disk mmcblk0 not write group aligned
09-02 23:50:20.481    81    81 I         : (2)[81:kworker/2:1]Start 0x1b440 of disk mmcblk0 not write group aligned
09-02 23:50:20.481    81    81 I         : (2)[81:kworker/2:1]End 0x1b440 of disk mmcblk0 not write group aligned
09-02 23:50:20.481    81    81 I         : (2)[81:kworker/2:1]Start 0x1f440 of disk mmcblk0 not write group aligned
09-02 23:50:20.481    81    81 I         : (2)[81:kworker/2:1]End 0x1f440 of disk mmcblk0 not write group aligned
09-02 23:50:20.481    81    81 I         : (2)[81:kworker/2:1]Start 0x23440 of disk mmcblk0 not write group aligned
09-02 23:50:20.481    81    81 I         : (2)[81:kworker/2:1]End 0x23440 of disk mmcblk0 not write group aligned
09-02 23:50:20.481    81    81 I         : (2)[81:kworker/2:1]Start 0x27440 of disk mmcblk0 not write group aligned
09-02 23:50:20.481    81    81 I         : (2)[81:kworker/2:1]End 0x27440 of disk mmcblk0 not write group aligned
09-02 23:50:20.481    81    81 I         : (2)[81:kworker/2:1]Start 0x37440 of disk mmcblk0 not write group aligned
09-02 23:50:20.481    81    81 I         : (2)[81:kworker/2:1]End 0x37440 of disk mmcblk0 not write group aligned
09-02 23:50:20.481    81    81 I         : (2)[81:kworker/2:1]Start 0x42910 of disk mmcblk0 not write group aligned
09-02 23:50:20.481    81    81 I         : (2)[81:kworker/2:1]End 0x42910 of disk mmcblk0 not write group aligned
09-02 23:50:20.481    81    81 I         : (2)[81:kworker/2:1]Start 0x52910 of disk mmcblk0 not write group aligned
09-02 23:50:20.481    81    81 I         : (2)[81:kworker/2:1]End 0x52910 of disk mmcblk0 not write group aligned
09-02 23:50:20.481    81    81 I         : (2)[81:kworker/2:1]Start 0x56910 of disk mmcblk0 not write group aligned
09-02 23:50:20.481    81    81 I         : (2)[81:kworker/2:1]End 0x78000 of disk mmcblk0 not write group aligned
09-02 23:50:20.481    81    81 I         : (2)[81:kworker/2:1]Start 0x79000 of disk mmcblk0 not write group aligned
09-02 23:50:20.481    81    81 I         : (2)[81:kworker/2:1]End 0x79000 of disk mmcblk0 not write group aligned
09-02 23:50:20.482    81    81 I         : (2)[81:kworker/2:1]Start 0x7a800 of disk mmcblk0 not write group aligned
09-02 23:50:20.482    81    81 I         : (2)[81:kworker/2:1]End 0x7a800 of disk mmcblk0 not write group aligned
09-02 23:50:20.482    81    81 I         : (2)[81:kworker/2:1]Start 0x9a800 of disk mmcblk0 not write group aligned
09-02 23:50:20.482    81    81 I         : (2)[81:kworker/2:1]End 0x9a800 of disk mmcblk0 not write group aligned
09-02 23:50:20.482    81    81 I         : (2)[81:kworker/2:1]Start 0xa2800 of disk mmcblk0 not write group aligned
09-02 23:50:20.482    81    81 I         : (2)[81:kworker/2:1]End 0xa2800 of disk mmcblk0 not write group aligned
09-02 23:50:20.482    81    81 I         : (2)[81:kworker/2:1]Start 0xa3000 of disk mmcblk0 not write group aligned
09-02 23:50:20.482    81    81 I         : (2)[81:kworker/2:1]End 0xa3000 of disk mmcblk0 not write group aligned
09-02 23:50:20.482    81    81 I         : (2)[81:kworker/2:1]Start 0xa3800 of disk mmcblk0 not write group aligned
09-02 23:50:20.482    81    81 I         : (2)[81:kworker/2:1]End 0xa3800 of disk mmcblk0 not write group aligned
09-02 23:50:20.482    81    81 I         : (2)[81:kworker/2:1]Start 0xab800 of disk mmcblk0 not write group aligned
09-02 23:50:20.482    81    81 I         : (2)[81:kworker/2:1]End 0xab800 of disk mmcblk0 not write group aligned
09-02 23:50:20.482    81    81 I         : (2)[81:kworker/2:1]Start 0xb3800 of disk mmcblk0 not write group aligned
09-02 23:50:20.482    81    81 I         : (2)[81:kworker/2:1]End 0xb3800 of disk mmcblk0 not write group aligned
09-02 23:50:20.482    81    81 I         : (2)[81:kworker/2:1]Start 0xb6000 of disk mmcblk0 not write group aligned
09-02 23:50:20.482    81    81 I         : (2)[81:kworker/2:1]End 0xb6000 of disk mmcblk0 not write group aligned
09-02 23:50:20.482    81    81 I         : (2)[81:kworker/2:1]Start 0xb6800 of disk mmcblk0 not write group aligned
09-02 23:50:20.482    81    81 I         : (2)[81:kworker/2:1]End 0xb6800 of disk mmcblk0 not write group aligned
09-02 23:50:20.482    81    81 I         : (2)[81:kworker/2:1]Start 0xb7000 of disk mmcblk0 not write group aligned
09-02 23:50:20.482    81    81 I         : (2)[81:kworker/2:1]End 0xb7000 of disk mmcblk0 not write group aligned
09-02 23:50:20.482    81    81 I         : (2)[81:kworker/2:1]Start 0xb7080 of disk mmcblk0 not write group aligned
09-02 23:50:20.482    81    81 I         : (2)[81:kworker/2:1]End 0xb7080 of disk mmcblk0 not write group aligned
09-02 23:50:20.482    81    81 I         : (2)[81:kworker/2:1]Start 0xb7100 of disk mmcblk0 not write group aligned
09-02 23:50:20.482    81    81 I         : (2)[81:kworker/2:1]End 0xb7100 of disk mmcblk0 not write group aligned
09-02 23:50:20.482    81    81 I         : (2)[81:kworker/2:1]Start 0xc3100 of disk mmcblk0 not write group aligned
09-02 23:50:20.482    81    81 I         : (2)[81:kworker/2:1]End 0xc3100 of disk mmcblk0 not write group aligned
09-02 23:50:20.482    81    81 I         : (2)[81:kworker/2:1]Start 0xc7100 of disk mmcblk0 not write group aligned
09-02 23:50:20.482    81    81 I         : (2)[81:kworker/2:1]End 0xc7100 of disk mmcblk0 not write group aligned
09-02 23:50:20.483    81    81 I         : (2)[81:kworker/2:1]Start 0xcb100 of disk mmcblk0 not write group aligned
09-02 23:50:20.483    81    81 I         : (2)[81:kworker/2:1]End 0xcb100 of disk mmcblk0 not write group aligned
09-02 23:50:20.483    81    81 I         : (2)[81:kworker/2:1]Start 0xcd900 of disk mmcblk0 not write group aligned
09-02 23:50:20.483     1     1 F         : (1)[1:swapper/0][Gsensor kxtj2_1009] kxtj2_1009_local_init
09-02 23:50:20.483     1     1 F         : (1)[1:swapper/0][Gsensor kxtj2_1009] kxtj2_1009_i2c_probe
09-02 23:50:20.484    81    81 I         : (2)[81:kworker/2:1]End 0x5a4000 of disk mmcblk0 not write group aligned
09-02 23:50:20.484    81    81 F         : (2)[81:kworker/2:1][Gsensor kxtj2_1009] KXTJ2_1009_CheckDeviceID 0x35 pass!
09-02 23:50:20.485    81    81 I         : (2)[81:kworker/2:1]Start 0x1d16fdf of disk mmcblk0 not write group aligned
09-02 23:50:20.485    81    81 I         : (2)[81:kworker/2:1]End 0x1d16fdf of disk mmcblk0 not write group aligned
09-02 23:50:20.485     1     1 F         : (0)[1:swapper/0][Gsensor kxtj2_1009] KXTJ2_1009_SetPowerMode 0!
09-02 23:50:20.490     1     1 F         : (0)[1:swapper/0][Gsensor kxtj2_1009] Sensor power status is newest!
09-02 23:50:20.491     1     1 F         : (0)[1:swapper/0][Gsensor kxtj2_1009] Sensor power status is newest!
09-02 23:50:20.491     1     1 F         : (0)[1:swapper/0][Gsensor kxtj2_1009] KXTJ2_1009_SetBWRate OK!
09-02 23:50:20.491     1     1 F         : (0)[1:swapper/0][Gsensor kxtj2_1009] Sensor power status is newest!
09-02 23:50:20.492     1     1 F         : (0)[1:swapper/0][Gsensor kxtj2_1009] Sensor power status is newest!
09-02 23:50:20.492     1     1 F         : (0)[1:swapper/0][Gsensor kxtj2_1009] KXTJ2_1009_SetDataFormat OK!
09-02 23:50:20.492     1     1 F         : (0)[1:swapper/0][Gsensor kxtj2_1009] Sensor power status is newest!
09-02 23:50:20.493     1     1 F         : (1)[1:swapper/0][Gsensor kxtj2_1009] Sensor power status is newest!
09-02 23:50:20.494     1     1 F         : (1)[1:swapper/0][Gsensor kxtj2_1009] kxtj2_1009_init_client OK!
09-02 23:50:20.495     1     1 E (1)[1:swapper/0][PRODUCT_DEV_INFO]: full_product_device_info: - [3, KXTJ3-1057,   (null)]
09-02 23:50:20.495     1     1 F (1)[1:swapper/0][Gsensor kxtj2_1009] kxtj2_1009_i2c_probe: OK
09-02 23:50:20.495     1     1 I (1)[1:swapper/0]BOOTPROF: 1555.437388:initcall: acc_init    16.104923ms
09-02 23:50:20.495     1     1 E (1)[1:swapper/0]memory-ssmr: [INIT FAIL]: cma is not inited
09-02 23:50:20.495     1     1 E (1)[1:swapper/0]memory-ssmr: SSMR sanity fail
09-02 23:50:20.495     1     1 W         : (1)[1:swapper/0]mt65xx_leds_init,line = 693
09-02 23:50:20.496     1     1 W         : (1)[1:swapper/0]leds_use_gpio_probe
09-02 23:50:20.496     1     1 W         : (1)[1:swapper/0]leds_use_gpio_probe  --   end
09-02 23:50:20.496     1     1 W         : (1)[1:swapper/0]mt65xx_leds_init,line = 696
09-02 23:50:20.498     1     1 I -(1)[1:swapper/0]mtk_rtc_hal_common: RTC_IRQ_EN = 0xc, RTC_PDN1 = 0x0
09-02 23:50:20.498     1     1 I -(1)[1:swapper/0]mtk_rtc_hal_common: hal_rtc_get_spare_register: cmd[12], get rg[0x5b8, 0x1 , 6] = 0x0
09-02 23:50:20.498     1     1 I (1)[1:swapper/0]mtk_rtc_common: There is no Crystal
09-02 23:50:20.498     1     1 I         : (1)[1:swapper/0][CMDQ]mdp_late_init begin
09-02 23:50:20.498     1     1 I         : (1)[1:swapper/0][CMDQ]mdp_late_init end
09-02 23:50:20.499     1     1 I         : (1)[1:swapper/0][CMDQ]CMDQ driver late init begin
09-02 23:50:20.499     1     1 I (1)[1:swapper/0][DDP/ddp_drv]warn: disp driver(1) disp_late begin
09-02 23:50:20.499     1     1 I (1)[1:swapper/0][DDP/ddp_drv]warn: disp driver(1) disp_late end
09-02 23:50:20.499     1     1 I (1)[1:swapper/0]log store: sram_dram_buff addr 0x7ffc0000, size 0x40000.
09-02 23:50:20.499     1     1 I (1)[1:swapper/0][PHY layout]log_store_mem: 0x7ffc0000 - 0x7fffffff (0x40000)
09-02 23:50:20.499     1     1 I         : (1)[1:swapper/0]buff 127d6da3, sig cdab3412 size 40000 pl 20, sz 26df lk 26ff, sz 3d901 p c, l c
09-02 23:50:20.500     1     1 I         : (1)[1:swapper/0][Thermal/TC/bcct]mtkcooler_bcct_late_init
09-02 23:50:20.501     1     1 I         : (1)[1:swapper/0][Thermal/TC/bcct]mtkcooler_bcct_pdrv_probe
09-02 23:50:20.501    80    80 I (3)[80:kworker/u8:2]mtk-tpd: [tpd_init_work_callback:860] MediaTek touch panel driver init
09-02 23:50:20.503     1     1 I (0)[1:swapper/0]mt-rtc mt-rtc: setting system clock to 2021-09-02 23:50:20 UTC (1630626620)
09-02 23:50:20.503    80    80 I (3)[80:kworker/u8:2]mtk-tpd: [tpd_probe:667] enter tpd_probe, 667
09-02 23:50:20.503    80    80 I (3)[80:kworker/u8:2]mtk-tpd: [tpd_get_gpio_info:195] [tpd -1] mt_tpd_pinctrl+++++++++++++++++
09-02 23:50:20.504    80    80 I (3)[80:kworker/u8:2]mtk-tpd: [tpd_get_gpio_info:205] Cannot find pinctrl default -19!
09-02 23:50:20.504    80    80 I (3)[80:kworker/u8:2]mtk-tpd: [tpd_get_gpio_info:241] [tpd-1] mt_tpd_pinctrl----------
09-02 23:50:20.504    80    80 I         : (3)[80:kworker/u8:2]ldo vldo28 enable
09-02 23:50:20.505    80    80 I         : (3)[80:kworker/u8:2][PMIC] [pmic_enable_interrupt] No callback at intNo=27
09-02 23:50:20.505    80    80 I (0)[80:kworker/u8:2]mtk-tpd: [tpd_gpio_output:168] tpd_gpio_output pin = 0, level = 0
09-02 23:50:20.530    80    80 I (1)[80:kworker/u8:2]mtk-tpd: [tpd_gpio_output:168] tpd_gpio_output pin = 0, level = 1
09-02 23:50:20.539    79    79 E (0)[79:kworker/u8:1][ALS/PS] stk_tune_zero_get_ps_data: ps #0=10
09-02 23:50:20.599    79    79 E (0)[79:kworker/u8:1][ALS/PS] stk_tune_zero_get_ps_data: ps #1=12
09-02 23:50:20.646    28    28 I         : (0)[28:kworker/0:1]CDP, block
09-02 23:50:20.659    79    79 E (0)[79:kworker/u8:1][ALS/PS] stk_tune_zero_get_ps_data: ps #2=12
09-02 23:50:20.719    79    79 E (1)[79:kworker/u8:1][ALS/PS] stk_tune_zero_get_ps_data: ps #3=10
09-02 23:50:20.737     0     0 I         : SLAVE_ADDR=70,INTR_STAT=2,CONTROL=3a,FIFO_STAT=1101,DEBUGSTAT=353, tmo=600
09-02 23:50:20.737    80    80 I (1)[80:kworker/u8:2]i2c i2c-0: error:addr=0x38,irq_stat=0x2,ch_offset=0x0,mask:0xf
09-02 23:50:20.737    80    80 I (1)[80:kworker/u8:2]i2c_dump_info: +++++++++++++++++++
09-02 23:50:20.737    80    80 I (1)[80:kworker/u8:2]I2C structure:  
09-02 23:50:20.737     0     0 I         : [I2C]Clk=12480000,Id=0,Op=0x3,Irq_stat=0x2,Total_len=0x1
09-02 23:50:20.737     0     0 I         : [I2C]Trans_len=0x1,Trans_num=0x1,Trans_auxlen=0x1,
09-02 23:50:20.737     0     0 I         : [I2C]speed=100000,Trans_stop=1,cg_cnt=1,hs_only=0,
09-02 23:50:20.737     0     0 I         : [I2C]ch_offset=0x0,ch_offset_default=0x0
09-02 23:50:20.737    80    80 I (1)[80:kworker/u8:2]base addr: 0x296c10be
09-02 23:50:20.737    80    80 I (1)[80:kworker/u8:2]I2C register:  
09-02 23:50:20.737     0     0 I         : [I2C]SLAVE_ADDR=0x70,INTR_MASK=0x0,INTR_STAT=0x1,
09-02 23:50:20.737     0     0 I         : [I2C]CONTROL=0x3a,TRANSFER_LEN=0x1,TRANSAC_LEN=0x2,
09-02 23:50:20.737     0     0 I         : [I2C]DELAY_LEN=0xa,TIMING=0x3e,LTIMING=0x3e,START=0x0
09-02 23:50:20.737     0     0 I         : [I2C]FIFO_STAT=0x1,IO_CONFIG=0x1f3,HS=0x0
09-02 23:50:20.737     0     0 I         : [I2C]DCM_EN=0xe,DEBUGSTAT=0x300,EXT_CONF=0x8001
09-02 23:50:20.737     0     0 I         : [I2C]TRANSFER_LEN_AUX=0x1
09-02 23:50:20.737    80    80 I         : (1)[80:kworker/u8:2]before enable DMA register(0x0):
09-02 23:50:20.737     0     0 I         : [I2C]INT_FLAG=0x0,INT_EN=0x0,EN=0x0,RST=0x0,
09-02 23:50:20.737     0     0 I         : [I2C]STOP=0x0,FLUSH=0x0,CON=0x0,
09-02 23:50:20.737     0     0 I         : [I2C]TX_MEM_ADDR=0x0, RX_MEM_ADDR=0x0
09-02 23:50:20.737     0     0 I         : [I2C]TX_LEN=0x0,RX_LEN=0x0,INT_BUF_SIZE=0x0,
09-02 23:50:20.737     0     0 I         : [I2C]DEBUGSTA=0x0,TX_MEM_ADDR2=0x0, RX_MEM_ADDR2=0x0
09-02 23:50:20.737    80    80 I (1)[80:kworker/u8:2]DMA register(0x426eca2d):  
09-02 23:50:20.737     0     0 I         : [I2C]INT_FLAG=0x0,INT_EN=0x0,EN=0x0,RST=0x0,
09-02 23:50:20.737     0     0 I         : [I2C]STOP=0x0,FLUSH=0x0,CON=0x0,
09-02 23:50:20.737     0     0 I         : [I2C]TX_MEM_ADDR=0x0, RX_MEM_ADDR=0x0,
09-02 23:50:20.737     0     0 I         : [I2C]TX_LEN=0x0,RX_LEN=x0,INT_BUF_SIZE=0x0,
09-02 23:50:20.737     0     0 I         : [I2C]DEBUGSTA=0x2,TX_MEM_ADDR2=0x0, RX_MEM_ADDR2=0x0
09-02 23:50:20.737    80    80 I (1)[80:kworker/u8:2]i2c_dump_info: -----------------------
09-02 23:50:20.737    80    80 I (1)[80:kworker/u8:2]i2c i2c-0: last transfer info:
09-02 23:50:20.737    80    80 I (1)[80:kworker/u8:2]i2c i2c-0: [00]
09-02 23:50:20.737    80    80 I (1)[80:kworker/u8:2]i2c i2c-0: [01]
09-02 23:50:20.737    80    80 I (1)[80:kworker/u8:2]i2c i2c-0: [02]
09-02 23:50:20.737    80    80 I (1)[80:kworker/u8:2]i2c i2c-0: [03]
09-02 23:50:20.738    80    80 I (1)[80:kworker/u8:2]i2c i2c-0: [04]
09-02 23:50:20.738    80    80 I (1)[80:kworker/u8:2]i2c i2c-0: [05]
09-02 23:50:20.738    80    80 I (1)[80:kworker/u8:2]i2c i2c-0: [06]
09-02 23:50:20.738    80    80 I (1)[80:kworker/u8:2]i2c i2c-0: [07]
09-02 23:50:20.738    80    80 I (1)[80:kworker/u8:2]i2c i2c-0: [08]
09-02 23:50:20.738    80    80 I (1)[80:kworker/u8:2]i2c i2c-0: [09]
09-02 23:50:20.738    80    80 I (1)[80:kworker/u8:2]i2c i2c-0: addr:0x38,ACK error
09-02 23:50:20.738    80    80 I (1)[80:kworker/u8:2]BOOTPROF: 1798.145696:probe: probe=i2c_device_probe drv=ft6636u(0xc130436c)   232.549001ms
09-02 23:50:20.738    80    80 W (1)[80:kworker/u8:2]ft6636u: probe of 0-0026 failed with error -1
09-02 23:50:20.738    80    80 W (1)[80:kworker/u8:2]Tlsc6x: tpd_local_init ++!
09-02 23:50:20.738    80    80 I (1)[80:kworker/u8:2][tlsc]tpd_probe: Enter
09-02 23:50:20.738    80    80 W (1)[80:kworker/u8:2]Tlsc6x: tpd_probe ++!client->addr=0x2e
09-02 23:50:20.739    80    80 I (1)[80:kworker/u8:2]mtk-tpd: [tpd_gpio_as_int:159] [tpd] tpd_gpio_as_int
09-02 23:50:20.741    80    80 I (1)[80:kworker/u8:2][tlsc]tlsc6x_tpd_reset: Enter
09-02 23:50:20.741    80    80 I (1)[80:kworker/u8:2][tlsc]tlsc6x_tpd_reset_force: Enter
09-02 23:50:20.741    80    80 I (1)[80:kworker/u8:2]mtk-tpd: [tpd_gpio_output:168] tpd_gpio_output pin = 0, level = 0
09-02 23:50:20.766    80    80 I (1)[80:kworker/u8:2]mtk-tpd: [tpd_gpio_output:168] tpd_gpio_output pin = 0, level = 1
09-02 23:50:20.779    79    79 E (1)[79:kworker/u8:1][ALS/PS] stk_tune_zero_get_ps_data: ps #4=10
09-02 23:50:20.783    79    79 E (1)[79:kworker/u8:1][ALS/PS] stk_ps_tune_zero_final: set HT=138,LT=72
09-02 23:50:20.803    80    80 I (0)[80:kworker/u8:2][tlsc]tlsc6x_tp_dect: Enter
09-02 23:50:20.803    80    80 I (0)[80:kworker/u8:2][tlsc]tlsc6x_get_i2cmode: Enter
09-02 23:50:20.870    80    80 I (1)[80:kworker/u8:2][tlsc]tlsc6x_get_i2cmode: Enter
09-02 23:50:20.871    80    80 I (1)[80:kworker/u8:2][tlsc]tlsc6x_tp_mccode: Enter
09-02 23:50:20.873    80    80 I         : (0)[80:kworker/u8:2][tlsc] g_mccode is 0x1
09-02 23:50:20.873    80    80 I (0)[80:kworker/u8:2][tlsc]tlsc6x_get_running_cfg: Enter
09-02 23:50:20.873    80    80 I (0)[80:kworker/u8:2][tlsc]tlsx6x_3536get_running_cfg: Enter
09-02 23:50:20.873    80    80 I (0)[80:kworker/u8:2][tlsc]tlsx6x_comb_get_running_cfg: Enter
09-02 23:50:20.873    80    80 I (0)[80:kworker/u8:2][tlsc]tlsc6x_get_i2cmode: Enter
09-02 23:50:20.896    80    80 I (1)[80:kworker/u8:2][tlsc]is_valid_cfg_data: Enter
09-02 23:50:20.896    80    80 W (1)[80:kworker/u8:2]ptcfg address: g_tlsc6x_client->addr:46:46
09-02 23:50:20.897    80    80 I (1)[80:kworker/u8:2][tlsc]tlsc6x_do_update_ifneed: Enter
09-02 23:50:20.897    80    80 I (1)[80:kworker/u8:2][tlsc]tlsc6x_update_compat_ctl: Enter
09-02 23:50:20.897    80    80 W (1)[80:kworker/u8:2]entry: tlsc6x_update_compat_ctl:len=32648
09-02 23:50:20.897    80    80 I (1)[80:kworker/u8:2][tlsc]tlsc6x_upgrade_romcfg_array: Enter
09-02 23:50:20.897    80    80 I         : (1)[80:kworker/u8:2][tlsc] g_tlsc6x_cfg_ver is 0x100e3211
09-02 23:50:20.897    80    80 I (1)[80:kworker/u8:2][tlsc]tlsc6x_tpcfg_ver_comp: Enter
09-02 23:50:20.897    80    80 I (1)[80:kworker/u8:2][tlsc]is_valid_cfg_data: Enter
09-02 23:50:20.897    80    80 W (1)[80:kworker/u8:2]ptcfg address: g_tlsc6x_client->addr:46:46
09-02 23:50:20.897    80    80 I (1)[80:kworker/u8:2][tlsc] vnow: 0x4,vbuild: 0x4
09-02 23:50:20.897    80    80 I (1)[80:kworker/u8:2][tlsc] Tlsc6x: auto update skip:no updated version!
09-02 23:50:20.897    80    80 I (1)[80:kworker/u8:2][tlsc]tlsc6x_boot_update: Enter
09-02 23:50:20.897    80    80 I (1)[80:kworker/u8:2][tlsc]tlsc6x_3536boot_update: Enter
09-02 23:50:20.897    80    80 I (1)[80:kworker/u8:2][tlsc]tlsc6x_boot_ver_comp: Enter
09-02 23:50:20.897    80    80 I (1)[80:kworker/u8:2][tlsc] Tlsc6x: 3536 boot not need update!
09-02 23:50:20.903    80    80 I (1)[80:kworker/u8:2][tlsc]tlsc6x_get_i2cmode: Enter
09-02 23:50:20.904    80    80 I (0)[80:kworker/u8:2][tlsc]tlsc6x_tpd_reset: Enter
09-02 23:50:20.904    80    80 I (0)[80:kworker/u8:2][tlsc]tlsc6x_tpd_reset_force: Enter
09-02 23:50:20.904    80    80 I (0)[80:kworker/u8:2]mtk-tpd: [tpd_gpio_output:168] tpd_gpio_output pin = 0, level = 0
09-02 23:50:20.930    80    80 I (1)[80:kworker/u8:2]mtk-tpd: [tpd_gpio_output:168] tpd_gpio_output pin = 0, level = 1
09-02 23:50:20.997    80    80 E (1)[80:kworker/u8:2][PRODUCT_DEV_INFO]: full_product_device_info: - [1, (null), get_tlsc6448_tp_fw_info]
09-02 23:50:20.997    80    80 I (1)[80:kworker/u8:2]tlsc6x 0-002e: Create proc entry success!
09-02 23:50:20.997    80    80 W (1)[80:kworker/u8:2]Tlsc6x: tpd_probe --!
09-02 23:50:20.997    80    80 I (1)[80:kworker/u8:2]BOOTPROF: 2057.471773:probe: probe=i2c_device_probe drv=tlsc6x(0xc1304470)   258.865693ms
09-02 23:50:20.998    80    80 W (1)[80:kworker/u8:2]Tlsc6x: tpd_local_init --!
09-02 23:50:20.998    80    80 I (1)[80:kworker/u8:2]mtk-tpd: [tpd_probe:764] tpd_probe, tpd_driver_name=tlsc6x
09-02 23:50:20.998    80    80 I (1)[80:kworker/u8:2]mtk-tpd: [tpd_probe:817] Cap touch panel driver
09-02 23:50:20.998    80    80 I (1)[80:kworker/u8:2]input: mtk-tpd as /devices/virtual/input/input2
09-02 23:50:20.998    80    80 I (1)[80:kworker/u8:2]BOOTPROF: 2058.354235:probe: probe=platform_drv_probe drv=mtk-tpd(0xc12d5d4c)   494.861847ms
09-02 23:50:20.999     1     1 I (1)[1:swapper/0]mtk_charger_probe: starts
09-02 23:50:20.999     1     1 I (1)[1:swapper/0]mtk_charger_parse_dt: starts
09-02 23:50:20.999     1     1 I         : (1)[1:swapper/0]found SwitchCharging
09-02 23:50:20.999     1     1 I         : (1)[1:swapper/0]Found primary charger [psc5415e]
09-02 23:50:20.999     1     1 I         : (1)[1:swapper/0]use default V_CHARGER_MIN_1:4400000
09-02 23:50:20.999     1     1 I         : (1)[1:swapper/0]use default V_CHARGER_MIN_2:4200000
09-02 23:50:20.999     1     1 I         : (1)[1:swapper/0]use default MAX_DMIVR_CHARGER_CURRENT:1400000
09-02 23:50:20.999     1     1 I         : (1)[1:swapper/0]use default PE_ICHG_LEAVE_THRESHOLD:1000000
09-02 23:50:20.999     1     1 I         : (1)[1:swapper/0]use default TA_AC_12V_INPUT_CURRENT:3200000
09-02 23:50:20.999     1     1 I         : (1)[1:swapper/0]use default TA_AC_9V_INPUT_CURRENT:3200000
09-02 23:50:20.999     1     1 I         : (1)[1:swapper/0]use default TA_AC_7V_INPUT_CURRENT:3200000
09-02 23:50:20.999     1     1 I         : (1)[1:swapper/0]use default high_temp_to_leave_pe40:46
09-02 23:50:20.999     1     1 I         : (1)[1:swapper/0]use default high_temp_to_enter_pe40:39
09-02 23:50:20.999     1     1 I         : (1)[1:swapper/0]use default low_temp_to_leave_pe40:10
09-02 23:50:20.999     1     1 I         : (1)[1:swapper/0]use default low_temp_to_enter_pe40:16
09-02 23:50:20.999     1     1 I         : (1)[1:swapper/0]use default pe40_single_charger_input_current:3000
09-02 23:50:20.999     1     1 I         : (1)[1:swapper/0]use default pe40_single_charger_current:3000
09-02 23:50:20.999     1     1 I         : (1)[1:swapper/0]use default pe40_dual_charger_input_current:3000
09-02 23:50:20.999     1     1 I         : (1)[1:swapper/0]use default pe40_dual_charger_chg1_current:2000
09-02 23:50:20.999     1     1 I         : (1)[1:swapper/0]use default pe40_dual_charger_chg2_current:2000
09-02 23:50:20.999     1     1 I         : (1)[1:swapper/0]use default dual_polling_ieoc :750000
09-02 23:50:20.999     1     1 I         : (1)[1:swapper/0]use default pe40_stop_battery_soc:80
09-02 23:50:20.999     1     1 I         : (1)[1:swapper/0]use default pe40_max_vbus:11000
09-02 23:50:20.999     1     1 I         : (1)[1:swapper/0]use default pe40_max_ibus:3000
09-02 23:50:20.999     1     1 I         : (1)[1:swapper/0]use default pe40_r_cable_1a_lower:530
09-02 23:50:20.999     1     1 I         : (1)[1:swapper/0]use default pe40_r_cable_2a_lower:390
09-02 23:50:20.999     1     1 I         : (1)[1:swapper/0]use default pe40_r_cable_3a_lower:252
09-02 23:50:20.999     1     1 I         : (1)[1:swapper/0]use default pd_vbus_upper_bound:10000000
09-02 23:50:20.999     1     1 I         : (1)[1:swapper/0]use default pd_vbus_low_bound:5000000
09-02 23:50:20.999     1     1 I         : (1)[1:swapper/0]use default pd_ichg_level_threshold:1000000
09-02 23:50:20.999     1     1 I         : (1)[1:swapper/0]use default pd_stop_battery_soc:80
09-02 23:50:20.999     1     1 I         : (1)[1:swapper/0]use default vsys_watt:5000000
09-02 23:50:20.999     1     1 I         : (1)[1:swapper/0]use default ibus_err:14
09-02 23:50:20.999     1     1 I         : (1)[1:swapper/0]use default SLAVE_MIVR_DIFF:100000
09-02 23:50:20.999     1     1 I         : (1)[1:swapper/0]use default CHG2_EFF:90
09-02 23:50:20.999     1     1 I         : (1)[1:swapper/0]use default BC12_CHARGER:0
09-02 23:50:20.999     1     1 I (1)[1:swapper/0]algorithm name: SwitchCharging
09-02 23:50:20.999     1     1 I         : (1)[1:swapper/0]Battery id 0:Use header file jeita temp threshold
09-02 23:50:20.999     1     1 I (1)[1:swapper/0]mtk_charger_start_timer: alarm timer start:0, 12 56013972
09-02 23:50:20.999     1     1 I         : -(1)[1:swapper/0]alarmtimer_enqueue, 12056013972
09-02 23:50:20.999     1     1 I (0)[1:swapper/0]*** Error: can't find PD adapter ***
09-02 23:50:20.999     1     1 I (0)[1:swapper/0]mtk_charger_get_atm_mode: atm_enabled = 0
09-02 23:50:21.000   229   229 I         : (1)[229:charger_thread][fgauge_read_current] final current=389 (ratio=1000)
09-02 23:50:21.000     1     1 I (0)[1:swapper/0]BOOTPROF: 2060.054850:initcall: mtk_charger_init   496.843770ms
09-02 23:50:21.001    80    80 I         : (0)[80:kworker/u8:2][wdk] bind thread 231 to cpu 0
09-02 23:50:21.001     0     0 I         : (0)[231:wdtk-0][wdk-c] cpu=0,lbit=0x1,cbit=0xf,0,1,2060365773,[2061106466,20000000]
09-02 23:50:21.001     1     1 I (1)[1:swapper/0]vs1: disabling
09-02 23:50:21.001    80    80 I         : (3)[80:kworker/u8:2][wdk] bind thread 232 to cpu 1
09-02 23:50:21.001     1     1 E (1)[1:swapper/0]vs1: couldn't disable: -1
09-02 23:50:21.001     1     1 I (1)[1:swapper/0]vmodem: disabling
09-02 23:50:21.001     1     1 E (1)[1:swapper/0]vmodem: couldn't disable: -1
09-02 23:50:21.001     1     1 I (1)[1:swapper/0]vcore: disabling
09-02 23:50:21.001     1     1 E (1)[1:swapper/0]vcore: couldn't disable: -1
09-02 23:50:21.001     1     1 I (1)[1:swapper/0]vproc: disabling
09-02 23:50:21.001     1     1 E (1)[1:swapper/0]vproc: couldn't disable: -1
09-02 23:50:21.001     1     1 I (1)[1:swapper/0]vxo22: disabling
09-02 23:50:21.001     1     1 E (1)[1:swapper/0]vxo22: couldn't disable: -1
09-02 23:50:21.001    80    80 I         : (2)[80:kworker/u8:2][wdk] bind thread 233 to cpu 2
09-02 23:50:21.001     1     1 I (1)[1:swapper/0]vsram_others: disabling
09-02 23:50:21.001     0     0 I         : (2)[233:wdtk-2][wdk-c] cpu=2,lbit=0x5,cbit=0xf,0,1,2060365773,[2061315927,19999791]
09-02 23:50:21.001     1     1 E (1)[1:swapper/0]vsram_others: couldn't disable: -1
09-02 23:50:21.001     1     1 I (1)[1:swapper/0]vaux18: disabling
09-02 23:50:21.001     1     1 E (1)[1:swapper/0]vaux18: couldn't disable: -1
09-02 23:50:21.001    80    80 I         : (2)[80:kworker/u8:2][wdk] bind thread 234 to cpu 3
09-02 23:50:21.001     1     1 I (1)[1:swapper/0]vaud28: disabling
09-02 23:50:21.001     1     1 I         : (1)[1:swapper/0]ldo vaud28 disable
09-02 23:50:21.001     1     1 E (1)[1:swapper/0]vaud28: couldn't disable: -1
09-02 23:50:21.001     1     1 I (1)[1:swapper/0]vio28: disabling
09-02 23:50:21.001    80    80 I         : (2)[80:kworker/u8:2][wdk] WDT start kicker done CPU_NR=4
09-02 23:50:21.001    80    80 I         : (2)[80:kworker/u8:2][wdk]init_wk done late_initcall cpus_kick_bit=0xf -----
09-02 23:50:21.001     1     1 E (1)[1:swapper/0]vio28: couldn't disable: -1
09-02 23:50:21.001     1     1 I (1)[1:swapper/0]vio18: disabling
09-02 23:50:21.001     1     1 E (1)[1:swapper/0]vio18: couldn't disable: -1
09-02 23:50:21.001     1     1 I (1)[1:swapper/0]vdram: disabling
09-02 23:50:21.001     1     1 E (1)[1:swapper/0]vdram: couldn't disable: -1
09-02 23:50:21.001     1     1 I         : (1)[1:swapper/0]ALSA device list:
09-02 23:50:21.001     1     1 I (1)[1:swapper/0]  #0: mt-snd-card
09-02 23:50:21.002     0     0 I         : (3)[234:wdtk-3][wdk-c] cpu=3,lbit=0xd,cbit=0xf,0,1,2060365773,[2061863619,19999243]
09-02 23:50:21.002     1     1 I         : (1)[1:swapper/0]Freeing unused kernel memory: 1024K
09-02 23:50:21.003     1     1 I (1)[1:swapper/0]BOOTPROF: 2062.905927:Kernel_init_done
09-02 23:50:21.009   229   229 I (2)[229:charger_thread]charger_get_rsense: do not define r_sense
09-02 23:50:21.010     0     0 W         : (1)[232:wdtk-1][wdk-k] cpu=1,lbit=0xf,cbit=0xf,0,1,2060365773,[2070326620,19990780]
09-02 23:50:21.010     0     0 I         : (1)[232:wdtk-1][thread:232][RT:2070353773] 2021-09-02 23:50:21.7271 UTC;android time 2021-09-02 23:50:21.7271
09-02 23:50:21.015   229   229 I         : (0)[229:charger_thread][fgauge_read_current] final current=352 (ratio=1000)
09-02 23:50:21.015   229   229 I         : (0)[229:charger_thread][CH3_DBG] bat_cur = 352
09-02 23:50:21.016   229   229 I         : (0)[229:charger_thread][fgauge_read_current] final current=352 (ratio=1000)
09-02 23:50:21.016   229   229 I (0)[229:charger_thread]mtk_bif_is_hw_exist: do not have bif driver
09-02 23:50:21.016   229   229 I         : (0)[229:charger_thread][BattVoltToTemp] 613 16900 1800 -1
09-02 23:50:21.016   229   229 I         : (0)[229:charger_thread][force_get_tbat] 614,613,1,35,100,287 r:320 100 0
09-02 23:50:21.016   229   229 I (0)[229:charger_thread][force_get_tbat] t: 28 precise:287
09-02 23:50:21.016   229   229 I (0)[229:charger_thread]Vbat=4398,Ibat=389,I=470,VChr=4938,T=28,Soc=100: 99,CT:0:0 hv:1 pd:0:0
09-02 23:50:21.016   229   229 I         : (0)[229:charger_thread][fgauge_read_current] final current=336 (ratio=1000)
09-02 23:50:21.016   229   229 I         : (0)[229:charger_thread][CH3_DBG] bat_cur = 336
09-02 23:50:21.017   229   229 I         : (0)[229:charger_thread][fgauge_read_current] final current=336 (ratio=1000)
09-02 23:50:21.017   229   229 I         : (0)[229:charger_thread][BattVoltToTemp] 612 16900 1800 -1
09-02 23:50:21.017   229   229 I         : (0)[229:charger_thread][force_get_tbat] 613,612,1,33,100,288 r:320 100 0
09-02 23:50:21.017   229   229 I (0)[229:charger_thread][force_get_tbat] t: 28 precise:288
09-02 23:50:21.073     1     1 I (1)[1:init]: init first stage started!
09-02 23:50:21.073     1     1 I (1)[1:init]: ForceNormalBoot::twrp_fastboot: 1
09-02 23:50:21.073     1     1 I (1)[1:init]: ForceNormalBoot::normal_boot: 0
09-02 23:50:21.073     1     1 I (1)[1:init]: Unable to open /lib/modules, skipping module loading.
