02-02 03:47:13.489   154   154 I         : (2)[154:kworker/2:1]End 0xb7100 of disk mmcblk0 not write group aligned
02-02 03:47:13.489   154   154 I         : (2)[154:kworker/2:1]Start 0xc3100 of disk mmcblk0 not write group aligned
02-02 03:47:13.489   154   154 I         : (2)[154:kworker/2:1]End 0xc3100 of disk mmcblk0 not write group aligned
02-02 03:47:13.490   154   154 I         : (2)[154:kworker/2:1]Start 0xc7100 of disk mmcblk0 not write group aligned
02-02 03:47:13.490   154   154 I         : (2)[154:kworker/2:1]End 0xc7100 of disk mmcblk0 not write group aligned
02-02 03:47:13.490   154   154 I         : (2)[154:kworker/2:1]Start 0xcb100 of disk mmcblk0 not write group aligned
02-02 03:47:13.490   154   154 I         : (2)[154:kworker/2:1]End 0xcb100 of disk mmcblk0 not write group aligned
02-02 03:47:13.490   154   154 I         : (2)[154:kworker/2:1]Start 0xcd900 of disk mmcblk0 not write group aligned
02-02 03:47:13.490   154   154 I         : (2)[154:kworker/2:1]End 0x5a4000 of disk mmcblk0 not write group aligned
02-02 03:47:13.491   154   154 I         : (2)[154:kworker/2:1]Start 0x1d16fdf of disk mmcblk0 not write group aligned
02-02 03:47:13.491   154   154 I         : (2)[154:kworker/2:1]End 0x1d16fdf of disk mmcblk0 not write group aligned
02-02 03:47:13.492     1     1 F         : (0)[1:swapper/0][Gsensor kxtj2_1009] Sensor power status is newest!
02-02 03:47:13.493     1     1 F         : (0)[1:swapper/0][Gsensor kxtj2_1009] Sensor power status is newest!
02-02 03:47:13.493     1     1 F         : (0)[1:swapper/0][Gsensor kxtj2_1009] KXTJ2_1009_SetBWRate OK!
02-02 03:47:13.493     1     1 F         : (0)[1:swapper/0][Gsensor kxtj2_1009] Sensor power status is newest!
02-02 03:47:13.494     1     1 F         : (0)[1:swapper/0][Gsensor kxtj2_1009] Sensor power status is newest!
02-02 03:47:13.494     1     1 F         : (0)[1:swapper/0][Gsensor kxtj2_1009] KXTJ2_1009_SetDataFormat OK!
02-02 03:47:13.494     1     1 F         : (0)[1:swapper/0][Gsensor kxtj2_1009] Sensor power status is newest!
02-02 03:47:13.495     1     1 F         : (1)[1:swapper/0][Gsensor kxtj2_1009] Sensor power status is newest!
02-02 03:47:13.495     1     1 F         : (1)[1:swapper/0][Gsensor kxtj2_1009] kxtj2_1009_init_client OK!
02-02 03:47:13.496     1     1 E (1)[1:swapper/0][PRODUCT_DEV_INFO]: full_product_device_info: - [3, KXTJ3-1057,   (null)]
02-02 03:47:13.496     1     1 F (1)[1:swapper/0][Gsensor kxtj2_1009] kxtj2_1009_i2c_probe: OK
02-02 03:47:13.496     1     1 E (1)[1:swapper/0]memory-ssmr: [INIT FAIL]: cma is not inited
02-02 03:47:13.496     1     1 E (1)[1:swapper/0]memory-ssmr: SSMR sanity fail
02-02 03:47:13.496     1     1 W         : (1)[1:swapper/0]mt65xx_leds_init,line = 693
02-02 03:47:13.496     1     1 W         : (1)[1:swapper/0]leds_use_gpio_probe
02-02 03:47:13.497     1     1 W         : (1)[1:swapper/0]leds_use_gpio_probe  --   end
02-02 03:47:13.497     1     1 W         : (1)[1:swapper/0]mt65xx_leds_init,line = 696
02-02 03:47:13.499     1     1 I -(1)[1:swapper/0]mtk_rtc_hal_common: RTC_IRQ_EN = 0xc, RTC_PDN1 = 0x0
02-02 03:47:13.499     1     1 I -(1)[1:swapper/0]mtk_rtc_hal_common: hal_rtc_get_spare_register: cmd[12], get rg[0x5b8, 0x1 , 6] = 0x0
02-02 03:47:13.499     1     1 I (1)[1:swapper/0]mtk_rtc_common: There is no Crystal
02-02 03:47:13.499     1     1 I         : (1)[1:swapper/0][CMDQ]mdp_late_init begin
02-02 03:47:13.499     1     1 I         : (1)[1:swapper/0][CMDQ]mdp_late_init end
02-02 03:47:13.499     1     1 I         : (1)[1:swapper/0][CMDQ]CMDQ driver late init begin
02-02 03:47:13.499     1     1 I (1)[1:swapper/0][DDP/ddp_drv]warn: disp driver(1) disp_late begin
02-02 03:47:13.499     1     1 I (1)[1:swapper/0][DDP/ddp_drv]warn: disp driver(1) disp_late end
02-02 03:47:13.500     1     1 I (1)[1:swapper/0]log store: sram_dram_buff addr 0x7ffc0000, size 0x40000.
02-02 03:47:13.500     1     1 I (1)[1:swapper/0][PHY layout]log_store_mem: 0x7ffc0000 - 0x7fffffff (0x40000)
02-02 03:47:13.500     1     1 I         : (1)[1:swapper/0]buff 7aab4911, sig cdab3412 size 40000 pl 20, sz 26de lk 26fe, sz 3d902 p c, l c
02-02 03:47:13.501     1     1 I         : (1)[1:swapper/0][Thermal/TC/bcct]mtkcooler_bcct_late_init
02-02 03:47:13.502     1     1 I         : (1)[1:swapper/0][Thermal/TC/bcct]mtkcooler_bcct_pdrv_probe
02-02 03:47:13.502    79    79 I (2)[79:kworker/u8:1]mtk-tpd: [tpd_init_work_callback:860] MediaTek touch panel driver init
02-02 03:47:13.504     1     1 I (0)[1:swapper/0]mt-rtc mt-rtc: setting system clock to 2022-02-02 03:47:13 UTC (1643773633)
02-02 03:47:13.504    79    79 I (2)[79:kworker/u8:1]mtk-tpd: [tpd_probe:667] enter tpd_probe, 667
02-02 03:47:13.504    79    79 I (2)[79:kworker/u8:1]mtk-tpd: [tpd_get_gpio_info:195] [tpd -1] mt_tpd_pinctrl+++++++++++++++++
02-02 03:47:13.504    79    79 I (2)[79:kworker/u8:1]mtk-tpd: [tpd_get_gpio_info:205] Cannot find pinctrl default -19!
02-02 03:47:13.504    79    79 I (2)[79:kworker/u8:1]mtk-tpd: [tpd_get_gpio_info:241] [tpd-1] mt_tpd_pinctrl----------
02-02 03:47:13.504    79    79 I         : (2)[79:kworker/u8:1]ldo vldo28 enable
02-02 03:47:13.505    79    79 I         : (2)[79:kworker/u8:1][PMIC] [pmic_enable_interrupt] No callback at intNo=27
02-02 03:47:13.506    79    79 I (0)[79:kworker/u8:1]mtk-tpd: [tpd_gpio_output:168] tpd_gpio_output pin = 0, level = 0
02-02 03:47:13.532    79    79 I (1)[79:kworker/u8:1]mtk-tpd: [tpd_gpio_output:168] tpd_gpio_output pin = 0, level = 1
02-02 03:47:13.545    80    80 E (0)[80:kworker/u8:2][ALS/PS] stk_tune_zero_get_ps_data: ps #0=7
02-02 03:47:13.605    80    80 E (1)[80:kworker/u8:2][ALS/PS] stk_tune_zero_get_ps_data: ps #1=8
02-02 03:47:13.652    29    29 I         : (1)[29:kworker/1:1]CDP, block
02-02 03:47:13.665    80    80 E (0)[80:kworker/u8:2][ALS/PS] stk_tune_zero_get_ps_data: ps #2=8
02-02 03:47:13.725    80    80 E (1)[80:kworker/u8:2][ALS/PS] stk_tune_zero_get_ps_data: ps #3=8
02-02 03:47:13.739     0     0 I         : SLAVE_ADDR=70,INTR_STAT=2,CONTROL=3a,FIFO_STAT=1101,DEBUGSTAT=300, tmo=600
02-02 03:47:13.739    79    79 I (1)[79:kworker/u8:1]i2c i2c-0: error:addr=0x38,irq_stat=0x2,ch_offset=0x0,mask:0xf
02-02 03:47:13.739    79    79 I (1)[79:kworker/u8:1]i2c_dump_info: +++++++++++++++++++
02-02 03:47:13.739    79    79 I (1)[79:kworker/u8:1]I2C structure:  
02-02 03:47:13.739     0     0 I         : [I2C]Clk=12480000,Id=0,Op=0x3,Irq_stat=0x2,Total_len=0x1
02-02 03:47:13.739     0     0 I         : [I2C]Trans_len=0x1,Trans_num=0x1,Trans_auxlen=0x1,
02-02 03:47:13.739     0     0 I         : [I2C]speed=100000,Trans_stop=1,cg_cnt=1,hs_only=0,
02-02 03:47:13.739     0     0 I         : [I2C]ch_offset=0x0,ch_offset_default=0x0
02-02 03:47:13.739    79    79 I (1)[79:kworker/u8:1]base addr: 0x85f4d82a
02-02 03:47:13.739    79    79 I (1)[79:kworker/u8:1]I2C register:  
02-02 03:47:13.739     0     0 I         : [I2C]SLAVE_ADDR=0x70,INTR_MASK=0x0,INTR_STAT=0x1,
02-02 03:47:13.739     0     0 I         : [I2C]CONTROL=0x3a,TRANSFER_LEN=0x1,TRANSAC_LEN=0x2,
02-02 03:47:13.739     0     0 I         : [I2C]DELAY_LEN=0xa,TIMING=0x3e,LTIMING=0x3e,START=0x0
02-02 03:47:13.739     0     0 I         : [I2C]FIFO_STAT=0x1,IO_CONFIG=0x1f3,HS=0x0
02-02 03:47:13.739     0     0 I         : [I2C]DCM_EN=0xe,DEBUGSTAT=0x300,EXT_CONF=0x8001
02-02 03:47:13.739     0     0 I         : [I2C]TRANSFER_LEN_AUX=0x1
02-02 03:47:13.740    79    79 I         : (1)[79:kworker/u8:1]before enable DMA register(0x0):
02-02 03:47:13.740     0     0 I         : [I2C]INT_FLAG=0x0,INT_EN=0x0,EN=0x0,RST=0x0,
02-02 03:47:13.740     0     0 I         : [I2C]STOP=0x0,FLUSH=0x0,CON=0x0,
02-02 03:47:13.740     0     0 I         : [I2C]TX_MEM_ADDR=0x0, RX_MEM_ADDR=0x0
02-02 03:47:13.740     0     0 I         : [I2C]TX_LEN=0x0,RX_LEN=0x0,INT_BUF_SIZE=0x0,
02-02 03:47:13.740     0     0 I         : [I2C]DEBUGSTA=0x0,TX_MEM_ADDR2=0x0, RX_MEM_ADDR2=0x0
02-02 03:47:13.740    79    79 I (1)[79:kworker/u8:1]DMA register(0x60eb97c1):  
02-02 03:47:13.740     0     0 I         : [I2C]INT_FLAG=0x0,INT_EN=0x0,EN=0x0,RST=0x0,
02-02 03:47:13.740     0     0 I         : [I2C]STOP=0x0,FLUSH=0x0,CON=0x0,
02-02 03:47:13.740     0     0 I         : [I2C]TX_MEM_ADDR=0x0, RX_MEM_ADDR=0x0,
02-02 03:47:13.740     0     0 I         : [I2C]TX_LEN=0x0,RX_LEN=x0,INT_BUF_SIZE=0x0,
02-02 03:47:13.740     0     0 I         : [I2C]DEBUGSTA=0x2,TX_MEM_ADDR2=0x0, RX_MEM_ADDR2=0x0
02-02 03:47:13.740    79    79 I (1)[79:kworker/u8:1]i2c_dump_info: -----------------------
02-02 03:47:13.740    79    79 I (1)[79:kworker/u8:1]i2c i2c-0: last transfer info:
02-02 03:47:13.740    79    79 I (1)[79:kworker/u8:1]i2c i2c-0: [00]
02-02 03:47:13.740    79    79 I (1)[79:kworker/u8:1]i2c i2c-0: [01]
02-02 03:47:13.740    79    79 I (1)[79:kworker/u8:1]i2c i2c-0: [02]
02-02 03:47:13.740    79    79 I (1)[79:kworker/u8:1]i2c i2c-0: [03]
02-02 03:47:13.740    79    79 I (1)[79:kworker/u8:1]i2c i2c-0: [04]
02-02 03:47:13.740    79    79 I (1)[79:kworker/u8:1]i2c i2c-0: [05]
02-02 03:47:13.740    79    79 I (1)[79:kworker/u8:1]i2c i2c-0: [06]
02-02 03:47:13.740    79    79 I (1)[79:kworker/u8:1]i2c i2c-0: [07]
02-02 03:47:13.740    79    79 I (1)[79:kworker/u8:1]i2c i2c-0: [08]
02-02 03:47:13.740    79    79 I (1)[79:kworker/u8:1]i2c i2c-0: [09]
02-02 03:47:13.740    79    79 I (1)[79:kworker/u8:1]i2c i2c-0: addr:0x38,ACK error
02-02 03:47:13.740    79    79 I (1)[79:kworker/u8:1]BOOTPROF: 1875.388850:probe: probe=i2c_device_probe drv=ft6636u(0xc130436c)   234.523077ms
02-02 03:47:13.740    79    79 W (1)[79:kworker/u8:1]ft6636u: probe of 0-0026 failed with error -1
02-02 03:47:13.740    79    79 W (1)[79:kworker/u8:1]Tlsc6x: tpd_local_init ++!
02-02 03:47:13.741    79    79 I (1)[79:kworker/u8:1][tlsc]tpd_probe: Enter
02-02 03:47:13.741    79    79 W (1)[79:kworker/u8:1]Tlsc6x: tpd_probe ++!client->addr=0x2e
02-02 03:47:13.741    79    79 I (1)[79:kworker/u8:1]mtk-tpd: [tpd_gpio_as_int:159] [tpd] tpd_gpio_as_int
02-02 03:47:13.742    79    79 I (1)[79:kworker/u8:1][tlsc]tlsc6x_tpd_reset: Enter
02-02 03:47:13.742    79    79 I (1)[79:kworker/u8:1][tlsc]tlsc6x_tpd_reset_force: Enter
02-02 03:47:13.743    79    79 I (1)[79:kworker/u8:1]mtk-tpd: [tpd_gpio_output:168] tpd_gpio_output pin = 0, level = 0
02-02 03:47:13.769    79    79 I (0)[79:kworker/u8:1]mtk-tpd: [tpd_gpio_output:168] tpd_gpio_output pin = 0, level = 1
02-02 03:47:13.785    80    80 E (0)[80:kworker/u8:2][ALS/PS] stk_tune_zero_get_ps_data: ps #4=8
02-02 03:47:13.788    80    80 E (0)[80:kworker/u8:2][ALS/PS] stk_ps_tune_zero_final: set HT=135,LT=69
02-02 03:47:13.806    79    79 I (1)[79:kworker/u8:1][tlsc]tlsc6x_tp_dect: Enter
02-02 03:47:13.806    79    79 I (1)[79:kworker/u8:1][tlsc]tlsc6x_get_i2cmode: Enter
02-02 03:47:13.869    79    79 I (0)[79:kworker/u8:1][tlsc]tlsc6x_get_i2cmode: Enter
02-02 03:47:13.870    79    79 I (0)[79:kworker/u8:1][tlsc]tlsc6x_tp_mccode: Enter
02-02 03:47:13.872    79    79 I         : (0)[79:kworker/u8:1][tlsc] g_mccode is 0x1
02-02 03:47:13.872    79    79 I (0)[79:kworker/u8:1][tlsc]tlsc6x_get_running_cfg: Enter
02-02 03:47:13.872    79    79 I (0)[79:kworker/u8:1][tlsc]tlsx6x_3536get_running_cfg: Enter
02-02 03:47:13.872    79    79 I (0)[79:kworker/u8:1][tlsc]tlsx6x_comb_get_running_cfg: Enter
02-02 03:47:13.872    79    79 I (0)[79:kworker/u8:1][tlsc]tlsc6x_get_i2cmode: Enter
02-02 03:47:13.896    79    79 I (1)[79:kworker/u8:1][tlsc]is_valid_cfg_data: Enter
02-02 03:47:13.896    79    79 W (1)[79:kworker/u8:1]ptcfg address: g_tlsc6x_client->addr:46:46
02-02 03:47:13.896    79    79 I (1)[79:kworker/u8:1][tlsc]tlsc6x_do_update_ifneed: Enter
02-02 03:47:13.896    79    79 I (1)[79:kworker/u8:1][tlsc]tlsc6x_update_compat_ctl: Enter
02-02 03:47:13.896    79    79 W (1)[79:kworker/u8:1]entry: tlsc6x_update_compat_ctl:len=32648
02-02 03:47:13.896    79    79 I (1)[79:kworker/u8:1][tlsc]tlsc6x_upgrade_romcfg_array: Enter
02-02 03:47:13.896    79    79 I         : (1)[79:kworker/u8:1][tlsc] g_tlsc6x_cfg_ver is 0x100e3211
02-02 03:47:13.896    79    79 I (1)[79:kworker/u8:1][tlsc]tlsc6x_tpcfg_ver_comp: Enter
02-02 03:47:13.896    79    79 I (1)[79:kworker/u8:1][tlsc]is_valid_cfg_data: Enter
02-02 03:47:13.896    79    79 W (1)[79:kworker/u8:1]ptcfg address: g_tlsc6x_client->addr:46:46
02-02 03:47:13.896    79    79 I (1)[79:kworker/u8:1][tlsc] vnow: 0x4,vbuild: 0x4
02-02 03:47:13.896    79    79 I (1)[79:kworker/u8:1][tlsc] Tlsc6x: auto update skip:no updated version!
02-02 03:47:13.896    79    79 I (1)[79:kworker/u8:1][tlsc]tlsc6x_boot_update: Enter
02-02 03:47:13.896    79    79 I (1)[79:kworker/u8:1][tlsc]tlsc6x_3536boot_update: Enter
02-02 03:47:13.896    79    79 I (1)[79:kworker/u8:1][tlsc]tlsc6x_boot_ver_comp: Enter
02-02 03:47:13.896    79    79 I (1)[79:kworker/u8:1][tlsc] Tlsc6x: 3536 boot not need update!
02-02 03:47:13.902    79    79 I (1)[79:kworker/u8:1][tlsc]tlsc6x_get_i2cmode: Enter
02-02 03:47:13.903    79    79 I (0)[79:kworker/u8:1][tlsc]tlsc6x_tpd_reset: Enter
02-02 03:47:13.904    79    79 I (0)[79:kworker/u8:1][tlsc]tlsc6x_tpd_reset_force: Enter
02-02 03:47:13.904    79    79 I (0)[79:kworker/u8:1]mtk-tpd: [tpd_gpio_output:168] tpd_gpio_output pin = 0, level = 0
02-02 03:47:13.929    79    79 I (1)[79:kworker/u8:1]mtk-tpd: [tpd_gpio_output:168] tpd_gpio_output pin = 0, level = 1
02-02 03:47:13.966    79    79 E (1)[79:kworker/u8:1][PRODUCT_DEV_INFO]: full_product_device_info: - [1, (null), get_tlsc6448_tp_fw_info]
02-02 03:47:13.966    79    79 I (1)[79:kworker/u8:1]tlsc6x 0-002e: Create proc entry success!
02-02 03:47:13.966    79    79 W (1)[79:kworker/u8:1]Tlsc6x: tpd_probe --!
02-02 03:47:13.966    79    79 I (1)[79:kworker/u8:1]BOOTPROF: 2101.529696:probe: probe=i2c_device_probe drv=tlsc6x(0xc1304470)   225.751539ms
02-02 03:47:13.967    79    79 W (1)[79:kworker/u8:1]Tlsc6x: tpd_local_init --!
02-02 03:47:13.967    79    79 I (1)[79:kworker/u8:1]mtk-tpd: [tpd_probe:764] tpd_probe, tpd_driver_name=tlsc6x
02-02 03:47:13.967    79    79 I (2)[79:kworker/u8:1]mtk-tpd: [tpd_probe:817] Cap touch panel driver
02-02 03:47:13.967    79    79 I (2)[79:kworker/u8:1]input: mtk-tpd as /devices/virtual/input/input2
02-02 03:47:13.967    79    79 I (2)[79:kworker/u8:1]BOOTPROF: 2102.435542:probe: probe=platform_drv_probe drv=mtk-tpd(0xc12d5d4c)   463.481617ms
02-02 03:47:13.967     1     1 I (1)[1:swapper/0]mtk_charger_probe: starts
02-02 03:47:13.967     1     1 I (1)[1:swapper/0]mtk_charger_parse_dt: starts
02-02 03:47:13.967     1     1 I         : (1)[1:swapper/0]found SwitchCharging
02-02 03:47:13.967     1     1 I         : (1)[1:swapper/0]Found primary charger [psc5415e]
02-02 03:47:13.967     1     1 I         : (1)[1:swapper/0]use default V_CHARGER_MIN_1:4400000
02-02 03:47:13.967     1     1 I         : (1)[1:swapper/0]use default V_CHARGER_MIN_2:4200000
02-02 03:47:13.968     1     1 I         : (1)[1:swapper/0]use default MAX_DMIVR_CHARGER_CURRENT:1400000
02-02 03:47:13.968     1     1 I         : (1)[1:swapper/0]use default PE_ICHG_LEAVE_THRESHOLD:1000000
02-02 03:47:13.968     1     1 I         : (1)[1:swapper/0]use default TA_AC_12V_INPUT_CURRENT:3200000
02-02 03:47:13.968     1     1 I         : (1)[1:swapper/0]use default TA_AC_9V_INPUT_CURRENT:3200000
02-02 03:47:13.968     1     1 I         : (1)[1:swapper/0]use default TA_AC_7V_INPUT_CURRENT:3200000
02-02 03:47:13.968     1     1 I         : (1)[1:swapper/0]use default high_temp_to_leave_pe40:46
02-02 03:47:13.968     1     1 I         : (1)[1:swapper/0]use default high_temp_to_enter_pe40:39
02-02 03:47:13.968     1     1 I         : (1)[1:swapper/0]use default low_temp_to_leave_pe40:10
02-02 03:47:13.968     1     1 I         : (1)[1:swapper/0]use default low_temp_to_enter_pe40:16
02-02 03:47:13.968     1     1 I         : (1)[1:swapper/0]use default pe40_single_charger_input_current:3000
02-02 03:47:13.968     1     1 I         : (1)[1:swapper/0]use default pe40_single_charger_current:3000
02-02 03:47:13.968     1     1 I         : (1)[1:swapper/0]use default pe40_dual_charger_input_current:3000
02-02 03:47:13.968     1     1 I         : (1)[1:swapper/0]use default pe40_dual_charger_chg1_current:2000
02-02 03:47:13.968     1     1 I         : (1)[1:swapper/0]use default pe40_dual_charger_chg2_current:2000
02-02 03:47:13.968     1     1 I         : (1)[1:swapper/0]use default dual_polling_ieoc :750000
02-02 03:47:13.968     1     1 I         : (1)[1:swapper/0]use default pe40_stop_battery_soc:80
02-02 03:47:13.968     1     1 I         : (1)[1:swapper/0]use default pe40_max_vbus:11000
02-02 03:47:13.968     1     1 I         : (1)[1:swapper/0]use default pe40_max_ibus:3000
02-02 03:47:13.968     1     1 I         : (1)[1:swapper/0]use default pe40_r_cable_1a_lower:530
02-02 03:47:13.968     1     1 I         : (1)[1:swapper/0]use default pe40_r_cable_2a_lower:390
02-02 03:47:13.968     1     1 I         : (1)[1:swapper/0]use default pe40_r_cable_3a_lower:252
02-02 03:47:13.968     1     1 I         : (1)[1:swapper/0]use default pd_vbus_upper_bound:10000000
02-02 03:47:13.968     1     1 I         : (1)[1:swapper/0]use default pd_vbus_low_bound:5000000
02-02 03:47:13.968     1     1 I         : (1)[1:swapper/0]use default pd_ichg_level_threshold:1000000
02-02 03:47:13.968     1     1 I         : (1)[1:swapper/0]use default pd_stop_battery_soc:80
02-02 03:47:13.968     1     1 I         : (1)[1:swapper/0]use default vsys_watt:5000000
02-02 03:47:13.968     1     1 I         : (1)[1:swapper/0]use default ibus_err:14
02-02 03:47:13.968     1     1 I         : (1)[1:swapper/0]use default SLAVE_MIVR_DIFF:100000
02-02 03:47:13.968     1     1 I         : (1)[1:swapper/0]use default CHG2_EFF:90
02-02 03:47:13.968     1     1 I         : (1)[1:swapper/0]use default BC12_CHARGER:0
02-02 03:47:13.968     1     1 I (1)[1:swapper/0]algorithm name: SwitchCharging
02-02 03:47:13.968     1     1 I         : (1)[1:swapper/0]Battery id 0:Use header file jeita temp threshold
02-02 03:47:13.968     1     1 I (1)[1:swapper/0]mtk_charger_start_timer: alarm timer start:0, 12 99281693
02-02 03:47:13.968     1     1 I         : -(1)[1:swapper/0]alarmtimer_enqueue, 12099281693
02-02 03:47:13.968     1     1 I (2)[1:swapper/0]*** Error: can't find PD adapter ***
02-02 03:47:13.969     1     1 I (2)[1:swapper/0]mtk_charger_get_atm_mode: atm_enabled = 0
02-02 03:47:13.969     1     1 I (2)[1:swapper/0]BOOTPROF: 2104.007312:initcall: mtk_charger_init   465.064924ms
02-02 03:47:13.969   230   230 I         : (3)[230:charger_thread][fgauge_read_current] final current=1430 (ratio=1000)
02-02 03:47:13.969    79    79 I         : (0)[79:kworker/u8:1][wdk] bind thread 232 to cpu 0
02-02 03:47:13.969    79    79 I         : (0)[79:kworker/u8:1][wdk] bind thread 233 to cpu 1
02-02 03:47:13.969     0     0 I         : (0)[232:wdtk-0][wdk-c] cpu=0,lbit=0x1,cbit=0xf,0,1,2104242696,[2104464312,20000000]
02-02 03:47:13.969    79    79 I         : (3)[79:kworker/u8:1][wdk] bind thread 234 to cpu 2
02-02 03:47:13.969     0     0 I         : (2)[234:wdtk-2][wdk-c] cpu=2,lbit=0x5,cbit=0xf,0,1,2104242696,[2104530773,19999933]
02-02 03:47:13.970     1     1 I (1)[1:swapper/0]vs1: disabling
02-02 03:47:13.970     1     1 E (1)[1:swapper/0]vs1: couldn't disable: -1
02-02 03:47:13.970     1     1 I (1)[1:swapper/0]vmodem: disabling
02-02 03:47:13.970     1     1 E (1)[1:swapper/0]vmodem: couldn't disable: -1
02-02 03:47:13.970     1     1 I (1)[1:swapper/0]vcore: disabling
02-02 03:47:13.970     1     1 E (1)[1:swapper/0]vcore: couldn't disable: -1
02-02 03:47:13.970     1     1 I (1)[1:swapper/0]vproc: disabling
02-02 03:47:13.970     1     1 E (1)[1:swapper/0]vproc: couldn't disable: -1
02-02 03:47:13.970     1     1 I (1)[1:swapper/0]vxo22: disabling
02-02 03:47:13.970     1     1 E (1)[1:swapper/0]vxo22: couldn't disable: -1
02-02 03:47:13.970     1     1 I (1)[1:swapper/0]vsram_others: disabling
02-02 03:47:13.970     1     1 E (1)[1:swapper/0]vsram_others: couldn't disable: -1
02-02 03:47:13.970     1     1 I (1)[1:swapper/0]vaux18: disabling
02-02 03:47:13.970     1     1 E (1)[1:swapper/0]vaux18: couldn't disable: -1
02-02 03:47:13.970     1     1 I (1)[1:swapper/0]vaud28: disabling
02-02 03:47:13.970     1     1 I         : (1)[1:swapper/0]ldo vaud28 disable
02-02 03:47:13.970     1     1 E (1)[1:swapper/0]vaud28: couldn't disable: -1
02-02 03:47:13.970     1     1 I (1)[1:swapper/0]vio28: disabling
02-02 03:47:13.970     1     1 E (1)[1:swapper/0]vio28: couldn't disable: -1
02-02 03:47:13.970     1     1 I (1)[1:swapper/0]vio18: disabling
02-02 03:47:13.970     1     1 E (1)[1:swapper/0]vio18: couldn't disable: -1
02-02 03:47:13.970     1     1 I (1)[1:swapper/0]vdram: disabling
02-02 03:47:13.970     1     1 E (1)[1:swapper/0]vdram: couldn't disable: -1
02-02 03:47:13.970     1     1 I         : (1)[1:swapper/0]ALSA device list:
02-02 03:47:13.970     1     1 I (1)[1:swapper/0]  #0: mt-snd-card
02-02 03:47:13.971    79    79 I         : (3)[79:kworker/u8:1][wdk] bind thread 235 to cpu 3
02-02 03:47:13.971    79    79 I         : (3)[79:kworker/u8:1][wdk] WDT start kicker done CPU_NR=4
02-02 03:47:13.971    79    79 I         : (3)[79:kworker/u8:1][wdk]init_wk done late_initcall cpus_kick_bit=0xf -----
02-02 03:47:13.971     0     0 I         : (3)[235:wdtk-3][wdk-c] cpu=3,lbit=0xd,cbit=0xf,0,1,2104242696,[2106140542,19998323]
02-02 03:47:13.971     1     1 I         : (1)[1:swapper/0]Freeing unused kernel memory: 1024K
02-02 03:47:13.971     1     1 I (1)[1:swapper/0]BOOTPROF: 2106.523542:Kernel_init_done
02-02 03:47:13.971     0     0 W         : (1)[233:wdtk-1][wdk-k] cpu=1,lbit=0xf,cbit=0xf,0,1,2104242696,[2106644389,19997819]
02-02 03:47:13.973   230   230 I (0)[230:charger_thread]charger_get_rsense: do not define r_sense
02-02 03:47:13.975   230   230 I         : (0)[230:charger_thread][fgauge_read_current] final current=1401 (ratio=1000)
02-02 03:47:13.975   230   230 I         : (0)[230:charger_thread][CH3_DBG] bat_cur = 1401
02-02 03:47:13.976   230   230 I         : (0)[230:charger_thread][fgauge_read_current] final current=1436 (ratio=1000)
02-02 03:47:13.976   230   230 I (0)[230:charger_thread]mtk_bif_is_hw_exist: do not have bif driver
02-02 03:47:13.976   230   230 I         : (0)[230:charger_thread][BattVoltToTemp] 690 16900 1800 -6
02-02 03:47:13.976   230   230 I         : (0)[230:charger_thread][force_get_tbat] 696,690,1,143,100,237 r:320 100 0
02-02 03:47:13.976   230   230 I (0)[230:charger_thread][force_get_tbat] t: 23 precise:237
02-02 03:47:13.976   230   230 I (0)[230:charger_thread]Vbat=4400,Ibat=1430,I=676,VChr=4891,T=23,Soc=96: 95,CT:0:0 hv:1 pd:0:0
02-02 03:47:13.976   230   230 I         : (0)[230:charger_thread][fgauge_read_current] final current=1436 (ratio=1000)
02-02 03:47:13.976   230   230 I         : (0)[230:charger_thread][CH3_DBG] bat_cur = 1436
02-02 03:47:13.977   230   230 I         : (0)[230:charger_thread][fgauge_read_current] final current=1436 (ratio=1000)
02-02 03:47:13.977   230   230 I         : (0)[230:charger_thread][BattVoltToTemp] 690 16900 1800 -6
02-02 03:47:13.977   230   230 I         : (0)[230:charger_thread][force_get_tbat] 696,690,1,143,100,237 r:320 100 0
02-02 03:47:13.977   230   230 I (0)[230:charger_thread][force_get_tbat] t: 23 precise:237
02-02 03:47:14.041     1     1 I (3)[1:init]: init first stage started!
02-02 03:47:14.041     1     1 I (3)[1:init]: ForceNormalBoot::twrp_fastboot: 1
02-02 03:47:14.041     1     1 I (3)[1:init]: ForceNormalBoot::normal_boot: 0
02-02 03:47:14.041     1     1 I (3)[1:init]: Unable to open /lib/modules, skipping module loading.
02-02 03:47:14.041     1     1 I (3)[1:init]: ForceNormalBoot::twrp_fastboot: 1
02-02 03:47:14.041     1     1 I (3)[1:init]: ForceNormalBoot::normal_boot: 0
02-02 03:47:14.041     1     1 I (3)[1:init]: First stage mount skipped (recovery mode)
02-02 03:47:14.042     1     1 I (3)[1:init]: [libfs_mgr]ReadFstabFromDt(): failed to read fstab from dt
02-02 03:47:14.043     1     1 W (3)[1:init]: [libfs_mgr]Warning: unknown flag: resize
02-02 03:47:14.044     1     1 I (3)[1:init]: Using Android DT directory /proc/device-tree/firmware/android/
02-02 03:47:14.094     1     1 I (3)[1:init]musb-hdrc musb-hdrc: prop=1, power=0, is_host=0
02-02 03:47:14.094     1     1 I (3)[1:init]musb-hdrc musb-hdrc: prop=2, power=0, is_host=0
02-02 03:47:14.094     1     1 I (3)[1:init]musb-hdrc musb-hdrc: prop=3, power=0, is_host=0
02-02 03:47:14.097     1     1 I         : (3)[1:init][fgauge_read_current] final current=1452 (ratio=1000)
02-02 03:47:14.097     1     1 I         : (3)[1:init][fgauge_read_current] final current=1452 (ratio=1000)
02-02 03:47:14.122     1     1 W (0)[1:init]: 1 output lines suppressed due to ratelimiting
02-02 03:47:14.158     1     1 W (0)[1:init]: [libfs_mgr]Warning: unknown flag: resize
02-02 03:47:14.160     1     1 W (0)[1:init]: DM_DEV_STATUS failed for system_ext: No such device or address
02-02 03:47:14.160     1     1 E (0)[1:init]: Could not update logical partition
02-02 03:47:14.160     1     1 W (0)[1:init]: DM_DEV_STATUS failed for product: No such device or address
02-02 03:47:14.160     1     1 E (0)[1:init]: Could not update logical partition
02-02 03:47:14.160     1     1 I (0)[1:init]: Loading SELinux policy
02-02 03:47:14.165     1     1 D (0)[1:init]SELinux: 8192 avtab hash slots, 24675 rules.
02-02 03:47:14.181     1     1 D (0)[1:init]SELinux: 8192 avtab hash slots, 24675 rules.
02-02 03:47:14.181     1     1 D (0)[1:init]SELinux: 1 users, 2 roles, 1614 types, 0 bools, 1 sens, 1024 cats
02-02 03:47:14.181     1     1 D (0)[1:init]SELinux: 99 classes, 24675 rules
02-02 03:47:14.186     1     1 I (0)[1:init]SELinux: policy capability network_peer_controls=1
02-02 03:47:14.186     1     1 I (0)[1:init]SELinux: policy capability open_perms=1
02-02 03:47:14.186     1     1 I (0)[1:init]SELinux: policy capability extended_socket_class=1
02-02 03:47:14.186     1     1 I (0)[1:init]SELinux: policy capability always_check_network=0
02-02 03:47:14.186     1     1 I (0)[1:init]SELinux: policy capability cgroup_seclabel=0
02-02 03:47:14.186     1     1 I (0)[1:init]SELinux: policy capability nnp_nosuid_transition=1
02-02 03:47:14.186     1     1 D (0)[1:init]SELinux: Completing initialization.
02-02 03:47:14.186     1     1 D (0)[1:init]SELinux: Setting up existing superblocks.
02-02 03:47:14.336   200   200 W -(1)[200:dc_trim_thread]mt635x_auxadc_read_raw: 121 callbacks suppressed
02-02 03:47:14.336   200   200 I (1)[200:dc_trim_thread]mt635x-auxadc mt635x-auxadc: name:HPOFS_CAL, channel=9, adc_out=0x6a89, adc_result=27273
02-02 03:47:14.340   200   200 I (0)[200:dc_trim_thread]mt635x-auxadc mt635x-auxadc: name:HPOFS_CAL, channel=9, adc_out=0x6a8d, adc_result=27277
02-02 03:47:14.343   200   200 I (0)[200:dc_trim_thread]mt635x-auxadc mt635x-auxadc: name:HPOFS_CAL, channel=9, adc_out=0x6a88, adc_result=27272
02-02 03:47:14.347   200   200 I (2)[200:dc_trim_thread]mt635x-auxadc mt635x-auxadc: name:HPOFS_CAL, channel=9, adc_out=0x6a8b, adc_result=27275
--------- beginning of main
02-02 03:47:14.349   246   246 I auditd  : type=1403 audit(0.0:2): policy loaded auid=4294967295 ses=4294967295
02-02 03:47:14.351   200   200 I (0)[200:dc_trim_thread]mt635x-auxadc mt635x-auxadc: name:HPOFS_CAL, channel=9, adc_out=0x6a84, adc_result=27268
02-02 03:47:14.353   246   246 W auditd  : type=1404 audit(0.0:3): enforcing=1 old_enforcing=0 auid=4294967295 ses=4294967295
02-02 03:47:14.359     1     1 I (2)[1:init]selinux: SELinux: Loaded policy from /sepolicy
02-02 03:47:14.359     1     1 I (2)[1:init]selinux:  
02-02 03:47:14.387     1     1 I (2)[1:init]selinux: SELinux: Loaded file_contexts
02-02 03:47:14.387     1     1 I (2)[1:init]selinux:  
02-02 03:47:14.430     1     1 I (2)[1:init]: init second stage started!
02-02 03:47:14.482   211   211 I         : (1)[211:kworker/1:2][msdc]cache(0x568000~0x5A0000, usrdata(0x5A4000~0x1D16FDF)
02-02 03:47:14.490     1     1 I (2)[1:init]: Using Android DT directory /proc/device-tree/firmware/android/
02-02 03:47:14.491     1     1 E (2)[1:init]: Init cannot set 'ro.boot.serialno' to 'SOZ5VSMNKV7L6TFA': Read-only property was already set
02-02 03:47:14.492     1     1 W (2)[1:init]: Couldn't load property file '/system/etc/prop.default': open() failed: No such file or directory: No such file or directory
02-02 03:47:14.494     1     1 W (2)[1:init]: Overriding previous 'ro.' property 'persist.sys.usb.config':'adb' with new value 'mtp,adb'
02-02 03:47:14.495     1     1 W (2)[1:init]: Overriding previous 'ro.' property 'ro.treble.enabled':'true' with new value 'false'
02-02 03:47:14.496     1     1 W (2)[1:init]: Couldn't load property file '/system/build.prop': open() failed: No such file or directory: No such file or directory
02-02 03:47:14.496     1     1 W (2)[1:init]: Couldn't load property file '/system_ext/build.prop': open() failed: No such file or directory: No such file or directory
02-02 03:47:14.497     1     1 W (2)[1:init]: Couldn't load property file '/vendor/default.prop': open() failed: No such file or directory: No such file or directory
02-02 03:47:14.497     1     1 W (2)[1:init]: Couldn't load property file '/vendor/build.prop': open() failed: No such file or directory: No such file or directory
02-02 03:47:14.539     1     1 I init    : type=1400 audit(0.0:4): avc: denied { write } for name="kernel_init_done" dev="sysfs" ino=12057 scontext=u:r:init:s0 tcontext=u:object_r:sysfs:s0 tclass=file permissive=1
02-02 03:47:14.539     1     1 I init    : type=1400 audit(0.0:5): avc: denied { open } for path="/sys/module/musb_hdrc/parameters/kernel_init_done" dev="sysfs" ino=12057 scontext=u:r:init:s0 tcontext=u:object_r:sysfs:s0 tclass=file permissive=1
02-02 03:47:14.584   239   239 I (3)[239:ueventd]: ueventd started!
02-02 03:47:14.589   239   239 I (3)[239:ueventd]selinux: SELinux: Loaded file_contexts
02-02 03:47:14.589   239   239 I (3)[239:ueventd]selinux:  
02-02 03:47:14.589   239   239 I (3)[239:ueventd]: Parsing file /system/etc/ueventd.rc...
02-02 03:47:14.590   239   239 I (3)[239:ueventd]: Parsing file /vendor/ueventd.rc...
02-02 03:47:14.591   239   239 E (3)[239:ueventd]: /vendor/ueventd.rc: 84: invalid gid 'bridge_rw'
02-02 03:47:14.591   239   239 E (3)[239:ueventd]: /vendor/ueventd.rc: 85: invalid gid 'bridge_rw'
02-02 03:47:14.591   239   239 I (3)[239:ueventd]: Parsing file /odm/ueventd.rc...
02-02 03:47:14.591   239   239 I (3)[239:ueventd]: Unable to read config file '/odm/ueventd.rc': open() failed: No such file or directory
02-02 03:47:14.591   239   239 I (3)[239:ueventd]: Parsing file /ueventd.mt6739.rc...
02-02 03:47:14.633   239   239 I (0)[239:ueventd]musb-hdrc musb-hdrc: prop=1, power=0, is_host=0
02-02 03:47:14.633   239   239 I (0)[239:ueventd]musb-hdrc musb-hdrc: prop=2, power=0, is_host=0
02-02 03:47:14.633   239   239 I (0)[239:ueventd]musb-hdrc musb-hdrc: prop=3, power=0, is_host=0
02-02 03:47:14.635   239   239 I         : (0)[239:ueventd][fgauge_read_current] final current=1291 (ratio=1000)
02-02 03:47:14.635   239   239 I         : (0)[239:ueventd][fgauge_read_current] final current=1291 (ratio=1000)
02-02 03:47:14.863     1     1 I init    : type=1400 audit(0.0:6): avc: denied { module_request } for kmod="fs-binder" scontext=u:r:init:s0 tcontext=u:r:kernel:s0 tclass=system permissive=1
02-02 03:47:14.869   246   246 I init    : type=1400 audit(0.0:7): avc: denied { entrypoint } for path="/system/bin/logd" dev="rootfs" ino=1149 scontext=u:r:logd:s0 tcontext=u:object_r:rootfs:s0 tclass=file permissive=1
02-02 03:47:14.873   246   246 I logd    : type=1400 audit(0.0:8): avc: denied { map } for path="/system/bin/logd" dev="rootfs" ino=1149 scontext=u:r:logd:s0 tcontext=u:object_r:rootfs:s0 tclass=file permissive=1
02-02 03:47:14.873   246   246 I logd    : type=1400 audit(0.0:9): avc: denied { read } for path="/system/bin/logd" dev="rootfs" ino=1149 scontext=u:r:logd:s0 tcontext=u:object_r:rootfs:s0 tclass=file permissive=1
02-02 03:47:14.873   246   246 I logd    : type=1400 audit(0.0:10): avc: denied { execute } for path="/system/bin/logd" dev="rootfs" ino=1149 scontext=u:r:logd:s0 tcontext=u:object_r:rootfs:s0 tclass=file permissive=1
02-02 03:47:14.893   246   246 I logd    : type=1400 audit(0.0:14): avc: denied { write } for name="socket" dev="tmpfs" ino=15100 scontext=u:r:logd:s0 tcontext=u:object_r:socket_device:s0 tclass=dir permissive=1
02-02 03:47:14.893   246   246 I logd    : type=1400 audit(0.0:15): avc: denied { add_name } for name="logd" scontext=u:r:logd:s0 tcontext=u:object_r:socket_device:s0 tclass=dir permissive=1
02-02 03:47:14.893   246   246 I logd    : type=1400 audit(0.0:16): avc: denied { create } for name="logd" scontext=u:r:logd:s0 tcontext=u:object_r:socket_device:s0 tclass=sock_file permissive=1
02-02 03:47:14.894   246   246 W libprocessgroup: Failed to find SCHED_SP_BACKGROUNDtask profile: No such file or directory
02-02 03:47:14.898   246   246 D (1)[246:logd]: Cannot read /system/etc/event-log-tags
02-02 03:47:14.900   246   246 I (1)[246:logd]logd.auditd: start
02-02 03:47:14.903     1     1 I         : (2)[1:init]gadgets_make name=g1
02-02 03:47:14.906     1     1 I init    : type=1400 audit(0.0:17): avc: denied { mounton } for path="/sys/fs/pstore" dev="pstore" ino=15232 scontext=u:r:init:s0 tcontext=u:object_r:pstorefs:s0 tclass=dir permissive=1
02-02 03:47:14.911     1     1 I         : (2)[1:init]function_make name=ffs.adb
02-02 03:47:14.911     1     1 I         : (2)[1:init]file system registered
02-02 03:47:14.912     1     1 I         : (2)[1:init]function_make name=ffs.fastboot
02-02 03:47:14.912     1     1 I         : (2)[1:init]config_desc_make name=b.1
02-02 03:47:14.925   247   247 E hw-ProcessState: Binder driver protocol(8) does not match user space protocol(7)!
02-02 03:47:14.925   247   247 E hw-ProcessState: Binder ioctl to set max threads failed: Bad file descriptor
02-02 03:47:14.925   247   247 F hw-ProcessState: Binder driver could not be opened. Terminating.
--------- beginning of crash
02-02 03:47:14.925   247   247 F libc    : Fatal signal 6 (SIGABRT), code -1 (SI_QUEUE) in tid 247 (hwservicemanage), pid 247 (hwservicemanage)
02-02 03:47:14.926     1     1 I         : (2)[1:init]os_desc_use_store Use OS DESC
02-02 03:47:14.927   255   255 F libc    : failed to exec crash_dump helper: No such file or directory
02-02 03:47:14.928   247   247 F libc    : crash_dump helper failed to exec
02-02 03:47:14.928     1     1 I         : (2)[1:init]function_make name=mass_storage.usb0
02-02 03:47:14.928     1     1 I         : (2)[1:init]Mass Storage Function, version: 2009/09/11
02-02 03:47:14.928     1     1 I (2)[1:init]LUN: removable file: (no medium)
02-02 03:47:14.929     1     1 I         : (2)[1:init]function_make name=mtp.gs0
02-02 03:47:14.929   248   248 E ProcessState: Binder driver protocol(8) does not match user space protocol(7)! ioctl() return value: 0
02-02 03:47:14.929   248   248 E ProcessState: Binder ioctl to set max threads failed: Bad file descriptor
02-02 03:47:14.929   248   248 F ProcessState: Binder driver '/dev/binder' could not be opened.  Terminating.
02-02 03:47:14.929   248   248 F libc    : Fatal signal 6 (SIGABRT), code -1 (SI_QUEUE) in tid 248 (servicemanager), pid 248 (servicemanager)
02-02 03:47:14.931   258   258 F libc    : failed to exec crash_dump helper: No such file or directory
02-02 03:47:14.932   248   248 F libc    : crash_dump helper failed to exec
02-02 03:47:14.933   249   249 I vndservicemanag: type=1400 audit(0.0:18): avc: denied { read } for name="vndbinder" dev="tmpfs" ino=10577 scontext=u:r:recovery:s0 tcontext=u:object_r:vndbinder_device:s0 tclass=chr_file permissive=1
02-02 03:47:14.933   249   249 I vndservicemanag: type=1400 audit(0.0:19): avc: denied { write } for name="vndbinder" dev="tmpfs" ino=10577 scontext=u:r:recovery:s0 tcontext=u:object_r:vndbinder_device:s0 tclass=chr_file permissive=1
02-02 03:47:14.933   249   249 I vndservicemanag: type=1400 audit(0.0:20): avc: denied { open } for path="/dev/vndbinder" dev="tmpfs" ino=10577 scontext=u:r:recovery:s0 tcontext=u:object_r:vndbinder_device:s0 tclass=chr_file permissive=1
02-02 03:47:14.933   249   249 I vndservicemanag: type=1400 audit(0.0:21): avc: denied { ioctl } for path="/dev/vndbinder" dev="tmpfs" ino=10577 ioctlcmd=0x6209 scontext=u:r:recovery:s0 tcontext=u:object_r:vndbinder_device:s0 tclass=chr_file permissive=1
02-02 03:47:14.933     1     1 I init    : type=1400 audit(0.0:22): avc: denied { mounton } for path="/dev/usb-ffs/adb" dev="functionfs" ino=10668 scontext=u:r:init:s0 tcontext=u:object_r:functionfs:s0 tclass=dir permissive=1
02-02 03:47:14.937   249   249 E ProcessState: Binder driver protocol(8) does not match user space protocol(7)! ioctl() return value: 0
02-02 03:47:14.937   249   249 E ProcessState: Binder ioctl to set max threads failed: Bad file descriptor
02-02 03:47:14.938   249   249 F ProcessState: Binder driver '/dev/vndbinder' could not be opened.  Terminating.
02-02 03:47:14.938   249   249 F libc    : Fatal signal 6 (SIGABRT), code -1 (SI_QUEUE) in tid 249 (vndservicemanag), pid 249 (vndservicemanag)
02-02 03:47:14.940     1     1 I         : (2)[1:init]interf_grp_compatible_id_store ext_compat_id=MTP
02-02 03:47:14.940   260   260 F libc    : failed to exec crash_dump helper: No such file or directory
02-02 03:47:14.940     1     1 I         : (2)[1:init]os_desc_b_vendor_code_store Vendor Code=1
02-02 03:47:14.941   249   249 F libc    : crash_dump helper failed to exec
02-02 03:47:14.942     1     1 I (2)[1:init]ffs_data_put(): freeing
02-02 03:47:14.946     1     1 I init    : type=1400 audit(0.0:23): avc: denied { write } for name="bootprof" dev="proc" ino=4026532348 scontext=u:r:init:s0 tcontext=u:object_r:proc:s0 tclass=file permissive=1
02-02 03:47:14.948     1     1 I (1)[1:init]ffs_data_put(): freeing
02-02 03:47:14.948     1     1 I (1)[1:init]ffs_data_put(): freeing
02-02 03:47:14.949   261   261 I init    : type=1400 audit(0.0:24): avc: denied { sys_nice } for capability=23 scontext=u:r:init:s0 tcontext=u:r:init:s0 tclass=capability permissive=1
02-02 03:47:14.955     1     1 I (1)[1:init]BOOTPROF: 3090.466775:MOBICORE: Starting mcDriverDaemon
02-02 03:47:14.959   261   261 I mcDriverDaemon: type=1400 audit(0.0:25): avc: denied { read write } for name="mobicore" dev="tmpfs" ino=10588 scontext=u:r:recovery:s0 tcontext=u:object_r:device:s0 tclass=chr_file permissive=1
02-02 03:47:14.959   261   261 I mcDriverDaemon: type=1400 audit(0.0:26): avc: denied { open } for path="/dev/mobicore" dev="tmpfs" ino=10588 scontext=u:r:recovery:s0 tcontext=u:object_r:device:s0 tclass=chr_file permissive=1
02-02 03:47:14.959   261   261 I mcDriverDaemon: type=1400 audit(0.0:27): avc: denied { ioctl } for path="/dev/mobicore" dev="tmpfs" ino=10588 ioctlcmd=0x4d01 scontext=u:r:recovery:s0 tcontext=u:object_r:device:s0 tclass=chr_file permissive=1
02-02 03:47:14.964   261   261 I TeeMcDaemon: Registry search paths: [vendor/mediatek/proprietary/trustzone/trustonic/source/external/mobicore/common/410/Daemon/src/MobiCoreDriverDaemon.cpp:212]
02-02 03:47:14.964   261   261 I TeeMcDaemon:   /data/vendor/mcRegistry [vendor/mediatek/proprietary/trustzone/trustonic/source/external/mobicore/common/410/Daemon/src/MobiCoreDriverDaemon.cpp:214]
02-02 03:47:14.964   261   261 I TeeMcDaemon:   /vendor/app/mcRegistry [vendor/mediatek/proprietary/trustzone/trustonic/source/external/mobicore/common/410/Daemon/src/MobiCoreDriverDaemon.cpp:214]
02-02 03:47:14.964   261   261 I TeeMcDaemon:   /system/app/mcRegistry [vendor/mediatek/proprietary/trustzone/trustonic/source/external/mobicore/common/410/Daemon/src/MobiCoreDriverDaemon.cpp:214]
02-02 03:47:14.964   261   261 I TeeMcDaemon: Initialise Secure World [vendor/mediatek/proprietary/trustzone/trustonic/source/external/mobicore/common/410/Daemon/src/MobiCoreDriverDaemon.cpp:244]
02-02 03:47:14.964   261   261 I TeeMcDaemon: driver version: v7.0 [vendor/mediatek/proprietary/trustzone/trustonic/source/external/mobicore/common/410/Daemon/src/SecureWorld.cpp:280]
02-02 03:47:14.965   261   261 I TeeMcDaemon: driver version: v7.0 [vendor/mediatek/proprietary/trustzone/trustonic/source/external/mobicore/common/410/ClientLib/src/driver.cpp:104]
02-02 03:47:14.965   261   261 I TeeMcDaemon: driver open [vendor/mediatek/proprietary/trustzone/trustonic/source/external/mobicore/common/410/ClientLib/src/driver.cpp:109]
02-02 03:47:14.965   261   261 I TeeMcDaemon: driver closed [vendor/mediatek/proprietary/trustzone/trustonic/source/external/mobicore/common/410/ClientLib/src/driver.cpp:120]
02-02 03:47:14.965   261   261 I TeeMcDaemon: TEE is ready, version: t-base-MTK-A64-Android-410a-V112-20200310_140916_2045_102868 [vendor/mediatek/proprietary/trustzone/trustonic/source/external/mobicore/common/410/Daemon/src/SecureWorld.cpp:331]
02-02 03:47:14.965   261   261 I TeeMcDaemon: Load decryption key [vendor/mediatek/proprietary/trustzone/trustonic/source/external/mobicore/common/410/Daemon/src/MobiCoreDriverDaemon.cpp:254]
02-02 03:47:14.965   261   261 W TeeMcDaemon: Cannot open key SO  (No such file or directory) [vendor/mediatek/proprietary/trustzone/trustonic/source/external/mobicore/common/410/Daemon/src/SecureWorld.cpp:479]
02-02 03:47:14.965   261   261 W TeeMcDaemon: key decryption  missing, ignore [vendor/mediatek/proprietary/trustzone/trustonic/source/external/mobicore/common/410/Daemon/src/MobiCoreDriverDaemon.cpp:260]
02-02 03:47:14.968   261   261 I (3)[261:mcDriverDaemon]Trustonic TEE: admin_open: daemon connection open, TGID 261
02-02 03:47:14.973     1     1 I init    : type=1400 audit(0.0:28): avc: denied { write } for name="online" dev="sysfs" ino=9866 scontext=u:r:init:s0 tcontext=u:object_r:sysfs_devices_system_cpu:s0 tclass=file permissive=1
02-02 03:47:14.982   261   263 W TeeMcDaemon: Cannot open trustlet /data/vendor/mcRegistry/07050501000000000000000000000020.tlbin (No such file or directory) [vendor/mediatek/proprietary/trustzone/trustonic/source/external/mobicore/common/410/Daemon/src/SecureWorld.cpp:198]
02-02 03:47:14.984   261   261 I TeeMcDaemon: * start endorsement installer [vendor/mediatek/proprietary/trustzone/trustonic/source/external/mobicore/common/410/Daemon/src/MobiCoreDriverDaemon.cpp:307]
02-02 03:47:14.984   261   261 I TeeMcDaemon: * start registry server [vendor/mediatek/proprietary/trustzone/trustonic/source/external/mobicore/common/410/Daemon/src/MobiCoreDriverDaemon.cpp:307]
02-02 03:47:14.984   261   268 I TeeEndorsementInstaller: Starting endorsement installer thread [vendor/mediatek/proprietary/trustzone/trustonic/source/external/mobicore/common/410/Daemon/src/EndorsementInstaller.cpp:85]
02-02 03:47:14.984   261   261 I TeeMcDaemon: * start debug session [vendor/mediatek/proprietary/trustzone/trustonic/source/external/mobicore/common/410/Daemon/src/MobiCoreDriverDaemon.cpp:307]
02-02 03:47:14.984   261   263 W TeeMcDaemon: Cannot open trustlet /data/vendor/mcRegistry/08050500000000000000000000000000.tlbin (No such file or directory) [vendor/mediatek/proprietary/trustzone/trustonic/source/external/mobicore/common/410/Daemon/src/SecureWorld.cpp:198]
02-02 03:47:14.985   261   269 I TeeMcDaemon: run: Starting server [vendor/mediatek/proprietary/trustzone/trustonic/source/external/mobicore/common/410/Daemon/src/RegistryServer.cpp:230]
02-02 03:47:14.985   261   267 I TeeMcDaemon: run: Start listening for request from STH2 [vendor/mediatek/proprietary/trustzone/trustonic/source/external/mobicore/common/410/Daemon/src/FSD2.cpp:476]
02-02 03:47:14.986   261   261 E TeeMcDaemon: mcOpenSession returned INVALID_OPERATION (rc 0x9) [vendor/mediatek/proprietary/trustzone/trustonic/source/external/mobicore/common/410/ClientLib/src/native_interface.cpp:573]
02-02 03:47:14.986   261   261 W TeeMcDaemon: Tci buffer might be too short, trying again with new size sent by SWd (size = 51388 bytes) [vendor/mediatek/proprietary/trustzone/trustonic/source/external/mobicore/common/410/Daemon/src/DebugSession.cpp:104]
02-02 03:47:14.986   261   263 W TeeMcDaemon: Cannot open trustlet /data/vendor/mcRegistry/08050500000000000000000000000000.tlbin (No such file or directory) [vendor/mediatek/proprietary/trustzone/trustonic/source/external/mobicore/common/410/Daemon/src/SecureWorld.cpp:198]
02-02 03:47:14.987   261   261 I TeeMcDaemon: session opened [vendor/mediatek/proprietary/trustzone/trustonic/source/external/mobicore/common/410/Daemon/src/DebugSession.cpp:125]
02-02 03:47:14.987   261   261 I TeeMcDaemon: Load secure drivers [vendor/mediatek/proprietary/trustzone/trustonic/source/external/mobicore/common/410/Daemon/src/MobiCoreDriverDaemon.cpp:320]
02-02 03:47:14.987   261   261 I TeeMcDaemon: * loading /vendor/app/mcRegistry/020f0000000000000000000000000000.drbin [vendor/mediatek/proprietary/trustzone/trustonic/source/external/mobicore/common/410/Daemon/src/MobiCoreDriverDaemon.cpp:323]
02-02 03:47:14.988   157   157 I (0)[157:tee_log]Trustonic TEE: 401(1)|TA SPT2 : Starting.
02-02 03:47:14.988   157   157 I (0)[157:tee_log]Trustonic TEE: 401(1)|TA SPT2 : tbase info.
02-02 03:47:14.988   157   157 I (0)[157:tee_log]Trustonic TEE: 401(1)|tlApi version    =  0x00010014
02-02 03:47:14.988   157   157 I (0)[157:tee_log]Trustonic TEE: 401(1)|productId        = t-base-MTK-A64-Android-410a-V112-20200310_140916_2045_102868
02-02 03:47:14.988   157   157 I (0)[157:tee_log]Trustonic TEE: 401(1)|versionMci       = 0x00010007
02-02 03:47:14.988   157   157 I (0)[157:tee_log]Trustonic TEE: 401(1)|versionSo        = 0x00020002
02-02 03:47:14.988   157   157 I (0)[157:tee_log]Trustonic TEE: 401(1)|versionMclf      = 0x00020005
02-02 03:47:14.988   157   157 I (0)[157:tee_log]Trustonic TEE: 401(1)|versionContainer = 0x00020001
02-02 03:47:14.988   157   157 I (0)[157:tee_log]Trustonic TEE: 401(1)|versionMcConfig  = 0x00000003
02-02 03:47:14.988   157   157 I (0)[157:tee_log]Trustonic TEE: 401(1)|versionTlApi     = 0x00010014
02-02 03:47:14.988   157   157 I (0)[157:tee_log]Trustonic TEE: 401(1)|versionDrApi     = 0x00010004
02-02 03:47:14.988   157   157 I (0)[157:tee_log]Trustonic TEE: 401(1)|versionCmp       = 0x00000000
02-02 03:47:14.990   261   261 E (0)[261:mcDriverDaemon]Trustonic TEE: ERROR -1 mcp_cmd: open session: res 8
02-02 03:47:14.992   261   267 I TeeMcDaemon: open: Open storage file "/mnt/vendor/persist/mcRegistry/Store_1.tf" [vendor/mediatek/proprietary/trustzone/trustonic/source/external/mobicore/common/410/Daemon/src/FSD2.cpp:178]
02-02 03:47:14.992   261   267 E TeeMcDaemon: open: No such file or directory opening storage file "/mnt/vendor/persist/mcRegistry/Store_1.tf" [vendor/mediatek/proprietary/trustzone/trustonic/source/external/mobicore/common/410/Daemon/src/FSD2.cpp:182]
02-02 03:47:14.993   261   261 I McDaemon.FSD2: type=1400 audit(0.0:29): avc: denied { read } for name="mcRegistry" dev="tmpfs" ino=12059 scontext=u:r:recovery:s0 tcontext=u:object_r:mnt_vendor_file:s0 tclass=dir permissive=1
02-02 03:47:14.993   261   261 I McDaemon.FSD2: type=1400 audit(0.0:30): avc: denied { open } for path="/mnt/vendor/persist/mcRegistry" dev="tmpfs" ino=12059 scontext=u:r:recovery:s0 tcontext=u:object_r:mnt_vendor_file:s0 tclass=dir permissive=1
02-02 03:47:14.993   261   261 I McDaemon.FSD2: type=1400 audit(0.0:31): avc: denied { write } for name="mcRegistry" dev="tmpfs" ino=12059 scontext=u:r:recovery:s0 tcontext=u:object_r:mnt_vendor_file:s0 tclass=dir permissive=1
02-02 03:47:14.993   261   261 I McDaemon.FSD2: type=1400 audit(0.0:32): avc: denied { add_name } for name="Store_1.tf" scontext=u:r:recovery:s0 tcontext=u:object_r:mnt_vendor_file:s0 tclass=dir permissive=1
02-02 03:47:14.993   261   261 I McDaemon.FSD2: type=1400 audit(0.0:33): avc: denied { create } for name="Store_1.tf" scontext=u:r:recovery:s0 tcontext=u:object_r:mnt_vendor_file:s0 tclass=file permissive=1
02-02 03:47:14.993   261   261 I McDaemon.FSD2: type=1400 audit(0.0:34): avc: denied { read write open } for path="/mnt/vendor/persist/mcRegistry/Store_1.tf" dev="tmpfs" ino=12098 scontext=u:r:recovery:s0 tcontext=u:object_r:mnt_vendor_file:s0 tclass=file permissive=1
02-02 03:47:14.993   261   261 I McDaemon.FSD2: type=1400 audit(0.0:35): avc: denied { getattr } for path="/mnt/vendor/persist/mcRegistry/Store_1.tf" dev="tmpfs" ino=12098 scontext=u:r:recovery:s0 tcontext=u:object_r:mnt_vendor_file:s0 tclass=file permissive=1
02-02 03:47:14.995   261   267 I TeeMcDaemon: create: Create storage file "/mnt/vendor/persist/mcRegistry/Store_1.tf" [vendor/mediatek/proprietary/trustzone/trustonic/source/external/mobicore/common/410/Daemon/src/FSD2.cpp:134]
02-02 03:47:14.996   157   157 I (3)[157:tee_log]Trustonic TEE: 201(0)|Mounting partition 1...
02-02 03:47:14.999   157   157 I (1)[157:tee_log]Trustonic TEE: 201(0)|[STH2] WARNING Partition 1 not found
02-02 03:47:14.999   157   157 I (1)[157:tee_log]Trustonic TEE: 201(0)|Formatting partition 1...
02-02 03:47:15.005   261   261 I TeeMcDaemon: * loading /vendor/app/mcRegistry/05120000000000000000000000000000.drbin [vendor/mediatek/proprietary/trustzone/trustonic/source/external/mobicore/common/410/Daemon/src/MobiCoreDriverDaemon.cpp:323]
02-02 03:47:15.009   157   157 I (0)[157:tee_log]Trustonic TEE: 201(0)|Partition 1 successfully formatted
02-02 03:47:15.010   261   261 I TeeMcDaemon: * loading /vendor/app/mcRegistry/020b0000000000000000000000000000.drbin [vendor/mediatek/proprietary/trustzone/trustonic/source/external/mobicore/common/410/Daemon/src/MobiCoreDriverDaemon.cpp:323]
02-02 03:47:15.010   261   261 W TeeMcDaemon: Cannot open trustlet /vendor/app/mcRegistry/020b0000000000000000000000000000.drbin (No such file or directory) [vendor/mediatek/proprietary/trustzone/trustonic/source/external/mobicore/common/410/Daemon/src/SecureWorld.cpp:198]
