02-02 03:47:33.380     0     0 W (2)[0:swapper/2][mcdi]mcdi cpu: 0, 0, 0, 0, cluster : 0, pause = 0, multi core = 0, latency = 0, residency = 0, last core = 0, avail cpu = 0005, cluster = 0001, enabled = 0, max_s_state = 5, system_idle_hint = 00000000
02-02 03:47:33.380   195   195 I (0)[195:battery_thread]mt635x-auxadc mt635x-auxadc: name:BAT_TEMP, channel=3, adc_out=0x62b, adc_result=693
02-02 03:47:33.381   195   195 I         : (0)[195:battery_thread][fgauge_read_current] final current=1310 (ratio=1000)
02-02 03:47:33.381   195   195 I         : (0)[195:battery_thread][BattVoltToTemp] 688 16900 1800 -5
02-02 03:47:33.381   195   195 I         : (0)[195:battery_thread][force_get_tbat] 693,688,1,131,100,239 r:320 100 0
02-02 03:47:33.381   195   195 I (0)[195:battery_thread][force_get_tbat] t: 23 precise:239
02-02 03:47:33.381   195   195 I         : (0)[195:battery_thread][fg_bat_temp_int_sw_check] tmp 23 lt 65535 ht 65535
02-02 03:47:33.381   195   195 I         : (0)[195:battery_thread][fg_bat_sw_temp_int_l_handler]
02-02 03:47:33.381   195   195 I         : (0)[195:battery_thread][fgauge_read_current] final current=1310 (ratio=1000)
02-02 03:47:33.381   195   195 I         : (0)[195:battery_thread][CH3_DBG] bat_cur = 1310
02-02 03:47:33.382   195   195 I (0)[195:battery_thread]mt635x-auxadc mt635x-auxadc: name:BAT_TEMP, channel=3, adc_out=0x62b, adc_result=693
02-02 03:47:33.382   195   195 I         : (0)[195:battery_thread][fgauge_read_current] final current=1276 (ratio=1000)
02-02 03:47:33.382   195   195 I         : (0)[195:battery_thread][BattVoltToTemp] 688 16900 1800 -5
02-02 03:47:33.382   195   195 I         : (0)[195:battery_thread][force_get_tbat] 693,688,1,127,100,239 r:320 100 0
02-02 03:47:33.382   195   195 I (0)[195:battery_thread][force_get_tbat] t: 23 precise:239
02-02 03:47:33.382   195   195 I         : (0)[195:battery_thread]mtk_battery boot mode =2
02-02 03:47:33.382   195   195 I         : (0)[195:battery_thread][wakeup_fg_algo_recovery] intr_num=0x400
02-02 03:47:33.382   195   195 I         : (0)[195:battery_thread][TempConverBattThermistor] [10417] 20 12081 25 10000 24
02-02 03:47:33.382   195   195 I         : (0)[195:battery_thread][fgauge_read_current] final current=1276 (ratio=1000)
02-02 03:47:33.382   195   195 I         : (0)[195:battery_thread][TempToBattVolt] temp 24 R_NTC 10417 V(6864 6917) I 1276 CHG 1
02-02 03:47:33.382   195   195 I         : (0)[195:battery_thread][TempConverBattThermistor] [11249] 20 12081 25 10000 22
02-02 03:47:33.382   195   195 I         : (0)[195:battery_thread][TempToBattVolt] temp 22 R_NTC 11249 V(7193 7246) I 1276 CHG 1
02-02 03:47:33.382   195   195 I         : (0)[195:battery_thread][fg_bat_temp_int_internal][FG_TEMP_INT] T[23] V[65535 65535] C[24 22] h[7246 6917]
02-02 03:47:33.384   195   195 I         : (0)[195:battery_thread][MDRT_ADC] OLD = 0x405b, NOW = 0x405b, CNT = 0
02-02 03:47:33.384   195   195 I (0)[195:battery_thread]mt635x-auxadc mt635x-auxadc: name:BATADC, channel=0, adc_out=0x6848, adc_result=4399
02-02 03:47:33.385   195   195 I         : (0)[195:battery_thread][fgauge_read_current] final current=1276 (ratio=1000)
02-02 03:47:33.385   195   195 I         : (0)[195:battery_thread][CH3_DBG] bat_cur = 1276
02-02 03:47:33.385   195   195 I (0)[195:battery_thread]mt635x-auxadc mt635x-auxadc: name:BAT_TEMP, channel=3, adc_out=0x62c, adc_result=694
02-02 03:47:33.385   195   195 I         : (0)[195:battery_thread][fgauge_read_current] final current=1320 (ratio=1000)
02-02 03:47:33.386   195   195 I         : (0)[195:battery_thread][BattVoltToTemp] 689 16900 1800 -5
02-02 03:47:33.386   195   195 I         : (0)[195:battery_thread][force_get_tbat] 694,689,1,132,100,238 r:320 100 0
02-02 03:47:33.386   195   195 I (0)[195:battery_thread][force_get_tbat] t: 23 precise:238
02-02 03:47:33.386   195   195 I (0)[195:battery_thread][fg_update_sw_iavg]diff time: 20 iavg:0
02-02 03:47:33.386   195   195 I         : (0)[195:battery_thread][read_boot_battery_plug_out_status] rtc_invalid 0 plugout 1 bat_plug_out_time 31 sp3:0xdf pl:0 0
02-02 03:47:33.386   195   195 I         : (0)[195:battery_thread][fgauge_read_current] final current=1320 (ratio=1000)
02-02 03:47:33.386   195   195 I         : (0)[195:battery_thread][fgauge_get_coulomb] CAR=7 r_fg_value=100 car_tune_value=1000
02-02 03:47:33.388   290   290 I         : (0)[290:kworker/0:2][fgauge_read_current] final current=1364 (ratio=1000)
02-02 03:47:33.388   290   290 I         : (0)[290:kworker/0:2][fgauge_read_current] final current=1364 (ratio=1000)
02-02 03:47:33.388   195   195 I (0)[195:battery_thread]mt635x-auxadc mt635x-auxadc: name:BATADC, channel=0, adc_out=0x6848, adc_result=4399
02-02 03:47:33.389   195   195 I         : (0)[195:battery_thread][fgauge_read_current] final current=1364 (ratio=1000)
02-02 03:47:33.389   195   195 I         : (0)[195:battery_thread][CH3_DBG] bat_cur = 1364
02-02 03:47:33.391   195   195 I         : (2)[195:battery_thread][fgauge_read_current] final current=1323 (ratio=1000)
02-02 03:47:33.391   195   195 I         : (2)[195:battery_thread][BattVoltToTemp] 688 16900 1800 -5
02-02 03:47:33.391   195   195 I         : (2)[195:battery_thread][force_get_tbat] 693,688,1,132,100,239 r:320 100 0
02-02 03:47:33.391   195   195 I (2)[195:battery_thread][force_get_tbat] t: 23 precise:239
02-02 03:47:33.391   195   195 I         : (2)[195:battery_thread]lbat 0 0 1 34500
02-02 03:47:33.391   195   195 I (2)[195:battery_thread]car[7,121,-121,243,-123, cycle_car:1,ncar:0] c: 1 1320 vbat:4399 vbus:4929 soc:96 95 gm3:0 0 0 0
02-02 03:47:33.392   195   195 I         : (2)[195:battery_thread][fgauge_get_coulomb] CAR=7 r_fg_value=100 car_tune_value=1000
02-02 03:47:33.392   195   195 I         : (2)[195:battery_thread][fg_bat_nafg][fgauge_get_nag_cnt] 0 [25_16 0 15_0 0]
02-02 03:47:33.392   195   195 I (2)[195:battery_thread][fg_nafg_monitor]time: 21 nafg_cnt:0, now:21, last_t:0
02-02 03:47:33.392   195   195 I (2)[195:battery_thread]tmp: 23 65535 65535 hcar2:243 lcar2:123 time:21 sw_iavg:0 0 0 nafg_m:0 0 0
02-02 03:47:33.392   195   195 I         : (2)[195:battery_thread][fgauge_get_coulomb] CAR=7 r_fg_value=100 car_tune_value=1000
02-02 03:47:33.394   195   195 I         : (0)[195:battery_thread][fgauge_read_current] final current=1313 (ratio=1000)
02-02 03:47:33.394   195   195 I chatty  : uid=1036(auditd) identical 1 line
02-02 03:47:33.394   195   195 I         : (0)[195:battery_thread][fgauge_read_current] final current=1313 (ratio=1000)
02-02 03:47:33.394   195   195 I         : (0)[195:battery_thread][CH3_DBG] bat_cur = 1313
02-02 03:47:33.396   195   195 I         : (2)[195:battery_thread][fgauge_read_current] final current=1068 (ratio=1000)
02-02 03:47:33.396   195   195 I         : (2)[195:battery_thread][BattVoltToTemp] 689 16900 1800 -4
02-02 03:47:33.396   195   195 I         : (2)[195:battery_thread][force_get_tbat] 693,689,1,106,100,238 r:320 100 0
02-02 03:47:33.396   195   195 I (2)[195:battery_thread][force_get_tbat] t: 23 precise:238
02-02 03:47:33.396   195   195 I         : (2)[195:battery_thread][fg_is_battery_exist] PMIC_RGS_BATON_UNDET = 1
02-02 03:47:33.396   195   195 I         : (2)[195:battery_thread]GM3log1 21 21 4393 1313 1313 0 8 23 1 1 224 1 0
02-02 03:47:33.396   195   195 I         : (0)[195:battery_thread]GM3log2 21 0 0 0 0 43975 1273 1 4901
02-02 03:47:33.396   195   195 I         : (0)[195:battery_thread]GM3log3 21 0 43057 -3216 0
02-02 03:47:33.396   195   195 I         : (0)[195:battery_thread]GM3log4 0 95 0 1 31 0 1 1 1 1 96
02-02 03:47:33.396   195   195 I         : (0)[195:battery_thread]GM3log int 21 21 0 0 0 0
02-02 03:47:33.396   195   195 I         : (0)[195:battery_thread]GM3log phone_state 0 0
02-02 03:47:33.396   195   195 I (0)[195:battery_thread]GM3 car: 7 car_diff:1
02-02 03:47:33.396   195   195 I (0)[195:battery_thread][read_nafg_vbat] i: 0 nag_vbat_reg 0xe88a nag_vbat_mv 44102:26762
02-02 03:47:33.396   195   195 I         : (0)[195:battery_thread][read_nafg_vbat1] 0 0 10 0 0 0 0 0 0
02-02 03:47:33.396   195   195 I         : (0)[195:battery_thread][read_nafg_vbat2] 1 0 1 1 1 0 1 0 0 0 0 0
02-02 03:47:33.396   195   195 I (0)[195:battery_thread][fg_bat_nafg][fgauge_get_nag_dltv] mV: Reg [9897:6006]
02-02 03:47:33.396   195   195 I         : (0)[195:battery_thread][fg_bat_nafg][fgauge_get_nag_cnt] 0 [25_16 0 15_0 0]
02-02 03:47:33.396   195   195 I (0)[195:battery_thread][fg_bat_nafg][fgauge_get_nag_c_dltv] mV: Reg[0:0][b10:0][26_16(0x0000) 15_00(0x0000)]
02-02 03:47:33.396   195   195 I         : (0)[195:battery_thread]GM3log-nint-nafg 21 21 0 44102 9897 0 0
02-02 03:47:33.396   195   195 I         : (0)[195:battery_thread]mtk_battery boot mode =2
02-02 03:47:33.396   195   195 I         : (0)[195:battery_thread][wakeup_fg_algo_recovery] intr_num=0x2000000
02-02 03:47:33.514   262   262 I chatty  : uid=0(root) identical 3 lines
02-02 03:47:33.626     0     0 I (0)[228:mtk-tpd][tlsc]esd_check_work: Enter
02-02 03:47:33.683     5     5 I         : (0)[5:kworker/u8:0][fgauge_read_current] final current=1301 (ratio=1000)
02-02 03:47:33.683     5     5 I         : (0)[5:kworker/u8:0][CH3_DBG] bat_cur = 1301
02-02 03:47:33.684     5     5 I         : (0)[5:kworker/u8:0][fgauge_read_current] final current=1301 (ratio=1000)
02-02 03:47:33.684     5     5 I         : (0)[5:kworker/u8:0][BattVoltToTemp] 690 16900 1800 -5
02-02 03:47:33.684     5     5 I         : (0)[5:kworker/u8:0][force_get_tbat] 695,690,1,130,100,237 r:320 100 0
02-02 03:47:33.684     5     5 I (0)[5:kworker/u8:0][force_get_tbat] t: 23 precise:237
02-02 03:47:34.022     0     0 I         : (0)[232:wdtk-0][wdk-c] cpu=0,lbit=0x1,cbit=0x5,3,0,3304248930,[22157525052,20000000]
02-02 03:47:34.022     0     0 I         : (0)[232:wdtk-0][thread:232][RT:22157589359] 2022-02-02 03:47:34.18781 UTC;android time 2022-02-02 03:47:34.18781
02-02 03:47:34.069     0     0 W         : (2)[234:wdtk-2][wdk-k] cpu=2,lbit=0x5,cbit=0x5,3,0,3304248930,[22204624744,19952901]
02-02 03:47:34.515   262   262 W HidlServiceManagement: Waited for hwservicemanager.ready for a second, waiting another...
02-02 03:47:34.536     0     0 I         : (0)[0:swapper/0][mtk_net][rtnl_lock]There is no process hold rtnl lock
02-02 03:47:34.537   174   174 I         : (2)[174:disp_check][DISP][ESD]ESD check end, ret = 0
02-02 03:47:35.001     1     1 I (0)[1:init]: starting service 'hwservicemanager'...
02-02 03:47:35.008     1     1 I (0)[1:init]: starting service 'servicemanager'...
02-02 03:47:35.011     1     1 I (0)[1:init]: starting service 'vndservicemanager'...
02-02 03:47:35.020   342   342 E (2)[342:init]: failed to write pid to files: couldn't write 342 to /dev/cpuset/system-background/tasks: No such file or directory
02-02 03:47:35.039   341   341 E ProcessState: Binder driver protocol(8) does not match user space protocol(7)! ioctl() return value: 0
02-02 03:47:35.042   340   340 E hw-ProcessState: Binder driver protocol(8) does not match user space protocol(7)!
02-02 03:47:35.043   340   340 E hw-ProcessState: Binder ioctl to set max threads failed: Bad file descriptor
02-02 03:47:35.043   340   340 F hw-ProcessState: Binder driver could not be opened. Terminating.
02-02 03:47:35.043   340   340 F libc    : Fatal signal 6 (SIGABRT), code -1 (SI_QUEUE) in tid 340 (hwservicemanage), pid 340 (hwservicemanage)
02-02 03:47:35.045   344   344 F libc    : failed to exec crash_dump helper: No such file or directory
02-02 03:47:35.046   340   340 F libc    : crash_dump helper failed to exec
02-02 03:47:35.048   341   341 E ProcessState: Binder ioctl to set max threads failed: Bad file descriptor
02-02 03:47:35.049   342   342 E ProcessState: Binder driver protocol(8) does not match user space protocol(7)! ioctl() return value: 0
02-02 03:47:35.049   341   341 F ProcessState: Binder driver '/dev/binder' could not be opened.  Terminating.
02-02 03:47:35.049   341   341 F libc    : Fatal signal 6 (SIGABRT), code -1 (SI_QUEUE) in tid 341 (servicemanager), pid 341 (servicemanager)
02-02 03:47:35.049   342   342 E ProcessState: Binder ioctl to set max threads failed: Bad file descriptor
02-02 03:47:35.049   342   342 F ProcessState: Binder driver '/dev/vndbinder' could not be opened.  Terminating.
02-02 03:47:35.049   342   342 F libc    : Fatal signal 6 (SIGABRT), code -1 (SI_QUEUE) in tid 342 (vndservicemanag), pid 342 (vndservicemanag)
02-02 03:47:35.050   347   347 F libc    : failed to exec crash_dump helper: No such file or directory
02-02 03:47:35.051   341   341 F libc    : crash_dump helper failed to exec
02-02 03:47:35.051     1     1 I (0)[1:init]: Service 'hwservicemanager' (pid 340) received signal 6
02-02 03:47:35.051     1     1 I (0)[1:init]: Sending signal 9 to service 'hwservicemanager' (pid 340) process group...
02-02 03:47:35.051   348   348 F libc    : failed to exec crash_dump helper: No such file or directory
02-02 03:47:35.051     1     1 I (0)[1:init]libprocessgroup: Successfully killed process cgroup uid 0 pid 340 in 0ms
02-02 03:47:35.052   342   342 F libc    : crash_dump helper failed to exec
02-02 03:47:35.053     1     1 I (0)[1:init]: Untracked pid 344 exited with status 1
02-02 03:47:35.056     1     1 I (2)[1:init]: Service 'servicemanager' (pid 341) received signal 6
02-02 03:47:35.056     1     1 I (2)[1:init]: Sending signal 9 to service 'servicemanager' (pid 341) process group...
02-02 03:47:35.389   154   154 I         : (2)[154:kworker/2:1]usb_state<CONFIGURED>
02-02 03:47:35.516   262   262 W HidlServiceManagement: Waited for hwservicemanager.ready for a second, waiting another...
02-02 03:47:35.517     0     0 I -(0)[0:swapper/0]mtk_charger_alarm_timer_func: not suspend, wake up charger
02-02 03:47:35.518   230   230 I         : (0)[230:charger_thread][fgauge_read_current] final current=1301 (ratio=1000)
02-02 03:47:35.519   230   230 W -(0)[230:charger_thread]mt635x_auxadc_read_raw: 9 callbacks suppressed
02-02 03:47:35.520   230   230 I (0)[230:charger_thread]mt635x-auxadc mt635x-auxadc: name:ISENSE, channel=0, adc_out=0x68f9, adc_result=4428
02-02 03:47:35.521   230   230 I (0)[230:charger_thread]mt635x-auxadc mt635x-auxadc: name:BATADC, channel=0, adc_out=0x6841, adc_result=4398
02-02 03:47:35.523   230   230 I (0)[230:charger_thread]mt635x-auxadc mt635x-auxadc: name:BATADC, channel=0, adc_out=0x6844, adc_result=4398
02-02 03:47:35.525   230   230 I (0)[230:charger_thread]mt635x-auxadc mt635x-auxadc: name:VCDT, channel=2, adc_out=0x4a0, adc_result=520
02-02 03:47:35.525   230   230 I         : (0)[230:charger_thread][fgauge_read_current] final current=1332 (ratio=1000)
02-02 03:47:35.525   230   230 I         : (0)[230:charger_thread][CH3_DBG] bat_cur = 1332
02-02 03:47:35.526   230   230 I (2)[230:charger_thread]mt635x-auxadc mt635x-auxadc: name:BAT_TEMP, channel=3, adc_out=0x62a, adc_result=693
02-02 03:47:35.526   230   230 I         : (2)[230:charger_thread][fgauge_read_current] final current=1276 (ratio=1000)
02-02 03:47:35.526   230   230 I         : (2)[230:charger_thread][BattVoltToTemp] 688 16900 1800 -5
02-02 03:47:35.526   230   230 I         : (2)[230:charger_thread][force_get_tbat] 693,688,1,127,100,239 r:320 100 0
02-02 03:47:35.526   230   230 I (2)[230:charger_thread][force_get_tbat] t: 23 precise:239
02-02 03:47:35.526   230   230 I (2)[230:charger_thread]Vbat=4398,Ibat=1301,I=441,VChr=4920,T=23,Soc=96: 95,CT:1:1 hv:1 pd:0:0
02-02 03:47:35.526   230   230 I (2)[230:charger_thread]mtk_charger_start_timer: alarm timer start:0, 33 657468850
02-02 03:47:35.526   230   230 I         : -(2)[230:charger_thread]alarmtimer_enqueue, 33657468850
02-02 03:47:35.527   230   230 I         : (2)[230:charger_thread][fgauge_read_current] final current=1276 (ratio=1000)
02-02 03:47:35.527   230   230 I         : (2)[230:charger_thread][CH3_DBG] bat_cur = 1276
02-02 03:47:35.527   230   230 I         : (2)[230:charger_thread][fgauge_read_current] final current=1276 (ratio=1000)
02-02 03:47:35.527   230   230 I         : (2)[230:charger_thread][BattVoltToTemp] 688 16900 1800 -5
02-02 03:47:35.527   230   230 I         : (2)[230:charger_thread][force_get_tbat] 693,688,1,127,100,239 r:320 100 0
02-02 03:47:35.527   230   230 I (2)[230:charger_thread][force_get_tbat] t: 23 precise:239
02-02 03:47:35.527   230   230 I         : (2)[230:charger_thread][BATTER_ID_0] bat_id_valtage = 1043(mV)
02-02 03:47:35.527   230   230 I         : (2)[230:charger_thread][SW_JEITA] Battery Normal Temperature between 13 and 51 !!
02-02 03:47:35.527   230   230 I (2)[230:charger_thread][SW_JEITA]preState: 3 newState:3 tmp:23 cv:0
02-02 03:47:35.528   230   230 I (0)[230:charger_thread]tmp: 23 (jeita:1 sm:3 cv:0 en:1) (sm:1) en:1 c:0 s:0 ov:0 1 1
02-02 03:47:35.528   230   230 I         : (0)[230:charger_thread]mtk_switch_charging_run [1 0], timer=10
02-02 03:47:35.528   230   230 I         : (0)[230:charger_thread][fgauge_read_current] final current=1276 (ratio=1000)
02-02 03:47:35.528   230   230 I         : (0)[230:charger_thread][CH3_DBG] bat_cur = 1276
02-02 03:47:35.529   230   230 I         : (2)[230:charger_thread][fgauge_read_current] final current=1276 (ratio=1000)
02-02 03:47:35.529   230   230 I         : (2)[230:charger_thread][BattVoltToTemp] 688 16900 1800 -5
02-02 03:47:35.529   230   230 I         : (2)[230:charger_thread][force_get_tbat] 693,688,1,127,100,239 r:320 100 0
02-02 03:47:35.529   230   230 I (2)[230:charger_thread][force_get_tbat] t: 23 precise:239
02-02 03:47:35.529   230   230 I (2)[230:charger_thread]pe40_ready: 0 hv:1 thermal:-1,-1 tmp:23,39,16 pps:0 en:0 ibus:0 80
02-02 03:47:35.529   230   230 I (2)[230:charger_thread]force: 0 thermal:-1,-1 pe4:-1,-1,0 setting:500 500 type:1 usb_unlimited:0 usbif:0 usbsm:2 aicl:-1 atm:0
02-02 03:47:35.529   230   230 E         : (2)[230:charger_thread]zzf_500000<=500000, i=1
02-02 03:47:35.529   230   230 E         : (2)[230:charger_thread]array_size = 4
02-02 03:47:35.530   230   230 E         : (2)[230:charger_thread][psc5415e_config_interface] write Reg[1]=0x78 from 0x78
02-02 03:47:35.531   230   230 E         : (0)[230:charger_thread][psc5415e_config_interface] write Reg[5]=0x3 from 0x23
02-02 03:47:35.531   230   230 E         : (0)[230:charger_thread]Can't find closest level
02-02 03:47:35.531   230   230 E         : (0)[230:charger_thread]array_size = 8
02-02 03:47:35.532   230   230 E         : (0)[230:charger_thread][psc5415e_config_interface] write Reg[4]=0x6 from 0x6
02-02 03:47:35.533   230   230 E         : (0)[230:charger_thread][psc5415e_config_interface] write Reg[4]=0x6 from 0x6
02-02 03:47:35.534   230   230 E         : (0)[230:charger_thread][psc5415e_config_interface] write Reg[1]=0x78 from 0x78
02-02 03:47:35.535   230   230 E         : (0)[230:charger_thread][psc5415e_config_interface] write Reg[1]=0x78 from 0x78
02-02 03:47:35.535   230   230 E         : (0)[230:charger_thread]psc5415e calm enable charging
02-02 03:47:35.535   230   230 E         : (0)[230:charger_thread]charging_set_cv_voltage register_value=0x2d 4400000 4400000
02-02 03:47:35.536   230   230 E         : (0)[230:charger_thread][psc5415e_config_interface] write Reg[2]=0xb4 from 0xb4
02-02 03:47:35.537   230   230 E         : (0)[230:charger_thread][psc5415e_config_interface] write Reg[1]=0x78 from 0x78
02-02 03:47:35.537   230   230 E         : (0)[230:charger_thread]psc5415e calm enable charging
02-02 03:47:35.538   230   230 E         : (0)[230:charger_thread][psc5415e_read_interface] Reg[0]=0x10
02-02 03:47:35.538   230   230 E         : (0)[230:charger_thread][psc5415e_read_interface] val=0x1
02-02 03:47:35.538   230   230 I         : (0)[230:charger_thread]info->enable_sw_safety_timer(0)
02-02 03:47:35.538   230   230 E         : (0)[230:charger_thread]psc5415e cz [0x0]=0x10
02-02 03:47:35.539   230   230 E         : (2)[230:charger_thread]psc5415e cz [0x1]=0x78
02-02 03:47:35.539   230   230 E         : (0)[230:charger_thread]psc5415e cz [0x2]=0xb4
02-02 03:47:35.540   230   230 E         : (0)[230:charger_thread]psc5415e cz [0x3]=0xf0
02-02 03:47:35.541   230   230 E         : (0)[230:charger_thread]psc5415e cz [0x4]=0x6
02-02 03:47:35.541   230   230 E         : (0)[230:charger_thread]psc5415e cz [0x5]=0x23
02-02 03:47:35.542   230   230 E         : (0)[230:charger_thread]psc5415e cz [0x6]=0x7f
02-02 03:47:35.542     0     0 E         : (0)[230:charger_thread]
02-02 03:47:36.670   174   174 I         : (2)[174:disp_check][DISP][ESD]ESD check end, ret = 0
02-02 03:47:37.626     0     0 I (0)[228:mtk-tpd][tlsc]esd_check_work: Enter
02-02 03:47:37.736     0     0 I         : (0)[0:swapper/0][mtk_net][rtnl_lock]There is no process hold rtnl lock
02-02 03:47:38.382     0     0 W (2)[0:swapper/2][mcdi]mcdi cpu: 0, 0, 0, 0, cluster : 0, pause = 0, multi core = 0, latency = 0, residency = 0, last core = 0, avail cpu = 0005, cluster = 0001, enabled = 0, max_s_state = 5, system_idle_hint = 00000000
02-02 03:47:38.517   262   262 I chatty  : uid=0(root) identical 3 lines
02-02 03:47:38.803    79    79 W -(0)[79:kworker/u8:1]mt635x_auxadc_read_raw: 4 callbacks suppressed
02-02 03:47:38.803    79    79 I (0)[79:kworker/u8:1]mt635x-auxadc mt635x-auxadc: name:VPROC_TEMP, channel=4, adc_out=0x614, adc_result=683
02-02 03:47:38.803   174   174 I         : (0)[174:disp_check][DISP][ESD]ESD check end, ret = 0
02-02 03:47:38.806    79    79 I         : (2)[79:kworker/u8:1][fgauge_read_current] final current=1310 (ratio=1000)
02-02 03:47:38.806    79    79 I         : (2)[79:kworker/u8:1][CH3_DBG] bat_cur = 1310
02-02 03:47:38.807    79    79 I (2)[79:kworker/u8:1]mt635x-auxadc mt635x-auxadc: name:BAT_TEMP, channel=3, adc_out=0x629, adc_result=693
02-02 03:47:38.807    79    79 I         : (2)[79:kworker/u8:1][fgauge_read_current] final current=1310 (ratio=1000)
02-02 03:47:38.807    79    79 I         : (2)[79:kworker/u8:1][BattVoltToTemp] 688 16900 1800 -5
02-02 03:47:38.807    79    79 I         : (2)[79:kworker/u8:1][force_get_tbat] 693,688,1,131,100,239 r:320 100 0
02-02 03:47:38.807    79    79 I (2)[79:kworker/u8:1][force_get_tbat] t: 23 precise:239
02-02 03:47:38.808     5     5 I (2)[5:kworker/u8:0]mt635x-auxadc mt635x-auxadc: name:VCORE_TEMP, channel=4, adc_out=0x615, adc_result=684
02-02 03:47:39.518   262   262 W HidlServiceManagement: Waited for hwservicemanager.ready for a second, waiting another...
02-02 03:47:40.011     1     1 I (0)[1:init]: starting service 'hwservicemanager'...
02-02 03:47:40.017     1     1 I (0)[1:init]: starting service 'servicemanager'...
02-02 03:47:40.020     1     1 I (0)[1:init]: starting service 'vndservicemanager'...
02-02 03:47:40.026   351   351 E (2)[351:init]: failed to write pid to files: couldn't write 351 to /dev/cpuset/system-background/tasks: No such file or directory
02-02 03:47:40.052   349   349 E hw-ProcessState: Binder driver protocol(8) does not match user space protocol(7)!
02-02 03:47:40.053   349   349 E hw-ProcessState: Binder ioctl to set max threads failed: Bad file descriptor
02-02 03:47:40.053   349   349 F hw-ProcessState: Binder driver could not be opened. Terminating.
02-02 03:47:40.053   349   349 F libc    : Fatal signal 6 (SIGABRT), code -1 (SI_QUEUE) in tid 349 (hwservicemanage), pid 349 (hwservicemanage)
02-02 03:47:40.055   353   353 F libc    : failed to exec crash_dump helper: No such file or directory
02-02 03:47:40.055   349   349 F libc    : crash_dump helper failed to exec
02-02 03:47:40.056   350   350 E ProcessState: Binder driver protocol(8) does not match user space protocol(7)! ioctl() return value: 0
02-02 03:47:40.056   350   350 E ProcessState: Binder ioctl to set max threads failed: Bad file descriptor
02-02 03:47:40.056   350   350 F ProcessState: Binder driver '/dev/binder' could not be opened.  Terminating.
02-02 03:47:40.056   350   350 F libc    : Fatal signal 6 (SIGABRT), code -1 (SI_QUEUE) in tid 350 (servicemanager), pid 350 (servicemanager)
02-02 03:47:40.057   351   351 E ProcessState: Binder driver protocol(8) does not match user space protocol(7)! ioctl() return value: 0
02-02 03:47:40.057   351   351 E ProcessState: Binder ioctl to set max threads failed: Bad file descriptor
02-02 03:47:40.057   351   351 F ProcessState: Binder driver '/dev/vndbinder' could not be opened.  Terminating.
02-02 03:47:40.058   351   351 F libc    : Fatal signal 6 (SIGABRT), code -1 (SI_QUEUE) in tid 351 (vndservicemanag), pid 351 (vndservicemanag)
02-02 03:47:40.059   355   355 F libc    : failed to exec crash_dump helper: No such file or directory
02-02 03:47:40.060   351   351 F libc    : crash_dump helper failed to exec
02-02 03:47:40.061     1     1 I (0)[1:init]: Service 'hwservicemanager' (pid 349) received signal 6
02-02 03:47:40.061     1     1 I (0)[1:init]: Sending signal 9 to service 'hwservicemanager' (pid 349) process group...
02-02 03:47:40.061   357   357 F libc    : failed to exec crash_dump helper: No such file or directory
02-02 03:47:40.061     1     1 I (0)[1:init]libprocessgroup: Successfully killed process cgroup uid 0 pid 349 in 0ms
02-02 03:47:40.061   350   350 F libc    : crash_dump helper failed to exec
02-02 03:47:40.063     1     1 I (0)[1:init]: Untracked pid 353 exited with status 1
02-02 03:47:40.067     1     1 I (2)[1:init]: Untracked pid 355 exited with status 1
02-02 03:47:40.068     1     1 I (2)[1:init]: Service 'vndservicemanager' (pid 351) received signal 6
02-02 03:47:40.509   154   154 I         : (2)[154:kworker/2:1]usb_state<CONFIGURED>
02-02 03:47:40.518   262   262 W HidlServiceManagement: Waited for hwservicemanager.ready for a second, waiting another...
02-02 03:47:40.936     0     0 I         : (0)[0:swapper/0][mtk_net][rtnl_lock]There is no process hold rtnl lock
02-02 03:47:40.953   174   174 I         : (0)[174:disp_check][DISP][ESD]ESD check end, ret = 0
02-02 03:47:41.626     0     0 I (2)[228:mtk-tpd][tlsc]esd_check_work: Enter
02-02 03:47:42.217    84    84 I         : (0)[84:dlpt_notify_thr][MDRT_ADC] OLD = 0x405b, NOW = 0x4055, CNT = 1
02-02 03:47:42.218    84    84 I (0)[84:dlpt_notify_thr]mt635x-auxadc mt635x-auxadc: name:BATADC, channel=0, adc_out=0x6850, adc_result=4400
02-02 03:47:42.220    84    84 I (0)[84:dlpt_notify_thr]mt635x-auxadc mt635x-auxadc: name:BATADC, channel=0, adc_out=0x6850, adc_result=4400
02-02 03:47:42.220    84    84 I         : (0)[84:dlpt_notify_thr][PBM] [ma_to_mw] 4400(mV) * 5222(mA) = 22976(mW)
02-02 03:47:42.220    84    84 I         : (0)[84:dlpt_notify_thr][DLPT_final] 5222,95,95,1,5500
02-02 03:47:42.220   152   152 I         : (0)[152:pbm][Power/PPM] (0x20)(11953)(0)(0-3)(15)(0)(4)(4)
02-02 03:47:42.233     0     0 I -(1)[0:swapper/1]GICv3: CPU1: found redistributor 1 region 0:0x0c0a0000
02-02 03:47:42.234     0     0 I -(1)[0:swapper/1]CPU1: thread -1, cpu 1, socket 0
02-02 03:47:42.254     0     0 I -(3)[0:swapper/3]GICv3: CPU3: found redistributor 3 region 0:0x0c0e0000
02-02 03:47:42.254     0     0 I -(3)[0:swapper/3]CPU3: thread -1, cpu 3, socket 0
02-02 03:47:42.269   274   274 W (1)[274:kworker/1:3]WARN: cpu=3, domain=MC: incr. energy eff 199[0]->205[1]
02-02 03:47:42.269   274   274 W (1)[274:kworker/1:3]WARN: cpu=3, domain=MC: incr. energy eff 205[1]->220[2]
02-02 03:47:42.269   274   274 W (1)[274:kworker/1:3]WARN: cpu=3, domain=MC: incr. energy eff 220[2]->234[3]
02-02 03:47:42.269   274   274 W (1)[274:kworker/1:3]WARN: cpu=3, domain=MC: incr. energy eff 234[3]->237[4]
02-02 03:47:42.269   274   274 W (1)[274:kworker/1:3]WARN: cpu=3, domain=MC: incr. energy eff 237[4]->238[5]
02-02 03:47:42.269   274   274 W (1)[274:kworker/1:3]WARN: cpu=3, domain=MC: incr. energy eff 231[6]->232[7]
02-02 03:47:42.269   274   274 W (1)[274:kworker/1:3]WARN: cpu=3, domain=MC: incr. energy eff 232[7]->233[8]
02-02 03:47:42.269   274   274 W (1)[274:kworker/1:3]WARN: cpu=3, domain=MC: incr. energy eff 233[8]->234[9]
02-02 03:47:42.269   274   274 W (1)[274:kworker/1:3]WARN: cpu=2, domain=MC: incr. energy eff 199[0]->205[1]
02-02 03:47:42.269   274   274 W (1)[274:kworker/1:3]WARN: cpu=2, domain=MC: incr. energy eff 205[1]->220[2]
02-02 03:47:42.269   274   274 W (1)[274:kworker/1:3]WARN: cpu=2, domain=MC: incr. energy eff 220[2]->234[3]
02-02 03:47:42.269   274   274 W (1)[274:kworker/1:3]WARN: cpu=2, domain=MC: incr. energy eff 234[3]->237[4]
02-02 03:47:42.269   274   274 W (1)[274:kworker/1:3]WARN: cpu=2, domain=MC: incr. energy eff 237[4]->238[5]
02-02 03:47:42.269   274   274 W (1)[274:kworker/1:3]WARN: cpu=2, domain=MC: incr. energy eff 231[6]->232[7]
02-02 03:47:42.269   274   274 W (1)[274:kworker/1:3]WARN: cpu=2, domain=MC: incr. energy eff 232[7]->233[8]
02-02 03:47:42.269   274   274 W (1)[274:kworker/1:3]WARN: cpu=2, domain=MC: incr. energy eff 233[8]->234[9]
02-02 03:47:42.269   274   274 W (1)[274:kworker/1:3]WARN: cpu=1, domain=MC: incr. energy eff 199[0]->205[1]
02-02 03:47:42.269   274   274 W (1)[274:kworker/1:3]WARN: cpu=1, domain=MC: incr. energy eff 205[1]->220[2]
02-02 03:47:42.269   274   274 W (1)[274:kworker/1:3]WARN: cpu=1, domain=MC: incr. energy eff 220[2]->234[3]
02-02 03:47:42.269   274   274 W (1)[274:kworker/1:3]WARN: cpu=1, domain=MC: incr. energy eff 234[3]->237[4]
02-02 03:47:42.269   274   274 W (1)[274:kworker/1:3]WARN: cpu=1, domain=MC: incr. energy eff 237[4]->238[5]
02-02 03:47:42.269   274   274 W (1)[274:kworker/1:3]WARN: cpu=1, domain=MC: incr. energy eff 231[6]->232[7]
02-02 03:47:42.269   274   274 W (1)[274:kworker/1:3]WARN: cpu=1, domain=MC: incr. energy eff 232[7]->233[8]
02-02 03:47:42.269   274   274 W (1)[274:kworker/1:3]WARN: cpu=1, domain=MC: incr. energy eff 233[8]->234[9]
02-02 03:47:42.269   274   274 W (1)[274:kworker/1:3]WARN: cpu=0, domain=MC: incr. energy eff 199[0]->205[1]
02-02 03:47:42.269   274   274 W (1)[274:kworker/1:3]WARN: cpu=0, domain=MC: incr. energy eff 205[1]->220[2]
02-02 03:47:42.269   274   274 W (1)[274:kworker/1:3]WARN: cpu=0, domain=MC: incr. energy eff 220[2]->234[3]
02-02 03:47:42.269   274   274 W (1)[274:kworker/1:3]WARN: cpu=0, domain=MC: incr. energy eff 234[3]->237[4]
02-02 03:47:42.269   274   274 W (1)[274:kworker/1:3]WARN: cpu=0, domain=MC: incr. energy eff 237[4]->238[5]
02-02 03:47:42.269   274   274 W (1)[274:kworker/1:3]WARN: cpu=0, domain=MC: incr. energy eff 231[6]->232[7]
02-02 03:47:42.269   274   274 W (1)[274:kworker/1:3]WARN: cpu=0, domain=MC: incr. energy eff 232[7]->233[8]
02-02 03:47:42.269   274   274 W (1)[274:kworker/1:3]WARN: cpu=0, domain=MC: incr. energy eff 233[8]->234[9]
02-02 03:47:42.269   274   274 W (1)[274:kworker/1:3]WARN: cpu=0, domain=DIE: incr. energy eff 544[0]->561[1]
02-02 03:47:42.269   274   274 W (1)[274:kworker/1:3]WARN: cpu=0, domain=DIE: incr. energy eff 561[1]->633[2]
02-02 03:47:42.269   274   274 W (1)[274:kworker/1:3]WARN: cpu=0, domain=DIE: incr. energy eff 633[2]->705[3]
02-02 03:47:42.269   274   274 W (1)[274:kworker/1:3]WARN: cpu=0, domain=DIE: incr. energy eff 700[4]->713[5]
02-02 03:47:42.269   274   274 W (1)[274:kworker/1:3]WARN: cpu=0, domain=DIE: incr. energy eff 693[6]->702[7]
02-02 03:47:42.269   274   274 W (1)[274:kworker/1:3]WARN: cpu=0, domain=DIE: incr. energy eff 702[7]->713[8]
02-02 03:47:42.269   274   274 W (1)[274:kworker/1:3]WARN: cpu=0, domain=DIE: incr. energy eff 713[8]->725[9]
02-02 03:47:42.269   274   274 W (1)[274:kworker/1:3]WARN: cpu=0, domain=DIE: incr. energy eff 696[12]->706[13]
02-02 03:47:42.289     8     8 W -(0)[8:rcu_preempt]CPU0: update max cpu_capacity 1024
02-02 03:47:43.086   174   174 I         : (0)[174:disp_check][DISP][ESD]ESD check end, ret = 0
02-02 03:47:43.386     0     0 W (1)[0:swapper/1][mcdi]mcdi cpu: 0, 0, 0, 0, cluster : 0, pause = 0, multi core = 0, latency = 0, residency = 0, last core = 0, avail cpu = 000f, cluster = 0001, enabled = 0, max_s_state = 5, system_idle_hint = 00000000
02-02 03:47:43.396   195   195 I         : (0)[195:battery_thread][fg_drv_update_hw_status]=>
02-02 03:47:43.397   195   195 I         : (0)[195:battery_thread][fgauge_read_current] final current=1364 (ratio=1000)
02-02 03:47:43.397   195   195 I         : (0)[195:battery_thread][CH3_DBG] bat_cur = 1364
02-02 03:47:43.397   195   195 I (0)[195:battery_thread]mt635x-auxadc mt635x-auxadc: name:BAT_TEMP, channel=3, adc_out=0x629, adc_result=693
02-02 03:47:43.398   195   195 I         : (0)[195:battery_thread][fgauge_read_current] final current=1361 (ratio=1000)
02-02 03:47:43.398   195   195 I         : (0)[195:battery_thread][BattVoltToTemp] 688 16900 1800 -5
02-02 03:47:43.398   195   195 I         : (0)[195:battery_thread][force_get_tbat] 693,688,1,136,100,239 r:320 100 0
02-02 03:47:43.398   195   195 I (0)[195:battery_thread][force_get_tbat] t: 23 precise:239
02-02 03:47:43.398   195   195 I         : (0)[195:battery_thread][fg_bat_temp_int_sw_check] tmp 23 lt 65535 ht 65535
02-02 03:47:43.398   195   195 I         : (0)[195:battery_thread][fg_bat_sw_temp_int_l_handler]
02-02 03:47:43.398   195   195 I         : (0)[195:battery_thread][fgauge_read_current] final current=1361 (ratio=1000)
02-02 03:47:43.398   195   195 I         : (0)[195:battery_thread][CH3_DBG] bat_cur = 1361
02-02 03:47:43.399   195   195 I (0)[195:battery_thread]mt635x-auxadc mt635x-auxadc: name:BAT_TEMP, channel=3, adc_out=0x629, adc_result=693
02-02 03:47:43.399   195   195 I         : (0)[195:battery_thread][fgauge_read_current] final current=1361 (ratio=1000)
02-02 03:47:43.399   195   195 I         : (0)[195:battery_thread][BattVoltToTemp] 688 16900 1800 -5
02-02 03:47:43.399   195   195 I         : (0)[195:battery_thread][force_get_tbat] 693,688,1,136,100,239 r:320 100 0
02-02 03:47:43.399   195   195 I (0)[195:battery_thread][force_get_tbat] t: 23 precise:239
02-02 03:47:43.399   195   195 I         : (0)[195:battery_thread]mtk_battery boot mode =2
02-02 03:47:43.399   195   195 I         : (0)[195:battery_thread][wakeup_fg_algo_recovery] intr_num=0x400
02-02 03:47:43.399   195   195 I         : (0)[195:battery_thread][TempConverBattThermistor] [10417] 20 12081 25 10000 24
02-02 03:47:43.399   195   195 I         : (0)[195:battery_thread][fgauge_read_current] final current=1392 (ratio=1000)
02-02 03:47:43.399   195   195 I         : (0)[195:battery_thread][TempToBattVolt] temp 24 R_NTC 10417 V(6864 6922) I 1392 CHG 1
02-02 03:47:43.399   195   195 I         : (0)[195:battery_thread][TempConverBattThermistor] [11249] 20 12081 25 10000 22
02-02 03:47:43.400   195   195 I         : (0)[195:battery_thread][TempToBattVolt] temp 22 R_NTC 11249 V(7193 7251) I 1392 CHG 1
02-02 03:47:43.400   195   195 I         : (0)[195:battery_thread][fg_bat_temp_int_internal][FG_TEMP_INT] T[23] V[65535 65535] C[24 22] h[7251 6922]
02-02 03:47:43.401   195   195 I (0)[195:battery_thread]mt635x-auxadc mt635x-auxadc: name:BATADC, channel=0, adc_out=0x684a, adc_result=4399
02-02 03:47:43.402   195   195 I         : (0)[195:battery_thread][fgauge_read_current] final current=1345 (ratio=1000)
02-02 03:47:43.402   195   195 I         : (0)[195:battery_thread][CH3_DBG] bat_cur = 1345
02-02 03:47:43.402   195   195 I (0)[195:battery_thread]mt635x-auxadc mt635x-auxadc: name:BAT_TEMP, channel=3, adc_out=0x629, adc_result=693
02-02 03:47:43.403   195   195 I         : (0)[195:battery_thread][fgauge_read_current] final current=1345 (ratio=1000)
02-02 03:47:43.403   195   195 I         : (0)[195:battery_thread][BattVoltToTemp] 688 16900 1800 -5
02-02 03:47:43.403   195   195 I         : (0)[195:battery_thread][force_get_tbat] 693,688,1,134,100,239 r:320 100 0
02-02 03:47:43.403   195   195 I (0)[195:battery_thread][force_get_tbat] t: 23 precise:239
02-02 03:47:43.403   195   195 I (0)[195:battery_thread][fg_update_sw_iavg]diff time: 30 iavg:0
02-02 03:47:43.403   195   195 I         : (0)[195:battery_thread][read_boot_battery_plug_out_status] rtc_invalid 0 plugout 1 bat_plug_out_time 31 sp3:0xdf pl:0 0
02-02 03:47:43.403   195   195 I         : (0)[195:battery_thread][fgauge_read_current] final current=1345 (ratio=1000)
02-02 03:47:43.403   195   195 I         : (0)[195:battery_thread][fgauge_get_coulomb] CAR=11 r_fg_value=100 car_tune_value=1000
02-02 03:47:43.405   290   290 I         : (0)[290:kworker/0:2][fgauge_read_current] final current=1254 (ratio=1000)
02-02 03:47:43.405   290   290 I         : (0)[290:kworker/0:2][fgauge_read_current] final current=1254 (ratio=1000)
02-02 03:47:43.405   195   195 I (1)[195:battery_thread]mt635x-auxadc mt635x-auxadc: name:BATADC, channel=0, adc_out=0x683b, adc_result=4397
02-02 03:47:43.406   195   195 I         : (0)[195:battery_thread][fgauge_read_current] final current=1191 (ratio=1000)
02-02 03:47:43.406   195   195 I         : (0)[195:battery_thread][CH3_DBG] bat_cur = 1191
02-02 03:47:43.407   195   195 I         : (0)[195:battery_thread][fgauge_read_current] final current=1191 (ratio=1000)
02-02 03:47:43.407   195   195 I         : (0)[195:battery_thread][BattVoltToTemp] 688 16900 1800 -4
02-02 03:47:43.407   195   195 I         : (0)[195:battery_thread][force_get_tbat] 692,688,1,119,100,239 r:320 100 0
02-02 03:47:43.407   195   195 I (0)[195:battery_thread][force_get_tbat] t: 23 precise:239
02-02 03:47:43.407   195   195 I         : (0)[195:battery_thread]lbat 0 0 1 34500
02-02 03:47:43.407   195   195 I (0)[195:battery_thread]car[11,121,-121,243,-123, cycle_car:1,ncar:0] c: 1 1345 vbat:4397 vbus:4920 soc:96 95 gm3:0 0 0 0
02-02 03:47:43.407   195   195 I         : (0)[195:battery_thread][fgauge_get_coulomb] CAR=11 r_fg_value=100 car_tune_value=1000
02-02 03:47:43.407   195   195 I         : (0)[195:battery_thread][fg_bat_nafg][fgauge_get_nag_cnt] 0 [25_16 0 15_0 0]
02-02 03:47:43.407   195   195 I (0)[195:battery_thread][fg_nafg_monitor]time: 31 nafg_cnt:0, now:31, last_t:0
02-02 03:47:43.407   195   195 I (0)[195:battery_thread]tmp: 23 65535 65535 hcar2:243 lcar2:123 time:31 sw_iavg:0 0 0 nafg_m:0 0 0
02-02 03:47:43.407   195   195 I         : (0)[195:battery_thread][fgauge_get_coulomb] CAR=11 r_fg_value=100 car_tune_value=1000
02-02 03:47:43.409   195   195 I         : (0)[195:battery_thread][fgauge_read_current] final current=983 (ratio=1000)
02-02 03:47:43.409   195   195 I chatty  : uid=1036(auditd) identical 1 line
02-02 03:47:43.409   195   195 I         : (0)[195:battery_thread][fgauge_read_current] final current=983 (ratio=1000)
02-02 03:47:43.409   195   195 I         : (0)[195:battery_thread][CH3_DBG] bat_cur = 983
02-02 03:47:43.410   195   195 I         : (0)[195:battery_thread][fgauge_read_current] final current=983 (ratio=1000)
02-02 03:47:43.410   195   195 I         : (0)[195:battery_thread][BattVoltToTemp] 688 16900 1800 -4
02-02 03:47:43.410   195   195 I         : (0)[195:battery_thread][force_get_tbat] 692,688,1,98,100,239 r:320 100 0
02-02 03:47:43.410   195   195 I (0)[195:battery_thread][force_get_tbat] t: 23 precise:239
02-02 03:47:43.410   195   195 I         : (0)[195:battery_thread][fg_is_battery_exist] PMIC_RGS_BATON_UNDET = 1
02-02 03:47:43.410   195   195 I         : (0)[195:battery_thread]GM3log1 31 31 4397 983 983 52220 12 23 1 1 224 1 0
02-02 03:47:43.411   195   195 I         : (0)[195:battery_thread]GM3log2 31 0 0 0 0 43975 1273 1 4920
02-02 03:47:43.411   195   195 I         : (0)[195:battery_thread]GM3log3 31 0 43057 -3216 0
02-02 03:47:43.411   195   195 I         : (0)[195:battery_thread]GM3log4 0 95 0 1 31 0 1 1 1 1 96
02-02 03:47:43.411   195   195 I         : (0)[195:battery_thread]GM3log int 31 31 0 0 0 0
02-02 03:47:43.411   195   195 I         : (0)[195:battery_thread]GM3log phone_state 0 0
02-02 03:47:43.411   195   195 I (0)[195:battery_thread]GM3 car: 11 car_diff:1
02-02 03:47:43.411   195   195 I (0)[195:battery_thread][read_nafg_vbat] i: 0 nag_vbat_reg 0xe88a nag_vbat_mv 44102:26762
02-02 03:47:43.411   195   195 I         : (0)[195:battery_thread][read_nafg_vbat1] 0 0 10 0 0 0 0 0 0
02-02 03:47:43.411   195   195 I         : (0)[195:battery_thread][read_nafg_vbat2] 1 0 1 1 1 0 1 0 0 0 0 0
02-02 03:47:43.411   195   195 I (0)[195:battery_thread][fg_bat_nafg][fgauge_get_nag_dltv] mV: Reg [9897:6006]
02-02 03:47:43.411   195   195 I         : (0)[195:battery_thread][fg_bat_nafg][fgauge_get_nag_cnt] 0 [25_16 0 15_0 0]
02-02 03:47:43.411   195   195 I (0)[195:battery_thread][fg_bat_nafg][fgauge_get_nag_c_dltv] mV: Reg[0:0][b10:0][26_16(0x0000) 15_00(0x0000)]
02-02 03:47:43.411   195   195 I         : (0)[195:battery_thread]GM3log-nint-nafg 31 31 0 44102 9897 0 0
02-02 03:47:43.411   195   195 I         : (0)[195:battery_thread]mtk_battery boot mode =2
02-02 03:47:43.411   195   195 I         : (0)[195:battery_thread][wakeup_fg_algo_recovery] intr_num=0x2000000
02-02 03:47:43.519   262   262 I chatty  : uid=0(root) identical 3 lines
02-02 03:47:43.923     5     5 I         : (1)[5:kworker/u8:0][fgauge_read_current] final current=1389 (ratio=1000)
02-02 03:47:43.923     5     5 I         : (1)[5:kworker/u8:0][CH3_DBG] bat_cur = 1389
02-02 03:47:43.924     5     5 I         : (0)[5:kworker/u8:0][fgauge_read_current] final current=1373 (ratio=1000)
02-02 03:47:43.924     5     5 I         : (0)[5:kworker/u8:0][BattVoltToTemp] 687 16900 1800 -5
02-02 03:47:43.924     5     5 I         : (0)[5:kworker/u8:0][force_get_tbat] 692,687,1,137,100,239 r:320 100 0
02-02 03:47:43.924     5     5 I (0)[5:kworker/u8:0][force_get_tbat] t: 23 precise:239
02-02 03:47:44.136     0     0 I         : (0)[0:swapper/0][mtk_net][rtnl_lock]There is no process hold rtnl lock
02-02 03:47:44.520   262   262 W HidlServiceManagement: Waited for hwservicemanager.ready for a second, waiting another...
02-02 03:47:45.020     1     1 I (0)[1:init]: starting service 'hwservicemanager'...
02-02 03:47:45.026     1     1 I (3)[1:init]: starting service 'servicemanager'...
02-02 03:47:45.030     1     1 I (3)[1:init]: starting service 'vndservicemanager'...
02-02 03:47:45.034   360   360 E (3)[360:init]: failed to write pid to files: couldn't write 360 to /dev/cpuset/system-background/tasks: No such file or directory
02-02 03:47:45.044   359   359 E ProcessState: Binder driver protocol(8) does not match user space protocol(7)! ioctl() return value: 0
02-02 03:47:45.044   359   359 E ProcessState: Binder ioctl to set max threads failed: Bad file descriptor
02-02 03:47:45.044   359   359 F ProcessState: Binder driver '/dev/binder' could not be opened.  Terminating.
02-02 03:47:45.045   359   359 F libc    : Fatal signal 6 (SIGABRT), code -1 (SI_QUEUE) in tid 359 (servicemanager), pid 359 (servicemanager)
02-02 03:47:45.046   362   362 F libc    : failed to exec crash_dump helper: No such file or directory
02-02 03:47:45.047   359   359 F libc    : crash_dump helper failed to exec
02-02 03:47:45.049   360   360 E ProcessState: Binder driver protocol(8) does not match user space protocol(7)! ioctl() return value: 0
02-02 03:47:45.049   360   360 E ProcessState: Binder ioctl to set max threads failed: Bad file descriptor
02-02 03:47:45.049   360   360 F ProcessState: Binder driver '/dev/vndbinder' could not be opened.  Terminating.
02-02 03:47:45.049   360   360 F libc    : Fatal signal 6 (SIGABRT), code -1 (SI_QUEUE) in tid 360 (vndservicemanag), pid 360 (vndservicemanag)
02-02 03:47:45.051   364   364 F libc    : failed to exec crash_dump helper: No such file or directory
02-02 03:47:45.051   360   360 F libc    : crash_dump helper failed to exec
02-02 03:47:45.052     1     1 I (3)[1:init]: Service 'servicemanager' (pid 359) received signal 6
02-02 03:47:45.052     1     1 I (3)[1:init]: Sending signal 9 to service 'servicemanager' (pid 359) process group...
02-02 03:47:45.052     1     1 I (3)[1:init]libprocessgroup: Successfully killed process cgroup uid 0 pid 359 in 0ms
02-02 03:47:45.053     1     1 I (1)[1:init]: Untracked pid 362 exited with status 1
02-02 03:47:45.056     1     1 I (0)[1:init]: Service 'vndservicemanager' (pid 360) received signal 6
02-02 03:47:45.056     1     1 I (0)[1:init]: Sending signal 9 to service 'vndservicemanager' (pid 360) process group...
02-02 03:47:45.061   358   358 E hw-ProcessState: Binder driver protocol(8) does not match user space protocol(7)!
02-02 03:47:45.061   358   358 E hw-ProcessState: Binder ioctl to set max threads failed: Bad file descriptor
02-02 03:47:45.061   358   358 F hw-ProcessState: Binder driver could not be opened. Terminating.
02-02 03:47:45.062   358   358 F libc    : Fatal signal 6 (SIGABRT), code -1 (SI_QUEUE) in tid 358 (hwservicemanage), pid 358 (hwservicemanage)
02-02 03:47:45.063   366   366 F libc    : failed to exec crash_dump helper: No such file or directory
02-02 03:47:45.063   358   358 F libc    : crash_dump helper failed to exec
02-02 03:47:45.219   174   174 I         : (0)[174:disp_check][DISP][ESD]ESD check end, ret = 0
02-02 03:47:45.521   262   262 W HidlServiceManagement: Waited for hwservicemanager.ready for a second, waiting another...
02-02 03:47:45.526     0     0 I -(2)[0:swapper/2]mtk_charger_alarm_timer_func: not suspend, wake up charger
02-02 03:47:45.527   230   230 I         : (0)[230:charger_thread][fgauge_read_current] final current=1279 (ratio=1000)
02-02 03:47:45.528   230   230 W -(0)[230:charger_thread]mt635x_auxadc_read_raw: 9 callbacks suppressed
02-02 03:47:45.529   230   230 I (0)[230:charger_thread]mt635x-auxadc mt635x-auxadc: name:ISENSE, channel=0, adc_out=0x6903, adc_result=4430
02-02 03:47:45.530   230   230 I (0)[230:charger_thread]mt635x-auxadc mt635x-auxadc: name:BATADC, channel=0, adc_out=0x684b, adc_result=4399
02-02 03:47:45.532   230   230 I (0)[230:charger_thread]mt635x-auxadc mt635x-auxadc: name:BATADC, channel=0, adc_out=0x684c, adc_result=4400
02-02 03:47:45.533   230   230 I (0)[230:charger_thread]mt635x-auxadc mt635x-auxadc: name:VCDT, channel=2, adc_out=0x4a4, adc_result=522
02-02 03:47:45.533   230   230 I         : (0)[230:charger_thread][fgauge_read_current] final current=1244 (ratio=1000)
02-02 03:47:45.533   230   230 I         : (0)[230:charger_thread][CH3_DBG] bat_cur = 1244
02-02 03:47:45.534   230   230 I (1)[230:charger_thread]mt635x-auxadc mt635x-auxadc: name:BAT_TEMP, channel=3, adc_out=0x629, adc_result=693
02-02 03:47:45.534   230   230 I         : (1)[230:charger_thread][fgauge_read_current] final current=1244 (ratio=1000)
02-02 03:47:45.534   230   230 I         : (1)[230:charger_thread][BattVoltToTemp] 688 16900 1800 -5
02-02 03:47:45.534   230   230 I         : (1)[230:charger_thread][force_get_tbat] 693,688,1,124,100,239 r:320 100 0
02-02 03:47:45.534   230   230 I (1)[230:charger_thread][force_get_tbat] t: 23 precise:239
02-02 03:47:45.534   230   230 I (1)[230:charger_thread]Vbat=4400,Ibat=1279,I=455,VChr=4938,T=23,Soc=96: 95,CT:1:1 hv:1 pd:0:0
02-02 03:47:45.534   230   230 I (1)[230:charger_thread]mtk_charger_start_timer: alarm timer start:0, 43 665014313
02-02 03:47:45.534   230   230 I         : -(1)[230:charger_thread]alarmtimer_enqueue, 43665014313
02-02 03:47:45.534   230   230 I         : (1)[230:charger_thread][fgauge_read_current] final current=1251 (ratio=1000)
02-02 03:47:45.534   230   230 I         : (1)[230:charger_thread][CH3_DBG] bat_cur = 1251
02-02 03:47:45.535   230   230 I         : (0)[230:charger_thread][fgauge_read_current] final current=1251 (ratio=1000)
02-02 03:47:45.535   230   230 I         : (0)[230:charger_thread][BattVoltToTemp] 687 16900 1800 -5
02-02 03:47:45.535   230   230 I         : (0)[230:charger_thread][force_get_tbat] 692,687,1,125,100,239 r:320 100 0
02-02 03:47:45.535   230   230 I (0)[230:charger_thread][force_get_tbat] t: 23 precise:239
02-02 03:47:45.535   230   230 I         : (0)[230:charger_thread][BATTER_ID_0] bat_id_valtage = 1044(mV)
02-02 03:47:45.535   230   230 I         : (0)[230:charger_thread][SW_JEITA] Battery Normal Temperature between 13 and 51 !!
02-02 03:47:45.535   230   230 I (0)[230:charger_thread][SW_JEITA]preState: 3 newState:3 tmp:23 cv:0
02-02 03:47:45.536   230   230 I (0)[230:charger_thread]tmp: 23 (jeita:1 sm:3 cv:0 en:1) (sm:1) en:1 c:0 s:0 ov:0 1 1
02-02 03:47:45.536   230   230 I         : (0)[230:charger_thread]mtk_switch_charging_run [1 0], timer=20
02-02 03:47:45.536   230   230 I         : (0)[230:charger_thread][fgauge_read_current] final current=1251 (ratio=1000)
02-02 03:47:45.536   230   230 I         : (0)[230:charger_thread][CH3_DBG] bat_cur = 1251
02-02 03:47:45.537   230   230 I         : (0)[230:charger_thread][fgauge_read_current] final current=1279 (ratio=1000)
02-02 03:47:45.537   230   230 I         : (0)[230:charger_thread][BattVoltToTemp] 687 16900 1800 -5
02-02 03:47:45.537   230   230 I         : (0)[230:charger_thread][force_get_tbat] 692,687,1,127,100,239 r:320 100 0
02-02 03:47:45.537   230   230 I (0)[230:charger_thread][force_get_tbat] t: 23 precise:239
02-02 03:47:45.537   230   230 I (0)[230:charger_thread]pe40_ready: 0 hv:1 thermal:-1,-1 tmp:23,39,16 pps:0 en:0 ibus:0 80
02-02 03:47:45.537   230   230 I (0)[230:charger_thread]force: 0 thermal:-1,-1 pe4:-1,-1,0 setting:500 500 type:1 usb_unlimited:0 usbif:0 usbsm:2 aicl:-1 atm:0
02-02 03:47:45.537   230   230 E         : (0)[230:charger_thread]zzf_500000<=500000, i=1
02-02 03:47:45.537   230   230 E         : (0)[230:charger_thread]array_size = 4
02-02 03:47:45.538   230   230 E         : (0)[230:charger_thread][psc5415e_config_interface] write Reg[1]=0x78 from 0x78
02-02 03:47:45.539   230   230 E         : (0)[230:charger_thread][psc5415e_config_interface] write Reg[5]=0x3 from 0x23
02-02 03:47:45.539   230   230 E         : (0)[230:charger_thread]Can't find closest level
02-02 03:47:45.539   230   230 E         : (0)[230:charger_thread]array_size = 8
02-02 03:47:45.540   230   230 E         : (1)[230:charger_thread][psc5415e_config_interface] write Reg[4]=0x6 from 0x6
02-02 03:47:45.541   230   230 E         : (0)[230:charger_thread][psc5415e_config_interface] write Reg[4]=0x6 from 0x6
02-02 03:47:45.542   230   230 E         : (0)[230:charger_thread][psc5415e_config_interface] write Reg[1]=0x78 from 0x78
02-02 03:47:45.543   230   230 E         : (0)[230:charger_thread][psc5415e_config_interface] write Reg[1]=0x78 from 0x78
