09-02 20:10:29.321  2182  2182 I (1)[2182:recovery][MMDVFS][pid=2182]Fixed,set scen: (22,0x0)step:(-1,-1,0x0,0x0,0x0,0x0)
09-02 20:10:29.321  2182  2182 I (1)[2182:recovery][MMDVFS][pid=2182]Fixed,C(0,0,0x0,0),I(0,0),CLK: 0
09-02 20:10:29.321  2182  2182 I         : (1)[2182:recovery][DISP][FB Driver] leave early_suspend
09-02 20:10:29.321  2182  2182 I (1)[2182:recovery][DISP]AOD check: succeed to set FB power mode FB_RESUME to FB_SUSPEND
09-02 20:10:29.321  2182  2182 E (1)[2182:recovery][ION]ion_fb_event: + screen-off +
09-02 20:10:29.321  2182  2182 E (1)[2182:recovery][ION]ion_fb_event: - screen-off -
09-02 20:10:29.321  2182  2182 I (1)[2182:recovery][Power/PPM] @ppm_lcmoff_switch: onoff = 0
09-02 20:10:29.321  2182  2182 I (1)[2182:recovery]mtk-tpd: [tpd_fb_notifier_callback:458] tpd_fb_notifier_callback
09-02 20:10:29.321  2182  2182 I (1)[2182:recovery]mtk-tpd: [tpd_fb_notifier_callback:466] fb_notify(blank=4)
09-02 20:10:29.321  2182  2182 I (1)[2182:recovery]mtk-tpd: [tpd_fb_notifier_callback:480] LCD OFF Notify
09-02 20:10:29.321  2182  2182 I (1)[2182:recovery]mtk-tpd: [tpd_fb_notifier_callback:484] cancel resume_workqueue failed
09-02 20:10:29.322  2182  2182 I (0)[2182:recovery]mtk-tpd: [tpd_fb_notifier_callback:458] tpd_fb_notifier_callback
09-02 20:10:29.322  2182  2182 I         : (0)[2182:recovery][DISP][FB Driver] enter late_resume
09-02 20:10:29.322  2182  2182 I         : (0)[2182:recovery][DISP]primary_display_resume begin
09-02 20:10:29.329  2182  2182 I (0)[2182:recovery][DDP/]warn: CG0 0xfec00df0, CG1 0x3ffff
09-02 20:10:29.329  2182  2182 I         : (0)[2182:recovery][DISP]dpmanager path power on[end]
09-02 20:10:29.329  2182  2182 I         : (0)[2182:recovery][DISP]cmd/video mode=1
09-02 20:10:29.329  2182  2182 I (0)[2182:recovery][DDP/OVL]warn: ovl_roi:(480x960)
09-02 20:10:29.329  2182  2182 I (0)[2182:recovery][DDP/DSI]warn: DSI_Set_VM_CMD
09-02 20:10:29.329  2182  2182 I         : (0)[2182:recovery][DISP][POWER]dpmanager re-init[end]
09-02 20:10:29.520     0     0 I         : (1)[232:wdtk-1][wdk-c] cpu=1,lbit=0x2,cbit=0xf,3,1,30390060071,[142543438954,20000000]
09-02 20:10:29.520     0     0 I         : (1)[232:wdtk-1][thread:232][RT:142543481185] 2021-09-02 20:10:29.517490 UTC;android time 2021-09-02 20:10:29.517490
09-02 20:10:29.550     0     0 I         : (0)[231:wdtk-0][wdk-c] cpu=0,lbit=0x3,cbit=0xf,3,1,30390060071,[142573409262,19970030]
09-02 20:10:29.564     0     0 I         : (3)[234:wdtk-3][wdk-c] cpu=3,lbit=0xb,cbit=0xf,3,1,30390060071,[142586697415,19956742]
09-02 20:10:29.564     0     0 W         : (2)[233:wdtk-2][wdk-k] cpu=2,lbit=0xf,cbit=0xf,3,1,30390060071,[142586712415,19956727]
09-02 20:10:29.674  2182  2182 I         : (0)[2182:recovery][DISP][POWER]lcm resume[end]
09-02 20:10:29.674  2182  2182 I (0)[2182:recovery][GAMMA] disp_gamma_write_lut_reg: table [0] not initialized
09-02 20:10:29.674  2182  2182 I         : (0)[2182:recovery][DISP]primary display START cmdq trigger loop finished
09-02 20:10:29.674  2182  2182 I         : (0)[2182:recovery][DISP]share SRAM success
09-02 20:10:29.674  2182  2182 I         : (0)[2182:recovery][CMDQ][Res]resource clock engine:0x100 enable:true
09-02 20:10:29.674  2182  2182 I         : (0)[2182:recovery][DISP]mutex_release_timeout1 <352099000 ns>
09-02 20:10:29.674  2182  2182 W -(0)[2182:recovery]CPU: 0 PID: 2182 Comm: recovery Tainted: G        W       4.14.141+ #1
09-02 20:10:29.674  2182  2182 W -(0)[2182:recovery]Hardware name: Generic DT based system
09-02 20:10:29.674  2182  2182 W -(0)[2182:recovery]Backtrace:  
09-02 20:10:29.674  2182  2182 W         : -(0)[2182:recovery][<c010bf48>] (dump_backtrace) from [<c010c218>] (show_stack+0x18/0x1c)
09-02 20:10:29.674  2182  2182 W -(0)[2182:recovery] r6: c168fe20 r5:60080013 r4:00000000 r3:3aaa6479
09-02 20:10:29.674  2182  2182 W         : -(0)[2182:recovery][<c010c200>] (show_stack) from [<c0c934fc>] (dump_stack+0x84/0xa4)
09-02 20:10:29.674  2182  2182 W         : -(0)[2182:recovery][<c0c93478>] (dump_stack) from [<c081c224>] (_primary_path_unlock+0x6c/0x11c)
09-02 20:10:29.674  2182  2182 W -(0)[2182:recovery] r5: 00000000 r4:14fc9ab8
09-02 20:10:29.674  2182  2182 W         : -(0)[2182:recovery][<c081c1b8>] (_primary_path_unlock) from [<c0823d68>] (primary_display_resume+0xa48/0xbb8)
09-02 20:10:29.674  2182  2182 W -(0)[2182:recovery] r9: 00000000 r8:00000001 r7:c120a188 r6:00000000 r5:c168fe00 r4:00000000
09-02 20:10:29.674  2182  2182 W         : -(0)[2182:recovery][<c0823320>] (primary_display_resume) from [<c0813204>] (mtkfb_blank+0xc0/0x270)
09-02 20:10:29.674  2182  2182 W -(0)[2182:recovery] r10: 00000036 r9:00000000 r8:00000000 r7:c120a188 r6:00000002 r5:00000000
09-02 20:10:29.674  2182  2182 W -(0)[2182:recovery] r4: 00000000
09-02 20:10:29.674  2182  2182 W         : -(0)[2182:recovery][<c0813144>] (mtkfb_blank) from [<c04c3fd8>] (fb_blank+0x6c/0xb8)
09-02 20:10:29.674  2182  2182 W -(0)[2182:recovery] r6: 00000000 r5:c120a188 r4:c5b2c800 r3:c0813144
09-02 20:10:29.674  2182  2182 W         : -(0)[2182:recovery][<c04c3f6c>] (fb_blank) from [<c04c4a9c>] (do_fb_ioctl+0x68c/0x750)
09-02 20:10:29.675  2182  2182 W -(0)[2182:recovery] r6: 00004611 r5:00000000 r4:c5b2c800
09-02 20:10:29.675  2182  2182 W         : -(0)[2182:recovery][<c04c4410>] (do_fb_ioctl) from [<c04c5594>] (fb_ioctl+0x44/0x54)
09-02 20:10:29.675  2182  2182 W -(0)[2182:recovery] r8: 00000000 r7:00000000 r6:e400d0c0 r5:c5dc6bc8 r4:00000000
09-02 20:10:29.675  2182  2182 W         : -(0)[2182:recovery][<c04c5550>] (fb_ioctl) from [<c02b9694>] (vfs_ioctl+0x20/0x3c)
09-02 20:10:29.675  2182  2182 W         : -(0)[2182:recovery][<c02b9674>] (vfs_ioctl) from [<c02b9f94>] (do_vfs_ioctl+0x7a0/0x8f8)
09-02 20:10:29.675  2182  2182 W         : -(0)[2182:recovery][<c02b97f4>] (do_vfs_ioctl) from [<c02ba140>] (SyS_ioctl+0x54/0x7c)
09-02 20:10:29.675  2182  2182 W -(0)[2182:recovery] r10: 00000036 r9:00000000 r8:00004611 r7:00000000 r6:e400d0c0 r5:e400d0c0
09-02 20:10:29.675  2182  2182 W -(0)[2182:recovery] r4: 00000000
09-02 20:10:29.675  2182  2182 W         : -(0)[2182:recovery][<c02ba0ec>] (SyS_ioctl) from [<c0107ac0>] (ret_fast_syscall+0x0/0x54)
09-02 20:10:29.675  2182  2182 W -(0)[2182:recovery] r9: e4714000 r8:c0107cc4 r7:00000036 r6:00000000 r5:adf99124 r4:adf99124
09-02 20:10:29.675  2182  2182 I (0)[2182:recovery][DISP]skip_update: 0
09-02 20:10:29.675  2182  2182 I         : (0)[2182:recovery][DISP][FB Driver] leave late_resume
09-02 20:10:29.675  2182  2182 I (0)[2182:recovery][DISP]AOD check: succeed to set FB power mode FB_SUSPEND to FB_RESUME
09-02 20:10:29.714  2182  2182 I (0)[2182:recovery][Power/PPM] @ppm_lcmoff_switch: onoff = 1
09-02 20:10:29.714  2182  2182 I (0)[2182:recovery]mtk-tpd: [tpd_fb_notifier_callback:458] tpd_fb_notifier_callback
09-02 20:10:29.714  2182  2182 I (0)[2182:recovery]mtk-tpd: [tpd_fb_notifier_callback:466] fb_notify(blank=0)
09-02 20:10:29.714  2182  2182 I (0)[2182:recovery]mtk-tpd: [tpd_fb_notifier_callback:469] LCD ON Notify
09-02 20:10:29.714    79    79 I (1)[79:kworker/u8:1]mtk-tpd: [touch_resume_workqueue_callback:446] GTP touch_resume_workqueue_callback
09-02 20:10:29.714    79    79 I (1)[79:kworker/u8:1][tlsc]tlsc6x_tpd_reset: Enter
09-02 20:10:29.714    79    79 I (1)[79:kworker/u8:1][tlsc]tlsc6x_tpd_reset_force: Enter
09-02 20:10:29.714    79    79 I (1)[79:kworker/u8:1]mtk-tpd: [tpd_gpio_output:168] tpd_gpio_output pin = 0, level = 0
09-02 20:10:29.715  2182  2182 I (0)[2182:recovery][PWM] disp_pwm_set_backlight_cmdq: (id = 0x1, level_1024 = 1023), old = 0
09-02 20:10:29.715  2182  2182 I (0)[2182:recovery][PWM] disp_pwm_backlight_status: backlight is on (1023), power:(1), pwm id: (0)
09-02 20:10:29.715  2182  2182 W recovery: [libfs_mgr]Warning: unknown flag: resize
09-02 20:10:29.721  2182  2182 I chatty  : uid=0(root) identical 2 lines
09-02 20:10:29.723  2182  2182 W recovery: [libfs_mgr]Warning: unknown flag: resize
09-02 20:10:29.740    79    79 I (1)[79:kworker/u8:1]mtk-tpd: [tpd_gpio_output:168] tpd_gpio_output pin = 0, level = 1
09-02 20:10:29.778  2182  2182 I recovery: type=1400 audit(0.0:2680): avc: denied { ioctl } for path="/dev/block/dm-1" dev="tmpfs" ino=11563 ioctlcmd=0x5331 scontext=u:r:recovery:s0 tcontext=u:object_r:dm_device:s0 tclass=blk_file permissive=1
09-02 20:10:29.780  2182  2182 E recovery: DM_DEV_CREATE failed for [product]: Device or resource busy
09-02 20:10:29.781  2182  2182 E recovery: [libfs_mgr]Could not create logical partition: product
09-02 20:10:29.805  2182  2182 I recovery: type=1400 audit(0.0:2681): avc: denied { ioctl } for path="/dev/block/dm-2" dev="tmpfs" ino=15566 ioctlcmd=0x5331 scontext=u:r:recovery:s0 tcontext=u:object_r:dm_device:s0 tclass=blk_file permissive=1
09-02 20:10:29.845  2182  2182 I recovery: type=1400 audit(0.0:2682): avc: denied { ioctl } for path="/dev/block/dm-0" dev="tmpfs" ino=15557 ioctlcmd=0x5331 scontext=u:r:recovery:s0 tcontext=u:object_r:dm_device:s0 tclass=blk_file permissive=1
09-02 20:10:29.965  2182  2182 I recovery: type=1400 audit(0.0:2683): avc: denied { ioctl } for path="/dev/block/dm-1" dev="tmpfs" ino=11563 ioctlcmd=0x5331 scontext=u:r:recovery:s0 tcontext=u:object_r:dm_device:s0 tclass=blk_file permissive=1
09-02 20:10:29.965  2182  2182 I recovery: type=1400 audit(0.0:2684): avc: denied { ioctl } for path="/dev/block/dm-2" dev="tmpfs" ino=15566 ioctlcmd=0x5331 scontext=u:r:recovery:s0 tcontext=u:object_r:dm_device:s0 tclass=blk_file permissive=1
09-02 20:10:30.019     1     1 I (2)[1:init]: starting service 'hwservicemanager'...
09-02 20:10:30.023     1     1 I (2)[1:init]: starting service 'vndservicemanager'...
09-02 20:10:30.025  2190  2190 E (0)[2190:init]: failed to write pid to files: couldn't write 2190 to /dev/cpuset/system-background/tasks: No such file or directory
09-02 20:10:30.040  2190  2190 E ProcessState: Binder driver protocol(8) does not match user space protocol(7)! ioctl() return value: 0
09-02 20:10:30.041  2190  2190 E ProcessState: Binder ioctl to set max threads failed: Bad file descriptor
09-02 20:10:30.041  2190  2190 F ProcessState: Binder driver '/dev/vndbinder' could not be opened.  Terminating.
09-02 20:10:30.041  2190  2190 F libc    : Fatal signal 6 (SIGABRT), code -1 (SI_QUEUE) in tid 2190 (vndservicemanag), pid 2190 (vndservicemanag)
09-02 20:10:30.041  2182  2182 I (0)[2182:recovery]F2FS-fs (mmcblk0p38): Reduce reserved blocks for root = 5871
09-02 20:10:30.043  2193  2193 F libc    : failed to exec crash_dump helper: No such file or directory
09-02 20:10:30.043  2190  2190 F libc    : crash_dump helper failed to exec
09-02 20:10:30.048     1     1 I (0)[1:init]: Service 'vndservicemanager' (pid 2190) received signal 6
09-02 20:10:30.048     1     1 I (0)[1:init]: Sending signal 9 to service 'vndservicemanager' (pid 2190) process group...
09-02 20:10:30.048     1     1 I (0)[1:init]libprocessgroup: Successfully killed process cgroup uid 0 pid 2190 in 0ms
09-02 20:10:30.049     1     1 I (1)[1:init]: Untracked pid 2193 exited with status 1
09-02 20:10:30.057  2189  2189 E hw-ProcessState: Binder driver protocol(8) does not match user space protocol(7)!
09-02 20:10:30.057  2182  2182 I (0)[2182:recovery]F2FS-fs (mmcblk0p38): Found nat_bits in checkpoint
09-02 20:10:30.057  2189  2189 E hw-ProcessState: Binder ioctl to set max threads failed: Bad file descriptor
09-02 20:10:30.058  2189  2189 F hw-ProcessState: Binder driver could not be opened. Terminating.
09-02 20:10:30.058  2189  2189 F libc    : Fatal signal 6 (SIGABRT), code -1 (SI_QUEUE) in tid 2189 (hwservicemanage), pid 2189 (hwservicemanage)
09-02 20:10:30.059  2195  2195 F libc    : failed to exec crash_dump helper: No such file or directory
09-02 20:10:30.060  2189  2189 F libc    : crash_dump helper failed to exec
09-02 20:10:30.064     1     1 I (1)[1:init]: Service 'hwservicemanager' (pid 2189) received signal 6
09-02 20:10:30.064     1     1 I (1)[1:init]: Sending signal 9 to service 'hwservicemanager' (pid 2189) process group...
09-02 20:10:30.065     1     1 I (1)[1:init]libprocessgroup: Successfully killed process cgroup uid 0 pid 2189 in 0ms
09-02 20:10:30.233  2182  2182 I (0)[2182:recovery]F2FS-fs (mmcblk0p38): Mounted with checkpoint version = b1edbd
09-02 20:10:30.272  2182  2182 I recovery: type=1400 audit(0.0:2685): avc: denied { ioctl } for path="/dev/block/dm-1" dev="tmpfs" ino=11563 ioctlcmd=0x5331 scontext=u:r:recovery:s0 tcontext=u:object_r:dm_device:s0 tclass=blk_file permissive=1
09-02 20:10:30.298  2182  2182 I recovery: type=1400 audit(0.0:2686): avc: denied { ioctl } for path="/dev/block/dm-2" dev="tmpfs" ino=15566 ioctlcmd=0x5331 scontext=u:r:recovery:s0 tcontext=u:object_r:dm_device:s0 tclass=blk_file permissive=1
09-02 20:10:30.328  2182  2182 I recovery: type=1400 audit(0.0:2687): avc: denied { ioctl } for path="/dev/block/dm-0" dev="tmpfs" ino=15557 ioctlcmd=0x5331 scontext=u:r:recovery:s0 tcontext=u:object_r:dm_device:s0 tclass=blk_file permissive=1
09-02 20:10:30.408  2182  2182 I (0)[2182:recovery]F2FS-fs (mmcblk0p38): Reduce reserved blocks for root = 5871
09-02 20:10:30.427  2182  2182 I (0)[2182:recovery]F2FS-fs (mmcblk0p38): Found nat_bits in checkpoint
09-02 20:10:30.603  2182  2182 I (0)[2182:recovery]F2FS-fs (mmcblk0p38): Mounted with checkpoint version = b1edbf
09-02 20:10:30.777     0     0 I (3)[227:mtk-tpd][tlsc]esd_check_work: Enter
09-02 20:10:31.457    79    79 I         : (0)[79:kworker/u8:1][fgauge_read_current] final current=524 (ratio=1000)
09-02 20:10:31.457    79    79 I         : (0)[79:kworker/u8:1][CH3_DBG] bat_cur = 524
09-02 20:10:31.458    79    79 W -(2)[79:kworker/u8:1]mt635x_auxadc_read_raw: 17 callbacks suppressed
09-02 20:10:31.458    79    79 I (2)[79:kworker/u8:1]mt635x-auxadc mt635x-auxadc: name:BAT_TEMP, channel=3, adc_out=0x5bf, adc_result=646
09-02 20:10:31.458    79    79 I         : (2)[79:kworker/u8:1][fgauge_read_current] final current=386 (ratio=1000)
09-02 20:10:31.458    79    79 I         : (2)[79:kworker/u8:1][BattVoltToTemp] 645 16900 1800 -1
09-02 20:10:31.458    79    79 I         : (2)[79:kworker/u8:1][force_get_tbat] 646,645,1,38,100,266 r:320 100 0
09-02 20:10:31.458    79    79 I (2)[79:kworker/u8:1][force_get_tbat] t: 26 precise:266
09-02 20:10:31.474   172   172 I         : (2)[172:disp_check][DISP][ESD]ESD check end, ret = 0
09-02 20:10:31.671    79    79 I (1)[79:kworker/u8:1]mt635x-auxadc mt635x-auxadc: name:VPROC_TEMP, channel=4, adc_out=0x5ff, adc_result=674
09-02 20:10:31.671    80    80 I (1)[80:kworker/u8:2]mt635x-auxadc mt635x-auxadc: name:VCORE_TEMP, channel=4, adc_out=0x601, adc_result=675
09-02 20:10:32.477  2182  2182 I (0)[2182:recovery]F2FS-fs (mmcblk0p38): Reduce reserved blocks for root = 5871
09-02 20:10:32.495  2182  2182 I (0)[2182:recovery]F2FS-fs (mmcblk0p38): Found nat_bits in checkpoint
09-02 20:10:32.670  2182  2182 I (1)[2182:recovery]F2FS-fs (mmcblk0p38): Mounted with checkpoint version = b1edc1
09-02 20:10:32.688  2182  2182 I recovery: type=1400 audit(0.0:2688): avc: denied { ioctl } for path="/dev/block/dm-1" dev="tmpfs" ino=11563 ioctlcmd=0x5331 scontext=u:r:recovery:s0 tcontext=u:object_r:dm_device:s0 tclass=blk_file permissive=1
09-02 20:10:32.708  2182  2182 I recovery: type=1400 audit(0.0:2689): avc: denied { ioctl } for path="/dev/block/dm-2" dev="tmpfs" ino=15566 ioctlcmd=0x5331 scontext=u:r:recovery:s0 tcontext=u:object_r:dm_device:s0 tclass=blk_file permissive=1
09-02 20:10:32.735  2182  2182 I recovery: type=1400 audit(0.0:2690): avc: denied { ioctl } for path="/dev/block/dm-0" dev="tmpfs" ino=15557 ioctlcmd=0x5331 scontext=u:r:recovery:s0 tcontext=u:object_r:dm_device:s0 tclass=blk_file permissive=1
09-02 20:10:33.167   192   192 I         : (2)[192:kworker/2:1]usb_state<CONFIGURED>
09-02 20:10:33.414     0     0 W (1)[0:swapper/1][mcdi]mcdi cpu: 0, 0, 0, 0, cluster : 0, pause = 0, multi core = 0, latency = 0, residency = 0, last core = 0, avail cpu = 000f, cluster = 0001, enabled = 0, max_s_state = 5, system_idle_hint = 00000000
09-02 20:10:33.607   172   172 I         : (2)[172:disp_check][DISP][ESD]ESD check end, ret = 0
09-02 20:10:34.606  2257  2257 I (3)[2257:sh][DISP][mtkfb_ioctl #1613]warn: mtkfb_ioctl Not support, info=0x21d257fc, cmd=0x00005401, arg=0xbed80c08
09-02 20:10:34.777     0     0 I (1)[227:mtk-tpd][tlsc]esd_check_work: Enter
09-02 20:10:35.022     1     1 I (2)[1:init]: starting service 'hwservicemanager'...
09-02 20:10:35.026     1     1 I (2)[1:init]: starting service 'vndservicemanager'...
09-02 20:10:35.028  2182  2182 I recovery: type=1400 audit(0.0:2691): avc: denied { ioctl } for path="/dev/block/dm-1" dev="tmpfs" ino=11563 ioctlcmd=0x5331 scontext=u:r:recovery:s0 tcontext=u:object_r:dm_device:s0 tclass=blk_file permissive=1
09-02 20:10:35.039  2268  2268 E (3)[2268:init]: failed to write pid to files: couldn't write 2268 to /dev/cpuset/system-background/tasks: No such file or directory
09-02 20:10:35.058  2268  2268 E ProcessState: Binder driver protocol(8) does not match user space protocol(7)! ioctl() return value: 0
09-02 20:10:35.059  2268  2268 E ProcessState: Binder ioctl to set max threads failed: Bad file descriptor
09-02 20:10:35.059  2268  2268 F ProcessState: Binder driver '/dev/vndbinder' could not be opened.  Terminating.
09-02 20:10:35.059  2268  2268 F libc    : Fatal signal 6 (SIGABRT), code -1 (SI_QUEUE) in tid 2268 (vndservicemanag), pid 2268 (vndservicemanag)
09-02 20:10:35.061  2271  2271 F libc    : failed to exec crash_dump helper: No such file or directory
09-02 20:10:35.061  2268  2268 F libc    : crash_dump helper failed to exec
09-02 20:10:35.066     1     1 I (0)[1:init]: Service 'vndservicemanager' (pid 2268) received signal 6
09-02 20:10:35.066     1     1 I (0)[1:init]: Sending signal 9 to service 'vndservicemanager' (pid 2268) process group...
09-02 20:10:35.066     1     1 I (0)[1:init]libprocessgroup: Successfully killed process cgroup uid 0 pid 2268 in 0ms
09-02 20:10:35.067     1     1 I (3)[1:init]: Untracked pid 2271 exited with status 1
09-02 20:10:35.067  2182  2182 F libc    : Fatal signal 11 (SIGSEGV), code 1 (SEGV_MAPERR), fault addr 0x2c in tid 2182 (recovery), pid 2182 (recovery)
09-02 20:10:35.069  2273  2273 F libc    : failed to exec crash_dump helper: No such file or directory
09-02 20:10:35.070  2182  2182 F libc    : crash_dump helper failed to exec
09-02 20:10:35.078  2267  2267 E hw-ProcessState: Binder driver protocol(8) does not match user space protocol(7)!
09-02 20:10:35.079  2267  2267 E hw-ProcessState: Binder ioctl to set max threads failed: Bad file descriptor
09-02 20:10:35.079  2267  2267 F hw-ProcessState: Binder driver could not be opened. Terminating.
09-02 20:10:35.079  2267  2267 F libc    : Fatal signal 6 (SIGABRT), code -1 (SI_QUEUE) in tid 2267 (hwservicemanage), pid 2267 (hwservicemanage)
09-02 20:10:35.080  2275  2275 F libc    : failed to exec crash_dump helper: No such file or directory
09-02 20:10:35.081  2267  2267 F libc    : crash_dump helper failed to exec
09-02 20:10:35.085     1     1 I (0)[1:init]: Service 'hwservicemanager' (pid 2267) received signal 6
09-02 20:10:35.086     1     1 I (0)[1:init]: Sending signal 9 to service 'hwservicemanager' (pid 2267) process group...
09-02 20:10:35.086     1     1 I (0)[1:init]libprocessgroup: Successfully killed process cgroup uid 0 pid 2267 in 0ms
09-02 20:10:35.233  2276  2276 W libc    : Unable to set property "ro.twrp.boot" to "1": error code: 0xb
09-02 20:10:35.233  2276  2276 W libc    : Unable to set property "ro.twrp.version" to "3.6.0_11-TEST_MRMAZAK_v1": error code: 0xb
09-02 20:10:35.238  2276  2276 E (0)[2276:recovery]PVR_K: (Error):  2276: PVRSRVCommonDeviceOpen: Driver already in bad state. Device open failed.
09-02 20:10:35.240  2276  2276 I (2)[2276:recovery]mtk-tpd: [tpd_fb_notifier_callback:458] tpd_fb_notifier_callback
09-02 20:10:35.240  2276  2276 I         : (2)[2276:recovery][DISP][FB Driver] enter early_suspend
09-02 20:10:35.278  2276  2276 I         : (1)[2276:recovery][DISP]primary_display_suspend begin
09-02 20:10:35.278  2276  2276 I (1)[2276:recovery][DISP][disp_lowpower]_release_wrot_resource_nolock: use_wrot_sram:1
09-02 20:10:35.290    79    79 I         : (1)[79:kworker/u8:1][CMDQ][Res]resource clock engine:0x100 enable:false
09-02 20:10:35.306  2276  2276 I         : (0)[2276:recovery][DISP][POWER]primary display path is busy now, wait frame done, event_ret=295
09-02 20:10:35.306  2276  2276 I         : (0)[2276:recovery][DISP][POWER]display cmdq trigger loop stop
09-02 20:10:35.306  2276  2276 I         : (0)[2276:recovery][DISP]primary display STOP cmdq trigger loop finished
09-02 20:10:35.306  2276  2276 I (0)[2276:recovery][DISP]dsi stop: brust mode(vdo mode lcm)
09-02 20:10:35.306  2276  2276 I         : (0)[2276:recovery][DISP][POWER]primary display path stop[end]
09-02 20:10:35.524  2276  2276 I         : (0)[2276:recovery][DISP][POWER]lcm suspend[end]
09-02 20:10:35.524  2276  2276 I (0)[2276:recovery][PWM] disp_pwm_backlight_status: backlight is off, power:(0), pwm id: (0)
09-02 20:10:35.528  2276  2276 I         : (0)[2276:recovery][DISP][POWER]dpmanager path power off[end]
09-02 20:10:35.528  2276  2276 I         : (0)[2276:recovery][DISP]mutex_release_timeout1 <249953463 ns>
09-02 20:10:35.528  2276  2276 W -(0)[2276:recovery]CPU: 0 PID: 2276 Comm: recovery Tainted: G        W       4.14.141+ #1
09-02 20:10:35.528  2276  2276 W -(0)[2276:recovery]Hardware name: Generic DT based system
09-02 20:10:35.528  2276  2276 W -(0)[2276:recovery]Backtrace:  
09-02 20:10:35.528  2276  2276 W         : -(0)[2276:recovery][<c010bf48>] (dump_backtrace) from [<c010c218>] (show_stack+0x18/0x1c)
09-02 20:10:35.528  2276  2276 W -(0)[2276:recovery] r6: c168fe20 r5:60010113 r4:00000000 r3:3aaa6479
09-02 20:10:35.528  2276  2276 W         : -(0)[2276:recovery][<c010c200>] (show_stack) from [<c0c934fc>] (dump_stack+0x84/0xa4)
09-02 20:10:35.528  2276  2276 W         : -(0)[2276:recovery][<c0c93478>] (dump_stack) from [<c081c224>] (_primary_path_unlock+0x6c/0x11c)
09-02 20:10:35.528  2276  2276 W -(0)[2276:recovery] r5: 00000000 r4:0ee5fcb7
09-02 20:10:35.528  2276  2276 W         : -(0)[2276:recovery][<c081c1b8>] (_primary_path_unlock) from [<c0825e24>] (primary_display_suspend+0x440/0x528)
09-02 20:10:35.528  2276  2276 W -(0)[2276:recovery] r9: 00000000 r8:00000000 r7:c120a188 r6:00000002 r5:c168fe00 r4:00000000
09-02 20:10:35.528  2276  2276 W         : -(0)[2276:recovery][<c08259e4>] (primary_display_suspend) from [<c08132f4>] (mtkfb_blank+0x1b0/0x270)
09-02 20:10:35.528  2276  2276 W -(0)[2276:recovery] r5: 00000001 r4:00000000
09-02 20:10:35.528  2276  2276 W         : -(0)[2276:recovery][<c0813144>] (mtkfb_blank) from [<c04c3fd8>] (fb_blank+0x6c/0xb8)
09-02 20:10:35.528  2276  2276 W -(0)[2276:recovery] r6: 00000000 r5:c120a188 r4:c5b2c800 r3:c0813144
09-02 20:10:35.528  2276  2276 W         : -(0)[2276:recovery][<c04c3f6c>] (fb_blank) from [<c04c4a9c>] (do_fb_ioctl+0x68c/0x750)
09-02 20:10:35.528  2276  2276 W -(0)[2276:recovery] r6: 00004611 r5:00000004 r4:c5b2c800
09-02 20:10:35.528  2276  2276 W         : -(0)[2276:recovery][<c04c4410>] (do_fb_ioctl) from [<c04c5594>] (fb_ioctl+0x44/0x54)
09-02 20:10:35.528  2276  2276 W -(0)[2276:recovery] r8: 00000000 r7:00000004 r6:e26a5c00 r5:c5dc6bc8 r4:00000004
09-02 20:10:35.528  2276  2276 W         : -(0)[2276:recovery][<c04c5550>] (fb_ioctl) from [<c02b9694>] (vfs_ioctl+0x20/0x3c)
09-02 20:10:35.528  2276  2276 W         : -(0)[2276:recovery][<c02b9674>] (vfs_ioctl) from [<c02b9f94>] (do_vfs_ioctl+0x7a0/0x8f8)
09-02 20:10:35.528  2276  2276 W         : -(0)[2276:recovery][<c02b97f4>] (do_vfs_ioctl) from [<c02ba140>] (SyS_ioctl+0x54/0x7c)
09-02 20:10:35.528  2276  2276 W -(0)[2276:recovery] r10: 00000036 r9:00000000 r8:00004611 r7:00000004 r6:e26a5c00 r5:e26a5c00
09-02 20:10:35.528  2276  2276 W -(0)[2276:recovery] r4: 00000000
09-02 20:10:35.528  2276  2276 W         : -(0)[2276:recovery][<c02ba0ec>] (SyS_ioctl) from [<c0107ac0>] (ret_fast_syscall+0x0/0x54)
09-02 20:10:35.528  2276  2276 W -(0)[2276:recovery] r9: e4662000 r8:c0107cc4 r7:00000036 r6:b1d3b4b0 r5:b1d3b40c r4:b265d124
09-02 20:10:35.528  2276  2276 I         : (0)[2276:recovery][DISP]primary_display_suspend end
09-02 20:10:35.528  2276  2276 I         : (0)[2276:recovery][DISP][FB Driver] leave early_suspend
09-02 20:10:35.528  2276  2276 I (0)[2276:recovery][DISP]AOD check: succeed to set FB power mode FB_RESUME to FB_SUSPEND
09-02 20:10:35.528  2276  2276 E (0)[2276:recovery][ION]ion_fb_event: + screen-off +
09-02 20:10:35.528  2276  2276 E (0)[2276:recovery][ION]ion_fb_event: - screen-off -
09-02 20:10:35.528  2276  2276 I (0)[2276:recovery][Power/PPM] @ppm_lcmoff_switch: onoff = 0
09-02 20:10:35.528  2276  2276 I (0)[2276:recovery]mtk-tpd: [tpd_fb_notifier_callback:458] tpd_fb_notifier_callback
09-02 20:10:35.528  2276  2276 I (0)[2276:recovery]mtk-tpd: [tpd_fb_notifier_callback:466] fb_notify(blank=4)
09-02 20:10:35.528  2276  2276 I (0)[2276:recovery]mtk-tpd: [tpd_fb_notifier_callback:480] LCD OFF Notify
09-02 20:10:35.528  2276  2276 I (0)[2276:recovery]mtk-tpd: [tpd_fb_notifier_callback:484] cancel resume_workqueue failed
09-02 20:10:35.529  2276  2276 I (0)[2276:recovery]mtk-tpd: [tpd_fb_notifier_callback:458] tpd_fb_notifier_callback
09-02 20:10:35.529  2276  2276 I         : (0)[2276:recovery][DISP][FB Driver] enter late_resume
09-02 20:10:35.529  2276  2276 I         : (0)[2276:recovery][DISP]primary_display_resume begin
09-02 20:10:35.535  2276  2276 I (0)[2276:recovery][DDP/]warn: CG0 0xfec00df0, CG1 0x3ffff
09-02 20:10:35.535  2276  2276 I         : (0)[2276:recovery][DISP]dpmanager path power on[end]
09-02 20:10:35.535  2276  2276 I         : (0)[2276:recovery][DISP]cmd/video mode=1
09-02 20:10:35.535  2276  2276 I (0)[2276:recovery][DDP/OVL]warn: ovl_roi:(480x960)
09-02 20:10:35.536  2276  2276 I (0)[2276:recovery][DDP/DSI]warn: DSI_Set_VM_CMD
09-02 20:10:35.536  2276  2276 I         : (0)[2276:recovery][DISP][POWER]dpmanager re-init[end]
09-02 20:10:35.880  2276  2276 I         : (0)[2276:recovery][DISP][POWER]lcm resume[end]
09-02 20:10:35.880  2276  2276 I (0)[2276:recovery][GAMMA] disp_gamma_write_lut_reg: table [0] not initialized
09-02 20:10:35.881  2276  2276 I         : (0)[2276:recovery][DISP]primary display START cmdq trigger loop finished
09-02 20:10:35.881  2276  2276 I         : (0)[2276:recovery][DISP]share SRAM success
09-02 20:10:35.881  2276  2276 I         : (0)[2276:recovery][CMDQ][Res]resource clock engine:0x100 enable:true
09-02 20:10:35.881  2276  2276 I         : (0)[2276:recovery][DISP]mutex_release_timeout1 <352230462 ns>
09-02 20:10:35.881  2276  2276 W -(0)[2276:recovery]CPU: 0 PID: 2276 Comm: recovery Tainted: G        W       4.14.141+ #1
09-02 20:10:35.881  2276  2276 W -(0)[2276:recovery]Hardware name: Generic DT based system
09-02 20:10:35.881  2276  2276 W -(0)[2276:recovery]Backtrace:  
09-02 20:10:35.881  2276  2276 W         : -(0)[2276:recovery][<c010bf48>] (dump_backtrace) from [<c010c218>] (show_stack+0x18/0x1c)
09-02 20:10:35.881  2276  2276 W -(0)[2276:recovery] r6: c168fe20 r5:60010013 r4:00000000 r3:3aaa6479
09-02 20:10:35.881  2276  2276 W         : -(0)[2276:recovery][<c010c200>] (show_stack) from [<c0c934fc>] (dump_stack+0x84/0xa4)
09-02 20:10:35.881  2276  2276 W         : -(0)[2276:recovery][<c0c93478>] (dump_stack) from [<c081c224>] (_primary_path_unlock+0x6c/0x11c)
09-02 20:10:35.881  2276  2276 W -(0)[2276:recovery] r5: 00000000 r4:14fe9c3e
09-02 20:10:35.881  2276  2276 W         : -(0)[2276:recovery][<c081c1b8>] (_primary_path_unlock) from [<c0823d68>] (primary_display_resume+0xa48/0xbb8)
09-02 20:10:35.881  2276  2276 W -(0)[2276:recovery] r9: 00000000 r8:00000001 r7:c120a188 r6:00000000 r5:c168fe00 r4:00000000
09-02 20:10:35.881  2276  2276 W         : -(0)[2276:recovery][<c0823320>] (primary_display_resume) from [<c0813204>] (mtkfb_blank+0xc0/0x270)
09-02 20:10:35.881  2276  2276 W -(0)[2276:recovery] r10: 00000036 r9:00000000 r8:00000000 r7:c120a188 r6:00000002 r5:00000000
09-02 20:10:35.881  2276  2276 W -(0)[2276:recovery] r4: 00000000
09-02 20:10:35.881  2276  2276 W         : -(0)[2276:recovery][<c0813144>] (mtkfb_blank) from [<c04c3fd8>] (fb_blank+0x6c/0xb8)
09-02 20:10:35.881  2276  2276 W -(0)[2276:recovery] r6: 00000000 r5:c120a188 r4:c5b2c800 r3:c0813144
09-02 20:10:35.881  2276  2276 W         : -(0)[2276:recovery][<c04c3f6c>] (fb_blank) from [<c04c4a9c>] (do_fb_ioctl+0x68c/0x750)
09-02 20:10:35.881  2276  2276 W -(0)[2276:recovery] r6: 00004611 r5:00000000 r4:c5b2c800
09-02 20:10:35.881  2276  2276 W         : -(0)[2276:recovery][<c04c4410>] (do_fb_ioctl) from [<c04c5594>] (fb_ioctl+0x44/0x54)
09-02 20:10:35.881  2276  2276 W -(0)[2276:recovery] r8: 00000000 r7:00000000 r6:e26a5c00 r5:c5dc6bc8 r4:00000000
09-02 20:10:35.881  2276  2276 W         : -(0)[2276:recovery][<c04c5550>] (fb_ioctl) from [<c02b9694>] (vfs_ioctl+0x20/0x3c)
09-02 20:10:35.882  2276  2276 W         : -(0)[2276:recovery][<c02b9674>] (vfs_ioctl) from [<c02b9f94>] (do_vfs_ioctl+0x7a0/0x8f8)
09-02 20:10:35.882  2276  2276 W         : -(0)[2276:recovery][<c02b97f4>] (do_vfs_ioctl) from [<c02ba140>] (SyS_ioctl+0x54/0x7c)
09-02 20:10:35.882  2276  2276 W -(0)[2276:recovery] r10: 00000036 r9:00000000 r8:00004611 r7:00000000 r6:e26a5c00 r5:e26a5c00
09-02 20:10:35.882  2276  2276 W -(0)[2276:recovery] r4: 00000000
09-02 20:10:35.882  2276  2276 W         : -(0)[2276:recovery][<c02ba0ec>] (SyS_ioctl) from [<c0107ac0>] (ret_fast_syscall+0x0/0x54)
09-02 20:10:35.882  2276  2276 W -(0)[2276:recovery] r9: e4662000 r8:c0107cc4 r7:00000036 r6:b1d3b4b0 r5:b1d3b40c r4:b265d124
09-02 20:10:35.882  2276  2276 I (0)[2276:recovery][DISP]skip_update: 0
09-02 20:10:35.882  2276  2276 I         : (0)[2276:recovery][DISP][FB Driver] leave late_resume
09-02 20:10:35.882  2276  2276 I (0)[2276:recovery][DISP]AOD check: succeed to set FB power mode FB_SUSPEND to FB_RESUME
09-02 20:10:35.897   172   172 I         : (2)[172:disp_check][DISP][ESD]ESD check end, ret = 0
09-02 20:10:35.920  2276  2276 I (0)[2276:recovery][Power/PPM] @ppm_lcmoff_switch: onoff = 1
09-02 20:10:35.920  2276  2276 I (0)[2276:recovery]mtk-tpd: [tpd_fb_notifier_callback:458] tpd_fb_notifier_callback
09-02 20:10:35.920  2276  2276 I (0)[2276:recovery]mtk-tpd: [tpd_fb_notifier_callback:466] fb_notify(blank=0)
09-02 20:10:35.920  2276  2276 I (0)[2276:recovery]mtk-tpd: [tpd_fb_notifier_callback:469] LCD ON Notify
09-02 20:10:35.920    79    79 I (1)[79:kworker/u8:1]mtk-tpd: [touch_resume_workqueue_callback:446] GTP touch_resume_workqueue_callback
09-02 20:10:35.920    79    79 I (1)[79:kworker/u8:1][tlsc]tlsc6x_tpd_reset: Enter
09-02 20:10:35.920    79    79 I (1)[79:kworker/u8:1][tlsc]tlsc6x_tpd_reset_force: Enter
09-02 20:10:35.920    79    79 I (1)[79:kworker/u8:1]mtk-tpd: [tpd_gpio_output:168] tpd_gpio_output pin = 0, level = 0
09-02 20:10:35.924  2276  2276 I         : (0)[2276:recovery][DISP]AEE is not enabled, will disable layer 3
09-02 20:10:35.924  2276  2276 I (0)[2276:recovery][VcoreFS] feature_en: 0, init_done: 0, kr: 0, opp: 3
09-02 20:10:35.924  2276  2276 I         : (0)[2276:recovery][pid=2276]Set vcore step failed: 3
09-02 20:10:35.924  2276  2276 I (0)[2276:recovery][MMDVFS][pid=2276]Fixed,set scen: (22,0x0)step:(3,3,0x0,0x0,0x0,0x400000)
09-02 20:10:35.924  2276  2276 I (0)[2276:recovery][MMDVFS][pid=2276]Fixed,C(0,0,0x0,0),I(0,0),CLK: 0
09-02 20:10:35.924  2276  2276 I         : (0)[2276:recovery][DISP]primary display will switch from DIRECT_LINK to RDMA_MODE
09-02 20:10:35.924  2276  2276 I         : (0)[2276:recovery][DISP]primary display is RDMA_MODE mode now
09-02 20:10:35.930  2276  2276 I (0)[2276:recovery]mtk-tpd: [tpd_fb_notifier_callback:458] tpd_fb_notifier_callback
09-02 20:10:35.931  2276  2276 I         : (0)[2276:recovery][DISP]AEE is not enabled, will disable layer 3
09-02 20:10:35.947    79    79 I (3)[79:kworker/u8:1]mtk-tpd: [tpd_gpio_output:168] tpd_gpio_output pin = 0, level = 1
09-02 20:10:35.947  2276  2276 I (2)[2276:recovery]mtk-tpd: [tpd_fb_notifier_callback:458] tpd_fb_notifier_callback
09-02 20:10:35.948  2276  2276 I (2)[2276:recovery][PWM] disp_pwm_set_backlight_cmdq: (id = 0x1, level_1024 = 0), old = 1023
09-02 20:10:35.948  2276  2276 I (2)[2276:recovery]mtk-tpd: [tpd_fb_notifier_callback:458] tpd_fb_notifier_callback
09-02 20:10:35.948  2276  2276 I         : (2)[2276:recovery][DISP][FB Driver] enter early_suspend
09-02 20:10:35.984  2276  2276 I         : (0)[2276:recovery][DISP]primary_display_suspend begin
09-02 20:10:35.984  2276  2276 I         : (0)[2276:recovery][DISP]primary display will switch from RDMA_MODE to DIRECT_LINK
09-02 20:10:35.984  2276  2276 I (0)[2276:recovery][DDP/OVL]warn: ovl_roi:(480x960)
09-02 20:10:35.986  2276  2276 I (0)[2276:recovery][DDP/DSI]warn: DSI_Set_VM_CMD
09-02 20:10:35.997  2276  2276 I         : (0)[2276:recovery][DISP]primary display is DIRECT_LINK mode now
09-02 20:10:35.997  2276  2276 I (0)[2276:recovery][DISP][disp_lowpower]_release_wrot_resource_nolock: use_wrot_sram:1
09-02 20:10:36.014    79    79 I         : (3)[79:kworker/u8:1][CMDQ][Res]resource clock engine:0x100 enable:false
09-02 20:10:36.030  2276  2276 I         : (0)[2276:recovery][DISP][POWER]primary display path is busy now, wait frame done, event_ret=295
09-02 20:10:36.030  2276  2276 I         : (0)[2276:recovery][DISP][POWER]display cmdq trigger loop stop
09-02 20:10:36.030  2276  2276 I         : (0)[2276:recovery][DISP]primary display STOP cmdq trigger loop finished
09-02 20:10:36.030  2276  2276 I (0)[2276:recovery][DISP]dsi stop: brust mode(vdo mode lcm)
09-02 20:10:36.031  2276  2276 I         : (0)[2276:recovery][DISP][POWER]primary display path stop[end]
09-02 20:10:36.250  2276  2276 I         : (0)[2276:recovery][DISP][POWER]lcm suspend[end]
09-02 20:10:36.250  2276  2276 I (0)[2276:recovery][PWM] disp_pwm_backlight_status: backlight is off, power:(0), pwm id: (0)
09-02 20:10:36.254  2276  2276 I         : (1)[2276:recovery][DISP][POWER]dpmanager path power off[end]
09-02 20:10:36.254  2276  2276 I         : (1)[2276:recovery][DISP]mutex_release_timeout1 <270434847 ns>
09-02 20:10:36.254  2276  2276 W -(1)[2276:recovery]CPU: 1 PID: 2276 Comm: recovery Tainted: G        W       4.14.141+ #1
09-02 20:10:36.254  2276  2276 W -(1)[2276:recovery]Hardware name: Generic DT based system
09-02 20:10:36.254  2276  2276 W -(1)[2276:recovery]Backtrace:  
09-02 20:10:36.254  2276  2276 W         : -(1)[2276:recovery][<c010bf48>] (dump_backtrace) from [<c010c218>] (show_stack+0x18/0x1c)
09-02 20:10:36.254  2276  2276 W -(1)[2276:recovery] r6: c168fe20 r5:600c0013 r4:00000000 r3:3aaa6479
09-02 20:10:36.254  2276  2276 W         : -(1)[2276:recovery][<c010c200>] (show_stack) from [<c0c934fc>] (dump_stack+0x84/0xa4)
09-02 20:10:36.254  2276  2276 W         : -(1)[2276:recovery][<c0c93478>] (dump_stack) from [<c081c224>] (_primary_path_unlock+0x6c/0x11c)
09-02 20:10:36.254  2276  2276 W -(1)[2276:recovery] r5: 00000000 r4:101e821f
09-02 20:10:36.254  2276  2276 W         : -(1)[2276:recovery][<c081c1b8>] (_primary_path_unlock) from [<c0825e24>] (primary_display_suspend+0x440/0x528)
09-02 20:10:36.254  2276  2276 W -(1)[2276:recovery] r9: 00000000 r8:00000000 r7:c120a188 r6:00000002 r5:c168fe00 r4:00000000
09-02 20:10:36.254  2276  2276 W         : -(1)[2276:recovery][<c08259e4>] (primary_display_suspend) from [<c08132f4>] (mtkfb_blank+0x1b0/0x270)
09-02 20:10:36.254  2276  2276 W -(1)[2276:recovery] r5: 00000001 r4:00000000
09-02 20:10:36.254  2276  2276 W         : -(1)[2276:recovery][<c0813144>] (mtkfb_blank) from [<c04c3fd8>] (fb_blank+0x6c/0xb8)
09-02 20:10:36.254  2276  2276 W -(1)[2276:recovery] r6: 00000000 r5:c120a188 r4:c5b2c800 r3:c0813144
09-02 20:10:36.254  2276  2276 W         : -(1)[2276:recovery][<c04c3f6c>] (fb_blank) from [<c04c4a9c>] (do_fb_ioctl+0x68c/0x750)
09-02 20:10:36.254  2276  2276 W -(1)[2276:recovery] r6: 00004611 r5:00000004 r4:c5b2c800
09-02 20:10:36.254  2276  2276 W         : -(1)[2276:recovery][<c04c4410>] (do_fb_ioctl) from [<c04c5594>] (fb_ioctl+0x44/0x54)
09-02 20:10:36.254  2276  2276 W -(1)[2276:recovery] r8: 00000000 r7:00000004 r6:e26a5c00 r5:c5dc6bc8 r4:00000004
09-02 20:10:36.254  2276  2276 W         : -(1)[2276:recovery][<c04c5550>] (fb_ioctl) from [<c02b9694>] (vfs_ioctl+0x20/0x3c)
09-02 20:10:36.254  2276  2276 W         : -(1)[2276:recovery][<c02b9674>] (vfs_ioctl) from [<c02b9f94>] (do_vfs_ioctl+0x7a0/0x8f8)
09-02 20:10:36.254  2276  2276 W         : -(1)[2276:recovery][<c02b97f4>] (do_vfs_ioctl) from [<c02ba140>] (SyS_ioctl+0x54/0x7c)
09-02 20:10:36.254  2276  2276 W -(1)[2276:recovery] r10: 00000036 r9:00000000 r8:00004611 r7:00000004 r6:e26a5c00 r5:e26a5c00
09-02 20:10:36.254  2276  2276 W -(1)[2276:recovery] r4: 00000000
09-02 20:10:36.254  2276  2276 W         : -(1)[2276:recovery][<c02ba0ec>] (SyS_ioctl) from [<c0107ac0>] (ret_fast_syscall+0x0/0x54)
09-02 20:10:36.254  2276  2276 W -(1)[2276:recovery] r9: e4662000 r8:c0107cc4 r7:00000036 r6:068bb810 r5:b265d124 r4:b265d124
09-02 20:10:36.254  2276  2276 I         : (1)[2276:recovery][DISP]primary_display_suspend end
09-02 20:10:36.254  2276  2276 I (1)[2276:recovery][VcoreFS] feature_en: 0, init_done: 0, kr: 0, opp: -1
09-02 20:10:36.254  2276  2276 I         : (1)[2276:recovery][pid=2276]Set vcore step failed: -1
09-02 20:10:36.254  2276  2276 I (1)[2276:recovery][MMDVFS][pid=2276]Fixed,set scen: (22,0x0)step:(-1,-1,0x0,0x0,0x0,0x0)
09-02 20:10:36.254  2276  2276 I (1)[2276:recovery][MMDVFS][pid=2276]Fixed,C(0,0,0x0,0),I(0,0),CLK: 0
09-02 20:10:36.254  2276  2276 I         : (1)[2276:recovery][DISP][FB Driver] leave early_suspend
09-02 20:10:36.255  2276  2276 I (1)[2276:recovery][DISP]AOD check: succeed to set FB power mode FB_RESUME to FB_SUSPEND
09-02 20:10:36.255  2276  2276 E (1)[2276:recovery][ION]ion_fb_event: + screen-off +
09-02 20:10:36.255  2276  2276 E (1)[2276:recovery][ION]ion_fb_event: - screen-off -
09-02 20:10:36.255  2276  2276 I (1)[2276:recovery][Power/PPM] @ppm_lcmoff_switch: onoff = 0
09-02 20:10:36.255  2276  2276 I (1)[2276:recovery]mtk-tpd: [tpd_fb_notifier_callback:458] tpd_fb_notifier_callback
09-02 20:10:36.255  2276  2276 I (1)[2276:recovery]mtk-tpd: [tpd_fb_notifier_callback:466] fb_notify(blank=4)
09-02 20:10:36.255  2276  2276 I (1)[2276:recovery]mtk-tpd: [tpd_fb_notifier_callback:480] LCD OFF Notify
09-02 20:10:36.255  2276  2276 I (1)[2276:recovery]mtk-tpd: [tpd_fb_notifier_callback:484] cancel resume_workqueue failed
09-02 20:10:36.255  2276  2276 I (0)[2276:recovery]mtk-tpd: [tpd_fb_notifier_callback:458] tpd_fb_notifier_callback
09-02 20:10:36.255  2276  2276 I         : (0)[2276:recovery][DISP][FB Driver] enter late_resume
09-02 20:10:36.255  2276  2276 I         : (0)[2276:recovery][DISP]primary_display_resume begin
09-02 20:10:36.262  2276  2276 I (0)[2276:recovery][DDP/]warn: CG0 0xfec00df0, CG1 0x3ffff
09-02 20:10:36.262  2276  2276 I         : (0)[2276:recovery][DISP]dpmanager path power on[end]
09-02 20:10:36.262  2276  2276 I         : (0)[2276:recovery][DISP]cmd/video mode=1
09-02 20:10:36.262  2276  2276 I (0)[2276:recovery][DDP/OVL]warn: ovl_roi:(480x960)
09-02 20:10:36.262  2276  2276 I (0)[2276:recovery][DDP/DSI]warn: DSI_Set_VM_CMD
09-02 20:10:36.262  2276  2276 I         : (0)[2276:recovery][DISP][POWER]dpmanager re-init[end]
09-02 20:10:36.577    79    79 I         : (0)[79:kworker/u8:1][fgauge_read_current] final current=1301 (ratio=1000)
09-02 20:10:36.577    79    79 I         : (0)[79:kworker/u8:1][CH3_DBG] bat_cur = 1301
09-02 20:10:36.578    79    79 I (0)[79:kworker/u8:1]mt635x-auxadc mt635x-auxadc: name:BAT_TEMP, channel=3, adc_out=0x5c2, adc_result=647
09-02 20:10:36.578    79    79 I         : (0)[79:kworker/u8:1][fgauge_read_current] final current=1301 (ratio=1000)
09-02 20:10:36.578    79    79 I         : (0)[79:kworker/u8:1][BattVoltToTemp] 642 16900 1800 -5
09-02 20:10:36.578    79    79 I         : (0)[79:kworker/u8:1][force_get_tbat] 647,642,1,130,100,268 r:320 100 0
09-02 20:10:36.578    79    79 I (0)[79:kworker/u8:1][force_get_tbat] t: 26 precise:268
09-02 20:10:36.607  2276  2276 I         : (0)[2276:recovery][DISP][POWER]lcm resume[end]
09-02 20:10:36.607  2276  2276 I (0)[2276:recovery][GAMMA] disp_gamma_write_lut_reg: table [0] not initialized
09-02 20:10:36.607  2276  2276 I         : (0)[2276:recovery][DISP]primary display START cmdq trigger loop finished
09-02 20:10:36.607  2276  2276 I         : (0)[2276:recovery][DISP]share SRAM success
09-02 20:10:36.607  2276  2276 I         : (0)[2276:recovery][CMDQ][Res]resource clock engine:0x100 enable:true
09-02 20:10:36.607  2276  2276 I         : (0)[2276:recovery][DISP]mutex_release_timeout1 <352130155 ns>
09-02 20:10:36.608  2276  2276 W -(0)[2276:recovery]CPU: 0 PID: 2276 Comm: recovery Tainted: G        W       4.14.141+ #1
09-02 20:10:36.608  2276  2276 W -(0)[2276:recovery]Hardware name: Generic DT based system
09-02 20:10:36.608  2276  2276 W -(0)[2276:recovery]Backtrace:  
09-02 20:10:36.608  2276  2276 W         : -(0)[2276:recovery][<c010bf48>] (dump_backtrace) from [<c010c218>] (show_stack+0x18/0x1c)
09-02 20:10:36.608  2276  2276 W -(0)[2276:recovery] r6: c168fe20 r5:60010013 r4:00000000 r3:3aaa6479
09-02 20:10:36.608  2276  2276 W         : -(0)[2276:recovery][<c010c200>] (show_stack) from [<c0c934fc>] (dump_stack+0x84/0xa4)
09-02 20:10:36.608  2276  2276 W         : -(0)[2276:recovery][<c0c93478>] (dump_stack) from [<c081c224>] (_primary_path_unlock+0x6c/0x11c)
09-02 20:10:36.608  2276  2276 W -(0)[2276:recovery] r5: 00000000 r4:14fd146b
09-02 20:10:36.608  2276  2276 W         : -(0)[2276:recovery][<c081c1b8>] (_primary_path_unlock) from [<c0823d68>] (primary_display_resume+0xa48/0xbb8)
09-02 20:10:36.608  2276  2276 W -(0)[2276:recovery] r9: 00000000 r8:00000001 r7:c120a188 r6:00000000 r5:c168fe00 r4:00000000
09-02 20:10:36.608  2276  2276 W         : -(0)[2276:recovery][<c0823320>] (primary_display_resume) from [<c0813204>] (mtkfb_blank+0xc0/0x270)
09-02 20:10:36.608  2276  2276 W -(0)[2276:recovery] r10: 00000036 r9:00000000 r8:00000000 r7:c120a188 r6:00000002 r5:00000000
09-02 20:10:36.608  2276  2276 W -(0)[2276:recovery] r4: 00000000
09-02 20:10:36.608  2276  2276 W         : -(0)[2276:recovery][<c0813144>] (mtkfb_blank) from [<c04c3fd8>] (fb_blank+0x6c/0xb8)
09-02 20:10:36.608  2276  2276 W -(0)[2276:recovery] r6: 00000000 r5:c120a188 r4:c5b2c800 r3:c0813144
09-02 20:10:36.608  2276  2276 W         : -(0)[2276:recovery][<c04c3f6c>] (fb_blank) from [<c04c4a9c>] (do_fb_ioctl+0x68c/0x750)
09-02 20:10:36.608  2276  2276 W -(0)[2276:recovery] r6: 00004611 r5:00000000 r4:c5b2c800
09-02 20:10:36.608  2276  2276 W         : -(0)[2276:recovery][<c04c4410>] (do_fb_ioctl) from [<c04c5594>] (fb_ioctl+0x44/0x54)
09-02 20:10:36.608  2276  2276 W -(0)[2276:recovery] r8: 00000000 r7:00000000 r6:e26a5c00 r5:c5dc6bc8 r4:00000000
09-02 20:10:36.608  2276  2276 W         : -(0)[2276:recovery][<c04c5550>] (fb_ioctl) from [<c02b9694>] (vfs_ioctl+0x20/0x3c)
09-02 20:10:36.608  2276  2276 W         : -(0)[2276:recovery][<c02b9674>] (vfs_ioctl) from [<c02b9f94>] (do_vfs_ioctl+0x7a0/0x8f8)
09-02 20:10:36.608  2276  2276 W         : -(0)[2276:recovery][<c02b97f4>] (do_vfs_ioctl) from [<c02ba140>] (SyS_ioctl+0x54/0x7c)
09-02 20:10:36.608  2276  2276 W -(0)[2276:recovery] r10: 00000036 r9:00000000 r8:00004611 r7:00000000 r6:e26a5c00 r5:e26a5c00
09-02 20:10:36.608  2276  2276 W -(0)[2276:recovery] r4: 00000000
09-02 20:10:36.608  2276  2276 W         : -(0)[2276:recovery][<c02ba0ec>] (SyS_ioctl) from [<c0107ac0>] (ret_fast_syscall+0x0/0x54)
09-02 20:10:36.608  2276  2276 W -(0)[2276:recovery] r9: e4662000 r8:c0107cc4 r7:00000036 r6:00000000 r5:b265d124 r4:b265d124
09-02 20:10:36.608  2276  2276 I (0)[2276:recovery][DISP]skip_update: 0
09-02 20:10:36.608  2276  2276 I         : (0)[2276:recovery][DISP][FB Driver] leave late_resume
09-02 20:10:36.608  2276  2276 I (0)[2276:recovery][DISP]AOD check: succeed to set FB power mode FB_SUSPEND to FB_RESUME
09-02 20:10:36.647  2276  2276 I (0)[2276:recovery][Power/PPM] @ppm_lcmoff_switch: onoff = 1
09-02 20:10:36.647  2276  2276 I (0)[2276:recovery]mtk-tpd: [tpd_fb_notifier_callback:458] tpd_fb_notifier_callback
09-02 20:10:36.647  2276  2276 I (0)[2276:recovery]mtk-tpd: [tpd_fb_notifier_callback:466] fb_notify(blank=0)
09-02 20:10:36.647  2276  2276 I (0)[2276:recovery]mtk-tpd: [tpd_fb_notifier_callback:469] LCD ON Notify
09-02 20:10:36.647    79    79 I (1)[79:kworker/u8:1]mtk-tpd: [touch_resume_workqueue_callback:446] GTP touch_resume_workqueue_callback
09-02 20:10:36.647    79    79 I (1)[79:kworker/u8:1][tlsc]tlsc6x_tpd_reset: Enter
09-02 20:10:36.647    79    79 I (1)[79:kworker/u8:1][tlsc]tlsc6x_tpd_reset_force: Enter
09-02 20:10:36.647    79    79 I (1)[79:kworker/u8:1]mtk-tpd: [tpd_gpio_output:168] tpd_gpio_output pin = 0, level = 0
09-02 20:10:36.648  2276  2276 W recovery: [libfs_mgr]Warning: unknown flag: resize
09-02 20:10:36.648  2276  2276 I (0)[2276:recovery][PWM] disp_pwm_set_backlight_cmdq: (id = 0x1, level_1024 = 1023), old = 0
09-02 20:10:36.648  2276  2276 I (0)[2276:recovery][PWM] disp_pwm_backlight_status: backlight is on (1023), power:(1), pwm id: (0)
09-02 20:10:36.653  2276  2276 I chatty  : uid=0(root) identical 2 lines
09-02 20:10:36.655  2276  2276 W recovery: [libfs_mgr]Warning: unknown flag: resize
09-02 20:10:36.674    79    79 I (0)[79:kworker/u8:1]mtk-tpd: [tpd_gpio_output:168] tpd_gpio_output pin = 0, level = 1
09-02 20:10:36.722  2276  2276 I recovery: type=1400 audit(0.0:2692): avc: denied { ioctl } for path="/dev/block/dm-1" dev="tmpfs" ino=11563 ioctlcmd=0x5331 scontext=u:r:recovery:s0 tcontext=u:object_r:dm_device:s0 tclass=blk_file permissive=1
09-02 20:10:36.724  2276  2276 E recovery: DM_DEV_CREATE failed for [product]: Device or resource busy
09-02 20:10:36.724  2276  2276 E recovery: [libfs_mgr]Could not create logical partition: product
09-02 20:10:36.742  2276  2276 I recovery: type=1400 audit(0.0:2693): avc: denied { ioctl } for path="/dev/block/dm-2" dev="tmpfs" ino=15566 ioctlcmd=0x5331 scontext=u:r:recovery:s0 tcontext=u:object_r:dm_device:s0 tclass=blk_file permissive=1
09-02 20:10:36.782  2276  2276 I recovery: type=1400 audit(0.0:2694): avc: denied { ioctl } for path="/dev/block/dm-0" dev="tmpfs" ino=15557 ioctlcmd=0x5331 scontext=u:r:recovery:s0 tcontext=u:object_r:dm_device:s0 tclass=blk_file permissive=1
09-02 20:10:36.791    79    79 I (0)[79:kworker/u8:1]mt635x-auxadc mt635x-auxadc: name:VCORE_TEMP, channel=4, adc_out=0x602, adc_result=675
09-02 20:10:36.792    80    80 I (0)[80:kworker/u8:2]mt635x-auxadc mt635x-auxadc: name:VPROC_TEMP, channel=4, adc_out=0x601, adc_result=675
09-02 20:10:36.918  2276  2276 I recovery: type=1400 audit(0.0:2695): avc: denied { ioctl } for path="/dev/block/dm-1" dev="tmpfs" ino=11563 ioctlcmd=0x5331 scontext=u:r:recovery:s0 tcontext=u:object_r:dm_device:s0 tclass=blk_file permissive=1
09-02 20:10:36.922  2276  2276 I recovery: type=1400 audit(0.0:2696): avc: denied { ioctl } for path="/dev/block/dm-2" dev="tmpfs" ino=15566 ioctlcmd=0x5331 scontext=u:r:recovery:s0 tcontext=u:object_r:dm_device:s0 tclass=blk_file permissive=1
09-02 20:10:37.001  2276  2276 I (0)[2276:recovery]F2FS-fs (mmcblk0p38): Reduce reserved blocks for root = 5871
09-02 20:10:37.019  2276  2276 I (0)[2276:recovery]F2FS-fs (mmcblk0p38): Found nat_bits in checkpoint
09-02 20:10:37.195  2276  2276 I (0)[2276:recovery]F2FS-fs (mmcblk0p38): Mounted with checkpoint version = b1edc3
09-02 20:10:37.235  2276  2276 I recovery: type=1400 audit(0.0:2697): avc: denied { ioctl } for path="/dev/block/dm-1" dev="tmpfs" ino=11563 ioctlcmd=0x5331 scontext=u:r:recovery:s0 tcontext=u:object_r:dm_device:s0 tclass=blk_file permissive=1
09-02 20:10:37.258  2276  2276 I recovery: type=1400 audit(0.0:2698): avc: denied { ioctl } for path="/dev/block/dm-2" dev="tmpfs" ino=15566 ioctlcmd=0x5331 scontext=u:r:recovery:s0 tcontext=u:object_r:dm_device:s0 tclass=blk_file permissive=1
09-02 20:10:37.285  2276  2276 I recovery: type=1400 audit(0.0:2699): avc: denied { ioctl } for path="/dev/block/dm-0" dev="tmpfs" ino=15557 ioctlcmd=0x5331 scontext=u:r:recovery:s0 tcontext=u:object_r:dm_device:s0 tclass=blk_file permissive=1
09-02 20:10:37.376  2276  2276 I (0)[2276:recovery]F2FS-fs (mmcblk0p38): Reduce reserved blocks for root = 5871
09-02 20:10:37.394  2276  2276 I (0)[2276:recovery]F2FS-fs (mmcblk0p38): Found nat_bits in checkpoint
09-02 20:10:37.573  2276  2276 I (0)[2276:recovery]F2FS-fs (mmcblk0p38): Mounted with checkpoint version = b1edc5
09-02 20:10:37.710     0     0 I (1)[227:mtk-tpd][tlsc]esd_check_work: Enter
09-02 20:10:38.072    84    84 I         : (1)[84:dlpt_notify_thr][MDRT_ADC] OLD = 0x3b0f, NOW = 0x3af2, CNT = 0
09-02 20:10:38.072    84    84 I (1)[84:dlpt_notify_thr]mt635x-auxadc mt635x-auxadc: name:BATADC, channel=0, adc_out=0x67f8, adc_result=4386
09-02 20:10:38.074   172   172 I         : (1)[172:disp_check][DISP][ESD]ESD check end, ret = 0
09-02 20:10:38.074    84    84 I (1)[84:dlpt_notify_thr]mt635x-auxadc mt635x-auxadc: name:BATADC, channel=0, adc_out=0x67f8, adc_result=4386
09-02 20:10:38.074    84    84 I         : (1)[84:dlpt_notify_thr][PBM] [ma_to_mw] 4386(mV) * 4967(mA) = 21785(mW)
09-02 20:10:38.074    84    84 I         : (1)[84:dlpt_notify_thr][DLPT_final] 4967,100,100,1,5500
09-02 20:10:38.284   192   192 I         : (2)[192:kworker/2:1]usb_state<CONFIGURED>
09-02 20:10:38.415     0     0 W (2)[0:swapper/2][mcdi]mcdi cpu: 0, 0, 0, 0, cluster : 0, pause = 0, multi core = 0, latency = 0, residency = 0, last core = 0, avail cpu = 000f, cluster = 0001, enabled = 0, max_s_state = 5, system_idle_hint = 00000000
09-02 20:10:38.540  2276  2276 I -(0)[2276:recovery]mtk_charger_alarm_timer_func: not suspend, wake up charger
09-02 20:10:38.540   229   229 I         : (1)[229:charger_thread][fgauge_read_current] final current=342 (ratio=1000)
