02-02 04:30:04.184     1     1 I (2)[1:init]configfs-gadget gadget: adding 'Function FS Gadget'/39bc31c4 to config 'b'/8e58ec3c
02-02 04:30:04.184     1     1 I         : (2)[1:init]composite_os_desc_req_prepare 2462b93c
02-02 04:30:04.184     1     1 I (2)[1:init][MUSB]musb_gadget_start 2599: musb_gadget_start
02-02 04:30:04.184     1     1 I (2)[1:init][MUSB]musb_gadget_pullup 2391: is_on=1, softconnect=0 ++
02-02 04:30:04.184     1     1 I -(2)[1:init][MUSB]musb_gadget_pullup 2404: is_on=1, softconnect=0 ++
02-02 04:30:04.184     1     1 I -(2)[1:init][MUSB]musb_pullup 2334: MUSB: gadget pull up 1 start, musb->power:0
02-02 04:30:04.184     1     1 I -(2)[1:init][MUSB]musb_pullup 2343: MUSB: gadget pull up 1 end
02-02 04:30:04.184     1     1 I -(2)[1:init][MUSB]set_usb_rdy 2374: set usb_rdy, wake up bat
02-02 04:30:04.184     1     1 I (2)[1:init]BOOTPROF: 3333.733930:USB ready
02-02 04:30:04.187     1     1 I         : (2)[1:init]gadget_dev_desc_UDC_store write musb-hdrc
02-02 04:30:04.199   201   201 I         : (2)[201:kworker/u8:3][CMDQ][Res]resource clock engine:0x100 enable:false
02-02 04:30:04.202     0     0 I         : (2)[285:UsbFfs-monitor]unregister_gadget
02-02 04:30:04.202     0     0 I (2)[285:UsbFfs-monitor][MUSB]musb_gadget_pullup 2391: is_on=0, softconnect=1 ++
02-02 04:30:04.202     0     0 I -(2)[285:UsbFfs-monitor][MUSB]musb_gadget_pullup 2404: is_on=0, softconnect=1 ++
02-02 04:30:04.202     0     0 I -(2)[285:UsbFfs-monitor][MUSB]musb_pullup 2334: MUSB: gadget pull up 0 start, musb->power:0
02-02 04:30:04.202     0     0 I -(2)[285:UsbFfs-monitor][MUSB]musb_pullup 2343: MUSB: gadget pull up 0 end
02-02 04:30:04.202     0     0 I         : (2)[285:UsbFfs-monitor]configfs_composite_unbind
02-02 04:30:04.202     0     0 I         : (2)[285:UsbFfs-monitor]purge_configs_funcs
02-02 04:30:04.202     0     0 I         : (2)[285:UsbFfs-monitor]composite_dev_cleanup os_desc_req[0]=2462b93c cdev->req[0]=9f2bb89c
02-02 04:30:04.202     0     0 I (2)[285:UsbFfs-monitor][MUSB]musb_gadget_stop 2700: musb_gadget_stop
02-02 04:30:04.202     0     0 I -(2)[285:UsbFfs-monitor][MUSB]mt_usb_try_idle 283: (null) inactive, for idle timer for 3 ms
02-02 04:30:04.202    81    81 I (2)[81:kworker/2:1]android_work: did not send uevent (0 0   (null))
02-02 04:30:04.208   201   201 I -(2)[201:kworker/u8:3][MUSB]do_idle_work 238: otg_state (null) to (null), is_active<0>
02-02 04:30:04.216   262   262 I         : (0)[262:recovery][DISP][POWER]primary display path is busy now, wait frame done, event_ret=295
02-02 04:30:04.216   262   262 I         : (0)[262:recovery][DISP][POWER]display cmdq trigger loop stop
02-02 04:30:04.216   262   262 I         : (0)[262:recovery][DISP]primary display STOP cmdq trigger loop finished
02-02 04:30:04.216   262   262 I (0)[262:recovery][DISP]dsi stop: brust mode(vdo mode lcm)
02-02 04:30:04.216   262   262 I         : (0)[262:recovery][DISP][POWER]primary display path stop[end]
02-02 04:30:04.244    28    28 I         : (0)[28:kworker/0:1]CDP, free
02-02 04:30:04.301    28    28 W -(0)[28:kworker/0:1]usb_dpidle_request: 6 callbacks suppressed
02-02 04:30:04.301    28    28 I -(0)[28:kworker/0:1][MUSB]usb_dpidle_request 104: USB_DPIDLE_FORBIDDEN, skip_cnt<6>
02-02 04:30:04.301    28    28 W -(0)[28:kworker/0:1]usb_dpidle_request: 6 callbacks suppressed
02-02 04:30:04.301    28    28 I -(0)[28:kworker/0:1][MUSB]usb_dpidle_request 97: USB_DPIDLE_ALLOWED, skip_cnt<6>
02-02 04:30:04.301    28    28 I (0)[28:kworker/0:1][MUSB]Charger_Detect_Init 715: Charger_Detect_Init
02-02 04:30:04.346   200   200 W -(0)[200:dc_trim_thread]mt635x_auxadc_read_raw: 119 callbacks suppressed
02-02 04:30:04.346   200   200 I (0)[200:dc_trim_thread]mt635x-auxadc mt635x-auxadc: name:HPOFS_CAL, channel=9, adc_out=0x6b00, adc_result=27392
02-02 04:30:04.349   200   200 I (0)[200:dc_trim_thread]mt635x-auxadc mt635x-auxadc: name:HPOFS_CAL, channel=9, adc_out=0x6aff, adc_result=27391
02-02 04:30:04.354   200   200 I (0)[200:dc_trim_thread]mt635x-auxadc mt635x-auxadc: name:HPOFS_CAL, channel=9, adc_out=0x6b02, adc_result=27394
02-02 04:30:04.415   200   200 I (0)[200:dc_trim_thread]mt635x-auxadc mt635x-auxadc: name:HPOFS_CAL, channel=9, adc_out=0x6a74, adc_result=27252
02-02 04:30:04.420   200   200 I (0)[200:dc_trim_thread]mt635x-auxadc mt635x-auxadc: name:HPOFS_CAL, channel=9, adc_out=0x6a71, adc_result=27249
02-02 04:30:04.438   262   262 I         : (2)[262:recovery][DISP][POWER]lcm suspend[end]
02-02 04:30:04.438   262   262 I         : (2)[262:recovery][DISP]not found session info for session_id:0x00010000,insert a789febd to array index:0
02-02 04:30:04.438   262   262 I (2)[262:recovery][PWM] disp_pwm_backlight_status: backlight is off, power:(0), pwm id: (0)
02-02 04:30:04.441   262   262 I         : (2)[262:recovery][DISP][POWER]dpmanager path power off[end]
02-02 04:30:04.441   262   262 I         : (2)[262:recovery][DISP]mutex_release_timeout1 <273481693 ns>
02-02 04:30:04.441   262   262 W -(2)[262:recovery]CPU: 2 PID: 262 Comm: recovery Tainted: G        W       4.14.141+ #1
02-02 04:30:04.441   262   262 W -(2)[262:recovery]Hardware name: Generic DT based system
02-02 04:30:04.441   262   262 W -(2)[262:recovery]Backtrace:  
02-02 04:30:04.441   262   262 W         : -(2)[262:recovery][<c010bf48>] (dump_backtrace) from [<c010c218>] (show_stack+0x18/0x1c)
02-02 04:30:04.441   262   262 W -(2)[262:recovery] r6: c168fe20 r5:60030113 r4:00000000 r3:e7f0193a
02-02 04:30:04.441   262   262 W         : -(2)[262:recovery][<c010c200>] (show_stack) from [<c0c934fc>] (dump_stack+0x84/0xa4)
02-02 04:30:04.441   262   262 W         : -(2)[262:recovery][<c0c93478>] (dump_stack) from [<c081c224>] (_primary_path_unlock+0x6c/0x11c)
02-02 04:30:04.441   262   262 W -(2)[262:recovery] r5: 00000000 r4:104cffdd
02-02 04:30:04.441   262   262 W         : -(2)[262:recovery][<c081c1b8>] (_primary_path_unlock) from [<c0825e24>] (primary_display_suspend+0x440/0x528)
02-02 04:30:04.441   262   262 W -(2)[262:recovery] r9: 00000000 r8:00000000 r7:c120a188 r6:00000002 r5:c168fe00 r4:00000000
02-02 04:30:04.441   262   262 W         : -(2)[262:recovery][<c08259e4>] (primary_display_suspend) from [<c08132f4>] (mtkfb_blank+0x1b0/0x270)
02-02 04:30:04.441   262   262 W -(2)[262:recovery] r5: 00000000 r4:00000000
02-02 04:30:04.441   262   262 W         : -(2)[262:recovery][<c0813144>] (mtkfb_blank) from [<c04c3fd8>] (fb_blank+0x6c/0xb8)
02-02 04:30:04.441   262   262 W -(2)[262:recovery] r6: 00000000 r5:c120a188 r4:c5a33800 r3:c0813144
02-02 04:30:04.441   262   262 W         : -(2)[262:recovery][<c04c3f6c>] (fb_blank) from [<c04c4a9c>] (do_fb_ioctl+0x68c/0x750)
02-02 04:30:04.441   262   262 W -(2)[262:recovery] r6: 00004611 r5:00000004 r4:c5a33800
02-02 04:30:04.441   262   262 W         : -(2)[262:recovery][<c04c4410>] (do_fb_ioctl) from [<c04c5594>] (fb_ioctl+0x44/0x54)
02-02 04:30:04.441   262   262 W -(2)[262:recovery] r8: 00000000 r7:00000004 r6:e4658600 r5:e47181d8 r4:00000004
02-02 04:30:04.441   262   262 W         : -(2)[262:recovery][<c04c5550>] (fb_ioctl) from [<c02b9694>] (vfs_ioctl+0x20/0x3c)
02-02 04:30:04.441   262   262 W         : -(2)[262:recovery][<c02b9674>] (vfs_ioctl) from [<c02b9f94>] (do_vfs_ioctl+0x7a0/0x8f8)
02-02 04:30:04.441   262   262 W         : -(2)[262:recovery][<c02b97f4>] (do_vfs_ioctl) from [<c02ba140>] (SyS_ioctl+0x54/0x7c)
02-02 04:30:04.441   262   262 W -(2)[262:recovery] r10: 00000036 r9:00000000 r8:00004611 r7:00000004 r6:e4658600 r5:e4658600
02-02 04:30:04.441   262   262 W -(2)[262:recovery] r4: 00000000
02-02 04:30:04.441   262   262 W         : -(2)[262:recovery][<c02ba0ec>] (SyS_ioctl) from [<c0107ac0>] (ret_fast_syscall+0x0/0x54)
02-02 04:30:04.441   262   262 W -(2)[262:recovery] r9: e402a000 r8:c0107cc4 r7:00000036 r6:b26bcbf0 r5:b2290124 r4:37a2c3e7
02-02 04:30:04.441   262   262 I         : (2)[262:recovery][DISP]primary_display_suspend end
02-02 04:30:04.441   174   174 I         : (0)[174:disp_check][DISP][ESD]ESD check end, ret = 0
02-02 04:30:04.441   262   262 I (2)[262:recovery][VcoreFS] feature_en: 0, init_done: 0, kr: 0, opp: -1
02-02 04:30:04.441   262   262 I         : (2)[262:recovery][pid=262]Set vcore step failed: -1
02-02 04:30:04.441   262   262 I (2)[262:recovery][MMDVFS][pid=262]Fixed,set scen: (22,0x0)step:(-1,-1,0x0,0x0,0x0,0x0)
02-02 04:30:04.441   262   262 I (2)[262:recovery][MMDVFS][pid=262]Fixed,C(0,0,0x0,0),I(0,0),CLK: 0
02-02 04:30:04.441   262   262 I         : (2)[262:recovery][DISP][FB Driver] leave early_suspend
02-02 04:30:04.441   262   262 I (2)[262:recovery][DISP]AOD check: succeed to set FB power mode FB_SUSPEND to FB_SUSPEND
02-02 04:30:04.441   262   262 E (2)[262:recovery][ION]ion_fb_event: + screen-off +
02-02 04:30:04.441   262   262 E (2)[262:recovery][ION]ion_fb_event: - screen-off -
02-02 04:30:04.441   262   262 I (2)[262:recovery][Power/PPM] @ppm_lcmoff_switch: onoff = 0
02-02 04:30:04.441   262   262 I (2)[262:recovery]mtk-tpd: [tpd_fb_notifier_callback:458] tpd_fb_notifier_callback
02-02 04:30:04.441   262   262 I (2)[262:recovery]mtk-tpd: [tpd_fb_notifier_callback:466] fb_notify(blank=4)
02-02 04:30:04.441   262   262 I (2)[262:recovery]mtk-tpd: [tpd_fb_notifier_callback:480] LCD OFF Notify
02-02 04:30:04.441   262   262 I (2)[262:recovery]mtk-tpd: [tpd_fb_notifier_callback:484] cancel resume_workqueue failed
02-02 04:30:04.442   262   262 I (2)[262:recovery]mtk-tpd: [tpd_fb_notifier_callback:458] tpd_fb_notifier_callback
02-02 04:30:04.442   262   262 I         : (2)[262:recovery][DISP][FB Driver] enter late_resume
02-02 04:30:04.442   262   262 I         : (2)[262:recovery][DISP]primary_display_resume begin
02-02 04:30:04.455   262   262 I (2)[262:recovery][DDP/]warn: CG0 0xfec00df0, CG1 0x3ffff
02-02 04:30:04.455   262   262 I         : (2)[262:recovery][DISP]dpmanager path power on[end]
02-02 04:30:04.455   262   262 I         : (2)[262:recovery][DISP]cmd/video mode=1
02-02 04:30:04.455   262   262 I (2)[262:recovery][DDP/OVL]warn: ovl_roi:(480x960)
02-02 04:30:04.455   262   262 I (2)[262:recovery][DDP/DSI]warn: DSI_Set_VM_CMD
02-02 04:30:04.455   262   262 I         : (2)[262:recovery][DISP][POWER]dpmanager re-init[end]
02-02 04:30:04.478    28    28 I (0)[28:kworker/0:1][MUSB]Charger_Detect_Release 734: Charger_Detect_Release
02-02 04:30:04.478    28    28 I (0)[28:kworker/0:1]charger type: 1, Standard USB Host
02-02 04:30:04.478    28    28 I (0)[28:kworker/0:1]charger type: chrdet_inform_psy_changed: online = 1, type = 1
02-02 04:30:04.478    28    28 I         : (0)[28:kworker/0:1]mt_charger_set_property
02-02 04:30:04.478    28    28 I         : (0)[28:kworker/0:1]mt_charger_set_property
02-02 04:30:04.478    28    28 I (0)[28:kworker/0:1]dump_charger_name: charger type: 1, Standard USB Host
02-02 04:30:04.478    28    28 I (0)[28:kworker/0:1][MUSB]mt_usb_connect 513: issue work
02-02 04:30:04.478    28    28 I (0)[28:kworker/0:1][MUSB]mt_usb_connect 515: [MUSB] USB connect
02-02 04:30:04.478   201   201 I (2)[201:kworker/u8:3][MUSB]do_connection_work 445: is_host<0>, power<0>
02-02 04:30:04.478   201   201 I (2)[201:kworker/u8:3][MUSB]usb_cable_connected 653: usb_cable_connected vbus_exist=1 type=1
02-02 04:30:04.478   201   201 I (2)[201:kworker/u8:3][MUSB]usb_cable_connected 663: usb_cable_connected, connected:1, cable_mode:1
02-02 04:30:04.478   201   201 I -(2)[201:kworker/u8:3][MUSB]do_connection_work 472: lock
02-02 04:30:04.478   201   201 I -(2)[201:kworker/u8:3][MUSB]musb_start 1346: start, is_host=0 is_active=0
02-02 04:30:04.478   201   201 I -(2)[201:kworker/u8:3][MUSB]mt_usb_enable 298: begin <0,0>,<2,1,1,1>
02-02 04:30:04.488     5     5 I         : (0)[5:kworker/u8:0]mtk_charger_int_handler
02-02 04:30:04.488     5     5 I (0)[5:kworker/u8:0]battery_callback: 1
02-02 04:30:04.488     5     5 I         : (0)[5:kworker/u8:0][fgauge_get_coulomb] CAR=-1 r_fg_value=100 car_tune_value=1000
02-02 04:30:04.489   201   201 I -(2)[201:kworker/u8:3][MUSB]set_usb_phy_mode 437: force PHY to mode 1, 0x6c=3f2f
02-02 04:30:04.489   201   201 I -(2)[201:kworker/u8:3][MUSB]hs_slew_rate_cal 302: [USBPHY]slew calibration:FM_OUT =322,x=4274,value=4
02-02 04:30:04.489   201   201 I -(2)[201:kworker/u8:3][MUSB]usb_phy_recover 685: skip efuse setting temporary, RG_USB20_INTR_CAL=0x19
02-02 04:30:04.489   201   201 I -(2)[201:kworker/u8:3][MUSB]usb_phy_recover 694: usb recovery success
02-02 04:30:04.489   201   201 I -(2)[201:kworker/u8:3][MUSB]mt_usb_enable 327: end, <2,1,2,1>
02-02 04:30:04.489   201   201 I -(2)[201:kworker/u8:3][MUSB]musb_start 1391: set ignore babble MUSB_ULPI_REG_DATA=81
02-02 04:30:04.489     5     5 I         : (0)[5:kworker/u8:0][fgauge_get_coulomb] CAR=-1 r_fg_value=100 car_tune_value=1000
02-02 04:30:04.489    81    81 I (2)[81:kworker/2:1]musb-hdrc musb-hdrc: prop=1, power=1, is_host=0
02-02 04:30:04.489     5     5 I         : (0)[5:kworker/u8:0][read_fg_hw_info] curr_1 848 curr_2 848 car -1
02-02 04:30:04.489     5     5 I (0)[5:kworker/u8:0][fg_sw_bat_cycle_accu]car[o:0 n:-1],diff_car: -1,ncar[o:10 n:11 hw:0] thr 0
02-02 04:30:04.489    81    81 I (2)[81:kworker/2:1]musb-hdrc musb-hdrc: prop=2, power=1, is_host=0
02-02 04:30:04.489    81    81 I (2)[81:kworker/2:1]musb-hdrc musb-hdrc: prop=3, power=1, is_host=0
02-02 04:30:04.491     5     5 I         : (0)[5:kworker/u8:0][fgauge_read_current] final current=848 (ratio=1000)
02-02 04:30:04.491     5     5 I         : (0)[5:kworker/u8:0][CH3_DBG] bat_cur = 848
02-02 04:30:04.496     5     5 I         : (2)[5:kworker/u8:0][fgauge_read_current] final current=858 (ratio=1000)
02-02 04:30:04.496     5     5 I         : (2)[5:kworker/u8:0][BattVoltToTemp] 613 16900 1800 -3
02-02 04:30:04.496     5     5 I         : (2)[5:kworker/u8:0][force_get_tbat] 616,613,1,85,100,287 r:320 100 0
02-02 04:30:04.496     5     5 I (2)[5:kworker/u8:0][force_get_tbat] t: 28 precise:287
02-02 04:30:04.496    81    81 I         : (2)[81:kworker/2:1][fgauge_read_current] final current=858 (ratio=1000)
02-02 04:30:04.496    81    81 I         : (2)[81:kworker/2:1][fgauge_read_current] final current=858 (ratio=1000)
02-02 04:30:04.496     5     5 I         : (2)[5:kworker/u8:0]wake_up_charger
02-02 04:30:04.496   230   230 I         : (2)[230:charger_thread][fgauge_read_current] final current=858 (ratio=1000)
02-02 04:30:04.498     5     5 I         : (2)[5:kworker/u8:0][fg_charger_in_handler] notify daemon 0 1
02-02 04:30:04.498     5     5 I         : (2)[5:kworker/u8:0]mtk_battery boot mode =2
02-02 04:30:04.498     5     5 I         : (2)[5:kworker/u8:0][wakeup_fg_algo_recovery] intr_num=0x8
02-02 04:30:04.502   230   230 I         : (0)[230:charger_thread][fgauge_read_current] final current=801 (ratio=1000)
02-02 04:30:04.502   230   230 I         : (0)[230:charger_thread][CH3_DBG] bat_cur = 801
02-02 04:30:04.503   230   230 I         : (0)[230:charger_thread][fgauge_read_current] final current=851 (ratio=1000)
02-02 04:30:04.503   230   230 I         : (0)[230:charger_thread][BattVoltToTemp] 613 16900 1800 -3
02-02 04:30:04.503   230   230 I         : (0)[230:charger_thread][force_get_tbat] 616,613,1,85,100,287 r:320 100 0
02-02 04:30:04.503   230   230 I (0)[230:charger_thread][force_get_tbat] t: 28 precise:287
02-02 04:30:04.503   230   230 I (0)[230:charger_thread]Vbat=4399,Ibat=858,I=441,VChr=4957,T=28,Soc=97: 97,CT:1:0 hv:1 pd:0:0
02-02 04:30:04.503   230   230 I         : (0)[230:charger_thread]mtk_is_charger_on plug in, type:1
02-02 04:30:04.503   230   230 E         : (0)[230:charger_thread]Can't find closest level
02-02 04:30:04.503   230   230 E         : (0)[230:charger_thread]array_size = 4
02-02 04:30:04.504   230   230 E         : (0)[230:charger_thread][psc5415e_config_interface] write Reg[1]=0x78 from 0xb8
02-02 04:30:04.504   230   230 I (0)[230:charger_thread]mtk_charger_start_timer: alarm timer start:1, 13 649916156
02-02 04:30:04.504   230   230 I         : -(0)[230:charger_thread]alarmtimer_enqueue, 13649916156
02-02 04:30:04.504   230   230 I         : (0)[230:charger_thread][fgauge_read_current] final current=851 (ratio=1000)
02-02 04:30:04.504   230   230 I         : (0)[230:charger_thread][CH3_DBG] bat_cur = 851
02-02 04:30:04.505   230   230 I         : (0)[230:charger_thread][fgauge_read_current] final current=905 (ratio=1000)
02-02 04:30:04.505   230   230 I         : (0)[230:charger_thread][BattVoltToTemp] 613 16900 1800 -3
02-02 04:30:04.505   230   230 I         : (0)[230:charger_thread][force_get_tbat] 616,613,1,90,100,287 r:320 100 0
02-02 04:30:04.505   230   230 I (0)[230:charger_thread][force_get_tbat] t: 28 precise:287
02-02 04:30:04.505   230   230 I         : (0)[230:charger_thread][BATTER_ID_0] bat_id_valtage = 1043(mV)
02-02 04:30:04.505   230   230 I         : (0)[230:charger_thread][SW_JEITA] Battery Normal Temperature between 13 and 51 !!
02-02 04:30:04.505   230   230 I (0)[230:charger_thread][SW_JEITA]preState: 0 newState:3 tmp:28 cv:0
02-02 04:30:04.506   230   230 I (0)[230:charger_thread]tmp: 28 (jeita:1 sm:3 cv:0 en:1) (sm:1) en:1 c:0 s:0 ov:0 1 1
02-02 04:30:04.506   230   230 I         : (0)[230:charger_thread]mtk_switch_charging_run [1 0], timer=0
02-02 04:30:04.506   230   230 I         : (0)[230:charger_thread][fgauge_read_current] final current=905 (ratio=1000)
02-02 04:30:04.506   230   230 I         : (0)[230:charger_thread][CH3_DBG] bat_cur = 905
02-02 04:30:04.507   230   230 I         : (0)[230:charger_thread][fgauge_read_current] final current=905 (ratio=1000)
02-02 04:30:04.507   230   230 I         : (0)[230:charger_thread][BattVoltToTemp] 613 16900 1800 -3
02-02 04:30:04.507   230   230 I         : (0)[230:charger_thread][force_get_tbat] 616,613,1,90,100,287 r:320 100 0
02-02 04:30:04.507   230   230 I (0)[230:charger_thread][force_get_tbat] t: 28 precise:287
02-02 04:30:04.507   230   230 I (0)[230:charger_thread]pe40_ready: 0 hv:1 thermal:-1,-1 tmp:28,39,16 pps:0 en:0 ibus:0 80
02-02 04:30:04.507   230   230 I (0)[230:charger_thread]force: 0 thermal:-1,-1 pe4:-1,-1,0 setting:500 500 type:1 usb_unlimited:0 usbif:0 usbsm:0 aicl:-1 atm:0
02-02 04:30:04.507   230   230 E         : (0)[230:charger_thread]zzf_500000<=500000, i=1
02-02 04:30:04.507   230   230 E         : (0)[230:charger_thread]array_size = 4
02-02 04:30:04.508   230   230 E         : (0)[230:charger_thread][psc5415e_config_interface] write Reg[1]=0x78 from 0x78
02-02 04:30:04.508   230   230 E         : (0)[230:charger_thread][psc5415e_config_interface] write Reg[5]=0x3 from 0x23
02-02 04:30:04.508   230   230 E         : (0)[230:charger_thread]Can't find closest level
02-02 04:30:04.508   230   230 E         : (0)[230:charger_thread]array_size = 8
02-02 04:30:04.509   230   230 E         : (0)[230:charger_thread][psc5415e_config_interface] write Reg[4]=0x6 from 0x36
02-02 04:30:04.510   230   230 E         : (0)[230:charger_thread][psc5415e_config_interface] write Reg[4]=0x6 from 0x6
02-02 04:30:04.511   230   230 E         : (0)[230:charger_thread][psc5415e_config_interface] write Reg[1]=0x78 from 0x78
02-02 04:30:04.512   230   230 E         : (0)[230:charger_thread][psc5415e_config_interface] write Reg[1]=0x78 from 0x78
02-02 04:30:04.512   230   230 E         : (0)[230:charger_thread]psc5415e calm enable charging
02-02 04:30:04.512   230   230 E         : (0)[230:charger_thread]charging_set_cv_voltage register_value=0x2d 4400000 4400000
02-02 04:30:04.513   230   230 E         : (0)[230:charger_thread][psc5415e_config_interface] write Reg[2]=0xb4 from 0xb4
02-02 04:30:04.514   230   230 E         : (0)[230:charger_thread][psc5415e_config_interface] write Reg[1]=0x78 from 0x78
02-02 04:30:04.514   230   230 E         : (0)[230:charger_thread]psc5415e calm enable charging
02-02 04:30:04.515   230   230 E         : (0)[230:charger_thread][psc5415e_read_interface] Reg[0]=0x10
02-02 04:30:04.515   230   230 E         : (0)[230:charger_thread][psc5415e_read_interface] val=0x1
02-02 04:30:04.515   230   230 I         : (0)[230:charger_thread]info->enable_sw_safety_timer(0)
02-02 04:30:04.515   230   230 E         : (0)[230:charger_thread]psc5415e cz [0x0]=0x10
02-02 04:30:04.516   230   230 E         : (0)[230:charger_thread]psc5415e cz [0x1]=0x78
02-02 04:30:04.516   230   230 E         : (0)[230:charger_thread]psc5415e cz [0x2]=0xb4
02-02 04:30:04.517   230   230 E         : (0)[230:charger_thread]psc5415e cz [0x3]=0xf0
02-02 04:30:04.517   230   230 E         : (0)[230:charger_thread]psc5415e cz [0x4]=0x6
02-02 04:30:04.518   230   230 E         : (0)[230:charger_thread]psc5415e cz [0x5]=0x23
02-02 04:30:04.518   230   230 E         : (0)[230:charger_thread]psc5415e cz [0x6]=0x7f
02-02 04:30:04.518     0     0 E         : (0)[230:charger_thread]
02-02 04:30:04.526   261   261 I McDaemon.SWd: type=1400 audit(0.0:42): avc: denied { ioctl } for path="/dev/mobicore" dev="tmpfs" ino=11914 ioctlcmd=0x4d00 scontext=u:r:recovery:s0 tcontext=u:object_r:device:s0 tclass=chr_file permissive=1
02-02 04:30:04.538   204   204 I         : (2)[204:rpmb_open][rpmb] rpmb_gp_open_session end, mc_ret = 0
02-02 04:30:04.538   290   290 I (2)[290:rpmb_gp_Dci][rpmb] rpmb_gp_listenDci: DCI listener.
02-02 04:30:04.801   262   262 I         : (2)[262:recovery][DISP][POWER]lcm resume[end]
02-02 04:30:04.801   262   262 I (2)[262:recovery][GAMMA] disp_gamma_write_lut_reg: table [0] not initialized
02-02 04:30:04.801   262   262 I         : (2)[262:recovery][DISP]primary display START cmdq trigger loop finished
02-02 04:30:04.801   262   262 I         : (2)[262:recovery][DISP]share SRAM success
02-02 04:30:04.801   262   262 I         : (2)[262:recovery][CMDQ][Res]resource clock engine:0x100 enable:true
02-02 04:30:04.801   262   262 I         : (2)[262:recovery][DISP]mutex_release_timeout1 <358732539 ns>
02-02 04:30:04.801   262   262 W -(2)[262:recovery]CPU: 2 PID: 262 Comm: recovery Tainted: G        W       4.14.141+ #1
02-02 04:30:04.801   262   262 W -(2)[262:recovery]Hardware name: Generic DT based system
02-02 04:30:04.801   262   262 W -(2)[262:recovery]Backtrace:  
02-02 04:30:04.801   262   262 W         : -(2)[262:recovery][<c010bf48>] (dump_backtrace) from [<c010c218>] (show_stack+0x18/0x1c)
02-02 04:30:04.801   262   262 W -(2)[262:recovery] r6: c168fe20 r5:60000113 r4:00000000 r3:e7f0193a
02-02 04:30:04.801   262   262 W         : -(2)[262:recovery][<c010c200>] (show_stack) from [<c0c934fc>] (dump_stack+0x84/0xa4)
02-02 04:30:04.801   262   262 W         : -(2)[262:recovery][<c0c93478>] (dump_stack) from [<c081c224>] (_primary_path_unlock+0x6c/0x11c)
02-02 04:30:04.801   262   262 W -(2)[262:recovery] r5: 00000000 r4:1561d2fb
02-02 04:30:04.801   262   262 W         : -(2)[262:recovery][<c081c1b8>] (_primary_path_unlock) from [<c0823d68>] (primary_display_resume+0xa48/0xbb8)
02-02 04:30:04.801   262   262 W -(2)[262:recovery] r9: 00000000 r8:00000001 r7:c120a188 r6:00000000 r5:c168fe00 r4:00000000
02-02 04:30:04.801   262   262 W         : -(2)[262:recovery][<c0823320>] (primary_display_resume) from [<c0813204>] (mtkfb_blank+0xc0/0x270)
02-02 04:30:04.801   262   262 W -(2)[262:recovery] r10: 00000036 r9:00000000 r8:00000000 r7:c120a188 r6:00000002 r5:00000000
02-02 04:30:04.801   262   262 W -(2)[262:recovery] r4: 00000000
02-02 04:30:04.801   262   262 W         : -(2)[262:recovery][<c0813144>] (mtkfb_blank) from [<c04c3fd8>] (fb_blank+0x6c/0xb8)
02-02 04:30:04.801   262   262 W -(2)[262:recovery] r6: 00000000 r5:c120a188 r4:c5a33800 r3:c0813144
02-02 04:30:04.801   262   262 W         : -(2)[262:recovery][<c04c3f6c>] (fb_blank) from [<c04c4a9c>] (do_fb_ioctl+0x68c/0x750)
02-02 04:30:04.801   262   262 W -(2)[262:recovery] r6: 00004611 r5:00000000 r4:c5a33800
02-02 04:30:04.801   262   262 W         : -(2)[262:recovery][<c04c4410>] (do_fb_ioctl) from [<c04c5594>] (fb_ioctl+0x44/0x54)
02-02 04:30:04.801   262   262 W -(2)[262:recovery] r8: 00000000 r7:00000000 r6:e4658600 r5:e47181d8 r4:00000000
02-02 04:30:04.801   262   262 W         : -(2)[262:recovery][<c04c5550>] (fb_ioctl) from [<c02b9694>] (vfs_ioctl+0x20/0x3c)
02-02 04:30:04.801   262   262 W         : -(2)[262:recovery][<c02b9674>] (vfs_ioctl) from [<c02b9f94>] (do_vfs_ioctl+0x7a0/0x8f8)
02-02 04:30:04.801   262   262 W         : -(2)[262:recovery][<c02b97f4>] (do_vfs_ioctl) from [<c02ba140>] (SyS_ioctl+0x54/0x7c)
02-02 04:30:04.801   262   262 W -(2)[262:recovery] r10: 00000036 r9:00000000 r8:00004611 r7:00000000 r6:e4658600 r5:e4658600
02-02 04:30:04.801   262   262 W -(2)[262:recovery] r4: 00000000
02-02 04:30:04.801   262   262 W         : -(2)[262:recovery][<c02ba0ec>] (SyS_ioctl) from [<c0107ac0>] (ret_fast_syscall+0x0/0x54)
02-02 04:30:04.801   262   262 W -(2)[262:recovery] r9: e402a000 r8:c0107cc4 r7:00000036 r6:b26bcbf0 r5:b2290124 r4:37a2c3e7
02-02 04:30:04.801   262   262 I (2)[262:recovery][DISP]skip_update: 0
02-02 04:30:04.801   262   262 I         : (2)[262:recovery][DISP][FB Driver] leave late_resume
02-02 04:30:04.801   262   262 I (2)[262:recovery][DISP]AOD check: succeed to set FB power mode FB_SUSPEND to FB_RESUME
02-02 04:30:04.841   262   262 I (2)[262:recovery][Power/PPM] @ppm_lcmoff_switch: onoff = 1
02-02 04:30:04.841   262   262 I (2)[262:recovery]mtk-tpd: [tpd_fb_notifier_callback:458] tpd_fb_notifier_callback
02-02 04:30:04.841   262   262 I (2)[262:recovery]mtk-tpd: [tpd_fb_notifier_callback:466] fb_notify(blank=0)
02-02 04:30:04.841   262   262 I (2)[262:recovery]mtk-tpd: [tpd_fb_notifier_callback:469] LCD ON Notify
02-02 04:30:04.843   262   262 I         : (2)[262:recovery][DISP]AEE is not enabled, will disable layer 3
02-02 04:30:04.843   262   262 I (2)[262:recovery][VcoreFS] feature_en: 0, init_done: 0, kr: 0, opp: 3
02-02 04:30:04.843   262   262 I         : (2)[262:recovery][pid=262]Set vcore step failed: 3
02-02 04:30:04.843   262   262 I (2)[262:recovery][MMDVFS][pid=262]Fixed,set scen: (22,0x0)step:(3,3,0x0,0x0,0x0,0x400000)
02-02 04:30:04.843   262   262 I (2)[262:recovery][MMDVFS][pid=262]Fixed,C(0,0,0x0,0),I(0,0),CLK: 0
02-02 04:30:04.843   262   262 I         : (2)[262:recovery][DISP]primary display will switch from DIRECT_LINK to RDMA_MODE
02-02 04:30:04.843   262   262 I         : (2)[262:recovery][DISP]primary display is RDMA_MODE mode now
02-02 04:30:04.843     5     5 I (2)[5:kworker/u8:0]mtk-tpd: [touch_resume_workqueue_callback:446] GTP touch_resume_workqueue_callback
02-02 04:30:04.843     5     5 I (2)[5:kworker/u8:0][tlsc]tlsc6x_tpd_reset: Enter
02-02 04:30:04.843     5     5 I (2)[5:kworker/u8:0][tlsc]tlsc6x_tpd_reset_force: Enter
02-02 04:30:04.843     5     5 I (2)[5:kworker/u8:0]mtk-tpd: [tpd_gpio_output:168] tpd_gpio_output pin = 0, level = 0
02-02 04:30:04.851   262   262 I (2)[262:recovery]mtk-tpd: [tpd_fb_notifier_callback:458] tpd_fb_notifier_callback
02-02 04:30:04.851   262   262 I         : (2)[262:recovery][DISP]AEE is not enabled, will disable layer 3
02-02 04:30:04.867   262   262 I (2)[262:recovery]mtk-tpd: [tpd_fb_notifier_callback:458] tpd_fb_notifier_callback
02-02 04:30:04.868   262   262 I (2)[262:recovery][PWM] disp_pwm_set_backlight_cmdq: (id = 0x1, level_1024 = 0), old = 1023
02-02 04:30:04.868   262   262 I (2)[262:recovery]mtk-tpd: [tpd_fb_notifier_callback:458] tpd_fb_notifier_callback
02-02 04:30:04.868   262   262 I         : (2)[262:recovery][DISP][FB Driver] enter early_suspend
02-02 04:30:04.868     5     5 I (2)[5:kworker/u8:0]mtk-tpd: [tpd_gpio_output:168] tpd_gpio_output pin = 0, level = 1
02-02 04:30:04.904   262   262 I         : (2)[262:recovery][DISP]primary_display_suspend begin
02-02 04:30:04.904   262   262 I         : (2)[262:recovery][DISP]primary display will switch from RDMA_MODE to DIRECT_LINK
02-02 04:30:04.904   262   262 I (2)[262:recovery][DDP/OVL]warn: ovl_roi:(480x960)
02-02 04:30:04.905   262   262 I (2)[262:recovery][DDP/DSI]warn: DSI_Set_VM_CMD
02-02 04:30:04.917   262   262 I         : (0)[262:recovery][DISP]primary display is DIRECT_LINK mode now
02-02 04:30:04.917   262   262 I (0)[262:recovery][DISP][disp_lowpower]_release_wrot_resource_nolock: use_wrot_sram:1
02-02 04:30:04.934     5     5 I         : (0)[5:kworker/u8:0][CMDQ][Res]resource clock engine:0x100 enable:false
02-02 04:30:04.951   262   262 I         : (0)[262:recovery][DISP][POWER]primary display path is busy now, wait frame done, event_ret=295
02-02 04:30:04.951   262   262 I         : (0)[262:recovery][DISP][POWER]display cmdq trigger loop stop
02-02 04:30:04.951   262   262 I         : (0)[262:recovery][DISP]primary display STOP cmdq trigger loop finished
02-02 04:30:04.951   262   262 I (0)[262:recovery][DISP]dsi stop: brust mode(vdo mode lcm)
02-02 04:30:04.951   262   262 I         : (0)[262:recovery][DISP][POWER]primary display path stop[end]
02-02 04:30:05.171   262   262 I         : (2)[262:recovery][DISP][POWER]lcm suspend[end]
02-02 04:30:05.171   262   262 I (2)[262:recovery][PWM] disp_pwm_backlight_status: backlight is off, power:(0), pwm id: (0)
02-02 04:30:05.174   262   262 I         : (2)[262:recovery][DISP][POWER]dpmanager path power off[end]
02-02 04:30:05.174   262   262 I         : (2)[262:recovery][DISP]mutex_release_timeout1 <270158462 ns>
02-02 04:30:05.174   262   262 W -(2)[262:recovery]CPU: 2 PID: 262 Comm: recovery Tainted: G        W       4.14.141+ #1
02-02 04:30:05.174   262   262 W -(2)[262:recovery]Hardware name: Generic DT based system
02-02 04:30:05.174   262   262 W -(2)[262:recovery]Backtrace:  
02-02 04:30:05.174   262   262 W         : -(2)[262:recovery][<c010bf48>] (dump_backtrace) from [<c010c218>] (show_stack+0x18/0x1c)
02-02 04:30:05.174   262   262 W -(2)[262:recovery] r6: c168fe20 r5:60000113 r4:00000000 r3:e7f0193a
02-02 04:30:05.174   262   262 W         : -(2)[262:recovery][<c010c200>] (show_stack) from [<c0c934fc>] (dump_stack+0x84/0xa4)
02-02 04:30:05.174   262   262 W         : -(2)[262:recovery][<c0c93478>] (dump_stack) from [<c081c224>] (_primary_path_unlock+0x6c/0x11c)
02-02 04:30:05.174   262   262 W -(2)[262:recovery] r5: 00000000 r4:101a4a7e
02-02 04:30:05.174   262   262 W         : -(2)[262:recovery][<c081c1b8>] (_primary_path_unlock) from [<c0825e24>] (primary_display_suspend+0x440/0x528)
02-02 04:30:05.174   262   262 W -(2)[262:recovery] r9: 00000000 r8:00000000 r7:c120a188 r6:00000002 r5:c168fe00 r4:00000000
02-02 04:30:05.174   262   262 W         : -(2)[262:recovery][<c08259e4>] (primary_display_suspend) from [<c08132f4>] (mtkfb_blank+0x1b0/0x270)
02-02 04:30:05.174   262   262 W -(2)[262:recovery] r5: 00000001 r4:00000000
02-02 04:30:05.174   262   262 W         : -(2)[262:recovery][<c0813144>] (mtkfb_blank) from [<c04c3fd8>] (fb_blank+0x6c/0xb8)
02-02 04:30:05.174   262   262 W -(2)[262:recovery] r6: 00000000 r5:c120a188 r4:c5a33800 r3:c0813144
02-02 04:30:05.174   262   262 W         : -(2)[262:recovery][<c04c3f6c>] (fb_blank) from [<c04c4a9c>] (do_fb_ioctl+0x68c/0x750)
02-02 04:30:05.174   262   262 W -(2)[262:recovery] r6: 00004611 r5:00000004 r4:c5a33800
02-02 04:30:05.174   262   262 W         : -(2)[262:recovery][<c04c4410>] (do_fb_ioctl) from [<c04c5594>] (fb_ioctl+0x44/0x54)
02-02 04:30:05.174   262   262 W -(2)[262:recovery] r8: 00000000 r7:00000004 r6:e4658600 r5:e47181d8 r4:00000004
02-02 04:30:05.174   262   262 W         : -(2)[262:recovery][<c04c5550>] (fb_ioctl) from [<c02b9694>] (vfs_ioctl+0x20/0x3c)
02-02 04:30:05.175   262   262 W         : -(2)[262:recovery][<c02b9674>] (vfs_ioctl) from [<c02b9f94>] (do_vfs_ioctl+0x7a0/0x8f8)
02-02 04:30:05.175   262   262 W         : -(2)[262:recovery][<c02b97f4>] (do_vfs_ioctl) from [<c02ba140>] (SyS_ioctl+0x54/0x7c)
02-02 04:30:05.175   262   262 W -(2)[262:recovery] r10: 00000036 r9:00000000 r8:00004611 r7:00000004 r6:e4658600 r5:e4658600
02-02 04:30:05.175   262   262 W -(2)[262:recovery] r4: 00000000
02-02 04:30:05.175   262   262 W         : -(2)[262:recovery][<c02ba0ec>] (SyS_ioctl) from [<c0107ac0>] (ret_fast_syscall+0x0/0x54)
02-02 04:30:05.175   262   262 W -(2)[262:recovery] r9: e402a000 r8:c0107cc4 r7:00000036 r6:05db6078 r5:b2290124 r4:37a2c3e7
02-02 04:30:05.175   262   262 I         : (2)[262:recovery][DISP]primary_display_suspend end
02-02 04:30:05.175   262   262 I (2)[262:recovery][VcoreFS] feature_en: 0, init_done: 0, kr: 0, opp: -1
02-02 04:30:05.175   262   262 I         : (2)[262:recovery][pid=262]Set vcore step failed: -1
02-02 04:30:05.175   262   262 I (2)[262:recovery][MMDVFS][pid=262]Fixed,set scen: (22,0x0)step:(-1,-1,0x0,0x0,0x0,0x0)
02-02 04:30:05.175   262   262 I (2)[262:recovery][MMDVFS][pid=262]Fixed,C(0,0,0x0,0),I(0,0),CLK: 0
02-02 04:30:05.175   262   262 I         : (2)[262:recovery][DISP][FB Driver] leave early_suspend
02-02 04:30:05.175   262   262 I (2)[262:recovery][DISP]AOD check: succeed to set FB power mode FB_RESUME to FB_SUSPEND
02-02 04:30:05.175   262   262 E (2)[262:recovery][ION]ion_fb_event: + screen-off +
02-02 04:30:05.175   262   262 E (2)[262:recovery][ION]ion_fb_event: - screen-off -
02-02 04:30:05.175   262   262 I (2)[262:recovery][Power/PPM] @ppm_lcmoff_switch: onoff = 0
02-02 04:30:05.175   262   262 I (2)[262:recovery]mtk-tpd: [tpd_fb_notifier_callback:458] tpd_fb_notifier_callback
02-02 04:30:05.175   262   262 I (2)[262:recovery]mtk-tpd: [tpd_fb_notifier_callback:466] fb_notify(blank=4)
02-02 04:30:05.175   262   262 I (2)[262:recovery]mtk-tpd: [tpd_fb_notifier_callback:480] LCD OFF Notify
02-02 04:30:05.175   262   262 I (2)[262:recovery]mtk-tpd: [tpd_fb_notifier_callback:484] cancel resume_workqueue failed
02-02 04:30:05.175   262   262 I (2)[262:recovery]mtk-tpd: [tpd_fb_notifier_callback:458] tpd_fb_notifier_callback
02-02 04:30:05.175   262   262 I         : (2)[262:recovery][DISP][FB Driver] enter late_resume
02-02 04:30:05.175   262   262 I         : (2)[262:recovery][DISP]primary_display_resume begin
02-02 04:30:05.182   262   262 I (0)[262:recovery][DDP/]warn: CG0 0xfec00df0, CG1 0x3ffff
02-02 04:30:05.182   262   262 I         : (0)[262:recovery][DISP]dpmanager path power on[end]
02-02 04:30:05.182   262   262 I         : (0)[262:recovery][DISP]cmd/video mode=1
02-02 04:30:05.182   262   262 I (0)[262:recovery][DDP/OVL]warn: ovl_roi:(480x960)
02-02 04:30:05.182   262   262 I (0)[262:recovery][DDP/DSI]warn: DSI_Set_VM_CMD
02-02 04:30:05.182   262   262 I         : (0)[262:recovery][DISP][POWER]dpmanager re-init[end]
02-02 04:30:05.351   200   200 W -(0)[200:dc_trim_thread]mt635x_auxadc_read_raw: 108 callbacks suppressed
02-02 04:30:05.351   200   200 I (0)[200:dc_trim_thread]mt635x-auxadc mt635x-auxadc: name:HPOFS_CAL, channel=9, adc_out=0x6aed, adc_result=27373
02-02 04:30:05.355   200   200 I (0)[200:dc_trim_thread]mt635x-auxadc mt635x-auxadc: name:HPOFS_CAL, channel=9, adc_out=0x6af5, adc_result=27381
02-02 04:30:05.358   200   200 I (0)[200:dc_trim_thread]mt635x-auxadc mt635x-auxadc: name:HPOFS_CAL, channel=9, adc_out=0x6af6, adc_result=27382
02-02 04:30:05.362   200   200 I (0)[200:dc_trim_thread]mt635x-auxadc mt635x-auxadc: name:HPOFS_CAL, channel=9, adc_out=0x6af6, adc_result=27382
02-02 04:30:05.366   200   200 I (0)[200:dc_trim_thread]mt635x-auxadc mt635x-auxadc: name:HPOFS_CAL, channel=9, adc_out=0x6aef, adc_result=27375
02-02 04:30:05.443   200   200 I         : (2)[200:dc_trim_thread]accdet_late_init()  now init accdet!
02-02 04:30:05.446   200   200 I         : (2)[200:dc_trim_thread]accdet_init() done.
02-02 04:30:05.446   200   200 I         : (2)[200:dc_trim_thread]accdet_init_once() done.
02-02 04:30:05.531   262   262 I         : (0)[262:recovery][DISP][POWER]lcm resume[end]
02-02 04:30:05.531   262   262 I (0)[262:recovery][GAMMA] disp_gamma_write_lut_reg: table [0] not initialized
02-02 04:30:05.531   262   262 I         : (0)[262:recovery][DISP]primary display START cmdq trigger loop finished
02-02 04:30:05.531   262   262 I         : (0)[262:recovery][DISP]share SRAM success
02-02 04:30:05.531   262   262 I         : (0)[262:recovery][CMDQ][Res]resource clock engine:0x100 enable:true
02-02 04:30:05.532   262   262 I         : (0)[262:recovery][DISP]mutex_release_timeout1 <356236616 ns>
02-02 04:30:05.532   262   262 W -(0)[262:recovery]CPU: 0 PID: 262 Comm: recovery Tainted: G        W       4.14.141+ #1
02-02 04:30:05.532   262   262 W -(0)[262:recovery]Hardware name: Generic DT based system
02-02 04:30:05.532   262   262 W -(0)[262:recovery]Backtrace:  
02-02 04:30:05.532   262   262 W         : -(0)[262:recovery][<c010bf48>] (dump_backtrace) from [<c010c218>] (show_stack+0x18/0x1c)
02-02 04:30:05.532   262   262 W -(0)[262:recovery] r6: c168fe20 r5:600c0113 r4:00000000 r3:e7f0193a
02-02 04:30:05.532   262   262 W         : -(0)[262:recovery][<c010c200>] (show_stack) from [<c0c934fc>] (dump_stack+0x84/0xa4)
02-02 04:30:05.532   262   262 W         : -(0)[262:recovery][<c0c93478>] (dump_stack) from [<c081c224>] (_primary_path_unlock+0x6c/0x11c)
02-02 04:30:05.532   262   262 W -(0)[262:recovery] r5: 00000000 r4:153bbd48
02-02 04:30:05.532   262   262 W         : -(0)[262:recovery][<c081c1b8>] (_primary_path_unlock) from [<c0823d68>] (primary_display_resume+0xa48/0xbb8)
02-02 04:30:05.532   262   262 W -(0)[262:recovery] r9: 00000000 r8:00000001 r7:c120a188 r6:00000000 r5:c168fe00 r4:00000000
02-02 04:30:05.532   262   262 W         : -(0)[262:recovery][<c0823320>] (primary_display_resume) from [<c0813204>] (mtkfb_blank+0xc0/0x270)
02-02 04:30:05.532   262   262 W -(0)[262:recovery] r10: 00000036 r9:00000000 r8:00000000 r7:c120a188 r6:00000002 r5:00000000
02-02 04:30:05.532   262   262 W -(0)[262:recovery] r4: 00000000
02-02 04:30:05.532   262   262 W         : -(0)[262:recovery][<c0813144>] (mtkfb_blank) from [<c04c3fd8>] (fb_blank+0x6c/0xb8)
02-02 04:30:05.532   262   262 W -(0)[262:recovery] r6: 00000000 r5:c120a188 r4:c5a33800 r3:c0813144
02-02 04:30:05.532   262   262 W         : -(0)[262:recovery][<c04c3f6c>] (fb_blank) from [<c04c4a9c>] (do_fb_ioctl+0x68c/0x750)
02-02 04:30:05.532   262   262 W -(0)[262:recovery] r6: 00004611 r5:00000000 r4:c5a33800
02-02 04:30:05.532   262   262 W         : -(0)[262:recovery][<c04c4410>] (do_fb_ioctl) from [<c04c5594>] (fb_ioctl+0x44/0x54)
02-02 04:30:05.532   262   262 W -(0)[262:recovery] r8: 00000000 r7:00000000 r6:e4658600 r5:e47181d8 r4:00000000
02-02 04:30:05.532   262   262 W         : -(0)[262:recovery][<c04c5550>] (fb_ioctl) from [<c02b9694>] (vfs_ioctl+0x20/0x3c)
02-02 04:30:05.532   262   262 W         : -(0)[262:recovery][<c02b9674>] (vfs_ioctl) from [<c02b9f94>] (do_vfs_ioctl+0x7a0/0x8f8)
02-02 04:30:05.532   262   262 W         : -(0)[262:recovery][<c02b97f4>] (do_vfs_ioctl) from [<c02ba140>] (SyS_ioctl+0x54/0x7c)
02-02 04:30:05.532   262   262 W -(0)[262:recovery] r10: 00000036 r9:00000000 r8:00004611 r7:00000000 r6:e4658600 r5:e4658600
02-02 04:30:05.532   262   262 W -(0)[262:recovery] r4: 00000000
02-02 04:30:05.532   262   262 W         : -(0)[262:recovery][<c02ba0ec>] (SyS_ioctl) from [<c0107ac0>] (ret_fast_syscall+0x0/0x54)
02-02 04:30:05.532   262   262 W -(0)[262:recovery] r9: e402a000 r8:c0107cc4 r7:00000036 r6:00000000 r5:b2290124 r4:37a2c3e7
02-02 04:30:05.532   262   262 I (0)[262:recovery][DISP]skip_update: 0
02-02 04:30:05.532   262   262 I         : (0)[262:recovery][DISP][FB Driver] leave late_resume
02-02 04:30:05.532   262   262 I (0)[262:recovery][DISP]AOD check: succeed to set FB power mode FB_SUSPEND to FB_RESUME
02-02 04:30:05.571   262   262 I (0)[262:recovery][Power/PPM] @ppm_lcmoff_switch: onoff = 1
02-02 04:30:05.571   262   262 I (0)[262:recovery]mtk-tpd: [tpd_fb_notifier_callback:458] tpd_fb_notifier_callback
02-02 04:30:05.571   262   262 I (0)[262:recovery]mtk-tpd: [tpd_fb_notifier_callback:466] fb_notify(blank=0)
02-02 04:30:05.571   262   262 I (0)[262:recovery]mtk-tpd: [tpd_fb_notifier_callback:469] LCD ON Notify
02-02 04:30:05.571     5     5 I (2)[5:kworker/u8:0]mtk-tpd: [touch_resume_workqueue_callback:446] GTP touch_resume_workqueue_callback
02-02 04:30:05.571     5     5 I (2)[5:kworker/u8:0][tlsc]tlsc6x_tpd_reset: Enter
02-02 04:30:05.571     5     5 I (2)[5:kworker/u8:0][tlsc]tlsc6x_tpd_reset_force: Enter
02-02 04:30:05.571     5     5 I (2)[5:kworker/u8:0]mtk-tpd: [tpd_gpio_output:168] tpd_gpio_output pin = 0, level = 0
02-02 04:30:05.572   262   262 I (0)[262:recovery][PWM] disp_pwm_set_backlight_cmdq: (id = 0x1, level_1024 = 1023), old = 0
02-02 04:30:05.572   262   262 I (0)[262:recovery][PWM] disp_pwm_backlight_status: backlight is on (1023), power:(1), pwm id: (0)
02-02 04:30:05.579   262   262 I recovery: type=1400 audit(0.0:43): avc: denied { execmem } for scontext=u:r:recovery:s0 tcontext=u:r:recovery:s0 tclass=process permissive=1
02-02 04:30:05.579   262   262 I recovery: type=1400 audit(0.0:44): avc: denied { execute } for path="/dev/ashmem8e268b10-80df-49bc-a7e8-b73fadb7936e" dev="tmpfs" ino=15444 scontext=u:r:recovery:s0 tcontext=u:object_r:ashmem_libcutils_device:s0 tclass=chr_file permissive=1
02-02 04:30:05.584   262   262 I ARMAssembler: generated scanline__00000077:03010101_00008001_00000000 [ 91 ipp] (112 ins) at [0xb02c01f0:0xb02c03b0] in 84154 ns
02-02 04:30:05.598     5     5 I (2)[5:kworker/u8:0]mtk-tpd: [tpd_gpio_output:168] tpd_gpio_output pin = 0, level = 1
02-02 04:30:05.599   262   262 I ARMAssembler: generated scanline__00000077:03545401_00000A01_00000000 [ 37 ipp] (58 ins) at [0xb02c03c0:0xb02c04a8] in 78077 ns
02-02 04:30:05.603   262   262 I ARMAssembler: generated scanline__00000077:03545401_00000A08_00000000 [ 37 ipp] (59 ins) at [0xb02c04b0:0xb02c059c] in 68693 ns
02-02 04:30:05.609   262   262 I         : (0)[262:recovery][DISP]AEE is not enabled, will disable layer 3
02-02 04:30:05.609   262   262 I (0)[262:recovery][VcoreFS] feature_en: 0, init_done: 0, kr: 0, opp: 3
02-02 04:30:05.609   262   262 I         : (0)[262:recovery][pid=262]Set vcore step failed: 3
02-02 04:30:05.609   262   262 I (0)[262:recovery][MMDVFS][pid=262]Fixed,set scen: (22,0x0)step:(3,3,0x0,0x0,0x0,0x400000)
02-02 04:30:05.609   262   262 I (0)[262:recovery][MMDVFS][pid=262]Fixed,C(0,0,0x0,0),I(0,0),CLK: 0
02-02 04:30:05.609   262   262 I         : (0)[262:recovery][DISP]primary display will switch from DIRECT_LINK to RDMA_MODE
02-02 04:30:05.609   262   262 I         : (0)[262:recovery][DISP]primary display is RDMA_MODE mode now
02-02 04:30:05.614   262   262 I (0)[262:recovery]mtk-tpd: [tpd_fb_notifier_callback:458] tpd_fb_notifier_callback
02-02 04:30:05.776   262   262 I recovery: type=1400 audit(0.0:45): avc: denied { read } for name="temp" dev="sysfs" ino=21828 scontext=u:r:recovery:s0 tcontext=u:object_r:sysfs:s0 tclass=file permissive=1
02-02 04:30:05.783   262   262 I         : (0)[262:recovery][fgauge_read_current] final current=716 (ratio=1000)
02-02 04:30:05.783   262   262 I         : (0)[262:recovery][CH3_DBG] bat_cur = 716
02-02 04:30:05.784   262   262 I         : (0)[262:recovery][fgauge_read_current] final current=716 (ratio=1000)
02-02 04:30:05.784   262   262 I         : (0)[262:recovery][BattVoltToTemp] 612 16900 1800 -2
02-02 04:30:05.784   262   262 I         : (0)[262:recovery][force_get_tbat] 614,612,1,71,100,288 r:320 100 0
02-02 04:30:05.784   262   262 I (0)[262:recovery][force_get_tbat] t: 28 precise:288
02-02 04:30:06.069   262   262 I recovery: type=1400 audit(0.0:46): avc: denied { getattr } for path="/linkerconfig" dev="tmpfs" ino=11751 scontext=u:r:recovery:s0 tcontext=u:object_r:linkerconfig_file:s0 tclass=dir permissive=1
02-02 04:30:06.069   262   262 I recovery: type=1400 audit(0.0:47): avc: denied { getattr } for path="/system/bin/init" dev="rootfs" ino=1479 scontext=u:r:recovery:s0 tcontext=u:object_r:init_exec:s0 tclass=file permissive=1
02-02 04:30:06.169   262   262 W recovery: [libfs_mgr]Warning: unknown flag: resize
02-02 04:30:06.171   262   262 I recovery: Boot command: bootonce-bootloader
02-02 04:30:06.172   262   262 W recovery: [libfs_mgr]Warning: unknown flag: resize
02-02 04:30:06.173   262   262 I chatty  : uid=0(root) identical 1 line
02-02 04:30:06.176   262   262 I recovery: type=1400 audit(0.0:48): avc: denied { open } for path="/dev/__properties__/u:object_r:adbd_prop:s0" dev="tmpfs" ino=11590 scontext=u:r:recovery:s0 tcontext=u:object_r:adbd_prop:s0 tclass=file permissive=1
02-02 04:30:06.176   262   262 I recovery: type=1400 audit(0.0:49): avc: denied { getattr } for path="/dev/__properties__/u:object_r:adbd_prop:s0" dev="tmpfs" ino=11590 scontext=u:r:recovery:s0 tcontext=u:object_r:adbd_prop:s0 tclass=file permissive=1
02-02 04:30:06.176   262   262 I recovery: type=1400 audit(0.0:50): avc: denied { map } for path="/dev/__properties__/u:object_r:adbd_prop:s0" dev="tmpfs" ino=11590 scontext=u:r:recovery:s0 tcontext=u:object_r:adbd_prop:s0 tclass=file permissive=1
02-02 04:30:06.176   262   262 I recovery: type=1400 audit(0.0:51): avc: denied { open } for path="/dev/__properties__/u:object_r:apexd_prop:s0" dev="tmpfs" ino=11591 scontext=u:r:recovery:s0 tcontext=u:object_r:apexd_prop:s0 tclass=file permissive=1
02-02 04:30:06.176   262   262 I recovery: type=1400 audit(0.0:52): avc: denied { getattr } for path="/dev/__properties__/u:object_r:apexd_prop:s0" dev="tmpfs" ino=11591 scontext=u:r:recovery:s0 tcontext=u:object_r:apexd_prop:s0 tclass=file permissive=1
02-02 04:30:06.176   262   262 I recovery: type=1400 audit(0.0:53): avc: denied { map } for path="/dev/__properties__/u:object_r:apexd_prop:s0" dev="tmpfs" ino=11591 scontext=u:r:recovery:s0 tcontext=u:object_r:apexd_prop:s0 tclass=file permissive=1
02-02 04:30:06.176   262   262 I recovery: type=1400 audit(0.0:54): avc: denied { open } for path="/dev/__properties__/u:object_r:apk_verity_prop:s0" dev="tmpfs" ino=11592 scontext=u:r:recovery:s0 tcontext=u:object_r:apk_verity_prop:s0 tclass=file permissive=1
02-02 04:30:06.176   262   262 I recovery: type=1400 audit(0.0:55): avc: denied { getattr } for path="/dev/__properties__/u:object_r:apk_verity_prop:s0" dev="tmpfs" ino=11592 scontext=u:r:recovery:s0 tcontext=u:object_r:apk_verity_prop:s0 tclass=file permissive=1
02-02 04:30:06.176   262   262 I recovery: type=1400 audit(0.0:56): avc: denied { map } for path="/dev/__properties__/u:object_r:apk_verity_prop:s0" dev="tmpfs" ino=11592 scontext=u:r:recovery:s0 tcontext=u:object_r:apk_verity_prop:s0 tclass=file permissive=1
02-02 04:30:06.176   262   262 I recovery: type=1400 audit(0.0:57): avc: denied { open } for path="/dev/__properties__/u:object_r:bluetooth_a2dp_offload_prop:s0" dev="tmpfs" ino=11597 scontext=u:r:recovery:s0 tcontext=u:object_r:bluetooth_a2dp_offload_prop:s0 tclass=file permissive=1
02-02 04:30:06.176   262   262 I recovery: type=1400 audit(0.0:58): avc: denied { getattr } for path="/dev/__properties__/u:object_r:bluetooth_a2dp_offload_prop:s0" dev="tmpfs" ino=11597 scontext=u:r:recovery:s0 tcontext=u:object_r:bluetooth_a2dp_offload_prop:s0 tclass=file permissive=1
02-02 04:30:06.176   262   262 I recovery: type=1400 audit(0.0:59): avc: denied { map } for path="/dev/__properties__/u:object_r:bluetooth_a2dp_offload_prop:s0" dev="tmpfs" ino=11597 scontext=u:r:recovery:s0 tcontext=u:object_r:bluetooth_a2dp_offload_prop:s0 tclass=file permissive=1
02-02 04:30:06.176   262   262 I recovery: type=1400 audit(0.0:60): avc: denied { open } for path="/dev/__properties__/u:object_r:bluetooth_audio_hal_prop:s0" dev="tmpfs" ino=11598 scontext=u:r:recovery:s0 tcontext=u:object_r:bluetooth_audio_hal_prop:s0 tclass=file permissive=1
02-02 04:30:06.176   262   262 I recovery: type=1400 audit(0.0:61): avc: denied { getattr } for path="/dev/__properties__/u:object_r:bluetooth_audio_hal_prop:s0" dev="tmpfs" ino=11598 scontext=u:r:recovery:s0 tcontext=u:object_r:bluetooth_audio_hal_prop:s0 tclass=file permissive=1
02-02 04:30:06.176   262   262 I recovery: type=1400 audit(0.0:62): avc: denied { map } for path="/dev/__properties__/u:object_r:bluetooth_audio_hal_prop:s0" dev="tmpfs" ino=11598 scontext=u:r:recovery:s0 tcontext=u:object_r:bluetooth_audio_hal_prop:s0 tclass=file permissive=1
02-02 04:30:06.176   262   262 I recovery: type=1400 audit(0.0:63): avc: denied { open } for path="/dev/__properties__/u:object_r:bluetooth_prop:s0" dev="tmpfs" ino=11599 scontext=u:r:recovery:s0 tcontext=u:object_r:bluetooth_prop:s0 tclass=file permissive=1
02-02 04:30:06.176   262   262 I recovery: type=1400 audit(0.0:64): avc: denied { getattr } for path="/dev/__properties__/u:object_r:bluetooth_prop:s0" dev="tmpfs" ino=11599 scontext=u:r:recovery:s0 tcontext=u:object_r:bluetooth_prop:s0 tclass=file permissive=1
02-02 04:30:06.176   262   262 I recovery: type=1400 audit(0.0:65): avc: denied { map } for path="/dev/__properties__/u:object_r:bluetooth_prop:s0" dev="tmpfs" ino=11599 scontext=u:r:recovery:s0 tcontext=u:object_r:bluetooth_prop:s0 tclass=file permissive=1
02-02 04:30:06.176   262   262 I recovery: type=1400 audit(0.0:66): avc: denied { open } for path="/dev/__properties__/u:object_r:boottime_prop:s0" dev="tmpfs" ino=11601 scontext=u:r:recovery:s0 tcontext=u:object_r:boottime_prop:s0 tclass=file permissive=1
02-02 04:30:06.176   262   262 I recovery: type=1400 audit(0.0:67): avc: denied { getattr } for path="/dev/__properties__/u:object_r:boottime_prop:s0" dev="tmpfs" ino=11601 scontext=u:r:recovery:s0 tcontext=u:object_r:boottime_prop:s0 tclass=file permissive=1
02-02 04:30:06.176   262   262 I recovery: type=1400 audit(0.0:68): avc: denied { map } for path="/dev/__properties__/u:object_r:boottime_prop:s0" dev="tmpfs" ino=11601 scontext=u:r:recovery:s0 tcontext=u:object_r:boottime_prop:s0 tclass=file permissive=1
02-02 04:30:06.176   262   262 I recovery: type=1400 audit(0.0:69): avc: denied { open } for path="/dev/__properties__/u:object_r:boottime_public_prop:s0" dev="tmpfs" ino=11602 scontext=u:r:recovery:s0 tcontext=u:object_r:boottime_public_prop:s0 tclass=file permissive=1
02-02 04:30:06.176   262   262 I recovery: type=1400 audit(0.0:70): avc: denied { getattr } for path="/dev/__properties__/u:object_r:boottime_public_prop:s0" dev="tmpfs" ino=11602 scontext=u:r:recovery:s0 tcontext=u:object_r:boottime_public_prop:s0 tclass=file permissive=1
