09-02 23:50:22.826   257   257 I (0)[257:recovery][VcoreFS] feature_en: 0, init_done: 0, kr: 0, opp: 3
09-02 23:50:22.826   257   257 I         : (0)[257:recovery][pid=257]Set vcore step failed: 3
09-02 23:50:22.826   257   257 I (0)[257:recovery][MMDVFS][pid=257]Fixed,set scen: (22,0x0)step:(3,3,0x0,0x0,0x0,0x400000)
09-02 23:50:22.826   257   257 I (0)[257:recovery][MMDVFS][pid=257]Fixed,C(0,0,0x0,0),I(0,0),CLK: 0
09-02 23:50:22.826   257   257 I         : (0)[257:recovery][DISP]primary display will switch from DIRECT_LINK to RDMA_MODE
09-02 23:50:22.826   257   257 I         : (0)[257:recovery][DISP]primary display is RDMA_MODE mode now
09-02 23:50:22.833   257   257 I (0)[257:recovery]mtk-tpd: [tpd_fb_notifier_callback:458] tpd_fb_notifier_callback
09-02 23:50:22.834   257   257 I         : (0)[257:recovery][DISP]AEE is not enabled, will disable layer 3
09-02 23:50:22.850   257   257 I (2)[257:recovery]mtk-tpd: [tpd_fb_notifier_callback:458] tpd_fb_notifier_callback
09-02 23:50:22.850   257   257 I (2)[257:recovery][PWM] disp_pwm_set_backlight_cmdq: (id = 0x1, level_1024 = 0), old = 1023
09-02 23:50:22.850   257   257 I (2)[257:recovery]mtk-tpd: [tpd_fb_notifier_callback:458] tpd_fb_notifier_callback
09-02 23:50:22.850   257   257 I         : (2)[257:recovery][DISP][FB Driver] enter early_suspend
09-02 23:50:22.850   280   280 I (2)[280:kworker/u8:3]mtk-tpd: [tpd_gpio_output:168] tpd_gpio_output pin = 0, level = 1
09-02 23:50:22.886   257   257 I         : (2)[257:recovery][DISP]primary_display_suspend begin
09-02 23:50:22.886   257   257 I         : (2)[257:recovery][DISP]primary display will switch from RDMA_MODE to DIRECT_LINK
09-02 23:50:22.887   257   257 I (2)[257:recovery][DDP/OVL]warn: ovl_roi:(480x960)
09-02 23:50:22.887   257   257 I (2)[257:recovery][DDP/DSI]warn: DSI_Set_VM_CMD
09-02 23:50:22.900   257   257 I         : (0)[257:recovery][DISP]primary display is DIRECT_LINK mode now
09-02 23:50:22.900   257   257 I (0)[257:recovery][DISP][disp_lowpower]_release_wrot_resource_nolock: use_wrot_sram:1
09-02 23:50:22.916   280   280 I         : (0)[280:kworker/u8:3][CMDQ][Res]resource clock engine:0x100 enable:false
09-02 23:50:22.933   257   257 I         : (0)[257:recovery][DISP][POWER]primary display path is busy now, wait frame done, event_ret=295
09-02 23:50:22.933   257   257 I         : (0)[257:recovery][DISP][POWER]display cmdq trigger loop stop
09-02 23:50:22.933   257   257 I         : (0)[257:recovery][DISP]primary display STOP cmdq trigger loop finished
09-02 23:50:22.933   257   257 I (0)[257:recovery][DISP]dsi stop: brust mode(vdo mode lcm)
09-02 23:50:22.933   257   257 I         : (0)[257:recovery][DISP][POWER]primary display path stop[end]
09-02 23:50:23.153   257   257 I         : (2)[257:recovery][DISP][POWER]lcm suspend[end]
09-02 23:50:23.153   257   257 I (2)[257:recovery][PWM] disp_pwm_backlight_status: backlight is off, power:(0), pwm id: (0)
09-02 23:50:23.157   257   257 I         : (2)[257:recovery][DISP][POWER]dpmanager path power off[end]
09-02 23:50:23.157   257   257 I         : (2)[257:recovery][DISP]mutex_release_timeout1 <270689616 ns>
09-02 23:50:23.157   257   257 W -(2)[257:recovery]CPU: 2 PID: 257 Comm: recovery Tainted: G        W       4.14.141+ #1
09-02 23:50:23.157   257   257 W -(2)[257:recovery]Hardware name: Generic DT based system
09-02 23:50:23.157   257   257 W -(2)[257:recovery]Backtrace:  
09-02 23:50:23.157   257   257 W         : -(2)[257:recovery][<c010bf48>] (dump_backtrace) from [<c010c218>] (show_stack+0x18/0x1c)
09-02 23:50:23.157   257   257 W -(2)[257:recovery] r6: c168fe20 r5:600c0113 r4:00000000 r3:bc383b4e
09-02 23:50:23.157   257   257 W         : -(2)[257:recovery][<c010c200>] (show_stack) from [<c0c934fc>] (dump_stack+0x84/0xa4)
09-02 23:50:23.157   257   257 W         : -(2)[257:recovery][<c0c93478>] (dump_stack) from [<c081c224>] (_primary_path_unlock+0x6c/0x11c)
09-02 23:50:23.157   257   257 W -(2)[257:recovery] r5: 00000000 r4:10226550
09-02 23:50:23.157   257   257 W         : -(2)[257:recovery][<c081c1b8>] (_primary_path_unlock) from [<c0825e24>] (primary_display_suspend+0x440/0x528)
09-02 23:50:23.157   257   257 W -(2)[257:recovery] r9: 00000000 r8:00000000 r7:c120a188 r6:00000002 r5:c168fe00 r4:00000000
09-02 23:50:23.157   257   257 W         : -(2)[257:recovery][<c08259e4>] (primary_display_suspend) from [<c08132f4>] (mtkfb_blank+0x1b0/0x270)
09-02 23:50:23.157   257   257 W -(2)[257:recovery] r5: 00000001 r4:00000000
09-02 23:50:23.157   257   257 W         : -(2)[257:recovery][<c0813144>] (mtkfb_blank) from [<c04c3fd8>] (fb_blank+0x6c/0xb8)
09-02 23:50:23.157   257   257 W -(2)[257:recovery] r6: 00000000 r5:c120a188 r4:c5a5a800 r3:c0813144
09-02 23:50:23.157   257   257 W         : -(2)[257:recovery][<c04c3f6c>] (fb_blank) from [<c04c4a9c>] (do_fb_ioctl+0x68c/0x750)
09-02 23:50:23.157   257   257 W -(2)[257:recovery] r6: 00004611 r5:00000004 r4:c5a5a800
09-02 23:50:23.157   257   257 W         : -(2)[257:recovery][<c04c4410>] (do_fb_ioctl) from [<c04c5594>] (fb_ioctl+0x44/0x54)
09-02 23:50:23.157   257   257 W -(2)[257:recovery] r8: 00000000 r7:00000004 r6:c516b180 r5:c52fa1d8 r4:00000004
09-02 23:50:23.158   257   257 W         : -(2)[257:recovery][<c04c5550>] (fb_ioctl) from [<c02b9694>] (vfs_ioctl+0x20/0x3c)
09-02 23:50:23.158   257   257 W         : -(2)[257:recovery][<c02b9674>] (vfs_ioctl) from [<c02b9f94>] (do_vfs_ioctl+0x7a0/0x8f8)
09-02 23:50:23.158   257   257 W         : -(2)[257:recovery][<c02b97f4>] (do_vfs_ioctl) from [<c02ba140>] (SyS_ioctl+0x54/0x7c)
09-02 23:50:23.158   257   257 W -(2)[257:recovery] r10: 00000036 r9:00000000 r8:00004611 r7:00000004 r6:c516b180 r5:c516b180
09-02 23:50:23.158   257   257 W -(2)[257:recovery] r4: 00000000
09-02 23:50:23.158   257   257 W         : -(2)[257:recovery][<c02ba0ec>] (SyS_ioctl) from [<c0107ac0>] (ret_fast_syscall+0x0/0x54)
09-02 23:50:23.158   257   257 W -(2)[257:recovery] r9: c5362000 r8:c0107cc4 r7:00000036 r6:06883d10 r5:a8419124 r4:2de80dc4
09-02 23:50:23.158   257   257 I         : (2)[257:recovery][DISP]primary_display_suspend end
09-02 23:50:23.158   257   257 I (2)[257:recovery][VcoreFS] feature_en: 0, init_done: 0, kr: 0, opp: -1
09-02 23:50:23.158   257   257 I         : (2)[257:recovery][pid=257]Set vcore step failed: -1
09-02 23:50:23.158   257   257 I (2)[257:recovery][MMDVFS][pid=257]Fixed,set scen: (22,0x0)step:(-1,-1,0x0,0x0,0x0,0x0)
09-02 23:50:23.158   257   257 I (2)[257:recovery][MMDVFS][pid=257]Fixed,C(0,0,0x0,0),I(0,0),CLK: 0
09-02 23:50:23.158   257   257 I         : (2)[257:recovery][DISP][FB Driver] leave early_suspend
09-02 23:50:23.158   257   257 I (2)[257:recovery][DISP]AOD check: succeed to set FB power mode FB_RESUME to FB_SUSPEND
09-02 23:50:23.158   257   257 E (2)[257:recovery][ION]ion_fb_event: + screen-off +
09-02 23:50:23.158   257   257 E (2)[257:recovery][ION]ion_fb_event: - screen-off -
09-02 23:50:23.158   257   257 I (2)[257:recovery][Power/PPM] @ppm_lcmoff_switch: onoff = 0
09-02 23:50:23.158   257   257 I (2)[257:recovery]mtk-tpd: [tpd_fb_notifier_callback:458] tpd_fb_notifier_callback
09-02 23:50:23.158   257   257 I (2)[257:recovery]mtk-tpd: [tpd_fb_notifier_callback:466] fb_notify(blank=4)
09-02 23:50:23.158   257   257 I (2)[257:recovery]mtk-tpd: [tpd_fb_notifier_callback:480] LCD OFF Notify
09-02 23:50:23.158   257   257 I (2)[257:recovery]mtk-tpd: [tpd_fb_notifier_callback:484] cancel resume_workqueue failed
09-02 23:50:23.159   257   257 I (2)[257:recovery]mtk-tpd: [tpd_fb_notifier_callback:458] tpd_fb_notifier_callback
09-02 23:50:23.159   257   257 I         : (2)[257:recovery][DISP][FB Driver] enter late_resume
09-02 23:50:23.159   257   257 I         : (2)[257:recovery][DISP]primary_display_resume begin
09-02 23:50:23.168   257   257 I (0)[257:recovery][DDP/]warn: CG0 0xfec00df0, CG1 0x3ffff
09-02 23:50:23.168   257   257 I         : (0)[257:recovery][DISP]dpmanager path power on[end]
09-02 23:50:23.168   257   257 I         : (0)[257:recovery][DISP]cmd/video mode=1
09-02 23:50:23.168   257   257 I (0)[257:recovery][DDP/OVL]warn: ovl_roi:(480x960)
09-02 23:50:23.168   257   257 I (0)[257:recovery][DDP/DSI]warn: DSI_Set_VM_CMD
09-02 23:50:23.168   257   257 I         : (0)[257:recovery][DISP][POWER]dpmanager re-init[end]
09-02 23:50:23.377   200   200 W -(0)[200:dc_trim_thread]mt635x_auxadc_read_raw: 114 callbacks suppressed
09-02 23:50:23.377   200   200 I (0)[200:dc_trim_thread]mt635x-auxadc mt635x-auxadc: name:HPOFS_CAL, channel=9, adc_out=0x6b0a, adc_result=27402
09-02 23:50:23.381   200   200 I (0)[200:dc_trim_thread]mt635x-auxadc mt635x-auxadc: name:HPOFS_CAL, channel=9, adc_out=0x6b0f, adc_result=27407
09-02 23:50:23.385   200   200 I (0)[200:dc_trim_thread]mt635x-auxadc mt635x-auxadc: name:HPOFS_CAL, channel=9, adc_out=0x6b0c, adc_result=27404
09-02 23:50:23.388   200   200 I (0)[200:dc_trim_thread]mt635x-auxadc mt635x-auxadc: name:HPOFS_CAL, channel=9, adc_out=0x6b0a, adc_result=27402
09-02 23:50:23.392   200   200 I (0)[200:dc_trim_thread]mt635x-auxadc mt635x-auxadc: name:HPOFS_CAL, channel=9, adc_out=0x6b0c, adc_result=27404
09-02 23:50:23.513   257   257 I         : (0)[257:recovery][DISP][POWER]lcm resume[end]
09-02 23:50:23.513   257   257 I (0)[257:recovery][GAMMA] disp_gamma_write_lut_reg: table [0] not initialized
09-02 23:50:23.513   257   257 I         : (0)[257:recovery][DISP]primary display START cmdq trigger loop finished
09-02 23:50:23.513   257   257 I         : (0)[257:recovery][DISP]share SRAM success
09-02 23:50:23.513   257   257 I         : (0)[257:recovery][CMDQ][Res]resource clock engine:0x100 enable:true
09-02 23:50:23.513   257   257 I         : (0)[257:recovery][DISP]mutex_release_timeout1 <354470308 ns>
09-02 23:50:23.513   257   257 W -(0)[257:recovery]CPU: 0 PID: 257 Comm: recovery Tainted: G        W       4.14.141+ #1
09-02 23:50:23.513   257   257 W -(0)[257:recovery]Hardware name: Generic DT based system
09-02 23:50:23.513   257   257 W -(0)[257:recovery]Backtrace:  
09-02 23:50:23.513   257   257 W         : -(0)[257:recovery][<c010bf48>] (dump_backtrace) from [<c010c218>] (show_stack+0x18/0x1c)
09-02 23:50:23.513   257   257 W -(0)[257:recovery] r6: c168fe20 r5:600c0113 r4:00000000 r3:bc383b4e
09-02 23:50:23.513   257   257 W         : -(0)[257:recovery][<c010c200>] (show_stack) from [<c0c934fc>] (dump_stack+0x84/0xa4)
09-02 23:50:23.513   257   257 W         : -(0)[257:recovery][<c0c93478>] (dump_stack) from [<c081c224>] (_primary_path_unlock+0x6c/0x11c)
09-02 23:50:23.513   257   257 W -(0)[257:recovery] r5: 00000000 r4:1520c9a4
09-02 23:50:23.513   257   257 W         : -(0)[257:recovery][<c081c1b8>] (_primary_path_unlock) from [<c0823d68>] (primary_display_resume+0xa48/0xbb8)
09-02 23:50:23.513   257   257 W -(0)[257:recovery] r9: 00000000 r8:00000001 r7:c120a188 r6:00000000 r5:c168fe00 r4:00000000
09-02 23:50:23.513   257   257 W         : -(0)[257:recovery][<c0823320>] (primary_display_resume) from [<c0813204>] (mtkfb_blank+0xc0/0x270)
09-02 23:50:23.513   257   257 W -(0)[257:recovery] r10: 00000036 r9:00000000 r8:00000000 r7:c120a188 r6:00000002 r5:00000000
09-02 23:50:23.513   257   257 W -(0)[257:recovery] r4: 00000000
09-02 23:50:23.513   257   257 W         : -(0)[257:recovery][<c0813144>] (mtkfb_blank) from [<c04c3fd8>] (fb_blank+0x6c/0xb8)
09-02 23:50:23.513   257   257 W -(0)[257:recovery] r6: 00000000 r5:c120a188 r4:c5a5a800 r3:c0813144
09-02 23:50:23.514   257   257 W         : -(0)[257:recovery][<c04c3f6c>] (fb_blank) from [<c04c4a9c>] (do_fb_ioctl+0x68c/0x750)
09-02 23:50:23.514   257   257 W -(0)[257:recovery] r6: 00004611 r5:00000000 r4:c5a5a800
09-02 23:50:23.514   257   257 W         : -(0)[257:recovery][<c04c4410>] (do_fb_ioctl) from [<c04c5594>] (fb_ioctl+0x44/0x54)
09-02 23:50:23.514   257   257 W -(0)[257:recovery] r8: 00000000 r7:00000000 r6:c516b180 r5:c52fa1d8 r4:00000000
09-02 23:50:23.514   257   257 W         : -(0)[257:recovery][<c04c5550>] (fb_ioctl) from [<c02b9694>] (vfs_ioctl+0x20/0x3c)
09-02 23:50:23.514   257   257 W         : -(0)[257:recovery][<c02b9674>] (vfs_ioctl) from [<c02b9f94>] (do_vfs_ioctl+0x7a0/0x8f8)
09-02 23:50:23.514   257   257 W         : -(0)[257:recovery][<c02b97f4>] (do_vfs_ioctl) from [<c02ba140>] (SyS_ioctl+0x54/0x7c)
09-02 23:50:23.514   257   257 W -(0)[257:recovery] r10: 00000036 r9:00000000 r8:00004611 r7:00000000 r6:c516b180 r5:c516b180
09-02 23:50:23.514   257   257 W -(0)[257:recovery] r4: 00000000
09-02 23:50:23.514   257   257 W         : -(0)[257:recovery][<c02ba0ec>] (SyS_ioctl) from [<c0107ac0>] (ret_fast_syscall+0x0/0x54)
09-02 23:50:23.514   257   257 W -(0)[257:recovery] r9: c5362000 r8:c0107cc4 r7:00000036 r6:00000000 r5:a8419124 r4:2de80dc4
09-02 23:50:23.514   257   257 I (0)[257:recovery][DISP]skip_update: 0
09-02 23:50:23.514   257   257 I         : (0)[257:recovery][DISP][FB Driver] leave late_resume
09-02 23:50:23.514   257   257 I (0)[257:recovery][DISP]AOD check: succeed to set FB power mode FB_SUSPEND to FB_RESUME
09-02 23:50:23.553   257   257 I (0)[257:recovery][Power/PPM] @ppm_lcmoff_switch: onoff = 1
09-02 23:50:23.553   257   257 I (0)[257:recovery]mtk-tpd: [tpd_fb_notifier_callback:458] tpd_fb_notifier_callback
09-02 23:50:23.553   257   257 I (0)[257:recovery]mtk-tpd: [tpd_fb_notifier_callback:466] fb_notify(blank=0)
09-02 23:50:23.553   257   257 I (0)[257:recovery]mtk-tpd: [tpd_fb_notifier_callback:469] LCD ON Notify
09-02 23:50:23.554   280   280 I (2)[280:kworker/u8:3]mtk-tpd: [touch_resume_workqueue_callback:446] GTP touch_resume_workqueue_callback
09-02 23:50:23.554   280   280 I (2)[280:kworker/u8:3][tlsc]tlsc6x_tpd_reset: Enter
09-02 23:50:23.554   280   280 I (2)[280:kworker/u8:3][tlsc]tlsc6x_tpd_reset_force: Enter
09-02 23:50:23.554   280   280 I (2)[280:kworker/u8:3]mtk-tpd: [tpd_gpio_output:168] tpd_gpio_output pin = 0, level = 0
09-02 23:50:23.554   257   257 I (0)[257:recovery][PWM] disp_pwm_set_backlight_cmdq: (id = 0x1, level_1024 = 1023), old = 0
09-02 23:50:23.554   257   257 I (0)[257:recovery][PWM] disp_pwm_backlight_status: backlight is on (1023), power:(1), pwm id: (0)
09-02 23:50:23.563   257   257 I recovery: type=1400 audit(0.0:31): avc: denied { execmem } for scontext=u:r:recovery:s0 tcontext=u:r:recovery:s0 tclass=process permissive=1
09-02 23:50:23.563   257   257 I recovery: type=1400 audit(0.0:32): avc: denied { execute } for path="/dev/ashmem288e59a6-bd39-430d-b8f2-d37da5b7e57f" dev="tmpfs" ino=12488 scontext=u:r:recovery:s0 tcontext=u:object_r:ashmem_libcutils_device:s0 tclass=chr_file permissive=1
09-02 23:50:23.567   257   257 I chatty  : uid=0(root) identical 323 lines
09-02 23:50:23.580   280   280 I (2)[280:kworker/u8:3]mtk-tpd: [tpd_gpio_output:168] tpd_gpio_output pin = 0, level = 1
09-02 23:50:23.592   257   257 I         : (2)[257:recovery][DISP]AEE is not enabled, will disable layer 3
09-02 23:50:23.592   257   257 I (2)[257:recovery][VcoreFS] feature_en: 0, init_done: 0, kr: 0, opp: 3
09-02 23:50:23.592   257   257 I         : (2)[257:recovery][pid=257]Set vcore step failed: 3
09-02 23:50:23.592   257   257 I (2)[257:recovery][MMDVFS][pid=257]Fixed,set scen: (22,0x0)step:(3,3,0x0,0x0,0x0,0x400000)
09-02 23:50:23.592   257   257 I (2)[257:recovery][MMDVFS][pid=257]Fixed,C(0,0,0x0,0),I(0,0),CLK: 0
09-02 23:50:23.592   257   257 I         : (2)[257:recovery][DISP]primary display will switch from DIRECT_LINK to RDMA_MODE
09-02 23:50:23.592   257   257 I         : (2)[257:recovery][DISP]primary display is RDMA_MODE mode now
09-02 23:50:23.596   257   257 I (2)[257:recovery]mtk-tpd: [tpd_fb_notifier_callback:458] tpd_fb_notifier_callback
09-02 23:50:23.683   200   200 I         : (0)[200:dc_trim_thread]accdet_late_init()  now init accdet!
09-02 23:50:23.686   200   200 I         : (0)[200:dc_trim_thread]accdet_init() done.
09-02 23:50:23.686   200   200 I         : (0)[200:dc_trim_thread]accdet_init_once() done.
09-02 23:50:23.764   257   257 I         : (2)[257:recovery][fgauge_read_current] final current=383 (ratio=1000)
09-02 23:50:23.764   257   257 I         : (2)[257:recovery][CH3_DBG] bat_cur = 383
09-02 23:50:23.765   257   257 I         : (0)[257:recovery][fgauge_read_current] final current=383 (ratio=1000)
09-02 23:50:23.765   257   257 I         : (0)[257:recovery][BattVoltToTemp] 612 16900 1800 -1
09-02 23:50:23.765   257   257 I         : (0)[257:recovery][force_get_tbat] 613,612,1,38,100,288 r:320 100 0
09-02 23:50:23.765   257   257 I (0)[257:recovery][force_get_tbat] t: 28 precise:288
09-02 23:50:24.202   257   257 I (0)[257:recovery]EXT4-fs (mmcblk0p16): mounted filesystem with ordered data mode. Opts:
09-02 23:50:24.203   257   257 I -(0)[257:recovery]SELinux: Context u:object_r:persist_data_file:s0 is not valid (left unmapped).
09-02 23:50:24.251   257   257 I (2)[257:recovery]EXT4-fs (dm-1): mounted filesystem without journal. Opts:
09-02 23:50:24.276   257   257 I (2)[257:recovery]EXT4-fs (dm-2): mounted filesystem without journal. Opts:
09-02 23:50:24.303   257   257 I (2)[257:recovery]EXT4-fs (dm-0): mounted filesystem without journal. Opts:
09-02 23:50:24.329   257   257 I (0)[257:recovery]EXT4-fs (mmcblk0p36): mounted filesystem with ordered data mode. Opts: noauto_da_alloc,discard
09-02 23:50:24.342   257   257 I (0)[257:recovery]EXT4-fs (dm-1): mounted filesystem without journal. Opts:
09-02 23:50:24.354   257   257 I (2)[257:recovery]EXT4-fs (dm-2): mounted filesystem without journal. Opts:
09-02 23:50:24.398   257   257 I (2)[257:recovery]F2FS-fs (mmcblk0p38): Reduce reserved blocks for root = 5871
09-02 23:50:24.416   257   257 I (2)[257:recovery]F2FS-fs (mmcblk0p38): Found nat_bits in checkpoint
09-02 23:50:24.540   173   173 W         : (0)[173:disp_check]HDJDbgESD, DSI, 1.ESD times 1
09-02 23:50:24.546   173   173 I         : (2)[173:disp_check][DISP][ESD]ESD check end, ret = 0
09-02 23:50:24.593   257   257 I (2)[257:recovery]F2FS-fs (mmcblk0p38): Mounted with checkpoint version = b1f4cf
09-02 23:50:24.617     0     0 I (2)[227:mtk-tpd][tlsc]esd_check_work: Enter
09-02 23:50:24.669   257   257 I (0)[257:recovery]EXT4-fs (dm-2): mounted filesystem without journal. Opts:
09-02 23:50:24.698   257   257 I (0)[257:recovery]EXT4-fs (dm-0): mounted filesystem without journal. Opts:
09-02 23:50:24.726   257   257 I (0)[257:recovery]EXT4-fs (mmcblk0p11): mounted filesystem with ordered data mode. Opts: discard
09-02 23:50:24.754   257   257 I (2)[257:recovery]F2FS-fs (mmcblk0p38): Reduce reserved blocks for root = 5871
09-02 23:50:24.773   257   257 I (0)[257:recovery]F2FS-fs (mmcblk0p38): Found nat_bits in checkpoint
09-02 23:50:24.949   257   257 I (2)[257:recovery]F2FS-fs (mmcblk0p38): Mounted with checkpoint version = b1f4d1
09-02 23:50:24.953   257   257 I recovery: type=1400 audit(0.0:345): avc: denied { read } for name="apex" dev="mmcblk0p38" ino=18 scontext=u:r:recovery:s0 tcontext=u:object_r:apex_data_file:s0 tclass=dir permissive=1
09-02 23:50:24.953   257   257 I recovery: type=1400 audit(0.0:346): avc: denied { open } for path="/data/apex" dev="mmcblk0p38" ino=18 scontext=u:r:recovery:s0 tcontext=u:object_r:apex_data_file:s0 tclass=dir permissive=1
09-02 23:50:24.953   257   257 I recovery: type=1400 audit(0.0:347): avc: denied { getattr } for path="/data/app-staging" dev="mmcblk0p38" ino=22 scontext=u:r:recovery:s0 tcontext=u:object_r:staging_data_file:s0 tclass=dir permissive=1
09-02 23:50:24.953   257   257 I recovery: type=1400 audit(0.0:348): avc: denied { read } for name="app-staging" dev="mmcblk0p38" ino=22 scontext=u:r:recovery:s0 tcontext=u:object_r:staging_data_file:s0 tclass=dir permissive=1
09-02 23:50:24.953   257   257 I recovery: type=1400 audit(0.0:349): avc: denied { open } for path="/data/app-staging" dev="mmcblk0p38" ino=22 scontext=u:r:recovery:s0 tcontext=u:object_r:staging_data_file:s0 tclass=dir permissive=1
09-02 23:50:24.956   257   257 I recovery: type=1400 audit(0.0:350): avc: denied { getattr } for path="/data/misc/cy+0C4tENHckMP,r+apmwB" dev="mmcblk0p38" ino=24 scontext=u:r:recovery:s0 tcontext=u:object_r:recovery_data_file:s0 tclass=dir permissive=1
09-02 23:50:24.956   257   257 I recovery: type=1400 audit(0.0:351): avc: denied { read } for name="cy+0C4tENHckMP,r+apmwB" dev="mmcblk0p38" ino=24 scontext=u:r:recovery:s0 tcontext=u:object_r:recovery_data_file:s0 tclass=dir permissive=1
09-02 23:50:24.956   257   257 I recovery: type=1400 audit(0.0:352): avc: denied { open } for path="/data/misc/cy+0C4tENHckMP,r+apmwB" dev="mmcblk0p38" ino=24 scontext=u:r:recovery:s0 tcontext=u:object_r:recovery_data_file:s0 tclass=dir permissive=1
09-02 23:50:24.956   257   257 I recovery: type=1400 audit(0.0:353): avc: denied { search } for name="cy+0C4tENHckMP,r+apmwB" dev="mmcblk0p38" ino=24 scontext=u:r:recovery:s0 tcontext=u:object_r:recovery_data_file:s0 tclass=dir permissive=1
09-02 23:50:24.956   257   257 I recovery: type=1400 audit(0.0:354): avc: denied { getattr } for path="/data/misc/cy+0C4tENHckMP,r+apmwB/ZjT8quUYeYXzGnImEZBIFFEG9nG" dev="mmcblk0p38" ino=25 scontext=u:r:recovery:s0 tcontext=u:object_r:recovery_data_file:s0 tclass=file permissive=1
09-02 23:50:24.959   257   257 I recovery: type=1400 audit(0.0:355): avc: denied { getattr } for path="/data/misc/pf5HSJR9L4hbtbggQarUoB" dev="mmcblk0p38" ino=28 scontext=u:r:recovery:s0 tcontext=u:object_r:bluetooth_data_file:s0 tclass=dir permissive=1
09-02 23:50:24.959   257   257 I recovery: type=1400 audit(0.0:356): avc: denied { read } for name="pf5HSJR9L4hbtbggQarUoB" dev="mmcblk0p38" ino=28 scontext=u:r:recovery:s0 tcontext=u:object_r:bluetooth_data_file:s0 tclass=dir permissive=1
09-02 23:50:24.959   257   257 I recovery: type=1400 audit(0.0:357): avc: denied { open } for path="/data/misc/pf5HSJR9L4hbtbggQarUoB" dev="mmcblk0p38" ino=28 scontext=u:r:recovery:s0 tcontext=u:object_r:bluetooth_data_file:s0 tclass=dir permissive=1
09-02 23:50:24.959   257   257 I recovery: type=1400 audit(0.0:358): avc: denied { search } for name="pf5HSJR9L4hbtbggQarUoB" dev="mmcblk0p38" ino=28 scontext=u:r:recovery:s0 tcontext=u:object_r:bluetooth_data_file:s0 tclass=dir permissive=1
09-02 23:50:24.959   257   257 I recovery: type=1400 audit(0.0:359): avc: denied { getattr } for path="/data/misc/pf5HSJR9L4hbtbggQarUoB/ZjYC3bysQRvp9baRXcYLxB" dev="mmcblk0p38" ino=2074 scontext=u:r:recovery:s0 tcontext=u:object_r:bluetooth_data_file:s0 tclass=file permissive=1
09-02 23:50:24.959   257   257 I recovery: type=1400 audit(0.0:360): avc: denied { getattr } for path="/data/misc/oSIlLCQ5OLJX5iyTFd+GdC/VV9Ig1DJa98jSTHxRzTe1B" dev="mmcblk0p38" ino=30 scontext=u:r:recovery:s0 tcontext=u:object_r:bluetooth_logs_data_file:s0 tclass=dir permissive=1
09-02 23:50:24.959   257   257 I recovery: type=1400 audit(0.0:361): avc: denied { read } for name="VV9Ig1DJa98jSTHxRzTe1B" dev="mmcblk0p38" ino=30 scontext=u:r:recovery:s0 tcontext=u:object_r:bluetooth_logs_data_file:s0 tclass=dir permissive=1
09-02 23:50:24.959   257   257 I recovery: type=1400 audit(0.0:362): avc: denied { open } for path="/data/misc/oSIlLCQ5OLJX5iyTFd+GdC/VV9Ig1DJa98jSTHxRzTe1B" dev="mmcblk0p38" ino=30 scontext=u:r:recovery:s0 tcontext=u:object_r:bluetooth_logs_data_file:s0 tclass=dir permissive=1
09-02 23:50:24.959   257   257 I recovery: type=1400 audit(0.0:363): avc: denied { search } for name="VV9Ig1DJa98jSTHxRzTe1B" dev="mmcblk0p38" ino=30 scontext=u:r:recovery:s0 tcontext=u:object_r:bluetooth_logs_data_file:s0 tclass=dir permissive=1
09-02 23:50:24.963   257   257 I recovery: type=1400 audit(0.0:364): avc: denied { getattr } for path="/data/misc/k6IxuqNGQkVrkGs1HBjmaA" dev="mmcblk0p38" ino=31 scontext=u:r:recovery:s0 tcontext=u:object_r:keystore_data_file:s0 tclass=dir permissive=1
09-02 23:50:24.963   257   257 I recovery: type=1400 audit(0.0:365): avc: denied { read } for name="k6IxuqNGQkVrkGs1HBjmaA" dev="mmcblk0p38" ino=31 scontext=u:r:recovery:s0 tcontext=u:object_r:keystore_data_file:s0 tclass=dir permissive=1
09-02 23:50:24.963   257   257 I recovery: type=1400 audit(0.0:366): avc: denied { open } for path="/data/misc/k6IxuqNGQkVrkGs1HBjmaA" dev="mmcblk0p38" ino=31 scontext=u:r:recovery:s0 tcontext=u:object_r:keystore_data_file:s0 tclass=dir permissive=1
09-02 23:50:24.963   257   257 I recovery: type=1400 audit(0.0:367): avc: denied { search } for name="k6IxuqNGQkVrkGs1HBjmaA" dev="mmcblk0p38" ino=31 scontext=u:r:recovery:s0 tcontext=u:object_r:keystore_data_file:s0 tclass=dir permissive=1
09-02 23:50:24.963   257   257 I recovery: type=1400 audit(0.0:368): avc: denied { getattr } for path="/data/misc/k6IxuqNGQkVrkGs1HBjmaA/Are4YmUTdt9sVuD4qTWEBA/fNjQRYQ95iiKSGwtKeUSgWJY45P0e+JsWCWvJA" dev="mmcblk0p38" ino=6333 scontext=u:r:recovery:s0 tcontext=u:object_r:keystore_data_file:s0 tclass=file permissive=1
09-02 23:50:24.963   257   257 I recovery: type=1400 audit(0.0:369): avc: denied { getattr } for path="/data/misc/jKQ2BrqB+a15ZsCkY0nv2C" dev="mmcblk0p38" ino=32 scontext=u:r:recovery:s0 tcontext=u:object_r:gatekeeper_data_file:s0 tclass=dir permissive=1
09-02 23:50:24.963   257   257 I recovery: type=1400 audit(0.0:370): avc: denied { read } for name="jKQ2BrqB+a15ZsCkY0nv2C" dev="mmcblk0p38" ino=32 scontext=u:r:recovery:s0 tcontext=u:object_r:gatekeeper_data_file:s0 tclass=dir permissive=1
09-02 23:50:24.963   257   257 I recovery: type=1400 audit(0.0:371): avc: denied { open } for path="/data/misc/jKQ2BrqB+a15ZsCkY0nv2C" dev="mmcblk0p38" ino=32 scontext=u:r:recovery:s0 tcontext=u:object_r:gatekeeper_data_file:s0 tclass=dir permissive=1
09-02 23:50:24.963   257   257 I recovery: type=1400 audit(0.0:372): avc: denied { search } for name="jKQ2BrqB+a15ZsCkY0nv2C" dev="mmcblk0p38" ino=32 scontext=u:r:recovery:s0 tcontext=u:object_r:gatekeeper_data_file:s0 tclass=dir permissive=1
09-02 23:50:24.966   257   257 I recovery: type=1400 audit(0.0:373): avc: denied { getattr } for path="/data/misc/jKQ2BrqB+a15ZsCkY0nv2C/RZ3tmPKG59xLeHVRkPjzxA" dev="mmcblk0p38" ino=3064 scontext=u:r:recovery:s0 tcontext=u:object_r:gatekeeper_data_file:s0 tclass=file permissive=1
09-02 23:50:24.966   257   257 I recovery: type=1400 audit(0.0:374): avc: denied { getattr } for path="/data/misc/7uwfvi,AL3L7TTDIAvnq0B" dev="mmcblk0p38" ino=33 scontext=u:r:recovery:s0 tcontext=u:object_r:keychain_data_file:s0 tclass=dir permissive=1
09-02 23:50:24.966   257   257 I recovery: type=1400 audit(0.0:375): avc: denied { read } for name="7uwfvi,AL3L7TTDIAvnq0B" dev="mmcblk0p38" ino=33 scontext=u:r:recovery:s0 tcontext=u:object_r:keychain_data_file:s0 tclass=dir permissive=1
09-02 23:50:24.966   257   257 I recovery: type=1400 audit(0.0:376): avc: denied { open } for path="/data/misc/7uwfvi,AL3L7TTDIAvnq0B" dev="mmcblk0p38" ino=33 scontext=u:r:recovery:s0 tcontext=u:object_r:keychain_data_file:s0 tclass=dir permissive=1
09-02 23:50:24.966   257   257 I recovery: type=1400 audit(0.0:377): avc: denied { search } for name="7uwfvi,AL3L7TTDIAvnq0B" dev="mmcblk0p38" ino=33 scontext=u:r:recovery:s0 tcontext=u:object_r:keychain_data_file:s0 tclass=dir permissive=1
09-02 23:50:24.966   257   257 I recovery: type=1400 audit(0.0:378): avc: denied { getattr } for path="/data/misc/Fj1Ok,uZ01LMdpt7jCNfDC" dev="mmcblk0p38" ino=34 scontext=u:r:recovery:s0 tcontext=u:object_r:net_data_file:s0 tclass=dir permissive=1
09-02 23:50:24.966   257   257 I recovery: type=1400 audit(0.0:379): avc: denied { read } for name="Fj1Ok,uZ01LMdpt7jCNfDC" dev="mmcblk0p38" ino=34 scontext=u:r:recovery:s0 tcontext=u:object_r:net_data_file:s0 tclass=dir permissive=1
09-02 23:50:24.966   257   257 I recovery: type=1400 audit(0.0:380): avc: denied { open } for path="/data/misc/Fj1Ok,uZ01LMdpt7jCNfDC" dev="mmcblk0p38" ino=34 scontext=u:r:recovery:s0 tcontext=u:object_r:net_data_file:s0 tclass=dir permissive=1
09-02 23:50:24.966   257   257 I recovery: type=1400 audit(0.0:381): avc: denied { search } for name="Fj1Ok,uZ01LMdpt7jCNfDC" dev="mmcblk0p38" ino=34 scontext=u:r:recovery:s0 tcontext=u:object_r:net_data_file:s0 tclass=dir permissive=1
09-02 23:50:24.966   257   257 I recovery: type=1400 audit(0.0:382): avc: denied { getattr } for path="/data/misc/Fj1Ok,uZ01LMdpt7jCNfDC/WChd2bmBwSQWade7xb8sYA" dev="mmcblk0p38" ino=241 scontext=u:r:recovery:s0 tcontext=u:object_r:net_data_file:s0 tclass=file permissive=1
09-02 23:50:24.966   257   257 I recovery: type=1400 audit(0.0:383): avc: denied { getattr } for path="/data/misc/q,rgNZrsZ+s1hDQ1VApFVB" dev="mmcblk0p38" ino=36 scontext=u:r:recovery:s0 tcontext=u:object_r:radio_data_file:s0 tclass=dir permissive=1
09-02 23:50:24.966   257   257 I recovery: type=1400 audit(0.0:384): avc: denied { read } for name="q,rgNZrsZ+s1hDQ1VApFVB" dev="mmcblk0p38" ino=36 scontext=u:r:recovery:s0 tcontext=u:object_r:radio_data_file:s0 tclass=dir permissive=1
09-02 23:50:24.966   257   257 I recovery: type=1400 audit(0.0:385): avc: denied { open } for path="/data/misc/q,rgNZrsZ+s1hDQ1VApFVB" dev="mmcblk0p38" ino=36 scontext=u:r:recovery:s0 tcontext=u:object_r:radio_data_file:s0 tclass=dir permissive=1
09-02 23:50:24.966   257   257 I recovery: type=1400 audit(0.0:386): avc: denied { search } for name="q,rgNZrsZ+s1hDQ1VApFVB" dev="mmcblk0p38" ino=36 scontext=u:r:recovery:s0 tcontext=u:object_r:radio_data_file:s0 tclass=dir permissive=1
09-02 23:50:24.969   257   257 I recovery: type=1400 audit(0.0:387): avc: denied { getattr } for path="/data/misc/nNgzaohdmUlHM5ZCmsGb+jjLqVM" dev="mmcblk0p38" ino=40 scontext=u:r:recovery:s0 tcontext=u:object_r:network_watchlist_data_file:s0 tclass=dir permissive=1
09-02 23:50:24.969   257   257 I recovery: type=1400 audit(0.0:388): avc: denied { read } for name="nNgzaohdmUlHM5ZCmsGb+jjLqVM" dev="mmcblk0p38" ino=40 scontext=u:r:recovery:s0 tcontext=u:object_r:network_watchlist_data_file:s0 tclass=dir permissive=1
09-02 23:50:24.969   257   257 I recovery: type=1400 audit(0.0:389): avc: denied { open } for path="/data/misc/nNgzaohdmUlHM5ZCmsGb+jjLqVM" dev="mmcblk0p38" ino=40 scontext=u:r:recovery:s0 tcontext=u:object_r:network_watchlist_data_file:s0 tclass=dir permissive=1
09-02 23:50:24.969   257   257 I recovery: type=1400 audit(0.0:390): avc: denied { search } for name="nNgzaohdmUlHM5ZCmsGb+jjLqVM" dev="mmcblk0p38" ino=40 scontext=u:r:recovery:s0 tcontext=u:object_r:network_watchlist_data_file:s0 tclass=dir permissive=1
09-02 23:50:24.969   257   257 I recovery: type=1400 audit(0.0:391): avc: denied { getattr } for path="/data/misc/CgxwjgqFfPnK1NtJArqUHC" dev="mmcblk0p38" ino=41 scontext=u:r:recovery:s0 tcontext=u:object_r:textclassifier_data_file:s0 tclass=dir permissive=1
09-02 23:50:24.969   257   257 I recovery: type=1400 audit(0.0:392): avc: denied { read } for name="CgxwjgqFfPnK1NtJArqUHC" dev="mmcblk0p38" ino=41 scontext=u:r:recovery:s0 tcontext=u:object_r:textclassifier_data_file:s0 tclass=dir permissive=1
09-02 23:50:24.969   257   257 I recovery: type=1400 audit(0.0:393): avc: denied { open } for path="/data/misc/CgxwjgqFfPnK1NtJArqUHC" dev="mmcblk0p38" ino=41 scontext=u:r:recovery:s0 tcontext=u:object_r:textclassifier_data_file:s0 tclass=dir permissive=1
09-02 23:50:24.969   257   257 I recovery: type=1400 audit(0.0:394): avc: denied { search } for name="CgxwjgqFfPnK1NtJArqUHC" dev="mmcblk0p38" ino=41 scontext=u:r:recovery:s0 tcontext=u:object_r:textclassifier_data_file:s0 tclass=dir permissive=1
09-02 23:50:24.969   257   257 I recovery: type=1400 audit(0.0:395): avc: denied { getattr } for path="/data/misc/itku61Wq26Nh16TARXpT1C" dev="mmcblk0p38" ino=42 scontext=u:r:recovery:s0 tcontext=u:object_r:vpn_data_file:s0 tclass=dir permissive=1
09-02 23:50:24.969   257   257 I recovery: type=1400 audit(0.0:396): avc: denied { read } for name="itku61Wq26Nh16TARXpT1C" dev="mmcblk0p38" ino=42 scontext=u:r:recovery:s0 tcontext=u:object_r:vpn_data_file:s0 tclass=dir permissive=1
09-02 23:50:24.969   257   257 I recovery: type=1400 audit(0.0:397): avc: denied { open } for path="/data/misc/itku61Wq26Nh16TARXpT1C" dev="mmcblk0p38" ino=42 scontext=u:r:recovery:s0 tcontext=u:object_r:vpn_data_file:s0 tclass=dir permissive=1
09-02 23:50:24.969   257   257 I recovery: type=1400 audit(0.0:398): avc: denied { search } for name="itku61Wq26Nh16TARXpT1C" dev="mmcblk0p38" ino=42 scontext=u:r:recovery:s0 tcontext=u:object_r:vpn_data_file:s0 tclass=dir permissive=1
09-02 23:50:24.969   257   257 I recovery: type=1400 audit(0.0:399): avc: denied { getattr } for path="/data/misc/iloNt+SmK9PFOzBuN1IV9C" dev="mmcblk0p38" ino=43 scontext=u:r:recovery:s0 tcontext=u:object_r:shared_relro_file:s0 tclass=dir permissive=1
09-02 23:50:24.969   257   257 I recovery: type=1400 audit(0.0:400): avc: denied { read } for name="iloNt+SmK9PFOzBuN1IV9C" dev="mmcblk0p38" ino=43 scontext=u:r:recovery:s0 tcontext=u:object_r:shared_relro_file:s0 tclass=dir permissive=1
09-02 23:50:24.969   257   257 I recovery: type=1400 audit(0.0:401): avc: denied { open } for path="/data/misc/iloNt+SmK9PFOzBuN1IV9C" dev="mmcblk0p38" ino=43 scontext=u:r:recovery:s0 tcontext=u:object_r:shared_relro_file:s0 tclass=dir permissive=1
09-02 23:50:24.969   257   257 I recovery: type=1400 audit(0.0:402): avc: denied { search } for name="iloNt+SmK9PFOzBuN1IV9C" dev="mmcblk0p38" ino=43 scontext=u:r:recovery:s0 tcontext=u:object_r:shared_relro_file:s0 tclass=dir permissive=1
09-02 23:50:24.969   257   257 I recovery: type=1400 audit(0.0:403): avc: denied { getattr } for path="/data/misc/iloNt+SmK9PFOzBuN1IV9C/l1YBFO2JvenQ+bo51tcV8TwH3nRp5u9ODwHWNA" dev="mmcblk0p38" ino=21892 scontext=u:r:recovery:s0 tcontext=u:object_r:shared_relro_file:s0 tclass=file permissive=1
09-02 23:50:24.969   257   257 I recovery: type=1400 audit(0.0:404): avc: denied { getattr } for path="/data/misc/rrVDej1joYlW3XrybMTTmC" dev="mmcblk0p38" ino=44 scontext=u:r:recovery:s0 tcontext=u:object_r:systemkeys_data_file:s0 tclass=dir permissive=1
09-02 23:50:24.969   257   257 I recovery: type=1400 audit(0.0:405): avc: denied { read } for name="rrVDej1joYlW3XrybMTTmC" dev="mmcblk0p38" ino=44 scontext=u:r:recovery:s0 tcontext=u:object_r:systemkeys_data_file:s0 tclass=dir permissive=1
09-02 23:50:24.969   257   257 I recovery: type=1400 audit(0.0:406): avc: denied { open } for path="/data/misc/rrVDej1joYlW3XrybMTTmC" dev="mmcblk0p38" ino=44 scontext=u:r:recovery:s0 tcontext=u:object_r:systemkeys_data_file:s0 tclass=dir permissive=1
09-02 23:50:24.969   257   257 I recovery: type=1400 audit(0.0:407): avc: denied { search } for name="rrVDej1joYlW3XrybMTTmC" dev="mmcblk0p38" ino=44 scontext=u:r:recovery:s0 tcontext=u:object_r:systemkeys_data_file:s0 tclass=dir permissive=1
09-02 23:50:24.973   257   257 I recovery: type=1400 audit(0.0:408): avc: denied { getattr } for path="/data/misc/vyMUFq39eA1WKyzliFrn8A" dev="mmcblk0p38" ino=45 scontext=u:r:recovery:s0 tcontext=u:object_r:wifi_data_file:s0 tclass=dir permissive=1
09-02 23:50:24.973   257   257 I recovery: type=1400 audit(0.0:409): avc: denied { read } for name="vyMUFq39eA1WKyzliFrn8A" dev="mmcblk0p38" ino=45 scontext=u:r:recovery:s0 tcontext=u:object_r:wifi_data_file:s0 tclass=dir permissive=1
09-02 23:50:24.973   257   257 I recovery: type=1400 audit(0.0:410): avc: denied { open } for path="/data/misc/vyMUFq39eA1WKyzliFrn8A" dev="mmcblk0p38" ino=45 scontext=u:r:recovery:s0 tcontext=u:object_r:wifi_data_file:s0 tclass=dir permissive=1
09-02 23:50:24.973   257   257 I recovery: type=1400 audit(0.0:411): avc: denied { search } for name="vyMUFq39eA1WKyzliFrn8A" dev="mmcblk0p38" ino=45 scontext=u:r:recovery:s0 tcontext=u:object_r:wifi_data_file:s0 tclass=dir permissive=1
09-02 23:50:24.973   257   257 I recovery: type=1400 audit(0.0:412): avc: denied { getattr } for path="/data/misc/vyMUFq39eA1WKyzliFrn8A/hY38f2EKcwdIozZNNlctDA" dev="mmcblk0p38" ino=46 scontext=u:r:recovery:s0 tcontext=u:object_r:wpa_socket:s0 tclass=dir permissive=1
09-02 23:50:24.973   257   257 I recovery: type=1400 audit(0.0:413): avc: denied { read } for name="hY38f2EKcwdIozZNNlctDA" dev="mmcblk0p38" ino=46 scontext=u:r:recovery:s0 tcontext=u:object_r:wpa_socket:s0 tclass=dir permissive=1
09-02 23:50:24.973   257   257 I recovery: type=1400 audit(0.0:414): avc: denied { open } for path="/data/misc/vyMUFq39eA1WKyzliFrn8A/hY38f2EKcwdIozZNNlctDA" dev="mmcblk0p38" ino=46 scontext=u:r:recovery:s0 tcontext=u:object_r:wpa_socket:s0 tclass=dir permissive=1
09-02 23:50:24.973   257   257 I recovery: type=1400 audit(0.0:415): avc: denied { search } for name="hY38f2EKcwdIozZNNlctDA" dev="mmcblk0p38" ino=46 scontext=u:r:recovery:s0 tcontext=u:object_r:wpa_socket:s0 tclass=dir permissive=1
09-02 23:50:24.973   257   257 I recovery: type=1400 audit(0.0:416): avc: denied { getattr } for path="/data/misc/vyMUFq39eA1WKyzliFrn8A/cFsIpcyFHQ7FA0xNvHF4DB" dev="mmcblk0p38" ino=1744 scontext=u:r:recovery:s0 tcontext=u:object_r:wifi_data_file:s0 tclass=file permissive=1
09-02 23:50:24.973   257   257 I recovery: type=1400 audit(0.0:417): avc: denied { getattr } for path="/data/misc/khaa3cKq7pwxHBirIFUZMB" dev="mmcblk0p38" ino=49 scontext=u:r:recovery:s0 tcontext=u:object_r:dhcp_data_file:s0 tclass=dir permissive=1
09-02 23:50:24.973   257   257 I recovery: type=1400 audit(0.0:418): avc: denied { read } for name="khaa3cKq7pwxHBirIFUZMB" dev="mmcblk0p38" ino=49 scontext=u:r:recovery:s0 tcontext=u:object_r:dhcp_data_file:s0 tclass=dir permissive=1
09-02 23:50:24.973   257   257 I recovery: type=1400 audit(0.0:419): avc: denied { open } for path="/data/misc/khaa3cKq7pwxHBirIFUZMB" dev="mmcblk0p38" ino=49 scontext=u:r:recovery:s0 tcontext=u:object_r:dhcp_data_file:s0 tclass=dir permissive=1
09-02 23:50:24.973   257   257 I recovery: type=1400 audit(0.0:420): avc: denied { search } for name="khaa3cKq7pwxHBirIFUZMB" dev="mmcblk0p38" ino=49 scontext=u:r:recovery:s0 tcontext=u:object_r:dhcp_data_file:s0 tclass=dir permissive=1
09-02 23:50:24.973   257   257 I recovery: type=1400 audit(0.0:421): avc: denied { getattr } for path="/data/misc/KS2B6MKCTn0z0zEhxCp6NB" dev="mmcblk0p38" ino=50 scontext=u:r:recovery:s0 tcontext=u:object_r:misc_user_data_file:s0 tclass=dir permissive=1
09-02 23:50:24.973   257   257 I recovery: type=1400 audit(0.0:422): avc: denied { read } for name="KS2B6MKCTn0z0zEhxCp6NB" dev="mmcblk0p38" ino=50 scontext=u:r:recovery:s0 tcontext=u:object_r:misc_user_data_file:s0 tclass=dir permissive=1
09-02 23:50:24.973   257   257 I recovery: type=1400 audit(0.0:423): avc: denied { open } for path="/data/misc/KS2B6MKCTn0z0zEhxCp6NB" dev="mmcblk0p38" ino=50 scontext=u:r:recovery:s0 tcontext=u:object_r:misc_user_data_file:s0 tclass=dir permissive=1
09-02 23:50:24.976   257   257 I recovery: type=1400 audit(0.0:424): avc: denied { search } for name="KS2B6MKCTn0z0zEhxCp6NB" dev="mmcblk0p38" ino=50 scontext=u:r:recovery:s0 tcontext=u:object_r:misc_user_data_file:s0 tclass=dir permissive=1
09-02 23:50:24.976   257   257 I recovery: type=1400 audit(0.0:425): avc: denied { getattr } for path="/data/misc/4JRPetMK+zuZ3KH6EwWV0B" dev="mmcblk0p38" ino=53 scontext=u:r:recovery:s0 tcontext=u:object_r:media_data_file:s0 tclass=dir permissive=1
09-02 23:50:24.976   257   257 I recovery: type=1400 audit(0.0:426): avc: denied { read } for name="4JRPetMK+zuZ3KH6EwWV0B" dev="mmcblk0p38" ino=53 scontext=u:r:recovery:s0 tcontext=u:object_r:media_data_file:s0 tclass=dir permissive=1
09-02 23:50:24.976   257   257 I recovery: type=1400 audit(0.0:427): avc: denied { open } for path="/data/misc/4JRPetMK+zuZ3KH6EwWV0B" dev="mmcblk0p38" ino=53 scontext=u:r:recovery:s0 tcontext=u:object_r:media_data_file:s0 tclass=dir permissive=1
09-02 23:50:24.976   257   257 I recovery: type=1400 audit(0.0:428): avc: denied { search } for name="4JRPetMK+zuZ3KH6EwWV0B" dev="mmcblk0p38" ino=53 scontext=u:r:recovery:s0 tcontext=u:object_r:media_data_file:s0 tclass=dir permissive=1
09-02 23:50:24.976   257   257 I recovery: type=1400 audit(0.0:429): avc: denied { getattr } for path="/data/misc/x79uTHxYHrcVuBk,lo71sC" dev="mmcblk0p38" ino=54 scontext=u:r:recovery:s0 tcontext=u:object_r:audioserver_data_file:s0 tclass=dir permissive=1
09-02 23:50:24.976   257   257 I recovery: type=1400 audit(0.0:430): avc: denied { read } for name="x79uTHxYHrcVuBk,lo71sC" dev="mmcblk0p38" ino=54 scontext=u:r:recovery:s0 tcontext=u:object_r:audioserver_data_file:s0 tclass=dir permissive=1
09-02 23:50:24.976   257   257 I recovery: type=1400 audit(0.0:431): avc: denied { open } for path="/data/misc/x79uTHxYHrcVuBk,lo71sC" dev="mmcblk0p38" ino=54 scontext=u:r:recovery:s0 tcontext=u:object_r:audioserver_data_file:s0 tclass=dir permissive=1
09-02 23:50:24.976   257   257 I recovery: type=1400 audit(0.0:432): avc: denied { search } for name="x79uTHxYHrcVuBk,lo71sC" dev="mmcblk0p38" ino=54 scontext=u:r:recovery:s0 tcontext=u:object_r:audioserver_data_file:s0 tclass=dir permissive=1
09-02 23:50:24.976   257   257 I recovery: type=1400 audit(0.0:433): avc: denied { getattr } for path="/data/misc/fPHtn,WYlebNVxcBzatasC" dev="mmcblk0p38" ino=56 scontext=u:r:recovery:s0 tcontext=u:object_r:vold_data_file:s0 tclass=dir permissive=1
09-02 23:50:24.976   257   257 I recovery: type=1400 audit(0.0:434): avc: denied { read } for name="fPHtn,WYlebNVxcBzatasC" dev="mmcblk0p38" ino=56 scontext=u:r:recovery:s0 tcontext=u:object_r:vold_data_file:s0 tclass=dir permissive=1
09-02 23:50:24.976   257   257 I recovery: type=1400 audit(0.0:435): avc: denied { open } for path="/data/misc/fPHtn,WYlebNVxcBzatasC" dev="mmcblk0p38" ino=56 scontext=u:r:recovery:s0 tcontext=u:object_r:vold_data_file:s0 tclass=dir permissive=1
09-02 23:50:24.976   257   257 I recovery: type=1400 audit(0.0:436): avc: denied { search } for name="fPHtn,WYlebNVxcBzatasC" dev="mmcblk0p38" ino=56 scontext=u:r:recovery:s0 tcontext=u:object_r:vold_data_file:s0 tclass=dir permissive=1
09-02 23:50:24.979   257   257 I recovery: type=1400 audit(0.0:437): avc: denied { getattr } for path="/data/misc/fPHtn,WYlebNVxcBzatasC/kadICkKgStAnOwOWKhyxYD/hrqzrBMdf0buiFAcnC78kA/sq3ebnjrtxUrQwVo0OAZLA/3vbCHjdjTZiuOp3TFxW11C/,BlrWis5lJGG6BcCW7C8TB" dev="mmcblk0p38" ino=118 scontext=u:r:recovery:s0 tcontext=u:object_r:vold_data_file:s0 tclass=file permissive=1
09-02 23:50:24.980   257   257 I -(2)[257:recovery]SELinux: Context u:object_r:perfprofd_data_file:s0 is not valid (left unmapped).
09-02 23:50:24.983   257   257 I recovery: type=1400 audit(0.0:438): avc: denied { getattr } for path="/data/misc/su9pHd2MVh6SGJYq8ezK+A" dev="mmcblk0p38" ino=57 scontext=u:r:recovery:s0 tcontext=u:object_r:boottrace_data_file:s0 tclass=dir permissive=1
09-02 23:50:24.983   257   257 I recovery: type=1400 audit(0.0:439): avc: denied { read } for name="su9pHd2MVh6SGJYq8ezK+A" dev="mmcblk0p38" ino=57 scontext=u:r:recovery:s0 tcontext=u:object_r:boottrace_data_file:s0 tclass=dir permissive=1
09-02 23:50:24.983   257   257 I recovery: type=1400 audit(0.0:440): avc: denied { open } for path="/data/misc/su9pHd2MVh6SGJYq8ezK+A" dev="mmcblk0p38" ino=57 scontext=u:r:recovery:s0 tcontext=u:object_r:boottrace_data_file:s0 tclass=dir permissive=1
09-02 23:50:24.983   257   257 I recovery: type=1400 audit(0.0:441): avc: denied { search } for name="su9pHd2MVh6SGJYq8ezK+A" dev="mmcblk0p38" ino=57 scontext=u:r:recovery:s0 tcontext=u:object_r:boottrace_data_file:s0 tclass=dir permissive=1
09-02 23:50:24.983   257   257 I recovery: type=1400 audit(0.0:442): avc: denied { getattr } for path="/data/misc/YMwFyY3oo1qC0W1dsPfV8D" dev="mmcblk0p38" ino=58 scontext=u:r:recovery:s0 tcontext=u:object_r:update_engine_data_file:s0 tclass=dir permissive=1
09-02 23:50:24.983   257   257 I recovery: type=1400 audit(0.0:443): avc: denied { read } for name="YMwFyY3oo1qC0W1dsPfV8D" dev="mmcblk0p38" ino=58 scontext=u:r:recovery:s0 tcontext=u:object_r:update_engine_data_file:s0 tclass=dir permissive=1
09-02 23:50:24.983   257   257 I recovery: type=1400 audit(0.0:444): avc: denied { open } for path="/data/misc/YMwFyY3oo1qC0W1dsPfV8D" dev="mmcblk0p38" ino=58 scontext=u:r:recovery:s0 tcontext=u:object_r:update_engine_data_file:s0 tclass=dir permissive=1
09-02 23:50:24.983   257   257 I recovery: type=1400 audit(0.0:445): avc: denied { search } for name="YMwFyY3oo1qC0W1dsPfV8D" dev="mmcblk0p38" ino=58 scontext=u:r:recovery:s0 tcontext=u:object_r:update_engine_data_file:s0 tclass=dir permissive=1
09-02 23:50:24.983   257   257 I recovery: type=1400 audit(0.0:446): avc: denied { getattr } for path="/data/misc/nTfHyCYpin13Rr9nFOKEUU4m4xJ" dev="mmcblk0p38" ino=59 scontext=u:r:recovery:s0 tcontext=u:object_r:update_engine_log_data_file:s0 tclass=dir permissive=1
09-02 23:50:24.983   257   257 I recovery: type=1400 audit(0.0:447): avc: denied { read } for name="nTfHyCYpin13Rr9nFOKEUU4m4xJ" dev="mmcblk0p38" ino=59 scontext=u:r:recovery:s0 tcontext=u:object_r:update_engine_log_data_file:s0 tclass=dir permissive=1
09-02 23:50:24.983   257   257 I recovery: type=1400 audit(0.0:448): avc: denied { open } for path="/data/misc/nTfHyCYpin13Rr9nFOKEUU4m4xJ" dev="mmcblk0p38" ino=59 scontext=u:r:recovery:s0 tcontext=u:object_r:update_engine_log_data_file:s0 tclass=dir permissive=1
09-02 23:50:24.983   257   257 I recovery: type=1400 audit(0.0:449): avc: denied { search } for name="nTfHyCYpin13Rr9nFOKEUU4m4xJ" dev="mmcblk0p38" ino=59 scontext=u:r:recovery:s0 tcontext=u:object_r:update_engine_log_data_file:s0 tclass=dir permissive=1
09-02 23:50:24.983   257   257 I recovery: type=1400 audit(0.0:450): avc: denied { getattr } for path="/data/misc/313UdRdqjsDI+wJC9lldjC" dev="mmcblk0p38" ino=60 scontext=u:r:recovery:s0 tcontext=u:object_r:method_trace_data_file:s0 tclass=dir permissive=1
09-02 23:50:24.983   257   257 I recovery: type=1400 audit(0.0:451): avc: denied { read } for name="313UdRdqjsDI+wJC9lldjC" dev="mmcblk0p38" ino=60 scontext=u:r:recovery:s0 tcontext=u:object_r:method_trace_data_file:s0 tclass=dir permissive=1
09-02 23:50:24.983   257   257 I recovery: type=1400 audit(0.0:452): avc: denied { open } for path="/data/misc/313UdRdqjsDI+wJC9lldjC" dev="mmcblk0p38" ino=60 scontext=u:r:recovery:s0 tcontext=u:object_r:method_trace_data_file:s0 tclass=dir permissive=1
09-02 23:50:24.983   257   257 I recovery: type=1400 audit(0.0:453): avc: denied { search } for name="313UdRdqjsDI+wJC9lldjC" dev="mmcblk0p38" ino=60 scontext=u:r:recovery:s0 tcontext=u:object_r:method_trace_data_file:s0 tclass=dir permissive=1
09-02 23:50:24.983   257   257 I recovery: type=1400 audit(0.0:454): avc: denied { getattr } for path="/data/misc/GtJtoNGXxR53ffWDp7Pl9A" dev="mmcblk0p38" ino=61 scontext=u:r:recovery:s0 tcontext=u:object_r:wm_trace_data_file:s0 tclass=dir permissive=1
09-02 23:50:24.983   257   257 I recovery: type=1400 audit(0.0:455): avc: denied { read } for name="GtJtoNGXxR53ffWDp7Pl9A" dev="mmcblk0p38" ino=61 scontext=u:r:recovery:s0 tcontext=u:object_r:wm_trace_data_file:s0 tclass=dir permissive=1
09-02 23:50:24.983   257   257 I recovery: type=1400 audit(0.0:456): avc: denied { open } for path="/data/misc/GtJtoNGXxR53ffWDp7Pl9A" dev="mmcblk0p38" ino=61 scontext=u:r:recovery:s0 tcontext=u:object_r:wm_trace_data_file:s0 tclass=dir permissive=1
09-02 23:50:24.983   257   257 I recovery: type=1400 audit(0.0:457): avc: denied { search } for name="GtJtoNGXxR53ffWDp7Pl9A" dev="mmcblk0p38" ino=61 scontext=u:r:recovery:s0 tcontext=u:object_r:wm_trace_data_file:s0 tclass=dir permissive=1
09-02 23:50:24.986   257   257 I recovery: type=1400 audit(0.0:458): avc: denied { getattr } for path="/data/misc/IimZhX,EL3hX2B6ovALOuC/,WIY9PbAQWc3bGqvLaBHDA" dev="mmcblk0p38" ino=63 scontext=u:r:recovery:s0 tcontext=u:object_r:user_profile_data_file:s0 tclass=dir permissive=1
09-02 23:50:24.986   257   257 I recovery: type=1400 audit(0.0:459): avc: denied { read } for name=",WIY9PbAQWc3bGqvLaBHDA" dev="mmcblk0p38" ino=63 scontext=u:r:recovery:s0 tcontext=u:object_r:user_profile_data_file:s0 tclass=dir permissive=1
09-02 23:50:24.986   257   257 I recovery: type=1400 audit(0.0:460): avc: denied { open } for path="/data/misc/IimZhX,EL3hX2B6ovALOuC/,WIY9PbAQWc3bGqvLaBHDA" dev="mmcblk0p38" ino=63 scontext=u:r:recovery:s0 tcontext=u:object_r:user_profile_data_file:s0 tclass=dir permissive=1
09-02 23:50:24.986   257   257 I recovery: type=1400 audit(0.0:461): avc: denied { search } for name=",WIY9PbAQWc3bGqvLaBHDA" dev="mmcblk0p38" ino=63 scontext=u:r:recovery:s0 tcontext=u:object_r:user_profile_data_file:s0 tclass=dir permissive=1
09-02 23:50:24.989   257   257 I recovery: type=1400 audit(0.0:462): avc: denied { getattr } for path="/data/misc/IimZhX,EL3hX2B6ovALOuC/,WIY9PbAQWc3bGqvLaBHDA/guvxDABRqX,JdRvIp5UilB/khoXM4I5YEWCoJzR6vY2oB/+n8xuZSgCP9jq7U8l8GCAD" dev="mmcblk0p38" ino=479 scontext=u:r:recovery:s0 tcontext=u:object_r:user_profile_data_file:s0 tclass=file permissive=1
09-02 23:50:25.199   257   257 I recovery: type=1400 audit(0.0:463): avc: denied { getattr } for path="/data/misc/NqmlKu0MaFLk7DcGaEGTZA" dev="mmcblk0p38" ino=65 scontext=u:r:recovery:s0 tcontext=u:object_r:profman_dump_data_file:s0 tclass=dir permissive=1
09-02 23:50:25.199   257   257 I recovery: type=1400 audit(0.0:464): avc: denied { read } for name="NqmlKu0MaFLk7DcGaEGTZA" dev="mmcblk0p38" ino=65 scontext=u:r:recovery:s0 tcontext=u:object_r:profman_dump_data_file:s0 tclass=dir permissive=1
09-02 23:50:25.199   257   257 I recovery: type=1400 audit(0.0:465): avc: denied { open } for path="/data/misc/NqmlKu0MaFLk7DcGaEGTZA" dev="mmcblk0p38" ino=65 scontext=u:r:recovery:s0 tcontext=u:object_r:profman_dump_data_file:s0 tclass=dir permissive=1
09-02 23:50:25.199   257   257 I recovery: type=1400 audit(0.0:466): avc: denied { search } for name="NqmlKu0MaFLk7DcGaEGTZA" dev="mmcblk0p38" ino=65 scontext=u:r:recovery:s0 tcontext=u:object_r:profman_dump_data_file:s0 tclass=dir permissive=1
09-02 23:50:25.199   257   257 I recovery: type=1400 audit(0.0:467): avc: denied { getattr } for path="/data/misc/dIwAGDpT10rtwGUemnRmZC" dev="mmcblk0p38" ino=140 scontext=u:r:recovery:s0 tcontext=u:object_r:adb_keys_file:s0 tclass=dir permissive=1
09-02 23:50:25.199   257   257 I recovery: type=1400 audit(0.0:468): avc: denied { read } for name="dIwAGDpT10rtwGUemnRmZC" dev="mmcblk0p38" ino=140 scontext=u:r:recovery:s0 tcontext=u:object_r:adb_keys_file:s0 tclass=dir permissive=1
