02-02 04:30:02.435     1     1 I         : (0)[1:swapper/0][Power/PPM] [2][9] = (338, 1500)
02-02 04:30:02.435     1     1 I         : (0)[1:swapper/0][Power/PPM] [2][10] = (285, 1350)
02-02 04:30:02.435     1     1 I         : (0)[1:swapper/0][Power/PPM] [2][11] = (247, 1200)
02-02 04:30:02.435     1     1 I         : (0)[1:swapper/0][Power/PPM] [2][12] = (210, 1050)
02-02 04:30:02.436     1     1 I         : (0)[1:swapper/0][Power/PPM] [2][13] = (154, 798)
02-02 04:30:02.436     1     1 I         : (0)[1:swapper/0][Power/PPM] [2][14] = (120, 648)
02-02 04:30:02.436     1     1 I         : (0)[1:swapper/0][Power/PPM] [2][15] = (104, 573)
02-02 04:30:02.436     1     1 I         : (0)[1:swapper/0][Power/PPM] [3][0] = (1156, 4096)
02-02 04:30:02.436     1     1 I         : (0)[1:swapper/0][Power/PPM] [3][1] = (1013, 3728)
02-02 04:30:02.436     1     1 I         : (0)[1:swapper/0][Power/PPM] [3][2] = (871, 3364)
02-02 04:30:02.436     1     1 I         : (0)[1:swapper/0][Power/PPM] [3][3] = (755, 2996)
02-02 04:30:02.436     1     1 I         : (0)[1:swapper/0][Power/PPM] [3][4] = (688, 2832)
02-02 04:30:02.436     1     1 I         : (0)[1:swapper/0][Power/PPM] [3][5] = (642, 2696)
02-02 04:30:02.436     1     1 I         : (0)[1:swapper/0][Power/PPM] [3][6] = (599, 2564)
02-02 04:30:02.436     1     1 I         : (0)[1:swapper/0][Power/PPM] [3][7] = (563, 2432)
02-02 04:30:02.436     1     1 I         : (0)[1:swapper/0][Power/PPM] [3][8] = (494, 2196)
02-02 04:30:02.436     1     1 I         : (0)[1:swapper/0][Power/PPM] [3][9] = (441, 2000)
02-02 04:30:02.436     1     1 I         : (0)[1:swapper/0][Power/PPM] [3][10] = (373, 1800)
02-02 04:30:02.436     1     1 I         : (0)[1:swapper/0][Power/PPM] [3][11] = (322, 1600)
02-02 04:30:02.436     1     1 I         : (0)[1:swapper/0][Power/PPM] [3][12] = (275, 1400)
02-02 04:30:02.436     1     1 I         : (0)[1:swapper/0][Power/PPM] [3][13] = (201, 1064)
02-02 04:30:02.436     1     1 I         : (0)[1:swapper/0][Power/PPM] [3][14] = (157, 864)
02-02 04:30:02.436     1     1 I         : (0)[1:swapper/0][Power/PPM] [3][15] = (136, 764)
02-02 04:30:02.436     1     1 I         : (0)[1:swapper/0][Power/PPM] COBRA init done!
02-02 04:30:02.436     1     1 I         : (0)[1:swapper/0][Power/PPM] power data init done!
02-02 04:30:02.436     1     1 W         : (0)[1:swapper/0][name:spm&][SPM] pmic_ver 2
02-02 04:30:02.436     1     1 W         : (0)[1:swapper/0][name:spm&][SPM] spm_base = 01332a03, sleep_reg_md_base = 9c106a8f, spm_irq_0 = 230
02-02 04:30:02.436     1     1 W         : (0)[1:swapper/0][name:spm&][SPM] edge trigger irqs: 234, 249
02-02 04:30:02.436     1     1 W (0)[1:swapper/0][name:spm&][SPM] dram_rank_num: 1
02-02 04:30:02.436     1     1 W         : (0)[1:swapper/0][name:spm&][SPM] dummy read addr: rank0: 0x765cf000, rank1: 0x765cf000
02-02 04:30:02.436     1     1 W         : (0)[1:swapper/0][name:spm&][SPM] dummy read addr(4GB: 0): rank0: 0x765cf000, rank1: 0x765cf000
02-02 04:30:02.436     1     1 W         : (0)[1:swapper/0][name:spm&][SODI3] spm_sodi3_init
02-02 04:30:02.437     1     1 W         : (0)[1:swapper/0][name:spm&]#@# spm_module_init(727) is_ext_buck_exist() 0x0
02-02 04:30:02.437     1     1 W (0)[1:swapper/0][name:spm&][VcoreFS] spm_dvfsrc_register_init: dvfsrc_base = 84969d59
02-02 04:30:02.437     1     1 W (0)[1:swapper/0][name:spm&][VcoreFS] dram_issue: 0x0
02-02 04:30:02.437     1     1 W (0)[1:swapper/0][name:spm&][VcoreFS] pcm_flag: 0x418
02-02 04:30:02.437     1     1 W         : (0)[1:swapper/0][name:spm&][VcoreFS] [spm_go_to_vcorefs] done
02-02 04:30:02.437     1     1 W         : (0)[1:swapper/0][name:spm&][VcoreFS] [spm_vcorefs_init] VCORE DVFS IS DISABLE
02-02 04:30:02.437     1     1 W (0)[1:swapper/0][name:spm&][SPM] PWAKE_EN: 1, PCMWDT_EN:1, BYPASS_SYSPWREQ:1
02-02 04:30:02.437     1     1 W (0)[1:swapper/0][name:spm&][SLP] SLEEP_DPIDLE_EN: 1, REPLACE_DEF_WAKESRC:0, SUSPEND_LOG_EN:1
02-02 04:30:02.438     1     1 I         : (0)[1:swapper/0][Power/dcm] weak function of dcm_pre_init
02-02 04:30:02.438     1     1 I (0)[1:swapper/0][Power/dcm] [dcm_set_default]type: 0x00000007, init_dcm_type=0x7, INIT_DCM_TYPE_BY_K=0x0
02-02 04:30:02.438     1     1 I         : (0)[1:swapper/0][Power/dcm] [     ARMCORE_DCM 0x00000001] current state:1 (0)
02-02 04:30:02.438     1     1 I         : (0)[1:swapper/0][Power/dcm] [      MCUSYS_DCM 0x00000002] current state:1 (0)
02-02 04:30:02.438     1     1 I         : (0)[1:swapper/0][Power/dcm] [       INFRA_DCM 0x00000004] current state:1 (0)
02-02 04:30:02.438     1     1 I         : (0)[1:swapper/0][Power/dcm]
02-02 04:30:02.438     0     0 I         : ******** dcm dump register *********
02-02 04:30:02.438     1     1 I         : (0)[1:swapper/0][Power/dcm] INFRA_BUS_DCM_CTRL            (0xe81fc070): 0x40ff4203
02-02 04:30:02.438     1     1 I         : (0)[1:swapper/0][Power/dcm] PERI_BUS_DCM_CTRL             (0xe81fc074): 0xb07f83e3
02-02 04:30:02.438     1     1 I         : (0)[1:swapper/0][Power/dcm] MEM_DCM_CTRL                  (0xe81fc078): 0x03e007be
02-02 04:30:02.438     1     1 I         : (0)[1:swapper/0][Power/dcm] DFS_MEM_DCM_CTRL              (0xe81fc07c): 0x00000000
02-02 04:30:02.438     1     1 I         : (0)[1:swapper/0][Power/dcm] P2P_RX_CLK_ON                 (0xe81fc0a0): 0x00000000
02-02 04:30:02.438     1     1 I         : (0)[1:swapper/0][Power/dcm] INFRA_TOPCKGEN_DCMCTL         (0xe81fe008): 0x00000004
02-02 04:30:02.438     1     1 I         : (0)[1:swapper/0][Power/dcm] DRAMC_DRAMC_PD_CTRL           (0xe82ac1dc): 0xd365487a
02-02 04:30:02.438     1     1 I         : (0)[1:swapper/0][Power/dcm] L2C_SRAM_CTRL                 (0xe82aa648): 0x000c0081
02-02 04:30:02.438     1     1 I         : (0)[1:swapper/0][Power/dcm] CCI_CLK_CTRL                  (0xe82aa660): 0x00000157
02-02 04:30:02.438     1     1 I         : (0)[1:swapper/0][Power/dcm] BUS_FABRIC_DCM_CTRL           (0xe82aa668): 0x00040303
02-02 04:30:02.438     1     1 I         : (0)[1:swapper/0][Power/dcm] MCU_MISC_DCM_CTRL             (0xe82aa66c): 0x00000001
02-02 04:30:02.438     1     1 I         : (0)[1:swapper/0][Power/dcm] EMI_CONM                      (0xe82ae060): 0x000006b0
02-02 04:30:02.438     1     1 I         : (0)[1:swapper/0][Power/dcm] EMI_CONN                      (0xe82ae068): 0x00000000
02-02 04:30:02.438     1     1 I         : (0)[1:swapper/0][Power/dcm] CHN0_EMI_CHN_EMI_CONB         (0xe82b0008): 0x00000040
02-02 04:30:02.438     1     1 I         : (0)[1:swapper/0][Power/dcm] weak function of dcm_set_hotplug_nb
02-02 04:30:02.438     1     1 I         : (0)[1:swapper/0]mcdi_init
02-02 04:30:02.438     1     1 W         : (0)[1:swapper/0][MCDI] load mcupmfw fail(smc fail - 0xf)
02-02 04:30:02.438     1     1 I (0)[1:swapper/0]set_mcdi_s_state: 5
02-02 04:30:02.438    28    28 I (0)[28:kworker/0:1][MUSB]usb20_check_vbus_on 135: vbus_on<0>
02-02 04:30:02.438    28    28 I (0)[28:kworker/0:1]charger type: charger IN
02-02 04:30:02.438     1     1 I         : (0)[1:swapper/0][pmic_register_interrupt_callback] intNo=54, callback=chrdet_int_handler
02-02 04:30:02.438     1     1 I         : (0)[1:swapper/0][pmic_enable_interrupt] intNo=54, en=1, depth=0
02-02 04:30:02.438     1     1 I         : (0)[1:swapper/0][mmdvfs]force set step invalid: 0
02-02 04:30:02.438     1     1 I         : (0)[1:swapper/0][mmdvfs]force set step0 when late_init
02-02 04:30:02.438     1     1 I (0)[1:swapper/0][TMEM]trusted_mem_init: 385
02-02 04:30:02.438     1     1 I (0)[1:swapper/0][TMEM]trusted_mem_init: 389 (end)
02-02 04:30:02.442    81    81 I         : (2)[81:kworker/2:1][msdc]msdc0 -> !!! Set<200000KHz> Source<383999KHz> -> sclk<191999KHz> timing<9> mode<0> div<0> hs400_div_dis<0>
02-02 04:30:02.442     1     1 I         : (0)[1:swapper/0]mult=161319385, shift=21, maxsec=5000
02-02 04:30:02.442     1     1 I (0)[1:swapper/0]enabled: 1, support_sysram: 1
02-02 04:30:02.443    81    81 I         : (2)[81:kworker/2:1][AUTOK]eMMC HS200 Tune
02-02 04:30:02.447    81    81 I         : (2)[81:kworker/2:1][AUTOK]CMD 0 	 31 	 OOOOOOOOOOOOOOOOOOOOOOOOOOXXXXXXXOOOOOOOOOOOOOOOOOOOOOOOOOOOOOOO
02-02 04:30:02.449     1     1 E (1)[1:swapper/0]PVR_K: 1: irq_res = 0x119
02-02 04:30:02.449     1     1 E (1)[1:swapper/0]PVR_K: 1: reg_res = 0x13000000, 0x80000
02-02 04:30:02.449     1     1 W (1)[1:swapper/0][Power/gpufreq] [WARNING]@mt_gpufreq_voltage_enable_set: vcorefs_request_dvfs_opp fail! volt 115000
02-02 04:30:02.449     1     1 I chatty  : uid=1036(auditd) identical 2 lines
02-02 04:30:02.449     1     1 W (1)[1:swapper/0][Power/gpufreq] [WARNING]@mt_gpufreq_voltage_enable_set: vcorefs_request_dvfs_opp fail! volt 115000
02-02 04:30:02.449     1     1 E (1)[1:swapper/0]PVR_K: 1: Read BVNC 22.49.21.16 from HW device registers
02-02 04:30:02.449     1     1 W (1)[1:swapper/0][Power/gpufreq] [WARNING]@mt_gpufreq_voltage_enable_set: vcorefs_request_dvfs_opp fail! volt 115000
02-02 04:30:02.449     1     1 E (1)[1:swapper/0]PVR_K: 1: RGX Device registered with BVNC 22.49.21.16
02-02 04:30:02.449     1     1 I         : (1)[1:swapper/0][drm] Initialized pvr 1.11.5425693 20170530 for 13000000.mfg_auckland on minor 0
02-02 04:30:02.449    81    81 I         : (2)[81:kworker/2:1][AUTOK]CMD 1 	 45 	 OXXXXXOOOOOOOOOOOOOOOOOOOOOOOOOOOOOOOOOOOOOOOOOOOOOXXXXXXXXOOOOO
02-02 04:30:02.450    81    81 I (2)[81:kworker/2:1][AUTOK]Analysis Result: 1T = 52
02-02 04:30:02.450    81    81 I         : (2)[81:kworker/2:1][AUTOK]dev status 0x00000900
02-02 04:30:02.450     1     1 E         : (1)[1:swapper/0][ALS/PS] stk3x1x_local_init
02-02 04:30:02.450     1     1 E (1)[1:swapper/0][ALS/PS] stk3x1x_i2c_probe: driver version: 3.9.1 for android8.0
02-02 04:30:02.450     1     1 E (1)[1:swapper/0][ALS/PS] stk3x1x_i2c_probe: enable PS interrupt
02-02 04:30:02.450     1     1 E (1)[1:swapper/0][ALS/PS] stk3x1x_i2c_probe: state_val=0x0, psctrl_val=0x32, alsctrl_val=0x39, ledctrl_val=0xff, wait_val=0xf, int_val=0x1
02-02 04:30:02.450     1     1 E         : (1)[1:swapper/0][ALS/PS] stk3x1x_i2c_probe() OK!
02-02 04:30:02.455    81    81 I         : (2)[81:kworker/2:1][AUTOK]DAT 0 	 29 	 OOOOOOOOOOOOOOOOOOOOOOOOOOOXXXXXXXXOOOOOOOOOOOOOOOOOOOOOOOOOOOOO
02-02 04:30:02.459    81    81 I         : (2)[81:kworker/2:1][AUTOK]DAT 1 	 43 	 OXXXXXXXXOOOOOOOOOOOOOOOOOOOOOOOOOOOOOOOOOOOOOOOOOOOXXXXXXXXXXOO
02-02 04:30:02.459    81    81 I (2)[81:kworker/2:1][AUTOK]Analysis Result: 1T = 52
02-02 04:30:02.459    81    81 I (2)[81:kworker/2:1][AUTOK]CMD [EDGE: 0 CMD_FIFO_EDGE:0 DLY1:3 DLY2:0]
02-02 04:30:02.459    81    81 I (2)[81:kworker/2:1][AUTOK]DAT [RDAT_EDGE: 0 RD_FIFO_EDGE:0 WD_FIFO_EDGE:0]
02-02 04:30:02.459    81    81 I (2)[81:kworker/2:1][AUTOK]DAT [LATCH_CK: 0 DLY1:4 DLY2:0]
02-02 04:30:02.459    81    81 I (2)[81:kworker/2:1][AUTOK]DS  [DLY1: 0 DLY2:0 DLY3:0]
02-02 04:30:02.459    81    81 I         : (2)[81:kworker/2:1][AUTOK]CLK TX  [0]
02-02 04:30:02.459    81    81 I         : (2)[81:kworker/2:1][AUTOK]CMD TX  [0]
02-02 04:30:02.459    81    81 I         : (2)[81:kworker/2:1][AUTOK]DAT TX  [D0:0 D1:0 D2:0 D3:0]
02-02 04:30:02.459    81    81 I         : (2)[81:kworker/2:1][AUTOK]DAT TX  [D4:0 D5:0 D6:0 D7:0]
02-02 04:30:02.459    81    81 I (2)[81:kworker/2:1][AUTOK][HS200]======Cost: 16 ms======
02-02 04:30:02.461    81    81 I         : (2)[81:kworker/2:1][msdc]msdc0 -> !!! Set<52000KHz> Source<383999KHz> -> sclk<47999KHz> timing<1> mode<0> div<2> hs400_div_dis<0>
02-02 04:30:02.461    81    81 I         : (2)[81:kworker/2:1][msdc]msdc0 -> !!! Set<200000KHz> Source<383999KHz> -> sclk<191999KHz> timing<10> mode<3> div<0> hs400_div_dis<1>
02-02 04:30:02.462    81    81 I         : (2)[81:kworker/2:1][AUTOK]eMMC HS400 Tune
02-02 04:30:02.464    81    81 I         : (2)[81:kworker/2:1][AUTOK]CMD 0 	 30 	 OOOOOOOOOOOOOOOOOOOOOOOOOOOOXXXXXXOOOOOOOOOOOOOOOOOOOOOOOOOOOOOO
02-02 04:30:02.466    81    81 I         : (2)[81:kworker/2:1][AUTOK]CMD 1 	 46 	 OOXXXXXOOOOOOOOOOOOOOOOOOOOOOOOOOOOOOOOOOOOOOOOOOOOOOXXXXXXXOOOO
02-02 04:30:02.466    81    81 I (2)[81:kworker/2:1][AUTOK]Analysis Result: 1T = 52
02-02 04:30:02.466    81    81 I         : (2)[81:kworker/2:1][AUTOK]device status 0x00000900
02-02 04:30:02.468    81    81 I         : (2)[81:kworker/2:1][AUTOK]DLY1/2 0 	 23 	 XXOOOOOOOOOOOOOOOOOOOOOOOXXXXXXXXXXXXXXXXXXXXXXXXXXXXXXXXXXXXXXX
02-02 04:30:02.468    81    81 I (2)[81:kworker/2:1][AUTOK]CMD [EDGE: 0 CMD_FIFO_EDGE:0 DLY1:4 DLY2:0]
02-02 04:30:02.468    81    81 I (2)[81:kworker/2:1][AUTOK]DAT [RDAT_EDGE: 0 RD_FIFO_EDGE:0 WD_FIFO_EDGE:0]
02-02 04:30:02.468    81    81 I (2)[81:kworker/2:1][AUTOK]DAT [LATCH_CK: 0 DLY1:0 DLY2:0]
02-02 04:30:02.468    81    81 I (2)[81:kworker/2:1][AUTOK]DS  [DLY1: 13 DLY2:0 DLY3:12]
02-02 04:30:02.468    81    81 I         : (2)[81:kworker/2:1][AUTOK]CLK TX  [0]
02-02 04:30:02.468    81    81 I         : (2)[81:kworker/2:1][AUTOK]CMD TX  [0]
02-02 04:30:02.468    81    81 I         : (2)[81:kworker/2:1][AUTOK]DAT TX  [D0:0 D1:0 D2:0 D3:0]
02-02 04:30:02.468    81    81 I         : (2)[81:kworker/2:1][AUTOK]DAT TX  [D4:0 D5:0 D6:0 D7:0]
02-02 04:30:02.468    81    81 I (2)[81:kworker/2:1][AUTOK][HS400]======Cost: 6 ms======
02-02 04:30:02.468    81    81 E (2)[81:kworker/2:1][PRODUCT_DEV_INFO]: full_product_device_info: - [6, (null), get_mmc_chip_info]
02-02 04:30:02.468    81    81 I (2)[81:kworker/2:1]mmc0: new HS400 MMC card at address 0001
02-02 04:30:02.468    81    81 I (2)[81:kworker/2:1]mmcblk0: mmc0:0001 FE62AB 14.6 GiB
02-02 04:30:02.469    81    81 I (2)[81:kworker/2:1]mmcblk0boot0: mmc0:0001 FE62AB partition 1 4.00 MiB
02-02 04:30:02.469    81    81 I (2)[81:kworker/2:1]mmcblk0boot1: mmc0:0001 FE62AB partition 2 4.00 MiB
02-02 04:30:02.470    81    81 I (2)[81:kworker/2:1]mmcblk0rpmb: mmc0:0001 FE62AB partition 3 4.00 MiB
02-02 04:30:02.472     1     1 E (1)[1:swapper/0][ALS/PS] stk3x1x_read_id: PID=0x12, VID=0xc3
02-02 04:30:02.472    81    81 I (2)[81:kworker/2:1] mmcblk0: p1 p2 p3 p4 p5 p6 p7 p8 p9 p10 p11 p12 p13 p14 p15 p16 p17 p18 p19 p20 p21 p22 p23 p24 p25 p26 p27 p28 p29 p30 p31 p32 p33 p34 p35 p36 p37 p38 p39
02-02 04:30:02.472    81    81 I         : (2)[81:kworker/2:1]Start 0x40 of disk mmcblk0 not write group aligned
02-02 04:30:02.472    81    81 I         : (2)[81:kworker/2:1]End 0x40 of disk mmcblk0 not write group aligned
02-02 04:30:02.472    81    81 I         : (2)[81:kworker/2:1]Start 0x840 of disk mmcblk0 not write group aligned
02-02 04:30:02.472    81    81 I         : (2)[81:kworker/2:1]End 0x840 of disk mmcblk0 not write group aligned
02-02 04:30:02.472    81    81 I         : (2)[81:kworker/2:1]Start 0xc840 of disk mmcblk0 not write group aligned
02-02 04:30:02.472    81    81 I         : (2)[81:kworker/2:1]End 0xc840 of disk mmcblk0 not write group aligned
02-02 04:30:02.472    81    81 I         : (2)[81:kworker/2:1]Start 0xcc40 of disk mmcblk0 not write group aligned
02-02 04:30:02.472    81    81 I         : (2)[81:kworker/2:1]End 0xcc40 of disk mmcblk0 not write group aligned
02-02 04:30:02.472    81    81 I         : (2)[81:kworker/2:1]Start 0x16c40 of disk mmcblk0 not write group aligned
02-02 04:30:02.472    81    81 I         : (2)[81:kworker/2:1]End 0x16c40 of disk mmcblk0 not write group aligned
02-02 04:30:02.472    81    81 I         : (2)[81:kworker/2:1]Start 0x17440 of disk mmcblk0 not write group aligned
02-02 04:30:02.472    81    81 I         : (2)[81:kworker/2:1]End 0x17440 of disk mmcblk0 not write group aligned
02-02 04:30:02.472    81    81 I         : (2)[81:kworker/2:1]Start 0x1b440 of disk mmcblk0 not write group aligned
02-02 04:30:02.472    81    81 I         : (2)[81:kworker/2:1]End 0x1b440 of disk mmcblk0 not write group aligned
02-02 04:30:02.472    81    81 I         : (2)[81:kworker/2:1]Start 0x1f440 of disk mmcblk0 not write group aligned
02-02 04:30:02.472    81    81 I         : (2)[81:kworker/2:1]End 0x1f440 of disk mmcblk0 not write group aligned
02-02 04:30:02.473    81    81 I         : (2)[81:kworker/2:1]Start 0x23440 of disk mmcblk0 not write group aligned
02-02 04:30:02.473    81    81 I         : (2)[81:kworker/2:1]End 0x23440 of disk mmcblk0 not write group aligned
02-02 04:30:02.473    81    81 I         : (2)[81:kworker/2:1]Start 0x27440 of disk mmcblk0 not write group aligned
02-02 04:30:02.473    81    81 I         : (2)[81:kworker/2:1]End 0x27440 of disk mmcblk0 not write group aligned
02-02 04:30:02.473    81    81 I         : (2)[81:kworker/2:1]Start 0x37440 of disk mmcblk0 not write group aligned
02-02 04:30:02.473    81    81 I         : (2)[81:kworker/2:1]End 0x37440 of disk mmcblk0 not write group aligned
02-02 04:30:02.473    81    81 I         : (2)[81:kworker/2:1]Start 0x42910 of disk mmcblk0 not write group aligned
02-02 04:30:02.473    81    81 I         : (2)[81:kworker/2:1]End 0x42910 of disk mmcblk0 not write group aligned
02-02 04:30:02.473    81    81 I         : (2)[81:kworker/2:1]Start 0x52910 of disk mmcblk0 not write group aligned
02-02 04:30:02.473    81    81 I         : (2)[81:kworker/2:1]End 0x52910 of disk mmcblk0 not write group aligned
02-02 04:30:02.473    81    81 I         : (2)[81:kworker/2:1]Start 0x56910 of disk mmcblk0 not write group aligned
02-02 04:30:02.473    81    81 I         : (2)[81:kworker/2:1]End 0x78000 of disk mmcblk0 not write group aligned
02-02 04:30:02.473    81    81 I         : (2)[81:kworker/2:1]Start 0x79000 of disk mmcblk0 not write group aligned
02-02 04:30:02.473    81    81 I         : (2)[81:kworker/2:1]End 0x79000 of disk mmcblk0 not write group aligned
02-02 04:30:02.473    81    81 I         : (2)[81:kworker/2:1]Start 0x7a800 of disk mmcblk0 not write group aligned
02-02 04:30:02.473    81    81 I         : (2)[81:kworker/2:1]End 0x7a800 of disk mmcblk0 not write group aligned
02-02 04:30:02.473    81    81 I         : (2)[81:kworker/2:1]Start 0x9a800 of disk mmcblk0 not write group aligned
02-02 04:30:02.473    81    81 I         : (2)[81:kworker/2:1]End 0x9a800 of disk mmcblk0 not write group aligned
02-02 04:30:02.473    81    81 I         : (2)[81:kworker/2:1]Start 0xa2800 of disk mmcblk0 not write group aligned
02-02 04:30:02.473    81    81 I         : (2)[81:kworker/2:1]End 0xa2800 of disk mmcblk0 not write group aligned
02-02 04:30:02.473    81    81 I         : (2)[81:kworker/2:1]Start 0xa3000 of disk mmcblk0 not write group aligned
02-02 04:30:02.473    81    81 I         : (2)[81:kworker/2:1]End 0xa3000 of disk mmcblk0 not write group aligned
02-02 04:30:02.473    81    81 I         : (2)[81:kworker/2:1]Start 0xa3800 of disk mmcblk0 not write group aligned
02-02 04:30:02.473    81    81 I         : (2)[81:kworker/2:1]End 0xa3800 of disk mmcblk0 not write group aligned
02-02 04:30:02.474    81    81 I         : (2)[81:kworker/2:1]Start 0xab800 of disk mmcblk0 not write group aligned
02-02 04:30:02.474    81    81 I         : (2)[81:kworker/2:1]End 0xab800 of disk mmcblk0 not write group aligned
02-02 04:30:02.474    81    81 I         : (2)[81:kworker/2:1]Start 0xb3800 of disk mmcblk0 not write group aligned
02-02 04:30:02.474    81    81 I         : (2)[81:kworker/2:1]End 0xb3800 of disk mmcblk0 not write group aligned
02-02 04:30:02.474    81    81 I         : (2)[81:kworker/2:1]Start 0xb6000 of disk mmcblk0 not write group aligned
02-02 04:30:02.474    81    81 I         : (2)[81:kworker/2:1]End 0xb6000 of disk mmcblk0 not write group aligned
02-02 04:30:02.474    81    81 I         : (2)[81:kworker/2:1]Start 0xb6800 of disk mmcblk0 not write group aligned
02-02 04:30:02.474    81    81 I         : (2)[81:kworker/2:1]End 0xb6800 of disk mmcblk0 not write group aligned
02-02 04:30:02.474    81    81 I         : (2)[81:kworker/2:1]Start 0xb7000 of disk mmcblk0 not write group aligned
02-02 04:30:02.474    81    81 I         : (2)[81:kworker/2:1]End 0xb7000 of disk mmcblk0 not write group aligned
02-02 04:30:02.474    81    81 I         : (2)[81:kworker/2:1]Start 0xb7080 of disk mmcblk0 not write group aligned
02-02 04:30:02.474    81    81 I         : (2)[81:kworker/2:1]End 0xb7080 of disk mmcblk0 not write group aligned
02-02 04:30:02.474    81    81 I         : (2)[81:kworker/2:1]Start 0xb7100 of disk mmcblk0 not write group aligned
02-02 04:30:02.474    81    81 I         : (2)[81:kworker/2:1]End 0xb7100 of disk mmcblk0 not write group aligned
02-02 04:30:02.474    81    81 I         : (2)[81:kworker/2:1]Start 0xc3100 of disk mmcblk0 not write group aligned
02-02 04:30:02.474    81    81 I         : (2)[81:kworker/2:1]End 0xc3100 of disk mmcblk0 not write group aligned
02-02 04:30:02.474    81    81 I         : (2)[81:kworker/2:1]Start 0xc7100 of disk mmcblk0 not write group aligned
02-02 04:30:02.474    81    81 I         : (2)[81:kworker/2:1]End 0xc7100 of disk mmcblk0 not write group aligned
02-02 04:30:02.474    81    81 I         : (2)[81:kworker/2:1]Start 0xcb100 of disk mmcblk0 not write group aligned
02-02 04:30:02.474    81    81 I         : (2)[81:kworker/2:1]End 0xcb100 of disk mmcblk0 not write group aligned
02-02 04:30:02.474    81    81 I         : (2)[81:kworker/2:1]Start 0xcd900 of disk mmcblk0 not write group aligned
02-02 04:30:02.475    81    81 I         : (2)[81:kworker/2:1]End 0x5a4000 of disk mmcblk0 not write group aligned
02-02 04:30:02.475    81    81 I         : (2)[81:kworker/2:1]Start 0x1d16fdf of disk mmcblk0 not write group aligned
02-02 04:30:02.475    81    81 I         : (2)[81:kworker/2:1]End 0x1d16fdf of disk mmcblk0 not write group aligned
02-02 04:30:02.478     1     1 E (1)[1:swapper/0][ALS/PS] stk3x1x_otp_read_byte_data: 0x25=0x0
02-02 04:30:02.478     1     1 E (0)[1:swapper/0][ALS/PS] stk3x1x_read_id: p_wv_r_bd_with_co = 0x2
02-02 04:30:02.478     1     1 E (0)[1:swapper/0][ALS/PS] stk3x1x_read_id: p_1x_r_bd_with_co = 0x6
02-02 04:30:02.478     1     1 E (0)[1:swapper/0][ALS/PS] stk3x1x_read_id: p_19_r_bc = 0x0
02-02 04:30:02.478     1     1 E         : (0)[1:swapper/0][ALS/PS] stk3x1x_setup_eint 2889 : Cannot find alsps pinctrl default!
02-02 04:30:02.478     1     1 E         : (0)[1:swapper/0][ALS/PS] stk3x1x_setup_eint 2908 : debounce time not found
02-02 04:30:02.478     1     1 E         : (0)[1:swapper/0][ALS/PS] ints[0] = -2, ints[1] = 0!!
02-02 04:30:02.478     1     1 E         : (0)[1:swapper/0][ALS/PS] stk3x1x_obj->irq = 48
02-02 04:30:02.478     1     1 W         : -(0)[1:swapper/0]------------[ cut here ]------------
02-02 04:30:02.478     1     1 W -(0)[1:swapper/0]WARNING: CPU: 0 PID: 1 at /home/android/jenkins_home/jobs/MT6762Q/U318/U318AA_SMR_MT_Q_NA_DEV/51/workspace/android/kernel-4.14/kernel/irq/manage.c:530 __enable_irq+0x3c/0x74
02-02 04:30:02.478     1     1 W         : -(0)[1:swapper/0]Unbalanced enable for IRQ 48
02-02 04:30:02.478     1     1 W         : -(0)[1:swapper/0]Modules linked in:
02-02 04:30:02.478     1     1 W -(0)[1:swapper/0]CPU: 0 PID: 1 Comm: swapper/0 Tainted: G        W       4.14.141+ #1
02-02 04:30:02.478     1     1 W -(0)[1:swapper/0]Hardware name: Generic DT based system
02-02 04:30:02.478     1     1 W -(0)[1:swapper/0]Backtrace:  
02-02 04:30:02.478     1     1 W         : -(0)[1:swapper/0][<c010bf48>] (dump_backtrace) from [<c010c218>] (show_stack+0x18/0x1c)
02-02 04:30:02.478     1     1 W -(0)[1:swapper/0] r6: 00000009 r5:60000193 r4:00000000 r3:e7f0193a
02-02 04:30:02.478     1     1 W         : -(0)[1:swapper/0][<c010c200>] (show_stack) from [<c0c934fc>] (dump_stack+0x84/0xa4)
02-02 04:30:02.478     1     1 W         : -(0)[1:swapper/0][<c0c93478>] (dump_stack) from [<c012545c>] (__warn+0xdc/0x10c)
02-02 04:30:02.478     1     1 W -(0)[1:swapper/0] r5: 00000000 r4:e58b9c14
02-02 04:30:02.478     1     1 W         : -(0)[1:swapper/0][<c0125380>] (__warn) from [<c01254d8>] (warn_slowpath_fmt+0x4c/0x6c)
02-02 04:30:02.478     1     1 W -(0)[1:swapper/0] r9: 00000007 r8:c120a188 r7:c1470390 r6:00000030 r5:e5b31700 r4:c120a188
02-02 04:30:02.478     1     1 W         : -(0)[1:swapper/0][<c0125490>] (warn_slowpath_fmt) from [<c019c888>] (__enable_irq+0x3c/0x74)
02-02 04:30:02.478     1     1 W -(0)[1:swapper/0] r3: 00000030 r2:c0ee2e97
02-02 04:30:02.478     1     1 W -(0)[1:swapper/0] r4: c120a188
02-02 04:30:02.478     1     1 W         : -(0)[1:swapper/0][<c019c84c>] (__enable_irq) from [<c019c930>] (enable_irq+0x70/0x9c)
02-02 04:30:02.478     1     1 W         : -(0)[1:swapper/0][<c019c8c0>] (enable_irq) from [<c074e7e0>] (stk3x1x_setup_eint+0x1a4/0x23c)
02-02 04:30:02.478     1     1 W -(0)[1:swapper/0] r6: c5452c00 r5:c120a188 r4:00000000
02-02 04:30:02.478     1     1 W         : -(0)[1:swapper/0][<c074e63c>] (stk3x1x_setup_eint) from [<c074ec50>] (stk3x1x_i2c_probe+0x3d8/0x90c)
02-02 04:30:02.478     1     1 W -(0)[1:swapper/0] r7: c5454400 r6:c5452c00 r5:00000000 r4:c5452c00
02-02 04:30:02.478     1     1 W         : -(0)[1:swapper/0][<c074e878>] (stk3x1x_i2c_probe) from [<c093687c>] (i2c_device_probe+0x218/0x260)
02-02 04:30:02.478     1     1 W -(0)[1:swapper/0] r10: 00000000 r9:00000007 r8:c12b353c r7:c5454420 r6:c12b353c r5:c074e878
02-02 04:30:02.478     1     1 W -(0)[1:swapper/0] r4: c5454400
02-02 04:30:02.478     1     1 W         : -(0)[1:swapper/0][<c0936664>] (i2c_device_probe) from [<c053c590>] (driver_probe_device+0x144/0x378)
02-02 04:30:02.478     1     1 W -(0)[1:swapper/0] r8: c12b353c r7:c139e398 r6:00000000 r5:c139e394 r4:c5454420 r3:00000000
02-02 04:30:02.478     1     1 W         : -(0)[1:swapper/0][<c053c44c>] (driver_probe_device) from [<c053c84c>] (__driver_attach+0x88/0xac)
02-02 04:30:02.478     1     1 W -(0)[1:swapper/0] r10: 00000000 r9:c135d000 r8:c118f1bc r7:c053c7c4 r6:c12b353c r5:c5454454
02-02 04:30:02.479     1     1 W -(0)[1:swapper/0] r4: c5454420
02-02 04:30:02.479     1     1 W         : -(0)[1:swapper/0][<c053c7c4>] (__driver_attach) from [<c053b5e0>] (bus_for_each_dev+0x9c/0xc8)
02-02 04:30:02.479     1     1 W -(0)[1:swapper/0] r6: c12b353c r5:c120a188 r4:00000000 r3:00000001
02-02 04:30:02.479     1     1 W         : -(0)[1:swapper/0][<c053b544>] (bus_for_each_dev) from [<c053c040>] (driver_attach+0x20/0x28)
02-02 04:30:02.479     1     1 W -(0)[1:swapper/0] r7: c1310850 r6:c56f9500 r5:00000000 r4:c12b353c
02-02 04:30:02.479     1     1 W         : -(0)[1:swapper/0][<c053c020>] (driver_attach) from [<c053bb10>] (bus_add_driver+0xd8/0x1ec)
02-02 04:30:02.479     1     1 W         : -(0)[1:swapper/0][<c053ba38>] (bus_add_driver) from [<c053d528>] (driver_register+0xa4/0xe8)
02-02 04:30:02.479     1     1 W -(0)[1:swapper/0] r7: 00000042 r6:c1470368 r5:c1470360 r4:c12b353c
02-02 04:30:02.479     1     1 W         : -(0)[1:swapper/0][<c053d484>] (driver_register) from [<c0937588>] (i2c_register_driver+0x54/0x80)
02-02 04:30:02.479     1     1 W -(0)[1:swapper/0] r5: c1470360 r4:c12b351c
02-02 04:30:02.479     1     1 W         : -(0)[1:swapper/0][<c0937534>] (i2c_register_driver) from [<c074ae78>] (stk3x1x_local_init+0x28/0x84)
02-02 04:30:02.479     1     1 W -(0)[1:swapper/0] r5: c1470360 r4:c12b350c
02-02 04:30:02.479     1     1 W         : -(0)[1:swapper/0][<c074ae50>] (stk3x1x_local_init) from [<c113f9d0>] (alsps_init+0x1b0/0x21c)
02-02 04:30:02.479     1     1 W -(0)[1:swapper/0] r4: 00000000 r3:c074ae50
02-02 04:30:02.479     1     1 W         : -(0)[1:swapper/0]Backtrace aborted due to bad pc <1ffa4bd9>
02-02 04:30:02.479     1     1 W         : -(0)[1:swapper/0]---[ end trace 6e46bc4dc4c64d05 ]---
02-02 04:30:02.482     1     1 E         : (0)[1:swapper/0][ALS/PS] stk3x1x_init_client() OK!
02-02 04:30:02.483     1     1 E         : (0)[1:swapper/0][ALS/PS] stk3x1x_device misc_register OK!
02-02 04:30:02.483     1     1 E (0)[1:swapper/0][PRODUCT_DEV_INFO]: full_product_device_info: - [4, STK3311-X,   (null)]
02-02 04:30:02.483     1     1 E (0)[1:swapper/0][ALS/PS] stk3x1x_i2c_probe: OK
02-02 04:30:02.483     1     1 I (0)[1:swapper/0]BOOTPROF: 1632.543618:probe: probe=i2c_device_probe drv=stk3x1x(0xc12b353c)    32.954462ms
02-02 04:30:02.483     1     1 I (0)[1:swapper/0]BOOTPROF: 1632.704849:initcall: alsps_init    33.254231ms
02-02 04:30:02.483     1     1 F         : (0)[1:swapper/0][Gsensor kxtj2_1009] kxtj2_1009_local_init
02-02 04:30:02.483     1     1 F         : (0)[1:swapper/0][Gsensor kxtj2_1009] kxtj2_1009_i2c_probe
02-02 04:30:02.485     1     1 F         : (0)[1:swapper/0][Gsensor kxtj2_1009] KXTJ2_1009_CheckDeviceID 0x35 pass!
02-02 04:30:02.486     1     1 F         : (0)[1:swapper/0][Gsensor kxtj2_1009] KXTJ2_1009_SetPowerMode 0!
02-02 04:30:02.491     1     1 F         : (0)[1:swapper/0][Gsensor kxtj2_1009] Sensor power status is newest!
02-02 04:30:02.492     1     1 F         : (0)[1:swapper/0][Gsensor kxtj2_1009] Sensor power status is newest!
02-02 04:30:02.492     1     1 F         : (0)[1:swapper/0][Gsensor kxtj2_1009] KXTJ2_1009_SetBWRate OK!
02-02 04:30:02.492     1     1 F         : (0)[1:swapper/0][Gsensor kxtj2_1009] Sensor power status is newest!
02-02 04:30:02.493     1     1 F         : (0)[1:swapper/0][Gsensor kxtj2_1009] Sensor power status is newest!
02-02 04:30:02.493     1     1 F         : (0)[1:swapper/0][Gsensor kxtj2_1009] KXTJ2_1009_SetDataFormat OK!
02-02 04:30:02.493     1     1 F         : (0)[1:swapper/0][Gsensor kxtj2_1009] Sensor power status is newest!
02-02 04:30:02.494     1     1 F         : (0)[1:swapper/0][Gsensor kxtj2_1009] Sensor power status is newest!
02-02 04:30:02.494     1     1 F         : (0)[1:swapper/0][Gsensor kxtj2_1009] kxtj2_1009_init_client OK!
02-02 04:30:02.495     1     1 E (0)[1:swapper/0][PRODUCT_DEV_INFO]: full_product_device_info: - [3, KXTJ3-1057,   (null)]
02-02 04:30:02.495     1     1 F (0)[1:swapper/0][Gsensor kxtj2_1009] kxtj2_1009_i2c_probe: OK
02-02 04:30:02.495     1     1 E (0)[1:swapper/0]memory-ssmr: [INIT FAIL]: cma is not inited
02-02 04:30:02.495     1     1 E (0)[1:swapper/0]memory-ssmr: SSMR sanity fail
02-02 04:30:02.495     1     1 W         : (0)[1:swapper/0]mt65xx_leds_init,line = 693
02-02 04:30:02.495     1     1 W         : (0)[1:swapper/0]leds_use_gpio_probe
02-02 04:30:02.495     1     1 W         : (0)[1:swapper/0]leds_use_gpio_probe  --   end
02-02 04:30:02.496     1     1 W         : (0)[1:swapper/0]mt65xx_leds_init,line = 696
02-02 04:30:02.499     1     1 I -(0)[1:swapper/0]mtk_rtc_hal_common: RTC_IRQ_EN = 0xc, RTC_PDN1 = 0x0
02-02 04:30:02.499     1     1 I -(0)[1:swapper/0]mtk_rtc_hal_common: hal_rtc_get_spare_register: cmd[12], get rg[0x5b8, 0x1 , 6] = 0x0
02-02 04:30:02.499     1     1 I (0)[1:swapper/0]mtk_rtc_common: There is no Crystal
02-02 04:30:02.499     1     1 I         : (0)[1:swapper/0][CMDQ]mdp_late_init begin
02-02 04:30:02.499     1     1 I         : (0)[1:swapper/0][CMDQ]mdp_late_init end
02-02 04:30:02.499     1     1 I         : (0)[1:swapper/0][CMDQ]CMDQ driver late init begin
02-02 04:30:02.499     1     1 I (0)[1:swapper/0][DDP/ddp_drv]warn: disp driver(1) disp_late begin
02-02 04:30:02.499     1     1 I (0)[1:swapper/0][DDP/ddp_drv]warn: disp driver(1) disp_late end
02-02 04:30:02.500     1     1 I (0)[1:swapper/0]log store: sram_dram_buff addr 0x7ffc0000, size 0x40000.
02-02 04:30:02.500     1     1 I (0)[1:swapper/0][PHY layout]log_store_mem: 0x7ffc0000 - 0x7fffffff (0x40000)
02-02 04:30:02.500     1     1 I         : (0)[1:swapper/0]buff 638534b9, sig cdab3412 size 40000 pl 20, sz 26df lk 26ff, sz 3d901 p c, l c
02-02 04:30:02.501     1     1 I         : (0)[1:swapper/0][Thermal/TC/bcct]mtkcooler_bcct_late_init
02-02 04:30:02.501     1     1 I         : (0)[1:swapper/0][Thermal/TC/bcct]mtkcooler_bcct_pdrv_probe
02-02 04:30:02.502   201   201 I (3)[201:kworker/u8:3]mtk-tpd: [tpd_init_work_callback:860] MediaTek touch panel driver init
02-02 04:30:02.503   201   201 I (3)[201:kworker/u8:3]mtk-tpd: [tpd_probe:667] enter tpd_probe, 667
02-02 04:30:02.503   201   201 I (3)[201:kworker/u8:3]mtk-tpd: [tpd_get_gpio_info:195] [tpd -1] mt_tpd_pinctrl+++++++++++++++++
02-02 04:30:02.503   201   201 I (3)[201:kworker/u8:3]mtk-tpd: [tpd_get_gpio_info:205] Cannot find pinctrl default -19!
02-02 04:30:02.503   201   201 I (3)[201:kworker/u8:3]mtk-tpd: [tpd_get_gpio_info:241] [tpd-1] mt_tpd_pinctrl----------
02-02 04:30:02.503   201   201 I         : (3)[201:kworker/u8:3]ldo vldo28 enable
02-02 04:30:02.503     1     1 I (2)[1:swapper/0]mt-rtc mt-rtc: setting system clock to 2022-02-02 04:30:02 UTC (1643776202)
02-02 04:30:02.504   201   201 I         : (3)[201:kworker/u8:3][PMIC] [pmic_enable_interrupt] No callback at intNo=27
02-02 04:30:02.504   201   201 I (0)[201:kworker/u8:3]mtk-tpd: [tpd_gpio_output:168] tpd_gpio_output pin = 0, level = 0
02-02 04:30:02.531   201   201 I (1)[201:kworker/u8:3]mtk-tpd: [tpd_gpio_output:168] tpd_gpio_output pin = 0, level = 1
02-02 04:30:02.544     5     5 E (0)[5:kworker/u8:0][ALS/PS] stk_tune_zero_get_ps_data: ps #0=6
02-02 04:30:02.604     5     5 E (1)[5:kworker/u8:0][ALS/PS] stk_tune_zero_get_ps_data: ps #1=6
02-02 04:30:02.644    28    28 I         : (0)[28:kworker/0:1]CDP, block
02-02 04:30:02.664     5     5 E (0)[5:kworker/u8:0][ALS/PS] stk_tune_zero_get_ps_data: ps #2=6
02-02 04:30:02.724     5     5 E (0)[5:kworker/u8:0][ALS/PS] stk_tune_zero_get_ps_data: ps #3=6
02-02 04:30:02.738     0     0 I         : SLAVE_ADDR=70,INTR_STAT=2,CONTROL=3a,FIFO_STAT=1101,DEBUGSTAT=353, tmo=600
02-02 04:30:02.738   201   201 I (1)[201:kworker/u8:3]i2c i2c-0: error:addr=0x38,irq_stat=0x2,ch_offset=0x0,mask:0xf
02-02 04:30:02.738   201   201 I (1)[201:kworker/u8:3]i2c_dump_info: +++++++++++++++++++
02-02 04:30:02.738   201   201 I (1)[201:kworker/u8:3]I2C structure:  
02-02 04:30:02.738     0     0 I         : [I2C]Clk=12480000,Id=0,Op=0x3,Irq_stat=0x2,Total_len=0x1
02-02 04:30:02.738     0     0 I         : [I2C]Trans_len=0x1,Trans_num=0x1,Trans_auxlen=0x1,
02-02 04:30:02.738     0     0 I         : [I2C]speed=100000,Trans_stop=1,cg_cnt=1,hs_only=0,
02-02 04:30:02.738     0     0 I         : [I2C]ch_offset=0x0,ch_offset_default=0x0
02-02 04:30:02.738   201   201 I (1)[201:kworker/u8:3]base addr: 0x24fc291e
02-02 04:30:02.738   201   201 I (1)[201:kworker/u8:3]I2C register:  
02-02 04:30:02.738     0     0 I         : [I2C]SLAVE_ADDR=0x70,INTR_MASK=0x0,INTR_STAT=0x1,
02-02 04:30:02.738     0     0 I         : [I2C]CONTROL=0x3a,TRANSFER_LEN=0x1,TRANSAC_LEN=0x2,
02-02 04:30:02.738     0     0 I         : [I2C]DELAY_LEN=0xa,TIMING=0x3e,LTIMING=0x3e,START=0x0
02-02 04:30:02.738     0     0 I         : [I2C]FIFO_STAT=0x1,IO_CONFIG=0x1f3,HS=0x0
02-02 04:30:02.738     0     0 I         : [I2C]DCM_EN=0xe,DEBUGSTAT=0x300,EXT_CONF=0x8001
02-02 04:30:02.738     0     0 I         : [I2C]TRANSFER_LEN_AUX=0x1
02-02 04:30:02.738   201   201 I         : (1)[201:kworker/u8:3]before enable DMA register(0x0):
02-02 04:30:02.738     0     0 I         : [I2C]INT_FLAG=0x0,INT_EN=0x0,EN=0x0,RST=0x0,
02-02 04:30:02.738     0     0 I         : [I2C]STOP=0x0,FLUSH=0x0,CON=0x0,
02-02 04:30:02.738     0     0 I         : [I2C]TX_MEM_ADDR=0x0, RX_MEM_ADDR=0x0
02-02 04:30:02.738     0     0 I         : [I2C]TX_LEN=0x0,RX_LEN=0x0,INT_BUF_SIZE=0x0,
02-02 04:30:02.738     0     0 I         : [I2C]DEBUGSTA=0x0,TX_MEM_ADDR2=0x0, RX_MEM_ADDR2=0x0
02-02 04:30:02.738   201   201 I (1)[201:kworker/u8:3]DMA register(0x1755e906):  
02-02 04:30:02.738     0     0 I         : [I2C]INT_FLAG=0x0,INT_EN=0x0,EN=0x0,RST=0x0,
02-02 04:30:02.738     0     0 I         : [I2C]STOP=0x0,FLUSH=0x0,CON=0x0,
02-02 04:30:02.738     0     0 I         : [I2C]TX_MEM_ADDR=0x0, RX_MEM_ADDR=0x0,
02-02 04:30:02.738     0     0 I         : [I2C]TX_LEN=0x0,RX_LEN=x0,INT_BUF_SIZE=0x0,
02-02 04:30:02.738     0     0 I         : [I2C]DEBUGSTA=0x2,TX_MEM_ADDR2=0x0, RX_MEM_ADDR2=0x0
02-02 04:30:02.738   201   201 I (1)[201:kworker/u8:3]i2c_dump_info: -----------------------
02-02 04:30:02.738   201   201 I (1)[201:kworker/u8:3]i2c i2c-0: last transfer info:
02-02 04:30:02.738   201   201 I (1)[201:kworker/u8:3]i2c i2c-0: [00]
02-02 04:30:02.738   201   201 I (1)[201:kworker/u8:3]i2c i2c-0: [01]
02-02 04:30:02.738   201   201 I (1)[201:kworker/u8:3]i2c i2c-0: [02]
02-02 04:30:02.738   201   201 I (1)[201:kworker/u8:3]i2c i2c-0: [03]
02-02 04:30:02.739   201   201 I (1)[201:kworker/u8:3]i2c i2c-0: [04]
02-02 04:30:02.739   201   201 I (1)[201:kworker/u8:3]i2c i2c-0: [05]
02-02 04:30:02.739   201   201 I (1)[201:kworker/u8:3]i2c i2c-0: [06]
02-02 04:30:02.739   201   201 I (1)[201:kworker/u8:3]i2c i2c-0: [07]
02-02 04:30:02.739   201   201 I (1)[201:kworker/u8:3]i2c i2c-0: [08]
02-02 04:30:02.739   201   201 I (1)[201:kworker/u8:3]i2c i2c-0: [09]
02-02 04:30:02.739   201   201 I (1)[201:kworker/u8:3]i2c i2c-0: addr:0x38,ACK error
02-02 04:30:02.739   201   201 I (1)[201:kworker/u8:3]BOOTPROF: 1888.618619:probe: probe=i2c_device_probe drv=ft6636u(0xc130436c)   234.443232ms
02-02 04:30:02.739   201   201 W (1)[201:kworker/u8:3]ft6636u: probe of 0-0026 failed with error -1
02-02 04:30:02.739   201   201 W (1)[201:kworker/u8:3]Tlsc6x: tpd_local_init ++!
02-02 04:30:02.739   201   201 I (1)[201:kworker/u8:3][tlsc]tpd_probe: Enter
02-02 04:30:02.739   201   201 W (1)[201:kworker/u8:3]Tlsc6x: tpd_probe ++!client->addr=0x2e
02-02 04:30:02.740   201   201 I (1)[201:kworker/u8:3]mtk-tpd: [tpd_gpio_as_int:159] [tpd] tpd_gpio_as_int
02-02 04:30:02.742   201   201 I (1)[201:kworker/u8:3][tlsc]tlsc6x_tpd_reset: Enter
02-02 04:30:02.742   201   201 I (1)[201:kworker/u8:3][tlsc]tlsc6x_tpd_reset_force: Enter
02-02 04:30:02.742   201   201 I (1)[201:kworker/u8:3]mtk-tpd: [tpd_gpio_output:168] tpd_gpio_output pin = 0, level = 0
02-02 04:30:02.768   201   201 I (1)[201:kworker/u8:3]mtk-tpd: [tpd_gpio_output:168] tpd_gpio_output pin = 0, level = 1
02-02 04:30:02.784     5     5 E (1)[5:kworker/u8:0][ALS/PS] stk_tune_zero_get_ps_data: ps #4=6
02-02 04:30:02.787     5     5 E (0)[5:kworker/u8:0][ALS/PS] stk_ps_tune_zero_final: set HT=134,LT=68
02-02 04:30:02.804   201   201 I (1)[201:kworker/u8:3][tlsc]tlsc6x_tp_dect: Enter
02-02 04:30:02.804   201   201 I (1)[201:kworker/u8:3][tlsc]tlsc6x_get_i2cmode: Enter
02-02 04:30:02.871   201   201 I (0)[201:kworker/u8:3][tlsc]tlsc6x_get_i2cmode: Enter
02-02 04:30:02.872   201   201 I (0)[201:kworker/u8:3][tlsc]tlsc6x_tp_mccode: Enter
02-02 04:30:02.874   201   201 I         : (0)[201:kworker/u8:3][tlsc] g_mccode is 0x1
02-02 04:30:02.874   201   201 I (0)[201:kworker/u8:3][tlsc]tlsc6x_get_running_cfg: Enter
02-02 04:30:02.874   201   201 I (0)[201:kworker/u8:3][tlsc]tlsx6x_3536get_running_cfg: Enter
02-02 04:30:02.874   201   201 I (0)[201:kworker/u8:3][tlsc]tlsx6x_comb_get_running_cfg: Enter
02-02 04:30:02.874   201   201 I (0)[201:kworker/u8:3][tlsc]tlsc6x_get_i2cmode: Enter
02-02 04:30:02.897   201   201 I (1)[201:kworker/u8:3][tlsc]is_valid_cfg_data: Enter
02-02 04:30:02.897   201   201 W (1)[201:kworker/u8:3]ptcfg address: g_tlsc6x_client->addr:46:46
02-02 04:30:02.898   201   201 I (1)[201:kworker/u8:3][tlsc]tlsc6x_do_update_ifneed: Enter
02-02 04:30:02.898   201   201 I (1)[201:kworker/u8:3][tlsc]tlsc6x_update_compat_ctl: Enter
02-02 04:30:02.898   201   201 W (1)[201:kworker/u8:3]entry: tlsc6x_update_compat_ctl:len=32648
02-02 04:30:02.898   201   201 I (1)[201:kworker/u8:3][tlsc]tlsc6x_upgrade_romcfg_array: Enter
02-02 04:30:02.898   201   201 I         : (1)[201:kworker/u8:3][tlsc] g_tlsc6x_cfg_ver is 0x100e3211
02-02 04:30:02.898   201   201 I (1)[201:kworker/u8:3][tlsc]tlsc6x_tpcfg_ver_comp: Enter
02-02 04:30:02.898   201   201 I (1)[201:kworker/u8:3][tlsc]is_valid_cfg_data: Enter
02-02 04:30:02.898   201   201 W (1)[201:kworker/u8:3]ptcfg address: g_tlsc6x_client->addr:46:46
02-02 04:30:02.898   201   201 I (1)[201:kworker/u8:3][tlsc] vnow: 0x4,vbuild: 0x4
02-02 04:30:02.898   201   201 I (1)[201:kworker/u8:3][tlsc] Tlsc6x: auto update skip:no updated version!
02-02 04:30:02.898   201   201 I (1)[201:kworker/u8:3][tlsc]tlsc6x_boot_update: Enter
02-02 04:30:02.898   201   201 I (1)[201:kworker/u8:3][tlsc]tlsc6x_3536boot_update: Enter
02-02 04:30:02.898   201   201 I (1)[201:kworker/u8:3][tlsc]tlsc6x_boot_ver_comp: Enter
02-02 04:30:02.898   201   201 I (1)[201:kworker/u8:3][tlsc] Tlsc6x: 3536 boot not need update!
02-02 04:30:02.904   201   201 I (1)[201:kworker/u8:3][tlsc]tlsc6x_get_i2cmode: Enter
02-02 04:30:02.905   201   201 I (1)[201:kworker/u8:3][tlsc]tlsc6x_tpd_reset: Enter
02-02 04:30:02.905   201   201 I (1)[201:kworker/u8:3][tlsc]tlsc6x_tpd_reset_force: Enter
02-02 04:30:02.906   201   201 I (1)[201:kworker/u8:3]mtk-tpd: [tpd_gpio_output:168] tpd_gpio_output pin = 0, level = 0
02-02 04:30:02.931   201   201 I (1)[201:kworker/u8:3]mtk-tpd: [tpd_gpio_output:168] tpd_gpio_output pin = 0, level = 1
02-02 04:30:02.968   201   201 E (0)[201:kworker/u8:3][PRODUCT_DEV_INFO]: full_product_device_info: - [1, (null), get_tlsc6448_tp_fw_info]
02-02 04:30:02.968   201   201 I (0)[201:kworker/u8:3]tlsc6x 0-002e: Create proc entry success!
02-02 04:30:02.968   201   201 W (0)[201:kworker/u8:3]Tlsc6x: tpd_probe --!
02-02 04:30:02.968   201   201 I (0)[201:kworker/u8:3]BOOTPROF: 2117.972543:probe: probe=i2c_device_probe drv=tlsc6x(0xc1304470)   228.897615ms
02-02 04:30:02.969   201   201 W (0)[201:kworker/u8:3]Tlsc6x: tpd_local_init --!
02-02 04:30:02.969   201   201 I (0)[201:kworker/u8:3]mtk-tpd: [tpd_probe:764] tpd_probe, tpd_driver_name=tlsc6x
02-02 04:30:02.969   201   201 I (2)[201:kworker/u8:3]mtk-tpd: [tpd_probe:817] Cap touch panel driver
02-02 04:30:02.970   201   201 I (2)[201:kworker/u8:3]input: mtk-tpd as /devices/virtual/input/input2
02-02 04:30:02.970   201   201 I (2)[201:kworker/u8:3]BOOTPROF: 2119.390235:probe: probe=platform_drv_probe drv=mtk-tpd(0xc12d5d4c)   467.063232ms
02-02 04:30:02.970     1     1 I (0)[1:swapper/0]mtk_charger_probe: starts
02-02 04:30:02.970     1     1 I (0)[1:swapper/0]mtk_charger_parse_dt: starts
02-02 04:30:02.970     1     1 I         : (0)[1:swapper/0]found SwitchCharging
02-02 04:30:02.970     1     1 I         : (0)[1:swapper/0]Found primary charger [psc5415e]
02-02 04:30:02.970     1     1 I         : (0)[1:swapper/0]use default V_CHARGER_MIN_1:4400000
02-02 04:30:02.970     1     1 I         : (0)[1:swapper/0]use default V_CHARGER_MIN_2:4200000
02-02 04:30:02.970     1     1 I         : (0)[1:swapper/0]use default MAX_DMIVR_CHARGER_CURRENT:1400000
02-02 04:30:02.970     1     1 I         : (0)[1:swapper/0]use default PE_ICHG_LEAVE_THRESHOLD:1000000
02-02 04:30:02.970     1     1 I         : (0)[1:swapper/0]use default TA_AC_12V_INPUT_CURRENT:3200000
02-02 04:30:02.970     1     1 I         : (0)[1:swapper/0]use default TA_AC_9V_INPUT_CURRENT:3200000
02-02 04:30:02.970     1     1 I         : (0)[1:swapper/0]use default TA_AC_7V_INPUT_CURRENT:3200000
02-02 04:30:02.970     1     1 I         : (0)[1:swapper/0]use default high_temp_to_leave_pe40:46
02-02 04:30:02.970     1     1 I         : (0)[1:swapper/0]use default high_temp_to_enter_pe40:39
02-02 04:30:02.970     1     1 I         : (0)[1:swapper/0]use default low_temp_to_leave_pe40:10
02-02 04:30:02.970     1     1 I         : (0)[1:swapper/0]use default low_temp_to_enter_pe40:16
02-02 04:30:02.970     1     1 I         : (0)[1:swapper/0]use default pe40_single_charger_input_current:3000
02-02 04:30:02.970     1     1 I         : (0)[1:swapper/0]use default pe40_single_charger_current:3000
02-02 04:30:02.970     1     1 I         : (0)[1:swapper/0]use default pe40_dual_charger_input_current:3000
02-02 04:30:02.970     1     1 I         : (0)[1:swapper/0]use default pe40_dual_charger_chg1_current:2000
02-02 04:30:02.970     1     1 I         : (0)[1:swapper/0]use default pe40_dual_charger_chg2_current:2000
02-02 04:30:02.970     1     1 I         : (0)[1:swapper/0]use default dual_polling_ieoc :750000
02-02 04:30:02.970     1     1 I         : (0)[1:swapper/0]use default pe40_stop_battery_soc:80
02-02 04:30:02.970     1     1 I         : (0)[1:swapper/0]use default pe40_max_vbus:11000
02-02 04:30:02.970     1     1 I         : (0)[1:swapper/0]use default pe40_max_ibus:3000
02-02 04:30:02.970     1     1 I         : (0)[1:swapper/0]use default pe40_r_cable_1a_lower:530
02-02 04:30:02.970     1     1 I         : (0)[1:swapper/0]use default pe40_r_cable_2a_lower:390
02-02 04:30:02.970     1     1 I         : (0)[1:swapper/0]use default pe40_r_cable_3a_lower:252
02-02 04:30:02.970     1     1 I         : (0)[1:swapper/0]use default pd_vbus_upper_bound:10000000
02-02 04:30:02.970     1     1 I         : (0)[1:swapper/0]use default pd_vbus_low_bound:5000000
02-02 04:30:02.970     1     1 I         : (0)[1:swapper/0]use default pd_ichg_level_threshold:1000000
02-02 04:30:02.970     1     1 I         : (0)[1:swapper/0]use default pd_stop_battery_soc:80
02-02 04:30:02.970     1     1 I         : (0)[1:swapper/0]use default vsys_watt:5000000
02-02 04:30:02.970     1     1 I         : (0)[1:swapper/0]use default ibus_err:14
02-02 04:30:02.970     1     1 I         : (0)[1:swapper/0]use default SLAVE_MIVR_DIFF:100000
02-02 04:30:02.970     1     1 I         : (0)[1:swapper/0]use default CHG2_EFF:90
02-02 04:30:02.970     1     1 I         : (0)[1:swapper/0]use default BC12_CHARGER:0
02-02 04:30:02.970     1     1 I (0)[1:swapper/0]algorithm name: SwitchCharging
02-02 04:30:02.970     1     1 I         : (0)[1:swapper/0]Battery id 0:Use header file jeita temp threshold
02-02 04:30:02.970     1     1 I (0)[1:swapper/0]mtk_charger_start_timer: alarm timer start:0, 12 116219079
02-02 04:30:02.970     1     1 I         : -(0)[1:swapper/0]alarmtimer_enqueue, 12116219079
02-02 04:30:02.971     1     1 I (0)[1:swapper/0]*** Error: can't find PD adapter ***
02-02 04:30:02.971     1     1 I (0)[1:swapper/0]mtk_charger_get_atm_mode: atm_enabled = 0
02-02 04:30:02.971     1     1 I (0)[1:swapper/0]BOOTPROF: 2120.674850:initcall: mtk_charger_init   467.506462ms
02-02 04:30:02.971   230   230 I         : (1)[230:charger_thread][fgauge_read_current] final current=2929 (ratio=1000)
02-02 04:30:02.971   201   201 I         : (2)[201:kworker/u8:3][wdk] bind thread 232 to cpu 0
02-02 04:30:02.971   201   201 I         : (2)[201:kworker/u8:3][wdk] bind thread 233 to cpu 1
02-02 04:30:02.971   201   201 I         : (2)[201:kworker/u8:3][wdk] bind thread 234 to cpu 2
02-02 04:30:02.971     0     0 I         : (2)[234:wdtk-2][wdk-c] cpu=2,lbit=0x4,cbit=0xf,0,1,2120875312,[2121155773,20000000]
02-02 04:30:02.972     1     1 I (0)[1:swapper/0]vs1: disabling
02-02 04:30:02.972     1     1 E (0)[1:swapper/0]vs1: couldn't disable: -1
02-02 04:30:02.972     1     1 I (0)[1:swapper/0]vmodem: disabling
02-02 04:30:02.972     1     1 E (0)[1:swapper/0]vmodem: couldn't disable: -1
02-02 04:30:02.972     1     1 I (0)[1:swapper/0]vcore: disabling
02-02 04:30:02.972     1     1 E (0)[1:swapper/0]vcore: couldn't disable: -1
02-02 04:30:02.972     1     1 I (0)[1:swapper/0]vproc: disabling
02-02 04:30:02.972     1     1 E (0)[1:swapper/0]vproc: couldn't disable: -1
02-02 04:30:02.972     1     1 I (0)[1:swapper/0]vxo22: disabling
02-02 04:30:02.972     1     1 E (0)[1:swapper/0]vxo22: couldn't disable: -1
02-02 04:30:02.972     1     1 I (0)[1:swapper/0]vsram_others: disabling
02-02 04:30:02.972     1     1 E (0)[1:swapper/0]vsram_others: couldn't disable: -1
02-02 04:30:02.972     1     1 I (0)[1:swapper/0]vaux18: disabling
02-02 04:30:02.972     1     1 E (0)[1:swapper/0]vaux18: couldn't disable: -1
02-02 04:30:02.972     1     1 I (0)[1:swapper/0]vaud28: disabling
02-02 04:30:02.972     1     1 I         : (0)[1:swapper/0]ldo vaud28 disable
02-02 04:30:02.972     1     1 E (0)[1:swapper/0]vaud28: couldn't disable: -1
02-02 04:30:02.972     1     1 I (0)[1:swapper/0]vio28: disabling
02-02 04:30:02.972     1     1 E (0)[1:swapper/0]vio28: couldn't disable: -1
02-02 04:30:02.972     1     1 I (0)[1:swapper/0]vio18: disabling
02-02 04:30:02.972     1     1 E (0)[1:swapper/0]vio18: couldn't disable: -1
02-02 04:30:02.972     1     1 I (0)[1:swapper/0]vdram: disabling
02-02 04:30:02.972     1     1 E (0)[1:swapper/0]vdram: couldn't disable: -1
02-02 04:30:02.972     1     1 I         : (0)[1:swapper/0]ALSA device list:
02-02 04:30:02.972     1     1 I (0)[1:swapper/0]  #0: mt-snd-card
02-02 04:30:02.972     0     0 I         : (1)[233:wdtk-1][wdk-c] cpu=1,lbit=0x6,cbit=0xf,0,1,2120875312,[2122105235,19999051]
02-02 04:30:02.973     1     1 I         : (0)[1:swapper/0]Freeing unused kernel memory: 1024K
02-02 04:30:02.973     1     1 I (3)[1:swapper/0]BOOTPROF: 2123.163619:Kernel_init_done
02-02 04:30:02.973     0     0 I         : (0)[232:wdtk-0][wdk-c] cpu=0,lbit=0x7,cbit=0xf,0,1,2120875312,[2123169927,19997986]
02-02 04:30:02.975   201   201 I         : (3)[201:kworker/u8:3][wdk] bind thread 235 to cpu 3
02-02 04:30:02.975   201   201 I         : (3)[201:kworker/u8:3][wdk] WDT start kicker done CPU_NR=4
02-02 04:30:02.975   201   201 I         : (3)[201:kworker/u8:3][wdk]init_wk done late_initcall cpus_kick_bit=0xf -----
02-02 04:30:02.975     0     0 W         : (3)[235:wdtk-3][wdk-k] cpu=3,lbit=0xf,cbit=0xf,0,1,2120875312,[2124694543,19996462]
02-02 04:30:02.975     0     0 I         : (3)[235:wdtk-3][thread:235][RT:2124716158] 2022-02-02 04:30:02.971588 UTC;android time 2022-02-02 04:30:02.971588
02-02 04:30:02.976   230   230 I (1)[230:charger_thread]charger_get_rsense: do not define r_sense
02-02 04:30:02.986   230   230 I         : (1)[230:charger_thread][fgauge_read_current] final current=4677 (ratio=1000)
02-02 04:30:02.986   230   230 I         : (1)[230:charger_thread][CH3_DBG] bat_cur = -4677
02-02 04:30:02.990   230   230 I         : (1)[230:charger_thread][fgauge_read_current] final current=4271 (ratio=1000)
02-02 04:30:02.990   230   230 I (1)[230:charger_thread]mtk_bif_is_hw_exist: do not have bif driver
02-02 04:30:02.990   230   230 I         : (1)[230:charger_thread][BattVoltToTemp] 622 16900 1800 17
02-02 04:30:02.990   230   230 I         : (1)[230:charger_thread][force_get_tbat] 605,622,0,427,100,281 r:320 100 0
02-02 04:30:02.990   230   230 I (1)[230:charger_thread][force_get_tbat] t: 28 precise:281
