02-02 04:50:42.639   258   258 I recovery: type=1400 audit(0.0:973): avc: denied { search } for name="VkQ2ilUOnILNnr0AKUi0iqeOIkcu1,an" dev="mmcblk0p38" ino=212 scontext=u:r:recovery:s0 tcontext=u:object_r:apex_permission_data_file:s0 tclass=dir permissive=1
02-02 04:50:42.639   258   258 I recovery: type=1400 audit(0.0:974): avc: denied { getattr } for path="/data/misc_de/0/7tjfzYn08mEezJ9Cg6QfBC/VkQ2ilUOnILNnr0AKUi0iqeOIkcu1,an/VkN5n4HZ2qEuY5Qoz0cSGA" dev="mmcblk0p38" ino=2758 scontext=u:r:recovery:s0 tcontext=u:object_r:apex_permission_data_file:s0 tclass=file permissive=1
02-02 04:50:42.643   258   258 I recovery: type=1400 audit(0.0:975): avc: denied { getattr } for path="/data/misc_ce/0/ik2ys2sRLHDrRQelE7nevB/tzGWmkZIhHaOw0SSaQhogC" dev="mmcblk0p38" ino=2962 scontext=u:r:recovery:s0 tcontext=u:object_r:storaged_data_file:s0 tclass=file permissive=1
02-02 04:50:42.656   258   258 I -(0)[258:recovery]SELinux: Context u:object_r:apex_appsearch_data_file:s0 is not valid (left unmapped).
02-02 04:50:42.679   258   258 I recovery: type=1400 audit(0.0:976): avc: denied { getattr } for path="/data/user_de/0/nw3YUnZasCzgjNO0JnjxLh1Im0SJ,ix6ozTpf0NFRqD/2ZzmG0Sh55lv9P1hLskOkB/JykEGoLsu8FSpHVQ97kJpAETo9bW6w,osaU7EJuJhuA" dev="mmcblk0p38" ino=2660 scontext=u:r:recovery:s0 tcontext=u:object_r:app_data_file:s0:c77,c256,c512,c768 tclass=file permissive=1
02-02 04:50:42.693   258   258 I recovery: type=1400 audit(0.0:977): avc: denied { getattr } for path="/data/user_de/0/5zH+tMSidYc,OfQbU1OI0lpvOF09Ala95w0SEJBq3BO/xiZCQ7Pyd5l5JDhvXm5pQC/IHq,E2Tv5BLgGqs0pfVPDD" dev="mmcblk0p38" ino=2386 scontext=u:r:recovery:s0 tcontext=u:object_r:privapp_data_file:s0:c101,c256,c512,c768 tclass=file permissive=1
02-02 04:50:42.773   158   158 I         : (2)[158:kworker/2:1]ldo vmc disable
02-02 04:50:42.773   158   158 I         : (2)[158:kworker/2:1]ldo vmc enable
02-02 04:50:42.801   158   158 I         : (2)[158:kworker/2:1][msdc]msdc1 -> !!! Set<400KHz> Source<191999KHz> -> sclk<399KHz> timing<0> mode<0> div<120> hs400_div_dis<0>
02-02 04:50:42.815   158   158 I         : (2)[158:kworker/2:1][msdc]msdc1 -> !!! Set<200000KHz> Source<191999KHz> -> sclk<191999KHz> timing<6> mode<1> div<0> hs400_div_dis<0>
02-02 04:50:42.816   258   258 I recovery: type=1400 audit(0.0:978): avc: denied { getattr } for path="/data/user_de/0/To5FIUDXj9arSWKJyo3ar+2Zxp4Orc,p/OQ7aGgZ5MnRbG4YcRBoRzD/UHqAARBjtC0iNlkG2C7C+C" dev="mmcblk0p38" ino=1600 scontext=u:r:recovery:s0 tcontext=u:object_r:app_data_file:s0:c79,c256,c512,c768 tclass=file permissive=1
02-02 04:50:42.816   158   158 I         : (2)[158:kworker/2:1][AUTOK]SDcard autok
02-02 04:50:42.836   258   258 I recovery: type=1400 audit(0.0:979): avc: denied { getattr } for path="/data/media" dev="mmcblk0p38" ino=172 scontext=u:r:recovery:s0 tcontext=u:object_r:media_rw_data_file:s0 tclass=dir permissive=1
02-02 04:50:42.836   258   258 I recovery: type=1400 audit(0.0:980): avc: denied { getattr } for path="/data/adb" dev="mmcblk0p38" ino=231 scontext=u:r:recovery:s0 tcontext=u:object_r:adb_data_file:s0 tclass=dir permissive=1
02-02 04:50:42.836   258   258 I recovery: type=1400 audit(0.0:981): avc: denied { read } for name="adb" dev="mmcblk0p38" ino=231 scontext=u:r:recovery:s0 tcontext=u:object_r:adb_data_file:s0 tclass=dir permissive=1
02-02 04:50:42.836   258   258 I recovery: type=1400 audit(0.0:982): avc: denied { open } for path="/data/adb" dev="mmcblk0p38" ino=231 scontext=u:r:recovery:s0 tcontext=u:object_r:adb_data_file:s0 tclass=dir permissive=1
02-02 04:50:42.836   258   258 I recovery: type=1400 audit(0.0:983): avc: denied { getattr } for path="/data/gsi" dev="mmcblk0p38" ino=244 scontext=u:r:recovery:s0 tcontext=u:object_r:gsi_data_file:s0 tclass=dir permissive=1
02-02 04:50:42.836   258   258 I recovery: type=1400 audit(0.0:984): avc: denied { read } for name="gsi" dev="mmcblk0p38" ino=244 scontext=u:r:recovery:s0 tcontext=u:object_r:gsi_data_file:s0 tclass=dir permissive=1
02-02 04:50:42.836   258   258 I recovery: type=1400 audit(0.0:985): avc: denied { open } for path="/data/gsi" dev="mmcblk0p38" ino=244 scontext=u:r:recovery:s0 tcontext=u:object_r:gsi_data_file:s0 tclass=dir permissive=1
02-02 04:50:42.836   158   158 I         : (2)[158:kworker/2:1][AUTOK]CMD 0 	 51 	 OOOOOOOOXXOOOOOOOOOOOOOOOOOOOOOOOOOOOOOOOOOOOOOOOOOOOOOOOOOOOXXX
02-02 04:50:42.839   258   258 I recovery: type=1400 audit(0.0:986): avc: denied { getattr } for path="/data/gsi/ota" dev="mmcblk0p38" ino=246 scontext=u:r:recovery:s0 tcontext=u:object_r:ota_image_data_file:s0 tclass=dir permissive=1
02-02 04:50:42.839   258   258 I recovery: type=1400 audit(0.0:987): avc: denied { read } for name="ota" dev="mmcblk0p38" ino=246 scontext=u:r:recovery:s0 tcontext=u:object_r:ota_image_data_file:s0 tclass=dir permissive=1
02-02 04:50:42.839   258   258 I recovery: type=1400 audit(0.0:988): avc: denied { open } for path="/data/gsi/ota" dev="mmcblk0p38" ino=246 scontext=u:r:recovery:s0 tcontext=u:object_r:ota_image_data_file:s0 tclass=dir permissive=1
02-02 04:50:42.839   258   258 I recovery: type=1400 audit(0.0:989): avc: denied { getattr } for path="/data/server_configurable_flags" dev="mmcblk0p38" ino=272 scontext=u:r:recovery:s0 tcontext=u:object_r:server_configurable_flags_data_file:s0 tclass=dir permissive=1
02-02 04:50:42.839   258   258 I recovery: type=1400 audit(0.0:990): avc: denied { read } for name="server_configurable_flags" dev="mmcblk0p38" ino=272 scontext=u:r:recovery:s0 tcontext=u:object_r:server_configurable_flags_data_file:s0 tclass=dir permissive=1
02-02 04:50:42.839   258   258 I recovery: type=1400 audit(0.0:991): avc: denied { open } for path="/data/server_configurable_flags" dev="mmcblk0p38" ino=272 scontext=u:r:recovery:s0 tcontext=u:object_r:server_configurable_flags_data_file:s0 tclass=dir permissive=1
02-02 04:50:42.843   258   258 I -(0)[258:recovery]SELinux: Context u:object_r:gsi_persistent_data_file:s0 is not valid (left unmapped).
02-02 04:50:42.844   258   258 I -(0)[258:recovery]SELinux: Context u:object_r:phhsu_daemon:s0 is not valid (left unmapped).
02-02 04:50:42.855   158   158 I         : (2)[158:kworker/2:1][AUTOK]CMD 1 	 35 	 OOOOOOOOOOOOOOOOOOOOOOOOOOOOOOOOOOOXXOOOOOOOOOOOOOOOOOOOOOOOOOOO
02-02 04:50:42.855   158   158 I (2)[158:kworker/2:1][AUTOK]Analysis Result: 1T = 53
02-02 04:50:42.868   158   158 I         : (2)[158:kworker/2:1][AUTOK]DAT 0 	 46 	 OOOOOOXXXXXXXXOOOOOOOOOOOOOOOOOOOOOOOOOOOOOOOOOOOOOOOOOOOOOOXXXX
02-02 04:50:42.882   158   158 I         : (2)[158:kworker/2:1][AUTOK]DAT 1 	 33 	 OOOOOOOOOOOOOOOOOOOOOOOOOOOOOOOOOXXXXXXXOOOOOOOOOOOOOOOOOOOOOOOO
02-02 04:50:42.882   158   158 I (2)[158:kworker/2:1][AUTOK]Analysis Result: 1T = 54
02-02 04:50:42.882   158   158 I (2)[158:kworker/2:1][AUTOK]CMD [EDGE: 1 CMD_FIFO_EDGE:0 DLY1:8 DLY2:0]
02-02 04:50:42.882   158   158 I (2)[158:kworker/2:1][AUTOK]DAT [RDAT_EDGE: 0 RD_FIFO_EDGE:1 WD_FIFO_EDGE:1]
02-02 04:50:42.882   158   158 I (2)[158:kworker/2:1][AUTOK]DAT [LATCH_CK: 0 DLY1:9 DLY2:0]
02-02 04:50:42.882   158   158 I (2)[158:kworker/2:1][AUTOK]DS  [DLY1: 0 DLY2:0 DLY3:0]
02-02 04:50:42.882   158   158 I         : (2)[158:kworker/2:1][AUTOK]CLK TX  [0]
02-02 04:50:42.882   158   158 I         : (2)[158:kworker/2:1][AUTOK]CMD TX  [0]
02-02 04:50:42.882   158   158 I         : (2)[158:kworker/2:1][AUTOK]DAT TX  [D0:0 D1:0 D2:0 D3:0]
02-02 04:50:42.882   158   158 I (2)[158:kworker/2:1][AUTOK]======Cost: 65 ms======
02-02 04:50:42.882   158   158 I (2)[158:kworker/2:1]mmc1: new ultra high speed SDR104 SDXC card at address aaaa
02-02 04:50:42.885   158   158 I (2)[158:kworker/2:1]mmcblk1: mmc1:aaaa SC64G 59.5 GiB
02-02 04:50:42.888   158   158 I (2)[158:kworker/2:1] mmcblk1: p1
02-02 04:50:42.893   258   258 I recovery: type=1400 audit(0.0:992): avc: denied { getattr } for path="/sys/devices/platform/bootdevice/mmc_host/mmc0/mmc0:0001/block/mmcblk0/mmcblk0p37/partition" dev="sysfs" ino=27907 scontext=u:r:recovery:s0 tcontext=u:object_r:sysfs:s0 tclass=file permissive=1
02-02 04:50:42.893   258   258 I recovery: type=1400 audit(0.0:993): avc: denied { read } for name="dev" dev="sysfs" ino=27057 scontext=u:r:recovery:s0 tcontext=u:object_r:sysfs:s0 tclass=file permissive=1
02-02 04:50:42.893   258   258 I recovery: type=1400 audit(0.0:994): avc: denied { open } for path="/sys/devices/platform/bootdevice/mmc_host/mmc0/mmc0:0001/block/mmcblk0/dev" dev="sysfs" ino=27057 scontext=u:r:recovery:s0 tcontext=u:object_r:sysfs:s0 tclass=file permissive=1
02-02 04:50:42.902   258   258 I (0)[258:recovery]EXT4-fs (mmcblk0p37): mounted filesystem with ordered data mode. Opts: noauto_da_alloc,discard
02-02 04:50:42.902   258   258 I -(0)[258:recovery]SELinux: Context u:object_r:carrier_file:s0 is not valid (left unmapped).
02-02 04:50:42.920   258   258 I (0)[258:recovery]EXT4-fs (mmcblk0p13): mounted filesystem with ordered data mode. Opts: noauto_da_alloc,commit=1,nodelalloc
02-02 04:50:42.920   258   258 I -(0)[258:recovery]SELinux: Context u:object_r:protect_f_data_file:s0 is not valid (left unmapped).
02-02 04:50:42.951   258   258 I (0)[258:recovery]EXT4-fs (mmcblk0p14): mounted filesystem with ordered data mode. Opts: noauto_da_alloc,commit=1,nodelalloc
02-02 04:50:42.952   258   258 I -(0)[258:recovery]SELinux: Context u:object_r:protect_s_data_file:s0 is not valid (left unmapped).
02-02 04:50:42.978   258   258 I (0)[258:recovery]EXT4-fs (mmcblk0p10): mounted filesystem with ordered data mode. Opts: noauto_da_alloc,commit=1,nodelalloc
02-02 04:50:42.978   258   258 I -(0)[258:recovery]SELinux: Context u:object_r:nvdata_file:s0 is not valid (left unmapped).
02-02 04:50:43.003   258   258 I (0)[258:recovery]EXT4-fs (mmcblk0p9): mounted filesystem with ordered data mode. Opts: noauto_da_alloc,commit=1,nodelalloc
02-02 04:50:43.004   258   258 I -(2)[258:recovery]SELinux: Context u:object_r:nvcfg_file:s0 is not valid (left unmapped).
02-02 04:50:43.009   258   258 I recovery: type=1400 audit(0.0:995): avc: denied { getattr } for path="/mnt/vendor/persist" dev="tmpfs" ino=11585 scontext=u:r:recovery:s0 tcontext=u:object_r:mnt_vendor_file:s0 tclass=dir permissive=1
02-02 04:50:43.019   258   258 I recovery: type=1400 audit(0.0:996): avc: denied { mounton } for path="/mnt/vendor/persist" dev="tmpfs" ino=11585 scontext=u:r:recovery:s0 tcontext=u:object_r:mnt_vendor_file:s0 tclass=dir permissive=1
02-02 04:50:43.028   258   258 I (2)[258:recovery]EXT4-fs (mmcblk0p16): mounted filesystem with ordered data mode. Opts: noauto_da_alloc,commit=1,nodelalloc
02-02 04:50:43.036   258   258 I recovery: type=1400 audit(0.0:997): avc: denied { ioctl } for path="/dev/block/mmcblk0p5" dev="tmpfs" ino=12441 ioctlcmd=0x1260 scontext=u:r:recovery:s0 tcontext=u:object_r:block_device:s0 tclass=blk_file permissive=1
02-02 04:50:43.087   324   324 I (2)[324:sh][DISP][mtkfb_ioctl #1613]warn: mtkfb_ioctl Not support, info=0x9f0deea5, cmd=0x00005401, arg=0xbec09bd0
02-02 04:50:43.107   325   325 W exfat-fuse: volume was not unmounted cleanly
02-02 04:50:43.158   258   258 I (0)[258:recovery]EXT4-fs (mmcblk0p9): mounted filesystem with ordered data mode. Opts:
02-02 04:50:43.192   258   258 I (2)[258:recovery]EXT4-fs (mmcblk0p10): mounted filesystem with ordered data mode. Opts:
02-02 04:50:43.214   258   258 I (2)[258:recovery]EXT4-fs (mmcblk0p16): mounted filesystem with ordered data mode. Opts:
02-02 04:50:43.235   258   258 I (2)[258:recovery]EXT4-fs (mmcblk0p13): mounted filesystem with ordered data mode. Opts:
02-02 04:50:43.263   258   258 I (2)[258:recovery]EXT4-fs (mmcblk0p14): mounted filesystem with ordered data mode. Opts:
02-02 04:50:43.299   258   258 I (2)[258:recovery]F2FS-fs (mmcblk0p38): Reduce reserved blocks for root = 5871
02-02 04:50:43.317   258   258 I (0)[258:recovery]F2FS-fs (mmcblk0p38): Found nat_bits in checkpoint
02-02 04:50:43.493   258   258 I recovery: type=1400 audit(0.0:998): avc: denied { create } for scontext=u:r:recovery:s0 tcontext=u:r:recovery:s0 tclass=netlink_kobject_uevent_socket permissive=1
02-02 04:50:43.493   258   258 I recovery: type=1400 audit(0.0:999): avc: denied { bind } for scontext=u:r:recovery:s0 tcontext=u:r:recovery:s0 tclass=netlink_kobject_uevent_socket permissive=1
02-02 04:50:43.493   258   258 I recovery: type=1400 audit(0.0:1000): avc: denied { write } for name="uevent" dev="sysfs" ino=29316 scontext=u:r:recovery:s0 tcontext=u:object_r:sysfs:s0 tclass=file permissive=1
02-02 04:50:43.496   258   258 I recovery: type=1400 audit(0.0:1001): avc: denied { read } for name="zram0" dev="sysfs" ino=20202 scontext=u:r:recovery:s0 tcontext=u:object_r:sysfs_zram:s0 tclass=dir permissive=1
02-02 04:50:43.496   258   258 I recovery: type=1400 audit(0.0:1002): avc: denied { open } for path="/sys/devices/virtual/block/zram0" dev="sysfs" ino=20202 scontext=u:r:recovery:s0 tcontext=u:object_r:sysfs_zram:s0 tclass=dir permissive=1
02-02 04:50:43.496   258   258 I recovery: type=1400 audit(0.0:1003): avc: denied { search } for name="zram0" dev="sysfs" ino=20202 scontext=u:r:recovery:s0 tcontext=u:object_r:sysfs_zram:s0 tclass=dir permissive=1
02-02 04:50:43.496   258   258 I (0)[258:recovery]F2FS-fs (mmcblk0p38): Mounted with checkpoint version = 126aaef0
02-02 04:50:43.516   258   258 I recovery: type=1400 audit(0.0:1004): avc: denied { ioctl } for path="/dev/block/dm-0" dev="tmpfs" ino=11722 ioctlcmd=0x5331 scontext=u:r:recovery:s0 tcontext=u:object_r:dm_device:s0 tclass=blk_file permissive=1
02-02 04:50:43.530   258   258 I (0)[258:recovery]EXT4-fs (dm-0): mounted filesystem without journal. Opts:
02-02 04:50:43.539   258   258 I recovery: type=1400 audit(0.0:1005): avc: denied { ioctl } for path="/dev/block/dm-1" dev="tmpfs" ino=11727 ioctlcmd=0x5331 scontext=u:r:recovery:s0 tcontext=u:object_r:dm_device:s0 tclass=blk_file permissive=1
02-02 04:50:43.559   258   258 I (2)[258:recovery]EXT4-fs (dm-1): mounted filesystem without journal. Opts:
02-02 04:50:43.588   258   258 I (0)[258:recovery]EXT4-fs (mmcblk0p11): mounted filesystem with ordered data mode. Opts: discard
02-02 04:50:43.606   258   258 I recovery: type=1400 audit(0.0:1006): avc: denied { read } for name="/" dev="mmcblk0p38" ino=3 scontext=u:r:recovery:s0 tcontext=u:object_r:system_data_root_file:s0 tclass=dir permissive=1
02-02 04:50:43.606   258   258 I recovery: type=1400 audit(0.0:1007): avc: denied { open } for path="/data" dev="mmcblk0p38" ino=3 scontext=u:r:recovery:s0 tcontext=u:object_r:system_data_root_file:s0 tclass=dir permissive=1
02-02 04:50:43.609   258   258 I recovery: type=1400 audit(0.0:1008): avc: denied { getattr } for path="/data/unencrypted/mode" dev="mmcblk0p38" ino=14 scontext=u:r:recovery:s0 tcontext=u:object_r:unencrypted_data_file:s0 tclass=file permissive=1
02-02 04:50:43.610   174   174 I         : (2)[174:disp_check][DISP][ESD]ESD check end, ret = 0
02-02 04:50:43.616   258   258 I recovery: type=1400 audit(0.0:1009): avc: denied { getattr } for path="/data/vendor/M7dv+q8nSXmFezgO2kI,uA/P2k0,r0h4lsr9,asNUjZFD/tLlMxUPbscaaSN4mmTAu2B" dev="mmcblk0p38" ino=2859 scontext=u:r:recovery:s0 tcontext=u:object_r:hostapd_data_file:s0 tclass=file permissive=1
02-02 04:50:43.639   258   258 I recovery: type=1400 audit(0.0:1010): avc: denied { getattr } for path="/data/misc/LRR4FzPCmibI2QKQuNiyPA/Y4uBOU4LFpx9GG7cWXFHe0DgIfzT1Wr3fq8hXD" dev="mmcblk0p38" ino=2590 scontext=u:r:recovery:s0 tcontext=u:object_r:shared_relro_file:s0:c13,c260,c512,c768 tclass=file permissive=1
02-02 04:50:43.639   258   258 I recovery: type=1400 audit(0.0:1011): avc: denied { getattr } for path="/data/misc/dS+D0TgkfIGUqtXdEEf0dC/KrBqqljn389iWxVTTdEAj8cijiI" dev="mmcblk0p38" ino=1666 scontext=u:r:recovery:s0 tcontext=u:object_r:wifi_data_file:s0 tclass=file permissive=1
02-02 04:50:43.646   258   258 I recovery: type=1400 audit(0.0:1012): avc: denied { getattr } for path="/data/misc/OBYfiiyQW+sU3b5IGp5hzA/DORjfNMJM,8V,1qoG3ZuvB/NwK2xKBmnFbJYqVkK1E7VA/Zdd+rlsccYHMSS++sCgHnC/RVw6bWF9HYPRleNm+5OnUC/xkYPmivj5sYVFNsXnAcvTC" dev="mmcblk0p38" ino=179 scontext=u:r:recovery:s0 tcontext=u:object_r:vold_data_file:s0 tclass=file permissive=1
02-02 04:50:43.653   258   258 I recovery: type=1400 audit(0.0:1013): avc: denied { getattr } for path="/data/misc/f9pQIcrWSh2vylPQ2aGwXA/Za6XyoGvoTr1WX+X,0O91B/2r2CSE82Z+aNdwlKyhYazB/kX0A4gSSyzx3kCs9y6bFscyfw5uehLukLO5UP6ElFzD" dev="mmcblk0p38" ino=493 scontext=u:r:recovery:s0 tcontext=u:object_r:user_profile_data_file:s0 tclass=dir permissive=1
02-02 04:50:43.653   258   258 I recovery: type=1400 audit(0.0:1014): avc: denied { read } for name="kX0A4gSSyzx3kCs9y6bFscyfw5uehLukLO5UP6ElFzD" dev="mmcblk0p38" ino=493 scontext=u:r:recovery:s0 tcontext=u:object_r:user_profile_data_file:s0 tclass=dir permissive=1
02-02 04:50:43.653   258   258 I recovery: type=1400 audit(0.0:1015): avc: denied { open } for path="/data/misc/f9pQIcrWSh2vylPQ2aGwXA/Za6XyoGvoTr1WX+X,0O91B/2r2CSE82Z+aNdwlKyhYazB/kX0A4gSSyzx3kCs9y6bFscyfw5uehLukLO5UP6ElFzD" dev="mmcblk0p38" ino=493 scontext=u:r:recovery:s0 tcontext=u:object_r:user_profile_data_file:s0 tclass=dir permissive=1
02-02 04:50:43.653   258   258 I recovery: type=1400 audit(0.0:1016): avc: denied { search } for name="kX0A4gSSyzx3kCs9y6bFscyfw5uehLukLO5UP6ElFzD" dev="mmcblk0p38" ino=493 scontext=u:r:recovery:s0 tcontext=u:object_r:user_profile_data_file:s0 tclass=dir permissive=1
02-02 04:50:43.796   258   258 I recovery: type=1400 audit(0.0:1017): avc: denied { getattr } for path="/data/misc/7KYko6T6t0BCPWb8,imHpA" dev="mmcblk0p38" ino=82 scontext=u:r:recovery:s0 tcontext=u:object_r:profman_dump_data_file:s0 tclass=dir permissive=1
02-02 04:50:43.796   258   258 I recovery: type=1400 audit(0.0:1018): avc: denied { read } for name="7KYko6T6t0BCPWb8,imHpA" dev="mmcblk0p38" ino=82 scontext=u:r:recovery:s0 tcontext=u:object_r:profman_dump_data_file:s0 tclass=dir permissive=1
02-02 04:50:43.796   258   258 I recovery: type=1400 audit(0.0:1019): avc: denied { open } for path="/data/misc/7KYko6T6t0BCPWb8,imHpA" dev="mmcblk0p38" ino=82 scontext=u:r:recovery:s0 tcontext=u:object_r:profman_dump_data_file:s0 tclass=dir permissive=1
02-02 04:50:43.796   258   258 I recovery: type=1400 audit(0.0:1020): avc: denied { search } for name="7KYko6T6t0BCPWb8,imHpA" dev="mmcblk0p38" ino=82 scontext=u:r:recovery:s0 tcontext=u:object_r:profman_dump_data_file:s0 tclass=dir permissive=1
02-02 04:50:43.796   258   258 I recovery: type=1400 audit(0.0:1021): avc: denied { getattr } for path="/data/misc/9IUTt,Dtnwiq93AkefNF9C" dev="mmcblk0p38" ino=84 scontext=u:r:recovery:s0 tcontext=u:object_r:install_data_file:s0 tclass=dir permissive=1
02-02 04:50:43.796   258   258 I recovery: type=1400 audit(0.0:1022): avc: denied { read } for name="9IUTt,Dtnwiq93AkefNF9C" dev="mmcblk0p38" ino=84 scontext=u:r:recovery:s0 tcontext=u:object_r:install_data_file:s0 tclass=dir permissive=1
02-02 04:50:43.796   258   258 I recovery: type=1400 audit(0.0:1023): avc: denied { open } for path="/data/misc/9IUTt,Dtnwiq93AkefNF9C" dev="mmcblk0p38" ino=84 scontext=u:r:recovery:s0 tcontext=u:object_r:install_data_file:s0 tclass=dir permissive=1
02-02 04:50:43.796   258   258 I recovery: type=1400 audit(0.0:1024): avc: denied { search } for name="9IUTt,Dtnwiq93AkefNF9C" dev="mmcblk0p38" ino=84 scontext=u:r:recovery:s0 tcontext=u:object_r:install_data_file:s0 tclass=dir permissive=1
02-02 04:50:43.806   258   258 I recovery: type=1400 audit(0.0:1025): avc: denied { getattr } for path="/data/misc/XactuclAKArzyn0FMqmHhD" dev="mmcblk0p38" ino=88 scontext=u:r:recovery:s0 tcontext=u:object_r:snapshotctl_log_data_file:s0 tclass=dir permissive=1
02-02 04:50:43.806   258   258 I recovery: type=1400 audit(0.0:1026): avc: denied { read } for name="XactuclAKArzyn0FMqmHhD" dev="mmcblk0p38" ino=88 scontext=u:r:recovery:s0 tcontext=u:object_r:snapshotctl_log_data_file:s0 tclass=dir permissive=1
02-02 04:50:43.806   258   258 I recovery: type=1400 audit(0.0:1027): avc: denied { open } for path="/data/misc/XactuclAKArzyn0FMqmHhD" dev="mmcblk0p38" ino=88 scontext=u:r:recovery:s0 tcontext=u:object_r:snapshotctl_log_data_file:s0 tclass=dir permissive=1
02-02 04:50:43.806   258   258 I recovery: type=1400 audit(0.0:1028): avc: denied { search } for name="XactuclAKArzyn0FMqmHhD" dev="mmcblk0p38" ino=88 scontext=u:r:recovery:s0 tcontext=u:object_r:snapshotctl_log_data_file:s0 tclass=dir permissive=1
02-02 04:50:43.806   258   258 I recovery: type=1400 audit(0.0:1029): avc: denied { getattr } for path="/data/misc/rhHNzZZ6MJK,v4KmlylXMC" dev="mmcblk0p38" ino=89 scontext=u:r:recovery:s0 tcontext=u:object_r:prereboot_data_file:s0 tclass=dir permissive=1
02-02 04:50:43.806   258   258 I recovery: type=1400 audit(0.0:1030): avc: denied { read } for name="rhHNzZZ6MJK,v4KmlylXMC" dev="mmcblk0p38" ino=89 scontext=u:r:recovery:s0 tcontext=u:object_r:prereboot_data_file:s0 tclass=dir permissive=1
02-02 04:50:43.806   258   258 I recovery: type=1400 audit(0.0:1031): avc: denied { open } for path="/data/misc/rhHNzZZ6MJK,v4KmlylXMC" dev="mmcblk0p38" ino=89 scontext=u:r:recovery:s0 tcontext=u:object_r:prereboot_data_file:s0 tclass=dir permissive=1
02-02 04:50:43.806   258   258 I recovery: type=1400 audit(0.0:1032): avc: denied { search } for name="rhHNzZZ6MJK,v4KmlylXMC" dev="mmcblk0p38" ino=89 scontext=u:r:recovery:s0 tcontext=u:object_r:prereboot_data_file:s0 tclass=dir permissive=1
02-02 04:50:43.806   258   258 I recovery: type=1400 audit(0.0:1033): avc: denied { getattr } for path="/data/misc/GYRcd7Vcskmw0Tl8,s3Nz0OyrnF" dev="mmcblk0p38" ino=141 scontext=u:r:recovery:s0 tcontext=u:object_r:stats_data_file:s0 tclass=dir permissive=1
02-02 04:50:43.806   258   258 I recovery: type=1400 audit(0.0:1034): avc: denied { read } for name="GYRcd7Vcskmw0Tl8,s3Nz0OyrnF" dev="mmcblk0p38" ino=141 scontext=u:r:recovery:s0 tcontext=u:object_r:stats_data_file:s0 tclass=dir permissive=1
02-02 04:50:43.806   258   258 I recovery: type=1400 audit(0.0:1035): avc: denied { open } for path="/data/misc/GYRcd7Vcskmw0Tl8,s3Nz0OyrnF" dev="mmcblk0p38" ino=141 scontext=u:r:recovery:s0 tcontext=u:object_r:stats_data_file:s0 tclass=dir permissive=1
02-02 04:50:43.806   258   258 I recovery: type=1400 audit(0.0:1036): avc: denied { search } for name="GYRcd7Vcskmw0Tl8,s3Nz0OyrnF" dev="mmcblk0p38" ino=141 scontext=u:r:recovery:s0 tcontext=u:object_r:stats_data_file:s0 tclass=dir permissive=1
02-02 04:50:43.809   258   258 I recovery: type=1400 audit(0.0:1037): avc: denied { getattr } for path="/data/misc/GY9goP0STHsLbexIqeY5VA" dev="mmcblk0p38" ino=230 scontext=u:r:recovery:s0 tcontext=u:object_r:adb_keys_file:s0 tclass=dir permissive=1
02-02 04:50:43.809   258   258 I recovery: type=1400 audit(0.0:1038): avc: denied { read } for name="GY9goP0STHsLbexIqeY5VA" dev="mmcblk0p38" ino=230 scontext=u:r:recovery:s0 tcontext=u:object_r:adb_keys_file:s0 tclass=dir permissive=1
02-02 04:50:43.809   258   258 I recovery: type=1400 audit(0.0:1039): avc: denied { open } for path="/data/misc/GY9goP0STHsLbexIqeY5VA" dev="mmcblk0p38" ino=230 scontext=u:r:recovery:s0 tcontext=u:object_r:adb_keys_file:s0 tclass=dir permissive=1
02-02 04:50:43.809   258   258 I recovery: type=1400 audit(0.0:1040): avc: denied { search } for name="GY9goP0STHsLbexIqeY5VA" dev="mmcblk0p38" ino=230 scontext=u:r:recovery:s0 tcontext=u:object_r:adb_keys_file:s0 tclass=dir permissive=1
02-02 04:50:43.809   258   258 I recovery: type=1400 audit(0.0:1041): avc: denied { getattr } for path="/data/misc/hxBoXVgVzy4g3uyW9L2dhB" dev="mmcblk0p38" ino=242 scontext=u:r:recovery:s0 tcontext=u:object_r:bootstat_data_file:s0 tclass=dir permissive=1
02-02 04:50:43.809   258   258 I recovery: type=1400 audit(0.0:1042): avc: denied { read } for name="hxBoXVgVzy4g3uyW9L2dhB" dev="mmcblk0p38" ino=242 scontext=u:r:recovery:s0 tcontext=u:object_r:bootstat_data_file:s0 tclass=dir permissive=1
02-02 04:50:43.809   258   258 I recovery: type=1400 audit(0.0:1043): avc: denied { open } for path="/data/misc/hxBoXVgVzy4g3uyW9L2dhB" dev="mmcblk0p38" ino=242 scontext=u:r:recovery:s0 tcontext=u:object_r:bootstat_data_file:s0 tclass=dir permissive=1
02-02 04:50:43.809   258   258 I recovery: type=1400 audit(0.0:1044): avc: denied { search } for name="hxBoXVgVzy4g3uyW9L2dhB" dev="mmcblk0p38" ino=242 scontext=u:r:recovery:s0 tcontext=u:object_r:bootstat_data_file:s0 tclass=dir permissive=1
02-02 04:50:43.813   258   258 I recovery: type=1400 audit(0.0:1045): avc: denied { getattr } for path="/data/misc/6uQMsP3bLoI4EZiLoEoQLA" dev="mmcblk0p38" ino=248 scontext=u:r:recovery:s0 tcontext=u:object_r:incident_data_file:s0 tclass=dir permissive=1
02-02 04:50:43.813   258   258 I recovery: type=1400 audit(0.0:1046): avc: denied { read } for name="6uQMsP3bLoI4EZiLoEoQLA" dev="mmcblk0p38" ino=248 scontext=u:r:recovery:s0 tcontext=u:object_r:incident_data_file:s0 tclass=dir permissive=1
02-02 04:50:43.813   258   258 I recovery: type=1400 audit(0.0:1047): avc: denied { open } for path="/data/misc/6uQMsP3bLoI4EZiLoEoQLA" dev="mmcblk0p38" ino=248 scontext=u:r:recovery:s0 tcontext=u:object_r:incident_data_file:s0 tclass=dir permissive=1
02-02 04:50:43.813   258   258 I recovery: type=1400 audit(0.0:1048): avc: denied { search } for name="6uQMsP3bLoI4EZiLoEoQLA" dev="mmcblk0p38" ino=248 scontext=u:r:recovery:s0 tcontext=u:object_r:incident_data_file:s0 tclass=dir permissive=1
02-02 04:50:43.813   258   258 I recovery: type=1400 audit(0.0:1049): avc: denied { getattr } for path="/data/misc/q9byvBj6QVy9,FNIGKI5QC" dev="mmcblk0p38" ino=249 scontext=u:r:recovery:s0 tcontext=u:object_r:iorapd_data_file:s0 tclass=dir permissive=1
02-02 04:50:43.813   258   258 I recovery: type=1400 audit(0.0:1050): avc: denied { read } for name="q9byvBj6QVy9,FNIGKI5QC" dev="mmcblk0p38" ino=249 scontext=u:r:recovery:s0 tcontext=u:object_r:iorapd_data_file:s0 tclass=dir permissive=1
02-02 04:50:43.813   258   258 I recovery: type=1400 audit(0.0:1051): avc: denied { open } for path="/data/misc/q9byvBj6QVy9,FNIGKI5QC" dev="mmcblk0p38" ino=249 scontext=u:r:recovery:s0 tcontext=u:object_r:iorapd_data_file:s0 tclass=dir permissive=1
02-02 04:50:43.813   258   258 I recovery: type=1400 audit(0.0:1052): avc: denied { search } for name="q9byvBj6QVy9,FNIGKI5QC" dev="mmcblk0p38" ino=249 scontext=u:r:recovery:s0 tcontext=u:object_r:iorapd_data_file:s0 tclass=dir permissive=1
02-02 04:50:43.813   258   258 I recovery: type=1400 audit(0.0:1053): avc: denied { getattr } for path="/data/misc/WqOOTqpGpmziANj5wSxj5B" dev="mmcblk0p38" ino=250 scontext=u:r:recovery:s0 tcontext=u:object_r:misc_logd_file:s0 tclass=dir permissive=1
02-02 04:50:43.813   258   258 I recovery: type=1400 audit(0.0:1054): avc: denied { read } for name="WqOOTqpGpmziANj5wSxj5B" dev="mmcblk0p38" ino=250 scontext=u:r:recovery:s0 tcontext=u:object_r:misc_logd_file:s0 tclass=dir permissive=1
02-02 04:50:43.813   258   258 I recovery: type=1400 audit(0.0:1055): avc: denied { open } for path="/data/misc/WqOOTqpGpmziANj5wSxj5B" dev="mmcblk0p38" ino=250 scontext=u:r:recovery:s0 tcontext=u:object_r:misc_logd_file:s0 tclass=dir permissive=1
02-02 04:50:43.813   258   258 I recovery: type=1400 audit(0.0:1056): avc: denied { search } for name="WqOOTqpGpmziANj5wSxj5B" dev="mmcblk0p38" ino=250 scontext=u:r:recovery:s0 tcontext=u:object_r:misc_logd_file:s0 tclass=dir permissive=1
02-02 04:50:43.816   258   258 I recovery: type=1400 audit(0.0:1057): avc: denied { getattr } for path="/data/misc/qsqnigU,6rA0iLsz8RF,wD" dev="mmcblk0p38" ino=277 scontext=u:r:recovery:s0 tcontext=u:object_r:perfetto_traces_data_file:s0 tclass=dir permissive=1
02-02 04:50:43.816   258   258 I recovery: type=1400 audit(0.0:1058): avc: denied { read } for name="qsqnigU,6rA0iLsz8RF,wD" dev="mmcblk0p38" ino=277 scontext=u:r:recovery:s0 tcontext=u:object_r:perfetto_traces_data_file:s0 tclass=dir permissive=1
02-02 04:50:43.816   258   258 I recovery: type=1400 audit(0.0:1059): avc: denied { open } for path="/data/misc/qsqnigU,6rA0iLsz8RF,wD" dev="mmcblk0p38" ino=277 scontext=u:r:recovery:s0 tcontext=u:object_r:perfetto_traces_data_file:s0 tclass=dir permissive=1
02-02 04:50:43.816   258   258 I recovery: type=1400 audit(0.0:1060): avc: denied { search } for name="qsqnigU,6rA0iLsz8RF,wD" dev="mmcblk0p38" ino=277 scontext=u:r:recovery:s0 tcontext=u:object_r:perfetto_traces_data_file:s0 tclass=dir permissive=1
02-02 04:50:43.816   258   258 I recovery: type=1400 audit(0.0:1061): avc: denied { getattr } for path="/data/apex" dev="mmcblk0p38" ino=30 scontext=u:r:recovery:s0 tcontext=u:object_r:apex_data_file:s0 tclass=dir permissive=1
02-02 04:50:43.816   258   258 I recovery: type=1400 audit(0.0:1062): avc: denied { read } for name="apex" dev="mmcblk0p38" ino=30 scontext=u:r:recovery:s0 tcontext=u:object_r:apex_data_file:s0 tclass=dir permissive=1
02-02 04:50:43.816   258   258 I recovery: type=1400 audit(0.0:1063): avc: denied { open } for path="/data/apex" dev="mmcblk0p38" ino=30 scontext=u:r:recovery:s0 tcontext=u:object_r:apex_data_file:s0 tclass=dir permissive=1
02-02 04:50:43.819   258   258 I recovery: type=1400 audit(0.0:1064): avc: denied { getattr } for path="/data/local/Cp,mlBeKxWKxrrKHwnfOmA" dev="mmcblk0p38" ino=93 scontext=u:r:recovery:s0 tcontext=u:object_r:shell_data_file:s0 tclass=dir permissive=1
02-02 04:50:43.819   258   258 I recovery: type=1400 audit(0.0:1065): avc: denied { read } for name="Cp,mlBeKxWKxrrKHwnfOmA" dev="mmcblk0p38" ino=93 scontext=u:r:recovery:s0 tcontext=u:object_r:shell_data_file:s0 tclass=dir permissive=1
02-02 04:50:43.819   258   258 I recovery: type=1400 audit(0.0:1066): avc: denied { open } for path="/data/local/Cp,mlBeKxWKxrrKHwnfOmA" dev="mmcblk0p38" ino=93 scontext=u:r:recovery:s0 tcontext=u:object_r:shell_data_file:s0 tclass=dir permissive=1
02-02 04:50:43.819   258   258 I recovery: type=1400 audit(0.0:1067): avc: denied { search } for name="Cp,mlBeKxWKxrrKHwnfOmA" dev="mmcblk0p38" ino=93 scontext=u:r:recovery:s0 tcontext=u:object_r:shell_data_file:s0 tclass=dir permissive=1
02-02 04:50:43.819   258   258 I recovery: type=1400 audit(0.0:1068): avc: denied { getattr } for path="/data/local/,qpB939AHQgPvd4Uz63rFC" dev="mmcblk0p38" ino=94 scontext=u:r:recovery:s0 tcontext=u:object_r:trace_data_file:s0 tclass=dir permissive=1
02-02 04:50:43.819   258   258 I recovery: type=1400 audit(0.0:1069): avc: denied { read } for name=",qpB939AHQgPvd4Uz63rFC" dev="mmcblk0p38" ino=94 scontext=u:r:recovery:s0 tcontext=u:object_r:trace_data_file:s0 tclass=dir permissive=1
02-02 04:50:43.819   258   258 I recovery: type=1400 audit(0.0:1070): avc: denied { open } for path="/data/local/,qpB939AHQgPvd4Uz63rFC" dev="mmcblk0p38" ino=94 scontext=u:r:recovery:s0 tcontext=u:object_r:trace_data_file:s0 tclass=dir permissive=1
02-02 04:50:43.819   258   258 I recovery: type=1400 audit(0.0:1071): avc: denied { search } for name=",qpB939AHQgPvd4Uz63rFC" dev="mmcblk0p38" ino=94 scontext=u:r:recovery:s0 tcontext=u:object_r:trace_data_file:s0 tclass=dir permissive=1
02-02 04:50:43.823   258   258 I recovery: type=1400 audit(0.0:1072): avc: denied { getattr } for path="/data/preloads" dev="mmcblk0p38" ino=92 scontext=u:r:recovery:s0 tcontext=u:object_r:preloads_data_file:s0 tclass=dir permissive=1
02-02 04:50:43.823   258   258 I recovery: type=1400 audit(0.0:1073): avc: denied { read } for name="preloads" dev="mmcblk0p38" ino=92 scontext=u:r:recovery:s0 tcontext=u:object_r:preloads_data_file:s0 tclass=dir permissive=1
02-02 04:50:43.823   258   258 I recovery: type=1400 audit(0.0:1074): avc: denied { open } for path="/data/preloads" dev="mmcblk0p38" ino=92 scontext=u:r:recovery:s0 tcontext=u:object_r:preloads_data_file:s0 tclass=dir permissive=1
02-02 04:50:43.823   258   258 I recovery: type=1400 audit(0.0:1075): avc: denied { getattr } for path="/data/data" dev="mmcblk0p38" ino=95 scontext=u:r:recovery:s0 tcontext=u:object_r:system_data_file:s0:c512,c768 tclass=dir permissive=1
02-02 04:50:43.823   258   258 I recovery: type=1400 audit(0.0:1076): avc: denied { read } for name="data" dev="mmcblk0p38" ino=95 scontext=u:r:recovery:s0 tcontext=u:object_r:system_data_file:s0:c512,c768 tclass=dir permissive=1
02-02 04:50:43.823   258   258 I recovery: type=1400 audit(0.0:1077): avc: denied { open } for path="/data/data" dev="mmcblk0p38" ino=95 scontext=u:r:recovery:s0 tcontext=u:object_r:system_data_file:s0:c512,c768 tclass=dir permissive=1
02-02 04:50:43.836   258   258 I recovery: type=1400 audit(0.0:1078): avc: denied { getattr } for path="/data/data/SbqWW6ra,,la9wugQkRxVZ7z4klS0F,eVeYmHXeXvlC/9PwbxUasMKWyWEXsWbXOMB/wzZXlMUOubTRI973v1,epB" dev="mmcblk0p38" ino=2252 scontext=u:r:recovery:s0 tcontext=u:object_r:radio_data_file:s0 tclass=file permissive=1
02-02 04:50:43.960     1     1 I (2)[1:init]: starting service 'hwservicemanager'...
02-02 04:50:43.966     1     1 I (2)[1:init]: starting service 'vndservicemanager'...
02-02 04:50:43.969   344   344 E (0)[344:init]: failed to write pid to files: couldn't write 344 to /dev/cpuset/system-background/tasks: No such file or directory
02-02 04:50:43.986   344   344 I vndservicemanag: type=1400 audit(0.0:1079): avc: denied { read } for name="vndbinder" dev="tmpfs" ino=12501 scontext=u:r:recovery:s0 tcontext=u:object_r:vndbinder_device:s0 tclass=chr_file permissive=1
02-02 04:50:43.986   344   344 I vndservicemanag: type=1400 audit(0.0:1080): avc: denied { write } for name="vndbinder" dev="tmpfs" ino=12501 scontext=u:r:recovery:s0 tcontext=u:object_r:vndbinder_device:s0 tclass=chr_file permissive=1
02-02 04:50:43.986   344   344 I vndservicemanag: type=1400 audit(0.0:1081): avc: denied { open } for path="/dev/vndbinder" dev="tmpfs" ino=12501 scontext=u:r:recovery:s0 tcontext=u:object_r:vndbinder_device:s0 tclass=chr_file permissive=1
02-02 04:50:43.986   344   344 I vndservicemanag: type=1400 audit(0.0:1082): avc: denied { ioctl } for path="/dev/vndbinder" dev="tmpfs" ino=12501 ioctlcmd=0x6209 scontext=u:r:recovery:s0 tcontext=u:object_r:vndbinder_device:s0 tclass=chr_file permissive=1
02-02 04:50:43.989   344   344 E ProcessState: Binder driver protocol(8) does not match user space protocol(7)! ioctl() return value: 0
02-02 04:50:43.989   344   344 E ProcessState: Binder ioctl to set max threads failed: Bad file descriptor
02-02 04:50:43.990   344   344 F ProcessState: Binder driver '/dev/vndbinder' could not be opened.  Terminating.
02-02 04:50:43.990   344   344 F libc    : Fatal signal 6 (SIGABRT), code -1 (SI_QUEUE) in tid 344 (vndservicemanag), pid 344 (vndservicemanag)
02-02 04:50:43.992   346   346 F libc    : failed to exec crash_dump helper: No such file or directory
02-02 04:50:43.993   344   344 F libc    : crash_dump helper failed to exec
02-02 04:50:43.999     1     1 I (0)[1:init]: Service 'vndservicemanager' (pid 344) received signal 6
02-02 04:50:43.999     1     1 I (0)[1:init]: Sending signal 9 to service 'vndservicemanager' (pid 344) process group...
02-02 04:50:43.999     1     1 I (0)[1:init]libprocessgroup: Successfully killed process cgroup uid 0 pid 344 in 0ms
02-02 04:50:44.000     1     1 I (0)[1:init]: Untracked pid 346 exited with status 1
02-02 04:50:44.005     1     1 I (2)[1:init]: starting service 'adbd'...
02-02 04:50:44.005     1     1 I (2)[1:init]: Created socket '/dev/socket/adbd', mode 660, user 1000, group 1000
02-02 04:50:44.006   258   258 I recovery: type=1400 audit(0.0:1083): avc: denied { getattr } for path="/data/data/_GIIiQBAAAAQ4qlFYMRuTCZgY+iKei1YA/I9IEGKSFcw,OzMErTQT+yA" dev="mmcblk0p38" ino=2736 scontext=u:r:recovery:s0 tcontext=u:object_r:radio_data_file:s0 tclass=lnk_file permissive=1
02-02 04:50:44.020   158   158 I         : (2)[158:kworker/2:1]usb_state<DISCONNECTED>
02-02 04:50:44.025   343   343 E hw-ProcessState: Binder driver protocol(8) does not match user space protocol(7)!
02-02 04:50:44.026   343   343 E hw-ProcessState: Binder ioctl to set max threads failed: Bad file descriptor
02-02 04:50:44.026   343   343 F hw-ProcessState: Binder driver could not be opened. Terminating.
02-02 04:50:44.026   343   343 F libc    : Fatal signal 6 (SIGABRT), code -1 (SI_QUEUE) in tid 343 (hwservicemanage), pid 343 (hwservicemanage)
02-02 04:50:44.028   349   349 F libc    : failed to exec crash_dump helper: No such file or directory
02-02 04:50:44.029   343   343 F libc    : crash_dump helper failed to exec
02-02 04:50:44.034     1     1 I (0)[1:init]: Service 'hwservicemanager' (pid 343) received signal 6
02-02 04:50:44.063   258   258 I recovery: type=1400 audit(0.0:1084): avc: denied { getattr } for path="/data/data/_j+mCuDAAAAAY+pOLrdoRkvVTDvF2+sPi" dev="mmcblk0p38" ino=1997 scontext=u:r:recovery:s0 tcontext=u:object_r:app_data_file:s0:c5,c256,c512,c768 tclass=dir permissive=1
02-02 04:50:44.063   258   258 I recovery: type=1400 audit(0.0:1085): avc: denied { read } for name="_j+mCuDAAAAAY+pOLrdoRkvVTDvF2+sPi" dev="mmcblk0p38" ino=1997 scontext=u:r:recovery:s0 tcontext=u:object_r:app_data_file:s0:c5,c256,c512,c768 tclass=dir permissive=1
02-02 04:50:44.063   258   258 I recovery: type=1400 audit(0.0:1086): avc: denied { open } for path="/data/data/_j+mCuDAAAAAY+pOLrdoRkvVTDvF2+sPi" dev="mmcblk0p38" ino=1997 scontext=u:r:recovery:s0 tcontext=u:object_r:app_data_file:s0:c5,c256,c512,c768 tclass=dir permissive=1
02-02 04:50:44.063   258   258 I recovery: type=1400 audit(0.0:1087): avc: denied { search } for name="_j+mCuDAAAAAY+pOLrdoRkvVTDvF2+sPi" dev="mmcblk0p38" ino=1997 scontext=u:r:recovery:s0 tcontext=u:object_r:app_data_file:s0:c5,c256,c512,c768 tclass=dir permissive=1
02-02 04:50:44.063   258   258 I recovery: type=1400 audit(0.0:1088): avc: denied { getattr } for path="/data/data/J1RFI+ufMrDQuAJkMRM49HeNmzbzAwBx/b61Bha+4jjUACxUF+PRMhD" dev="mmcblk0p38" ino=2743 scontext=u:r:recovery:s0 tcontext=u:object_r:bluetooth_data_file:s0 tclass=lnk_file permissive=1
02-02 04:50:44.063   258   258 I recovery: type=1400 audit(0.0:1089): avc: denied { getattr } for path="/data/data/L3bRuZ2lFFKfABS5rkuCkqaAk3flbX0yUrO+RD" dev="mmcblk0p38" ino=2003 scontext=u:r:recovery:s0 tcontext=u:object_r:app_data_file:s0:c76,c256,c512,c768 tclass=dir permissive=1
02-02 04:50:44.063   258   258 I recovery: type=1400 audit(0.0:1090): avc: denied { read } for name="L3bRuZ2lFFKfABS5rkuCkqaAk3flbX0yUrO+RD" dev="mmcblk0p38" ino=2003 scontext=u:r:recovery:s0 tcontext=u:object_r:app_data_file:s0:c76,c256,c512,c768 tclass=dir permissive=1
02-02 04:50:44.063   258   258 I recovery: type=1400 audit(0.0:1091): avc: denied { open } for path="/data/data/L3bRuZ2lFFKfABS5rkuCkqaAk3flbX0yUrO+RD" dev="mmcblk0p38" ino=2003 scontext=u:r:recovery:s0 tcontext=u:object_r:app_data_file:s0:c76,c256,c512,c768 tclass=dir permissive=1
02-02 04:50:44.063   347   352 I adbd    : opening control endpoint /dev/usb-ffs/adb/ep0
02-02 04:50:44.064   347   350 I adbd    : Waiting for persist.adb.tls_server.enable=1
02-02 04:50:44.066   258   258 I recovery: type=1400 audit(0.0:1092): avc: denied { search } for name="L3bRuZ2lFFKfABS5rkuCkqaAk3flbX0yUrO+RD" dev="mmcblk0p38" ino=2003 scontext=u:r:recovery:s0 tcontext=u:object_r:app_data_file:s0:c76,c256,c512,c768 tclass=dir permissive=1
02-02 04:50:44.067     0     0 I         : (0)[352:usb ffs open]read descriptors
02-02 04:50:44.067     0     0 I         : (0)[352:usb ffs open]read strings
02-02 04:50:44.069   347   352 I adbd    : UsbFfsConnection constructed
02-02 04:50:44.072   347   354 I adbd    : UsbFfs-monitor thread spawned
02-02 04:50:44.073   258   258 I recovery: type=1400 audit(0.0:1093): avc: denied { getattr } for path="/data/data/3nkPNwI89Kw52EzduFDXxrVIzFK4XuWdRTjtRUxeB9J" dev="mmcblk0p38" ino=2009 scontext=u:r:recovery:s0 tcontext=u:object_r:app_data_file:s0:c70,c256,c512,c768 tclass=dir permissive=1
02-02 04:50:44.073   258   258 I recovery: type=1400 audit(0.0:1094): avc: denied { read } for name="3nkPNwI89Kw52EzduFDXxrVIzFK4XuWdRTjtRUxeB9J" dev="mmcblk0p38" ino=2009 scontext=u:r:recovery:s0 tcontext=u:object_r:app_data_file:s0:c70,c256,c512,c768 tclass=dir permissive=1
02-02 04:50:44.073   258   258 I recovery: type=1400 audit(0.0:1095): avc: denied { open } for path="/data/data/3nkPNwI89Kw52EzduFDXxrVIzFK4XuWdRTjtRUxeB9J" dev="mmcblk0p38" ino=2009 scontext=u:r:recovery:s0 tcontext=u:object_r:app_data_file:s0:c70,c256,c512,c768 tclass=dir permissive=1
02-02 04:50:44.073   258   258 I recovery: type=1400 audit(0.0:1096): avc: denied { search } for name="3nkPNwI89Kw52EzduFDXxrVIzFK4XuWdRTjtRUxeB9J" dev="mmcblk0p38" ino=2009 scontext=u:r:recovery:s0 tcontext=u:object_r:app_data_file:s0:c70,c256,c512,c768 tclass=dir permissive=1
02-02 04:50:44.073   258   258 I recovery: type=1400 audit(0.0:1097): avc: denied { getattr } for path="/data/app-private" dev="mmcblk0p38" ino=96 scontext=u:r:recovery:s0 tcontext=u:object_r:apk_private_data_file:s0 tclass=dir permissive=1
02-02 04:50:44.073   258   258 I recovery: type=1400 audit(0.0:1098): avc: denied { read } for name="app-private" dev="mmcblk0p38" ino=96 scontext=u:r:recovery:s0 tcontext=u:object_r:apk_private_data_file:s0 tclass=dir permissive=1
02-02 04:50:44.073   258   258 I recovery: type=1400 audit(0.0:1099): avc: denied { open } for path="/data/app-private" dev="mmcblk0p38" ino=96 scontext=u:r:recovery:s0 tcontext=u:object_r:apk_private_data_file:s0 tclass=dir permissive=1
02-02 04:50:44.073   258   258 I recovery: type=1400 audit(0.0:1100): avc: denied { getattr } for path="/data/app-asec" dev="mmcblk0p38" ino=98 scontext=u:r:recovery:s0 tcontext=u:object_r:asec_image_file:s0 tclass=dir permissive=1
02-02 04:50:44.073   258   258 I recovery: type=1400 audit(0.0:1101): avc: denied { read } for name="app-asec" dev="mmcblk0p38" ino=98 scontext=u:r:recovery:s0 tcontext=u:object_r:asec_image_file:s0 tclass=dir permissive=1
02-02 04:50:44.073   258   258 I recovery: type=1400 audit(0.0:1102): avc: denied { open } for path="/data/app-asec" dev="mmcblk0p38" ino=98 scontext=u:r:recovery:s0 tcontext=u:object_r:asec_image_file:s0 tclass=dir permissive=1
02-02 04:50:44.075     1     1 I         : (0)[1:init]gadget_dev_desc_UDC_store write musb-hdrc
02-02 04:50:44.075     1     1 I         : (0)[1:init]usb_gadget_probe_driver musb-hdrc musb-hdrc
02-02 04:50:44.075     1     1 I         : (0)[1:init]configfs_composite_bind
02-02 04:50:44.075     1     1 I         : (0)[1:init]composite_dev_prepare c0258548
02-02 04:50:44.075     1     1 I (0)[1:init]configfs-gadget gadget: adding 'Function FS Gadget'/a1937e78 to config 'b'/29dc8428
02-02 04:50:44.075     1     1 I         : (0)[1:init]composite_os_desc_req_prepare 0cd1388f
02-02 04:50:44.075     1     1 I (0)[1:init][MUSB]musb_gadget_start 2599: musb_gadget_start
02-02 04:50:44.075   347   354 I adbd    : USB event: FUNCTIONFS_BIND
02-02 04:50:44.076   258   258 I recovery: type=1400 audit(0.0:1103): avc: denied { getattr } for path="/data/app" dev="mmcblk0p38" ino=100 scontext=u:r:recovery:s0 tcontext=u:object_r:apk_data_file:s0 tclass=dir permissive=1
02-02 04:50:44.076   258   258 I recovery: type=1400 audit(0.0:1104): avc: denied { read } for name="app" dev="mmcblk0p38" ino=100 scontext=u:r:recovery:s0 tcontext=u:object_r:apk_data_file:s0 tclass=dir permissive=1
02-02 04:50:44.076   258   258 I recovery: type=1400 audit(0.0:1105): avc: denied { open } for path="/data/app" dev="mmcblk0p38" ino=100 scontext=u:r:recovery:s0 tcontext=u:object_r:apk_data_file:s0 tclass=dir permissive=1
02-02 04:50:44.076   258   258 I recovery: type=1400 audit(0.0:1106): avc: denied { getattr } for path="/data/property" dev="mmcblk0p38" ino=101 scontext=u:r:recovery:s0 tcontext=u:object_r:property_data_file:s0 tclass=dir permissive=1
02-02 04:50:44.076   258   258 I recovery: type=1400 audit(0.0:1107): avc: denied { read } for name="property" dev="mmcblk0p38" ino=101 scontext=u:r:recovery:s0 tcontext=u:object_r:property_data_file:s0 tclass=dir permissive=1
02-02 04:50:44.076   258   258 I recovery: type=1400 audit(0.0:1108): avc: denied { open } for path="/data/property" dev="mmcblk0p38" ino=101 scontext=u:r:recovery:s0 tcontext=u:object_r:property_data_file:s0 tclass=dir permissive=1
02-02 04:50:44.076   258   258 I recovery: type=1400 audit(0.0:1109): avc: denied { getattr } for path="/data/property/cOfX5r302VtEXdXRJAF7tN2XlAUQ73JQ" dev="mmcblk0p38" ino=3265 scontext=u:r:recovery:s0 tcontext=u:object_r:property_data_file:s0 tclass=file permissive=1
02-02 04:50:44.076     1     1 I (0)[1:init][MUSB]musb_gadget_pullup 2391: is_on=1, softconnect=0 ++
02-02 04:50:44.076     1     1 I -(0)[1:init][MUSB]musb_gadget_pullup 2404: is_on=1, softconnect=0 ++
02-02 04:50:44.076     1     1 I -(0)[1:init][MUSB]musb_pullup 2334: MUSB: gadget pull up 1 start, musb->power:1
02-02 04:50:44.076     1     1 I -(0)[1:init][MUSB]musb_pullup 2343: MUSB: gadget pull up 1 end
02-02 04:50:44.079   258   258 I recovery: type=1400 audit(0.0:1110): avc: denied { getattr } for path="/data/dalvik-cache" dev="mmcblk0p38" ino=110 scontext=u:r:recovery:s0 tcontext=u:object_r:dalvikcache_data_file:s0 tclass=dir permissive=1
02-02 04:50:44.079   258   258 I recovery: type=1400 audit(0.0:1111): avc: denied { read } for name="dalvik-cache" dev="mmcblk0p38" ino=110 scontext=u:r:recovery:s0 tcontext=u:object_r:dalvikcache_data_file:s0 tclass=dir permissive=1
02-02 04:50:44.079   258   258 I recovery: type=1400 audit(0.0:1112): avc: denied { open } for path="/data/dalvik-cache" dev="mmcblk0p38" ino=110 scontext=u:r:recovery:s0 tcontext=u:object_r:dalvikcache_data_file:s0 tclass=dir permissive=1
02-02 04:50:44.082     1     1 I         : (2)[1:init]gadget_dev_desc_UDC_store write musb-hdrc
02-02 04:50:44.083   258   258 I recovery: type=1400 audit(0.0:1113): avc: denied { getattr } for path="/data/dalvik-cache/CWbALwUvDVvMBkIkzHUhIB/_xyvljDAAAAQmiu4Y7ou7,drKp,oj4NN5" dev="mmcblk0p38" ino=324 scontext=u:r:recovery:s0 tcontext=u:object_r:dalvikcache_data_file:s0 tclass=file permissive=1
02-02 04:50:44.086   258   258 I recovery: type=1400 audit(0.0:1114): avc: denied { getattr } for path="/data/ota" dev="mmcblk0p38" ino=111 scontext=u:r:recovery:s0 tcontext=u:object_r:ota_data_file:s0 tclass=dir permissive=1
02-02 04:50:44.086   258   258 I recovery: type=1400 audit(0.0:1115): avc: denied { read } for name="ota" dev="mmcblk0p38" ino=111 scontext=u:r:recovery:s0 tcontext=u:object_r:ota_data_file:s0 tclass=dir permissive=1
02-02 04:50:44.086   258   258 I recovery: type=1400 audit(0.0:1116): avc: denied { open } for path="/data/ota" dev="mmcblk0p38" ino=111 scontext=u:r:recovery:s0 tcontext=u:object_r:ota_data_file:s0 tclass=dir permissive=1
02-02 04:50:44.086   258   258 I recovery: type=1400 audit(0.0:1117): avc: denied { getattr } for path="/data/ota_package" dev="mmcblk0p38" ino=112 scontext=u:r:recovery:s0 tcontext=u:object_r:ota_package_file:s0 tclass=dir permissive=1
02-02 04:50:44.086   258   258 I recovery: type=1400 audit(0.0:1118): avc: denied { read } for name="ota_package" dev="mmcblk0p38" ino=112 scontext=u:r:recovery:s0 tcontext=u:object_r:ota_package_file:s0 tclass=dir permissive=1
02-02 04:50:44.086   258   258 I recovery: type=1400 audit(0.0:1119): avc: denied { open } for path="/data/ota_package" dev="mmcblk0p38" ino=112 scontext=u:r:recovery:s0 tcontext=u:object_r:ota_package_file:s0 tclass=dir permissive=1
02-02 04:50:44.086   258   258 I recovery: type=1400 audit(0.0:1120): avc: denied { getattr } for path="/data/resource-cache" dev="mmcblk0p38" ino=113 scontext=u:r:recovery:s0 tcontext=u:object_r:resourcecache_data_file:s0 tclass=dir permissive=1
02-02 04:50:44.086   258   258 I recovery: type=1400 audit(0.0:1121): avc: denied { read } for name="resource-cache" dev="mmcblk0p38" ino=113 scontext=u:r:recovery:s0 tcontext=u:object_r:resourcecache_data_file:s0 tclass=dir permissive=1
02-02 04:50:44.086   258   258 I recovery: type=1400 audit(0.0:1122): avc: denied { open } for path="/data/resource-cache" dev="mmcblk0p38" ino=113 scontext=u:r:recovery:s0 tcontext=u:object_r:resourcecache_data_file:s0 tclass=dir permissive=1
02-02 04:50:44.089   258   258 I recovery: type=1400 audit(0.0:1123): avc: denied { getattr } for path="/data/resource-cache/_CJllfCAAAAwKVeUnnStL3j8D0s+6wmvv" dev="mmcblk0p38" ino=319 scontext=u:r:recovery:s0 tcontext=u:object_r:resourcecache_data_file:s0 tclass=file permissive=1
02-02 04:50:44.089   258   258 I recovery: type=1400 audit(0.0:1124): avc: denied { getattr } for path="/data/drm" dev="mmcblk0p38" ino=115 scontext=u:r:recovery:s0 tcontext=u:object_r:drm_data_file:s0 tclass=dir permissive=1
02-02 04:50:44.089   258   258 I recovery: type=1400 audit(0.0:1125): avc: denied { read } for name="drm" dev="mmcblk0p38" ino=115 scontext=u:r:recovery:s0 tcontext=u:object_r:drm_data_file:s0 tclass=dir permissive=1
02-02 04:50:44.089   258   258 I recovery: type=1400 audit(0.0:1126): avc: denied { open } for path="/data/drm" dev="mmcblk0p38" ino=115 scontext=u:r:recovery:s0 tcontext=u:object_r:drm_data_file:s0 tclass=dir permissive=1
02-02 04:50:44.093   258   258 I recovery: type=1400 audit(0.0:1127): avc: denied { getattr } for path="/data/drm/MUgNjUJTSoYKCVAZJDqkNC/JEtto9TruwpOU3ac7,QhcC" dev="mmcblk0p38" ino=2099 scontext=u:r:recovery:s0 tcontext=u:object_r:drm_data_file:s0 tclass=file permissive=1
02-02 04:50:44.093   258   258 I recovery: type=1400 audit(0.0:1128): avc: denied { getattr } for path="/data/mediadrm" dev="mmcblk0p38" ino=116 scontext=u:r:recovery:s0 tcontext=u:object_r:media_data_file:s0 tclass=dir permissive=1
02-02 04:50:44.093   258   258 I recovery: type=1400 audit(0.0:1129): avc: denied { read } for name="mediadrm" dev="mmcblk0p38" ino=116 scontext=u:r:recovery:s0 tcontext=u:object_r:media_data_file:s0 tclass=dir permissive=1
02-02 04:50:44.093   258   258 I recovery: type=1400 audit(0.0:1130): avc: denied { open } for path="/data/mediadrm" dev="mmcblk0p38" ino=116 scontext=u:r:recovery:s0 tcontext=u:object_r:media_data_file:s0 tclass=dir permissive=1
02-02 04:50:44.093   258   258 I recovery: type=1400 audit(0.0:1131): avc: denied { getattr } for path="/data/backup" dev="mmcblk0p38" ino=119 scontext=u:r:recovery:s0 tcontext=u:object_r:backup_data_file:s0 tclass=dir permissive=1
