02-05 08:11:25.377     0     0 I         : (1)[226:irq/44-tlsc6x_t][tlsc] pointer report X is 248, Y is 708, id is 0.
02-05 08:11:25.387     0     0 I         : (2)[226:irq/44-tlsc6x_t][tlsc] pointer report X is 248, Y is 708, id is 0.
02-05 08:11:25.394   255   255 I         : (0)[255:recovery][DISP]AEE is not enabled, will disable layer 3
02-05 08:11:25.396     0     0 I         : (2)[226:irq/44-tlsc6x_t][tlsc] pointer report X is 248, Y is 708, id is 0.
02-05 08:11:25.396     0     0 W (0)[0:swapper/0][mcdi]mcdi cpu: 0, 0, 0, 0, cluster : 0, pause = 0, multi core = 0, latency = 0, residency = 0, last core = 0, avail cpu = 000f, cluster = 0001, enabled = 0, max_s_state = 5, system_idle_hint = 00000000
02-05 08:11:25.399   255   255 I (0)[255:recovery]mtk-tpd: [tpd_fb_notifier_callback:458] tpd_fb_notifier_callback
02-05 08:11:25.406     0     0 I         : (2)[226:irq/44-tlsc6x_t][tlsc] pointer report X is 248, Y is 708, id is 0.
02-05 08:11:25.415     0     0 I         : (2)[226:irq/44-tlsc6x_t][tlsc] pointer report X is 248, Y is 708, id is 0.
02-05 08:11:25.425     0     0 I         : (3)[226:irq/44-tlsc6x_t][tlsc] pointer report X is 248, Y is 708, id is 0.
02-05 08:11:25.434     0     0 I         : (3)[226:irq/44-tlsc6x_t][tlsc] pointer report X is 248, Y is 708, id is 0.
02-05 08:11:25.439   194   194 I         : (1)[194:battery_thread][fg_drv_update_hw_status]=>
02-05 08:11:25.440   194   194 I         : (1)[194:battery_thread][fgauge_read_current] final current=345 (ratio=1000)
02-05 08:11:25.440   194   194 I         : (1)[194:battery_thread][CH3_DBG] bat_cur = 345
02-05 08:11:25.440   194   194 I (1)[194:battery_thread]mt635x-auxadc mt635x-auxadc: name:BAT_TEMP, channel=3, adc_out=0x550, adc_result=597
02-05 08:11:25.440   194   194 I         : (1)[194:battery_thread][fgauge_read_current] final current=345 (ratio=1000)
02-05 08:11:25.440   194   194 I         : (1)[194:battery_thread][BattVoltToTemp] 596 16900 1800 -1
02-05 08:11:25.440   194   194 I         : (1)[194:battery_thread][force_get_tbat] 597,596,1,34,100,298 r:320 100 0
02-05 08:11:25.440   194   194 I (1)[194:battery_thread][force_get_tbat] t: 29 precise:298
02-05 08:11:25.440   194   194 I         : (1)[194:battery_thread][fg_bat_temp_int_sw_check] tmp 29 lt 65535 ht 65535
02-05 08:11:25.440   194   194 I         : (1)[194:battery_thread][fg_bat_sw_temp_int_l_handler]
02-05 08:11:25.441   194   194 I         : (1)[194:battery_thread][fgauge_read_current] final current=345 (ratio=1000)
02-05 08:11:25.441   194   194 I         : (1)[194:battery_thread][CH3_DBG] bat_cur = 345
02-05 08:11:25.441   194   194 I (1)[194:battery_thread]mt635x-auxadc mt635x-auxadc: name:BAT_TEMP, channel=3, adc_out=0x550, adc_result=597
02-05 08:11:25.441   194   194 I         : (1)[194:battery_thread][fgauge_read_current] final current=374 (ratio=1000)
02-05 08:11:25.441   194   194 I         : (1)[194:battery_thread][BattVoltToTemp] 596 16900 1800 -1
02-05 08:11:25.441   194   194 I         : (1)[194:battery_thread][force_get_tbat] 597,596,1,37,100,298 r:320 100 0
02-05 08:11:25.441   194   194 I (1)[194:battery_thread][force_get_tbat] t: 29 precise:298
02-05 08:11:25.441   194   194 I         : (1)[194:battery_thread]mtk_battery boot mode =2
02-05 08:11:25.441   194   194 I         : (1)[194:battery_thread][wakeup_fg_algo_recovery] intr_num=0x400
02-05 08:11:25.441   194   194 I         : (1)[194:battery_thread][TempConverBattThermistor] [8315] 25 10000 30 8315 30
02-05 08:11:25.442   194   194 I         : (1)[194:battery_thread][fgauge_read_current] final current=374 (ratio=1000)
02-05 08:11:25.442   194   194 I         : (1)[194:battery_thread][TempToBattVolt] temp 30 R_NTC 8315 V(5935 5950) I 374 CHG 1
02-05 08:11:25.442   194   194 I         : (1)[194:battery_thread][TempConverBattThermistor] [8989] 25 10000 30 8315 28
02-05 08:11:25.442   194   194 I         : (1)[194:battery_thread][TempToBattVolt] temp 28 R_NTC 8989 V(6249 6264) I 374 CHG 1
02-05 08:11:25.442   194   194 I         : (1)[194:battery_thread][fg_bat_temp_int_internal][FG_TEMP_INT] T[29] V[65535 65535] C[30 28] h[6264 5950]
02-05 08:11:25.443   194   194 I (1)[194:battery_thread]mt635x-auxadc mt635x-auxadc: name:BATADC, channel=0, adc_out=0x6804, adc_result=4388
02-05 08:11:25.444   194   194 I         : (1)[194:battery_thread][fgauge_read_current] final current=326 (ratio=1000)
02-05 08:11:25.444   194   194 I         : (1)[194:battery_thread][CH3_DBG] bat_cur = 326
02-05 08:11:25.444     0     0 I         : (3)[226:irq/44-tlsc6x_t][tlsc] pointer report X is 248, Y is 708, id is 0.
02-05 08:11:25.444   194   194 I         : (1)[194:battery_thread][fgauge_read_current] final current=326 (ratio=1000)
02-05 08:11:25.444   194   194 I         : (1)[194:battery_thread][BattVoltToTemp] 595 16900 1800 -1
02-05 08:11:25.444   194   194 I         : (1)[194:battery_thread][force_get_tbat] 596,595,1,32,100,299 r:320 100 0
02-05 08:11:25.444   194   194 I (1)[194:battery_thread][force_get_tbat] t: 29 precise:299
02-05 08:11:25.444   194   194 I (1)[194:battery_thread][fg_update_sw_iavg]diff time: 60 iavg:0
02-05 08:11:25.445   194   194 I         : (1)[194:battery_thread][fgauge_get_coulomb] CAR=7 r_fg_value=100 car_tune_value=1000
02-05 08:11:25.445   194   194 I (1)[194:battery_thread][fg_update_sw_iavg]time: 60 car:7 7 iavg:420 ht:3000 lt:-3000 gap:3000
02-05 08:11:25.445   194   194 I         : (1)[194:battery_thread][read_boot_battery_plug_out_status] rtc_invalid 0 plugout 1 bat_plug_out_time 31 sp3:0xe4 pl:0 0
02-05 08:11:25.445   194   194 I         : (1)[194:battery_thread][fgauge_read_current] final current=326 (ratio=1000)
02-05 08:11:25.445   194   194 I         : (1)[194:battery_thread][fgauge_get_coulomb] CAR=7 r_fg_value=100 car_tune_value=1000
02-05 08:11:25.447   268   268 I         : (1)[268:kworker/1:2][fgauge_read_current] final current=242 (ratio=1000)
02-05 08:11:25.447   268   268 I         : (1)[268:kworker/1:2][fgauge_read_current] final current=242 (ratio=1000)
02-05 08:11:25.447   194   194 I         : (1)[194:battery_thread][fgauge_read_current] final current=106 (ratio=1000)
02-05 08:11:25.447   194   194 I         : (1)[194:battery_thread][CH3_DBG] bat_cur = -106
02-05 08:11:25.448   194   194 I         : (1)[194:battery_thread][fgauge_read_current] final current=106 (ratio=1000)
02-05 08:11:25.448   194   194 I         : (1)[194:battery_thread][BattVoltToTemp] 596 16900 1800 0
02-05 08:11:25.448   194   194 I         : (1)[194:battery_thread][force_get_tbat] 596,596,0,10,100,298 r:320 100 0
02-05 08:11:25.448   194   194 I (1)[194:battery_thread][force_get_tbat] t: 29 precise:298
02-05 08:11:25.448   194   194 I         : (1)[194:battery_thread]lbat 0 0 1 34500
02-05 08:11:25.448   194   194 I (1)[194:battery_thread]car[7,121,-121,243,-118, cycle_car:0,ncar:1] c: 1 326 vbat:4388 vbus:4910 soc:97 100 gm3:0 0 0 0
02-05 08:11:25.448   194   194 I         : (1)[194:battery_thread][fgauge_get_coulomb] CAR=7 r_fg_value=100 car_tune_value=1000
02-05 08:11:25.448   194   194 I         : (1)[194:battery_thread][fg_bat_nafg][fgauge_get_nag_cnt] 0 [25_16 0 15_0 0]
02-05 08:11:25.448   194   194 I (1)[194:battery_thread][fg_nafg_monitor]time: 61 nafg_cnt:0, now:61, last_t:0
02-05 08:11:25.448   194   194 I (1)[194:battery_thread]tmp: 29 65535 65535 hcar2:243 lcar2:118 time:61 sw_iavg:420 420 0 nafg_m:0 0 0
02-05 08:11:25.449   194   194 I         : (1)[194:battery_thread][fgauge_get_coulomb] CAR=7 r_fg_value=100 car_tune_value=1000
02-05 08:11:25.451   194   194 I         : (1)[194:battery_thread][fgauge_read_current] final current=75 (ratio=1000)
02-05 08:11:25.451   194   194 I chatty  : uid=1036(auditd) identical 1 line
02-05 08:11:25.451   194   194 I         : (1)[194:battery_thread][fgauge_read_current] final current=75 (ratio=1000)
02-05 08:11:25.451   194   194 I         : (1)[194:battery_thread][CH3_DBG] bat_cur = -75
02-05 08:11:25.452   194   194 I         : (1)[194:battery_thread][fgauge_read_current] final current=72 (ratio=1000)
02-05 08:11:25.452   194   194 I         : (1)[194:battery_thread][BattVoltToTemp] 596 16900 1800 0
02-05 08:11:25.452   194   194 I         : (1)[194:battery_thread][force_get_tbat] 596,596,0,7,100,298 r:320 100 0
02-05 08:11:25.452   194   194 I (1)[194:battery_thread][force_get_tbat] t: 29 precise:298
02-05 08:11:25.452   194   194 I         : (1)[194:battery_thread][fg_is_battery_exist] PMIC_RGS_BATON_UNDET = 1
02-05 08:11:25.452   194   194 I         : (1)[194:battery_thread]GM3log1 61 61 4389 -75 -75 55000 6 29 1 1 184 1 0
02-05 08:11:25.452   194   194 I         : (1)[194:battery_thread]GM3log2 61 0 0 0 0 43993 458 1 4938
02-05 08:11:25.452   194   194 I         : (1)[194:battery_thread]GM3log3 61 0 43298 -3231 0
02-05 08:11:25.452   194   194 I         : (1)[194:battery_thread]GM3log4 0 100 0 1 31 0 1 1 1 1 97
02-05 08:11:25.452   194   194 I         : (1)[194:battery_thread]GM3log int 61 61 0 0 0 0
02-05 08:11:25.452   194   194 I         : (1)[194:battery_thread]GM3log phone_state 0 0
02-05 08:11:25.452   194   194 I (1)[194:battery_thread]GM3 car: 7 car_diff:-1
02-05 08:11:25.452   194   194 I (1)[194:battery_thread][read_nafg_vbat] i: 0 nag_vbat_reg 0xe756 nag_vbat_mv 43594:26454
02-05 08:11:25.452   194   194 I         : (1)[194:battery_thread][read_nafg_vbat1] 0 0 10 0 0 0 0 0 0
02-05 08:11:25.452   194   194 I         : (1)[194:battery_thread][read_nafg_vbat2] 1 0 1 1 1 0 1 0 0 0 0 0
02-05 08:11:25.452   194   194 I (1)[194:battery_thread][fg_bat_nafg][fgauge_get_nag_dltv] mV: Reg [10405:6314]
02-05 08:11:25.452   194   194 I         : (1)[194:battery_thread][fg_bat_nafg][fgauge_get_nag_cnt] 0 [25_16 0 15_0 0]
02-05 08:11:25.452   194   194 I (1)[194:battery_thread][fg_bat_nafg][fgauge_get_nag_c_dltv] mV: Reg[0:0][b10:0][26_16(0x0000) 15_00(0x0000)]
02-05 08:11:25.452   194   194 I         : (1)[194:battery_thread]GM3log-nint-nafg 61 61 0 43594 10405 0 0
02-05 08:11:25.452   194   194 I         : (1)[194:battery_thread]mtk_battery boot mode =2
02-05 08:11:25.452   194   194 I         : (1)[194:battery_thread][wakeup_fg_algo_recovery] intr_num=0x2000000
02-05 08:11:25.453     0     0 I         : (3)[226:irq/44-tlsc6x_t][tlsc] pointer report X is 248, Y is 706, id is 0.
02-05 08:11:25.463     0     0 I         : (3)[226:irq/44-tlsc6x_t][tlsc] pointer report X is 248, Y is 703, id is 0.
02-05 08:11:25.472     0     0 I         : (3)[226:irq/44-tlsc6x_t][tlsc] pointer report X is 249, Y is 697, id is 0.
02-05 08:11:25.482     0     0 I         : (3)[226:irq/44-tlsc6x_t][tlsc] pointer report X is 250, Y is 692, id is 0.
02-05 08:11:25.490   255   255 I         : (0)[255:recovery][DISP]AEE is not enabled, will disable layer 3
02-05 08:11:25.491     0     0 I         : (3)[226:irq/44-tlsc6x_t][tlsc] pointer report X is 251, Y is 687, id is 0.
02-05 08:11:25.499   255   255 I (0)[255:recovery]mtk-tpd: [tpd_fb_notifier_callback:458] tpd_fb_notifier_callback
02-05 08:11:25.501     0     0 I         : (3)[226:irq/44-tlsc6x_t][tlsc] pointer report X is 251, Y is 681, id is 0.
02-05 08:11:25.510     0     0 I         : (3)[226:irq/44-tlsc6x_t][tlsc] pointer report X is 252, Y is 676, id is 0.
02-05 08:11:25.520     0     0 I         : (3)[226:irq/44-tlsc6x_t][tlsc] pointer report X is 253, Y is 670, id is 0.
02-05 08:11:25.523   255   255 I         : (1)[255:recovery][DISP]AEE is not enabled, will disable layer 3
02-05 08:11:25.526     0     0 I (0)[227:mtk-tpd][tlsc]esd_check_work: Enter
02-05 08:11:25.529     0     0 I         : (3)[226:irq/44-tlsc6x_t][tlsc] pointer report X is 254, Y is 662, id is 0.
02-05 08:11:25.532   255   255 I (0)[255:recovery]mtk-tpd: [tpd_fb_notifier_callback:458] tpd_fb_notifier_callback
02-05 08:11:25.539     0     0 I         : (3)[226:irq/44-tlsc6x_t][tlsc] pointer report X is 255, Y is 654, id is 0.
02-05 08:11:25.548     0     0 I         : (3)[226:irq/44-tlsc6x_t][tlsc] pointer report X is 257, Y is 643, id is 0.
02-05 08:11:25.557   255   255 I         : (0)[255:recovery][DISP]AEE is not enabled, will disable layer 3
02-05 08:11:25.558     0     0 I         : (3)[226:irq/44-tlsc6x_t][tlsc] pointer report X is 258, Y is 631, id is 0.
02-05 08:11:25.566   255   255 I (0)[255:recovery]mtk-tpd: [tpd_fb_notifier_callback:458] tpd_fb_notifier_callback
02-05 08:11:25.567     0     0 I         : (3)[226:irq/44-tlsc6x_t][tlsc] pointer report X is 262, Y is 619, id is 0.
02-05 08:11:25.576     0     0 I         : (3)[226:irq/44-tlsc6x_t][tlsc] pointer report X is 264, Y is 607, id is 0.
02-05 08:11:25.586     0     0 I         : (3)[226:irq/44-tlsc6x_t][tlsc] pointer report X is 268, Y is 597, id is 0.
02-05 08:11:25.590   255   255 I         : (0)[255:recovery][DISP]AEE is not enabled, will disable layer 3
02-05 08:11:25.595     0     0 I         : (3)[226:irq/44-tlsc6x_t][tlsc] pointer report X is 270, Y is 585, id is 0.
02-05 08:11:25.599   255   255 I (0)[255:recovery]mtk-tpd: [tpd_fb_notifier_callback:458] tpd_fb_notifier_callback
02-05 08:11:25.605     0     0 I         : (3)[226:irq/44-tlsc6x_t][tlsc] pointer report X is 274, Y is 575, id is 0.
02-05 08:11:25.614     0     0 I         : (3)[226:irq/44-tlsc6x_t][tlsc] pointer report X is 277, Y is 565, id is 0.
02-05 08:11:25.624     0     0 I         : (3)[226:irq/44-tlsc6x_t][tlsc] pointer report X is 282, Y is 558, id is 0.
02-05 08:11:25.624   255   255 I         : (0)[255:recovery][DISP]AEE is not enabled, will disable layer 3
02-05 08:11:25.632   255   255 I (0)[255:recovery]mtk-tpd: [tpd_fb_notifier_callback:458] tpd_fb_notifier_callback
02-05 08:11:25.657   255   255 I         : (0)[255:recovery][DISP]AEE is not enabled, will disable layer 3
02-05 08:11:25.666   255   255 I (0)[255:recovery]mtk-tpd: [tpd_fb_notifier_callback:458] tpd_fb_notifier_callback
02-05 08:11:25.690   255   255 I         : (0)[255:recovery][DISP]AEE is not enabled, will disable layer 3
02-05 08:11:25.699   255   255 I (0)[255:recovery]mtk-tpd: [tpd_fb_notifier_callback:458] tpd_fb_notifier_callback
02-05 08:11:25.723   255   255 I         : (0)[255:recovery][DISP]AEE is not enabled, will disable layer 3
02-05 08:11:25.733   255   255 I (1)[255:recovery]mtk-tpd: [tpd_fb_notifier_callback:458] tpd_fb_notifier_callback
02-05 08:11:25.757   255   255 I         : (0)[255:recovery][DISP]AEE is not enabled, will disable layer 3
02-05 08:11:25.766   255   255 I (0)[255:recovery]mtk-tpd: [tpd_fb_notifier_callback:458] tpd_fb_notifier_callback
02-05 08:11:25.790   255   255 I         : (0)[255:recovery][DISP]AEE is not enabled, will disable layer 3
02-05 08:11:25.799   255   255 I (0)[255:recovery]mtk-tpd: [tpd_fb_notifier_callback:458] tpd_fb_notifier_callback
02-05 08:11:25.823   255   255 I         : (1)[255:recovery][DISP]AEE is not enabled, will disable layer 3
02-05 08:11:25.832   255   255 I (0)[255:recovery]mtk-tpd: [tpd_fb_notifier_callback:458] tpd_fb_notifier_callback
02-05 08:11:25.857   255   255 I         : (1)[255:recovery][DISP]AEE is not enabled, will disable layer 3
02-05 08:11:25.866   276   276 I         : (0)[276:kworker/0:2]MTP, <do_monitor_work(), 1802> IN <1933 3863 0 0 1933 1933 3893 0 0 >
02-05 08:11:25.866   276   276 I         : (0)[276:kworker/0:2]MTP, <do_monitor_work(), 1807> OUT <1932 3863 0 0 1933 1932 3893 0 0 >
02-05 08:11:25.866   255   255 I (0)[255:recovery]mtk-tpd: [tpd_fb_notifier_callback:458] tpd_fb_notifier_callback
02-05 08:11:25.891   255   255 I         : (0)[255:recovery][DISP]AEE is not enabled, will disable layer 3
02-05 08:11:25.899   255   255 I (1)[255:recovery]mtk-tpd: [tpd_fb_notifier_callback:458] tpd_fb_notifier_callback
02-05 08:11:25.924   255   255 I         : (0)[255:recovery][DISP]AEE is not enabled, will disable layer 3
02-05 08:11:25.932   255   255 I (0)[255:recovery]mtk-tpd: [tpd_fb_notifier_callback:458] tpd_fb_notifier_callback
02-05 08:11:25.957   255   255 I         : (0)[255:recovery][DISP]AEE is not enabled, will disable layer 3
02-05 08:11:25.966   255   255 I (0)[255:recovery]mtk-tpd: [tpd_fb_notifier_callback:458] tpd_fb_notifier_callback
02-05 08:11:25.990   255   255 I         : (0)[255:recovery][DISP]AEE is not enabled, will disable layer 3
02-05 08:11:25.999   255   255 I (0)[255:recovery]mtk-tpd: [tpd_fb_notifier_callback:458] tpd_fb_notifier_callback
02-05 08:11:26.023   255   255 I         : (0)[255:recovery][DISP]AEE is not enabled, will disable layer 3
02-05 08:11:26.032   255   255 I (0)[255:recovery]mtk-tpd: [tpd_fb_notifier_callback:458] tpd_fb_notifier_callback
02-05 08:11:26.057   255   255 I         : (0)[255:recovery][DISP]AEE is not enabled, will disable layer 3
02-05 08:11:26.066   255   255 I (0)[255:recovery]mtk-tpd: [tpd_fb_notifier_callback:458] tpd_fb_notifier_callback
02-05 08:11:26.090   255   255 I         : (0)[255:recovery][DISP]AEE is not enabled, will disable layer 3
02-05 08:11:26.099   255   255 I (0)[255:recovery]mtk-tpd: [tpd_fb_notifier_callback:458] tpd_fb_notifier_callback
02-05 08:11:26.124   255   255 I         : (0)[255:recovery][DISP]AEE is not enabled, will disable layer 3
02-05 08:11:26.132   255   255 I (0)[255:recovery]mtk-tpd: [tpd_fb_notifier_callback:458] tpd_fb_notifier_callback
02-05 08:11:26.157   255   255 I         : (0)[255:recovery][DISP]AEE is not enabled, will disable layer 3
02-05 08:11:26.166   255   255 I (0)[255:recovery]mtk-tpd: [tpd_fb_notifier_callback:458] tpd_fb_notifier_callback
02-05 08:11:26.190   255   255 I         : (0)[255:recovery][DISP]AEE is not enabled, will disable layer 3
02-05 08:11:26.199   255   255 I (0)[255:recovery]mtk-tpd: [tpd_fb_notifier_callback:458] tpd_fb_notifier_callback
02-05 08:11:26.266     0     0 I         : (3)[234:wdtk-3][wdk-c] cpu=3,lbit=0x8,cbit=0xf,3,1,19479544507,[62399511609,20000000]
02-05 08:11:26.266     0     0 I         : (0)[231:wdtk-0][wdk-c] cpu=0,lbit=0x9,cbit=0xf,3,1,19479544507,[62399524686,19999987]
02-05 08:11:26.266     0     0 I         : (3)[234:wdtk-3][thread:234][RT:62399542302] 2022-02-05 08:11:26.263254 UTC;android time 2022-02-05 08:11:26.263254
02-05 08:11:26.267     0     0 I         : (1)[232:wdtk-1][wdk-c] cpu=1,lbit=0xb,cbit=0xf,3,1,19479544507,[62401213763,19998297]
02-05 08:11:26.267     0     0 W         : (2)[233:wdtk-2][wdk-k] cpu=2,lbit=0xf,cbit=0xf,3,1,19479544507,[62401250456,19998261]
02-05 08:11:26.639    80    80 I         : (2)[80:kworker/u8:2][fgauge_read_current] final current=342 (ratio=1000)
02-05 08:11:26.639    80    80 I         : (2)[80:kworker/u8:2][CH3_DBG] bat_cur = 342
02-05 08:11:26.639   299   299 W -(1)[299:kworker/u8:3]mt635x_auxadc_read_raw: 8 callbacks suppressed
02-05 08:11:26.639   299   299 I (1)[299:kworker/u8:3]mt635x-auxadc mt635x-auxadc: name:VCORE_TEMP, channel=4, adc_out=0x5f5, adc_result=670
02-05 08:11:26.640    80    80 I (1)[80:kworker/u8:2]mt635x-auxadc mt635x-auxadc: name:BAT_TEMP, channel=3, adc_out=0x54f, adc_result=597
02-05 08:11:26.640    80    80 I         : (1)[80:kworker/u8:2][fgauge_read_current] final current=342 (ratio=1000)
02-05 08:11:26.640    80    80 I         : (1)[80:kworker/u8:2][BattVoltToTemp] 596 16900 1800 -1
02-05 08:11:26.640    80    80 I         : (1)[80:kworker/u8:2][force_get_tbat] 597,596,1,34,100,298 r:320 100 0
02-05 08:11:26.640    80    80 I (1)[80:kworker/u8:2][force_get_tbat] t: 29 precise:298
02-05 08:11:26.853    80    80 I (0)[80:kworker/u8:2]mt635x-auxadc mt635x-auxadc: name:VPROC_TEMP, channel=4, adc_out=0x5f6, adc_result=670
02-05 08:11:26.879   276   276 I         : (0)[276:kworker/0:2]MTP, <do_monitor_work(), 1802> IN <1933 3863 0 0 1933 1933 3893 0 0 >
02-05 08:11:26.879   276   276 I         : (0)[276:kworker/0:2]MTP, <do_monitor_work(), 1807> OUT <1932 3863 0 0 1933 1932 3893 0 0 >
02-05 08:11:27.082     0     0 I         : (3)[226:irq/44-tlsc6x_t][tlsc] pointer report X is 76, Y is 432, id is 0.
02-05 08:11:27.083   173   173 I         : (2)[173:disp_check][DISP][ESD]ESD check end, ret = 0
02-05 08:11:27.092     0     0 I         : (3)[226:irq/44-tlsc6x_t][tlsc] pointer report X is 76, Y is 432, id is 0.
02-05 08:11:27.097   255   255 I         : (0)[255:recovery][DISP]AEE is not enabled, will disable layer 3
02-05 08:11:27.099   255   255 I (0)[255:recovery]mtk-tpd: [tpd_fb_notifier_callback:458] tpd_fb_notifier_callback
02-05 08:11:27.101     0     0 I         : (1)[226:irq/44-tlsc6x_t][tlsc] pointer report X is 76, Y is 432, id is 0.
02-05 08:11:27.155     0     0 I chatty  : uid=0(root) logd identical 6 lines
02-05 08:11:27.164     0     0 I         : (1)[226:irq/44-tlsc6x_t][tlsc] pointer report X is 76, Y is 432, id is 0.
02-05 08:11:27.190   255   255 I         : (0)[255:recovery][DISP]AEE is not enabled, will disable layer 3
02-05 08:11:27.199   255   255 I (0)[255:recovery]mtk-tpd: [tpd_fb_notifier_callback:458] tpd_fb_notifier_callback
02-05 08:11:27.474     0     0 I -(1)[0:swapper/1]mtk_charger_alarm_timer_func: not suspend, wake up charger
02-05 08:11:27.474   229   229 I         : (1)[229:charger_thread][fgauge_read_current] final current=352 (ratio=1000)
02-05 08:11:27.476   229   229 I (1)[229:charger_thread]mt635x-auxadc mt635x-auxadc: name:ISENSE, channel=0, adc_out=0x68e5, adc_result=4425
02-05 08:11:27.478   229   229 I (1)[229:charger_thread]mt635x-auxadc mt635x-auxadc: name:BATADC, channel=0, adc_out=0x6824, adc_result=4393
02-05 08:11:27.480   229   229 I         : (1)[229:charger_thread][fgauge_read_current] final current=254 (ratio=1000)
02-05 08:11:27.480   229   229 I         : (1)[229:charger_thread][CH3_DBG] bat_cur = 254
02-05 08:11:27.481   229   229 I         : (1)[229:charger_thread][fgauge_read_current] final current=103 (ratio=1000)
02-05 08:11:27.481   229   229 I         : (1)[229:charger_thread][BattVoltToTemp] 597 16900 1800 0
02-05 08:11:27.481   229   229 I         : (1)[229:charger_thread][force_get_tbat] 597,597,1,10,100,297 r:320 100 0
02-05 08:11:27.481   229   229 I (1)[229:charger_thread][force_get_tbat] t: 29 precise:297
02-05 08:11:27.481   229   229 I (1)[229:charger_thread]Vbat=4392,Ibat=352,I=470,VChr=4920,T=29,Soc=97: 100,CT:1:1 hv:1 pd:0:0
02-05 08:11:27.481   229   229 I (1)[229:charger_thread]mtk_charger_start_timer: alarm timer start:0, 73 612139208
02-05 08:11:27.481   229   229 I         : -(1)[229:charger_thread]alarmtimer_enqueue, 73612139208
02-05 08:11:27.481   229   229 I         : (1)[229:charger_thread][fgauge_read_current] final current=103 (ratio=1000)
02-05 08:11:27.481   229   229 I         : (1)[229:charger_thread][CH3_DBG] bat_cur = 103
02-05 08:11:27.482   229   229 I         : (1)[229:charger_thread][fgauge_read_current] final current=103 (ratio=1000)
02-05 08:11:27.482   229   229 I         : (1)[229:charger_thread][BattVoltToTemp] 597 16900 1800 0
02-05 08:11:27.482   229   229 I         : (1)[229:charger_thread][force_get_tbat] 597,597,1,10,100,297 r:320 100 0
02-05 08:11:27.482   229   229 I (1)[229:charger_thread][force_get_tbat] t: 29 precise:297
02-05 08:11:27.482   229   229 I         : (1)[229:charger_thread][BATTER_ID_0] bat_id_valtage = 1043(mV)
02-05 08:11:27.482   229   229 I         : (1)[229:charger_thread][SW_JEITA] Battery Normal Temperature between 13 and 51 !!
02-05 08:11:27.482   229   229 I (1)[229:charger_thread][SW_JEITA]preState: 3 newState:3 tmp:29 cv:0
02-05 08:11:27.483   229   229 I (2)[229:charger_thread]tmp: 29 (jeita:1 sm:3 cv:0 en:1) (sm:1) en:1 c:0 s:0 ov:0 1 1
02-05 08:11:27.483   229   229 I         : (2)[229:charger_thread]mtk_switch_charging_run [1 0], timer=50
02-05 08:11:27.483   229   229 I         : (2)[229:charger_thread][fgauge_read_current] final current=128 (ratio=1000)
02-05 08:11:27.483   229   229 I         : (2)[229:charger_thread][CH3_DBG] bat_cur = 128
02-05 08:11:27.484   229   229 I         : (1)[229:charger_thread][fgauge_read_current] final current=128 (ratio=1000)
02-05 08:11:27.484   229   229 I         : (1)[229:charger_thread][BattVoltToTemp] 596 16900 1800 0
02-05 08:11:27.484   229   229 I         : (1)[229:charger_thread][force_get_tbat] 596,596,1,12,100,298 r:320 100 0
02-05 08:11:27.484   229   229 I (1)[229:charger_thread][force_get_tbat] t: 29 precise:298
02-05 08:11:27.484   229   229 I (1)[229:charger_thread]pe40_ready: 0 hv:1 thermal:-1,-1 tmp:29,39,16 pps:0 en:0 ibus:0 80
02-05 08:11:27.484   229   229 I (1)[229:charger_thread]force: 0 thermal:-1,-1 pe4:-1,-1,0 setting:500 500 type:1 usb_unlimited:0 usbif:0 usbsm:2 aicl:-1 atm:0
02-05 08:11:27.484   229   229 E         : (1)[229:charger_thread]zzf_500000<=500000, i=1
02-05 08:11:27.484   229   229 E         : (1)[229:charger_thread]array_size = 4
02-05 08:11:27.485   229   229 E         : (1)[229:charger_thread][psc5415e_config_interface] write Reg[1]=0x78 from 0x78
02-05 08:11:27.486   229   229 E         : (3)[229:charger_thread][psc5415e_config_interface] write Reg[5]=0x3 from 0x23
02-05 08:11:27.486   229   229 E         : (3)[229:charger_thread]Can't find closest level
02-05 08:11:27.486   229   229 E         : (3)[229:charger_thread]array_size = 8
02-05 08:11:27.487   229   229 E         : (1)[229:charger_thread][psc5415e_config_interface] write Reg[4]=0x6 from 0x6
02-05 08:11:27.488   229   229 E         : (1)[229:charger_thread][psc5415e_config_interface] write Reg[4]=0x6 from 0x6
02-05 08:11:27.488   229   229 E         : (1)[229:charger_thread][psc5415e_config_interface] write Reg[1]=0x78 from 0x78
02-05 08:11:27.489   229   229 E         : (1)[229:charger_thread][psc5415e_config_interface] write Reg[1]=0x78 from 0x78
02-05 08:11:27.489   229   229 E         : (1)[229:charger_thread]psc5415e calm enable charging
02-05 08:11:27.489   229   229 E         : (1)[229:charger_thread]charging_set_cv_voltage register_value=0x2d 4400000 4400000
02-05 08:11:27.490   229   229 E         : (1)[229:charger_thread][psc5415e_config_interface] write Reg[2]=0xb4 from 0xb4
02-05 08:11:27.491   229   229 E         : (1)[229:charger_thread][psc5415e_config_interface] write Reg[1]=0x78 from 0x78
02-05 08:11:27.491   229   229 E         : (1)[229:charger_thread]psc5415e calm enable charging
02-05 08:11:27.492   229   229 E         : (1)[229:charger_thread][psc5415e_read_interface] Reg[0]=0x10
02-05 08:11:27.492   229   229 E         : (1)[229:charger_thread][psc5415e_read_interface] val=0x1
02-05 08:11:27.492   229   229 I         : (1)[229:charger_thread]info->enable_sw_safety_timer(0)
02-05 08:11:27.492   229   229 E         : (1)[229:charger_thread]psc5415e cz [0x0]=0x10
02-05 08:11:27.493   229   229 E         : (1)[229:charger_thread]psc5415e cz [0x1]=0x78
02-05 08:11:27.494   229   229 E         : (1)[229:charger_thread]psc5415e cz [0x2]=0xb4
02-05 08:11:27.494   229   229 E         : (1)[229:charger_thread]psc5415e cz [0x3]=0xf0
02-05 08:11:27.495   229   229 E         : (1)[229:charger_thread]psc5415e cz [0x4]=0x6
02-05 08:11:27.495   229   229 E         : (2)[229:charger_thread]psc5415e cz [0x5]=0x23
02-05 08:11:27.496   229   229 E         : (2)[229:charger_thread]psc5415e cz [0x6]=0x7f
02-05 08:11:27.496     0     0 E         : (2)[229:charger_thread]
02-05 08:11:27.892   276   276 I         : (0)[276:kworker/0:2]MTP, <do_monitor_work(), 1802> IN <1933 3863 0 0 1933 1933 3893 0 0 >
02-05 08:11:27.892   276   276 I         : (0)[276:kworker/0:2]MTP, <do_monitor_work(), 1807> OUT <1932 3863 0 0 1933 1932 3893 0 0 >
02-05 08:11:28.349    21    21 I         : (2)[21:kworker/2:0]usb_state<CONFIGURED>
02-05 08:11:28.416     0     0 I         : (1)[226:irq/44-tlsc6x_t][tlsc] pointer report X is 82, Y is 265, id is 0.
02-05 08:11:28.426     0     0 I         : (2)[226:irq/44-tlsc6x_t][tlsc] pointer report X is 82, Y is 265, id is 0.
02-05 08:11:28.444     0     0 I chatty  : uid=0(root) logd identical 2 lines
02-05 08:11:28.454     0     0 I         : (2)[226:irq/44-tlsc6x_t][tlsc] pointer report X is 82, Y is 265, id is 0.
02-05 08:11:28.456   255   255 I         : (0)[255:recovery][DISP]AEE is not enabled, will disable layer 3
02-05 08:11:28.463     0     0 I         : (1)[226:irq/44-tlsc6x_t][tlsc] pointer report X is 82, Y is 265, id is 0.
02-05 08:11:28.465   255   255 I (0)[255:recovery]mtk-tpd: [tpd_fb_notifier_callback:458] tpd_fb_notifier_callback
02-05 08:11:28.473     0     0 I         : (0)[226:irq/44-tlsc6x_t][tlsc] pointer report X is 82, Y is 265, id is 0.
02-05 08:11:28.482     0     0 I         : (0)[226:irq/44-tlsc6x_t][tlsc] pointer report X is 82, Y is 265, id is 0.
02-05 08:11:28.492     0     0 I         : (1)[226:irq/44-tlsc6x_t][tlsc] pointer report X is 82, Y is 265, id is 0.
02-05 08:11:28.511     0     0 I chatty  : uid=0(root) logd identical 2 lines
02-05 08:11:28.520     0     0 I         : (1)[226:irq/44-tlsc6x_t][tlsc] pointer report X is 82, Y is 265, id is 0.
02-05 08:11:28.561   255   255 I         : (0)[255:recovery][DISP]AEE is not enabled, will disable layer 3
02-05 08:11:28.565   255   255 I (0)[255:recovery]mtk-tpd: [tpd_fb_notifier_callback:458] tpd_fb_notifier_callback
02-05 08:11:28.906   276   276 I         : (0)[276:kworker/0:2]MTP, <do_monitor_work(), 1802> IN <1933 3863 0 0 1933 1933 3893 0 0 >
02-05 08:11:28.906   276   276 I         : (0)[276:kworker/0:2]MTP, <do_monitor_work(), 1807> OUT <1932 3863 0 0 1933 1932 3893 0 0 >
02-05 08:11:29.016   255   255 I         : (0)[255:recovery][fgauge_read_current] final current=392 (ratio=1000)
02-05 08:11:29.016   255   255 I         : (0)[255:recovery][CH3_DBG] bat_cur = 392
02-05 08:11:29.017   255   255 W -(0)[255:recovery]mt635x_auxadc_read_raw: 7 callbacks suppressed
02-05 08:11:29.017   255   255 I (0)[255:recovery]mt635x-auxadc mt635x-auxadc: name:BAT_TEMP, channel=3, adc_out=0x54f, adc_result=597
02-05 08:11:29.017   255   255 I         : (0)[255:recovery][fgauge_read_current] final current=392 (ratio=1000)
02-05 08:11:29.017   255   255 I         : (0)[255:recovery][BattVoltToTemp] 596 16900 1800 -1
02-05 08:11:29.017   255   255 I         : (0)[255:recovery][force_get_tbat] 597,596,1,39,100,298 r:320 100 0
02-05 08:11:29.017   255   255 I (0)[255:recovery][force_get_tbat] t: 29 precise:298
02-05 08:11:29.216   173   173 I         : (2)[173:disp_check][DISP][ESD]ESD check end, ret = 0
02-05 08:11:29.323     0     0 I         : (1)[226:irq/44-tlsc6x_t][tlsc] pointer report X is 240, Y is 932, id is 0.
02-05 08:11:29.333     0     0 I         : (1)[226:irq/44-tlsc6x_t][tlsc] pointer report X is 240, Y is 932, id is 0.
02-05 08:11:29.337   255   255 I         : (0)[255:recovery][DISP]AEE is not enabled, will disable layer 3
02-05 08:11:29.342     0     0 I         : (0)[226:irq/44-tlsc6x_t][tlsc] pointer report X is 240, Y is 932, id is 0.
02-05 08:11:29.348   255   255 I (0)[255:recovery]mtk-tpd: [tpd_fb_notifier_callback:458] tpd_fb_notifier_callback
02-05 08:11:29.352     0     0 I         : (2)[226:irq/44-tlsc6x_t][tlsc] pointer report X is 240, Y is 932, id is 0.
02-05 08:11:29.389     0     0 I chatty  : uid=0(root) logd identical 4 lines
02-05 08:11:29.398     0     0 I         : (2)[226:irq/44-tlsc6x_t][tlsc] pointer report X is 240, Y is 932, id is 0.
02-05 08:11:29.436   255   255 I         : (0)[255:recovery][DISP]AEE is not enabled, will disable layer 3
02-05 08:11:29.448   255   255 I (0)[255:recovery]mtk-tpd: [tpd_fb_notifier_callback:458] tpd_fb_notifier_callback
02-05 08:11:29.526     0     0 I (1)[227:mtk-tpd][tlsc]esd_check_work: Enter
02-05 08:11:29.919   276   276 I         : (0)[276:kworker/0:2]MTP, <do_monitor_work(), 1802> IN <1933 3863 0 0 1933 1933 3893 0 0 >
02-05 08:11:29.919   276   276 I         : (0)[276:kworker/0:2]MTP, <do_monitor_work(), 1807> OUT <1932 3863 0 0 1933 1932 3893 0 0 >
02-05 08:11:30.398     0     0 W (3)[0:swapper/3][mcdi]mcdi cpu: 0, 0, 0, 0, cluster : 0, pause = 0, multi core = 0, latency = 0, residency = 0, last core = 0, avail cpu = 000f, cluster = 0001, enabled = 0, max_s_state = 5, system_idle_hint = 00000000
02-05 08:11:30.492     0     0 I         : (0)[226:irq/44-tlsc6x_t][tlsc] pointer report X is 74, Y is 609, id is 0.
02-05 08:11:30.502     0     0 I         : (1)[226:irq/44-tlsc6x_t][tlsc] pointer report X is 74, Y is 609, id is 0.
02-05 08:11:30.511     0     0 I         : (0)[226:irq/44-tlsc6x_t][tlsc] pointer report X is 74, Y is 609, id is 0.
02-05 08:11:30.520     0     0 I         : (0)[226:irq/44-tlsc6x_t][tlsc] pointer report X is 74, Y is 609, id is 0.
02-05 08:11:30.530     0     0 I         : (2)[226:irq/44-tlsc6x_t][tlsc] pointer report X is 74, Y is 609, id is 0.
02-05 08:11:30.539     0     0 I         : (2)[226:irq/44-tlsc6x_t][tlsc] pointer report X is 74, Y is 609, id is 0.
02-05 08:11:30.541   255   255 I         : (0)[255:recovery][DISP]AEE is not enabled, will disable layer 3
02-05 08:11:30.548   255   255 I (1)[255:recovery]mtk-tpd: [tpd_fb_notifier_callback:458] tpd_fb_notifier_callback
02-05 08:11:30.549     0     0 I         : (2)[226:irq/44-tlsc6x_t][tlsc] pointer report X is 74, Y is 609, id is 0.
02-05 08:11:30.566   255   255 I         : (0)[255:recovery][DISP]AEE is not enabled, will disable layer 3
02-05 08:11:30.582   255   255 I (0)[255:recovery]mtk-tpd: [tpd_fb_notifier_callback:458] tpd_fb_notifier_callback
02-05 08:11:30.603   255   255 I         : (0)[255:recovery][DISP]AEE is not enabled, will disable layer 3
02-05 08:11:30.615   255   255 I (0)[255:recovery]mtk-tpd: [tpd_fb_notifier_callback:458] tpd_fb_notifier_callback
02-05 08:11:30.932   276   276 I         : (0)[276:kworker/0:2]MTP, <do_monitor_work(), 1802> IN <1933 3863 0 0 1933 1933 3893 0 0 >
02-05 08:11:30.932   276   276 I         : (0)[276:kworker/0:2]MTP, <do_monitor_work(), 1807> OUT <1932 3863 0 0 1933 1932 3893 0 0 >
02-05 08:11:31.349   173   173 I         : (2)[173:disp_check][DISP][ESD]ESD check end, ret = 0
02-05 08:11:31.763    80    80 I         : (0)[80:kworker/u8:2][fgauge_read_current] final current=402 (ratio=1000)
02-05 08:11:31.763    80    80 I         : (0)[80:kworker/u8:2][CH3_DBG] bat_cur = 402
02-05 08:11:31.763   299   299 I (0)[299:kworker/u8:3]mt635x-auxadc mt635x-auxadc: name:VCORE_TEMP, channel=4, adc_out=0x5f7, adc_result=671
02-05 08:11:31.763    80    80 I (0)[80:kworker/u8:2]mt635x-auxadc mt635x-auxadc: name:BAT_TEMP, channel=3, adc_out=0x54e, adc_result=596
02-05 08:11:31.764    80    80 I         : (0)[80:kworker/u8:2][fgauge_read_current] final current=427 (ratio=1000)
02-05 08:11:31.764    80    80 I         : (0)[80:kworker/u8:2][BattVoltToTemp] 595 16900 1800 -1
02-05 08:11:31.764    80    80 I         : (0)[80:kworker/u8:2][force_get_tbat] 596,595,1,42,100,299 r:320 100 0
02-05 08:11:31.764    80    80 I (0)[80:kworker/u8:2][force_get_tbat] t: 29 precise:299
02-05 08:11:31.946   276   276 I         : (0)[276:kworker/0:2]MTP, <do_monitor_work(), 1802> IN <1933 3863 0 0 1933 1933 3893 0 0 >
02-05 08:11:31.946   276   276 I         : (0)[276:kworker/0:2]MTP, <do_monitor_work(), 1807> OUT <1932 3863 0 0 1933 1932 3893 0 0 >
02-05 08:11:31.976    80    80 I (0)[80:kworker/u8:2]mt635x-auxadc mt635x-auxadc: name:VPROC_TEMP, channel=4, adc_out=0x5f6, adc_result=670
02-05 08:11:31.988     0     0 I         : (2)[226:irq/44-tlsc6x_t][tlsc] pointer report X is 394, Y is 933, id is 0.
02-05 08:11:32.016     0     0 I chatty  : uid=0(root) logd identical 3 lines
02-05 08:11:32.026     0     0 I         : (2)[226:irq/44-tlsc6x_t][tlsc] pointer report X is 394, Y is 933, id is 0.
02-05 08:11:32.029   255   255 I         : (0)[255:recovery][DISP]AEE is not enabled, will disable layer 3
02-05 08:11:32.032   255   255 I (0)[255:recovery]mtk-tpd: [tpd_fb_notifier_callback:458] tpd_fb_notifier_callback
02-05 08:11:32.035     0     0 I         : (2)[226:irq/44-tlsc6x_t][tlsc] pointer report X is 394, Y is 933, id is 0.
02-05 08:11:32.045     0     0 I         : (3)[226:irq/44-tlsc6x_t][tlsc] pointer report X is 394, Y is 933, id is 0.
02-05 08:11:32.079   255   255 I         : (0)[255:recovery][DISP]AEE is not enabled, will disable layer 3
02-05 08:11:32.081   255   255 I (0)[255:recovery]mtk-tpd: [tpd_fb_notifier_callback:458] tpd_fb_notifier_callback
02-05 08:11:32.113   255   255 I         : (0)[255:recovery][DISP]AEE is not enabled, will disable layer 3
02-05 08:11:32.115   255   255 I (0)[255:recovery]mtk-tpd: [tpd_fb_notifier_callback:458] tpd_fb_notifier_callback
02-05 08:11:32.145   255   255 I         : (1)[255:recovery][DISP]AEE is not enabled, will disable layer 3
02-05 08:11:32.148   255   255 I (0)[255:recovery]mtk-tpd: [tpd_fb_notifier_callback:458] tpd_fb_notifier_callback
02-05 08:11:32.179   255   255 I         : (0)[255:recovery][DISP]AEE is not enabled, will disable layer 3
02-05 08:11:32.181   255   255 I (0)[255:recovery]mtk-tpd: [tpd_fb_notifier_callback:458] tpd_fb_notifier_callback
02-05 08:11:32.213   255   255 I         : (0)[255:recovery][DISP]AEE is not enabled, will disable layer 3
02-05 08:11:32.215   255   255 I (0)[255:recovery]mtk-tpd: [tpd_fb_notifier_callback:458] tpd_fb_notifier_callback
02-05 08:11:32.246   255   255 I         : (0)[255:recovery][DISP]AEE is not enabled, will disable layer 3
02-05 08:11:32.248   255   255 I (0)[255:recovery]mtk-tpd: [tpd_fb_notifier_callback:458] tpd_fb_notifier_callback
02-05 08:11:32.279   255   255 I         : (0)[255:recovery][DISP]AEE is not enabled, will disable layer 3
02-05 08:11:32.281   255   255 I (0)[255:recovery]mtk-tpd: [tpd_fb_notifier_callback:458] tpd_fb_notifier_callback
02-05 08:11:32.312   255   255 I         : (0)[255:recovery][DISP]AEE is not enabled, will disable layer 3
02-05 08:11:32.315   255   255 I (0)[255:recovery]mtk-tpd: [tpd_fb_notifier_callback:458] tpd_fb_notifier_callback
02-05 08:11:32.346   255   255 I         : (1)[255:recovery][DISP]AEE is not enabled, will disable layer 3
02-05 08:11:32.348   255   255 I (0)[255:recovery]mtk-tpd: [tpd_fb_notifier_callback:458] tpd_fb_notifier_callback
02-05 08:11:32.379   255   255 I         : (0)[255:recovery][DISP]AEE is not enabled, will disable layer 3
02-05 08:11:32.381   255   255 I (0)[255:recovery]mtk-tpd: [tpd_fb_notifier_callback:458] tpd_fb_notifier_callback
02-05 08:11:32.411   255   255 I         : (0)[255:recovery][DISP]AEE is not enabled, will disable layer 3
02-05 08:11:32.415   255   255 I (0)[255:recovery]mtk-tpd: [tpd_fb_notifier_callback:458] tpd_fb_notifier_callback
02-05 08:11:32.446   255   255 I         : (1)[255:recovery][DISP]AEE is not enabled, will disable layer 3
02-05 08:11:32.448   255   255 I (0)[255:recovery]mtk-tpd: [tpd_fb_notifier_callback:458] tpd_fb_notifier_callback
02-05 08:11:32.479   255   255 I         : (0)[255:recovery][DISP]AEE is not enabled, will disable layer 3
02-05 08:11:32.481   255   255 I (0)[255:recovery]mtk-tpd: [tpd_fb_notifier_callback:458] tpd_fb_notifier_callback
02-05 08:11:32.512   255   255 I         : (1)[255:recovery][DISP]AEE is not enabled, will disable layer 3
02-05 08:11:32.515   255   255 I (0)[255:recovery]mtk-tpd: [tpd_fb_notifier_callback:458] tpd_fb_notifier_callback
02-05 08:11:32.546   255   255 I         : (1)[255:recovery][DISP]AEE is not enabled, will disable layer 3
02-05 08:11:32.548   255   255 I (0)[255:recovery]mtk-tpd: [tpd_fb_notifier_callback:458] tpd_fb_notifier_callback
02-05 08:11:32.579   255   255 I         : (1)[255:recovery][DISP]AEE is not enabled, will disable layer 3
02-05 08:11:32.581   255   255 I (0)[255:recovery]mtk-tpd: [tpd_fb_notifier_callback:458] tpd_fb_notifier_callback
02-05 08:11:32.614   255   255 I         : (0)[255:recovery][DISP]AEE is not enabled, will disable layer 3
02-05 08:11:32.615   255   255 I (0)[255:recovery]mtk-tpd: [tpd_fb_notifier_callback:458] tpd_fb_notifier_callback
02-05 08:11:32.646   255   255 I         : (1)[255:recovery][DISP]AEE is not enabled, will disable layer 3
02-05 08:11:32.648   255   255 I (0)[255:recovery]mtk-tpd: [tpd_fb_notifier_callback:458] tpd_fb_notifier_callback
02-05 08:11:32.679   255   255 I         : (0)[255:recovery][DISP]AEE is not enabled, will disable layer 3
02-05 08:11:32.681   255   255 I (0)[255:recovery]mtk-tpd: [tpd_fb_notifier_callback:458] tpd_fb_notifier_callback
02-05 08:11:32.711   255   255 I         : (0)[255:recovery][DISP]AEE is not enabled, will disable layer 3
02-05 08:11:32.715   255   255 I (0)[255:recovery]mtk-tpd: [tpd_fb_notifier_callback:458] tpd_fb_notifier_callback
02-05 08:11:32.746   255   255 I         : (1)[255:recovery][DISP]AEE is not enabled, will disable layer 3
02-05 08:11:32.748   255   255 I (0)[255:recovery]mtk-tpd: [tpd_fb_notifier_callback:458] tpd_fb_notifier_callback
02-05 08:11:32.779   255   255 I         : (1)[255:recovery][DISP]AEE is not enabled, will disable layer 3
02-05 08:11:32.781   255   255 I (0)[255:recovery]mtk-tpd: [tpd_fb_notifier_callback:458] tpd_fb_notifier_callback
02-05 08:11:32.812   255   255 I         : (0)[255:recovery][DISP]AEE is not enabled, will disable layer 3
02-05 08:11:32.815   255   255 I (0)[255:recovery]mtk-tpd: [tpd_fb_notifier_callback:458] tpd_fb_notifier_callback
02-05 08:11:32.846   255   255 I         : (0)[255:recovery][DISP]AEE is not enabled, will disable layer 3
02-05 08:11:32.848   255   255 I (0)[255:recovery]mtk-tpd: [tpd_fb_notifier_callback:458] tpd_fb_notifier_callback
02-05 08:11:32.879   255   255 I         : (0)[255:recovery][DISP]AEE is not enabled, will disable layer 3
02-05 08:11:32.881   255   255 I (0)[255:recovery]mtk-tpd: [tpd_fb_notifier_callback:458] tpd_fb_notifier_callback
02-05 08:11:32.914   255   255 I         : (0)[255:recovery][DISP]AEE is not enabled, will disable layer 3
02-05 08:11:32.915   255   255 I (0)[255:recovery]mtk-tpd: [tpd_fb_notifier_callback:458] tpd_fb_notifier_callback
02-05 08:11:32.944   255   255 I         : (0)[255:recovery][DISP]AEE is not enabled, will disable layer 3
02-05 08:11:32.948   255   255 I (0)[255:recovery]mtk-tpd: [tpd_fb_notifier_callback:458] tpd_fb_notifier_callback
02-05 08:11:32.959   276   276 I         : (0)[276:kworker/0:2]MTP, <do_monitor_work(), 1802> IN <1933 3863 0 0 1933 1933 3893 0 0 >
02-05 08:11:32.959   276   276 I         : (0)[276:kworker/0:2]MTP, <do_monitor_work(), 1807> OUT <1932 3863 0 0 1933 1932 3893 0 0 >
02-05 08:11:32.979   255   255 I         : (1)[255:recovery][DISP]AEE is not enabled, will disable layer 3
02-05 08:11:32.981   255   255 I (0)[255:recovery]mtk-tpd: [tpd_fb_notifier_callback:458] tpd_fb_notifier_callback
02-05 08:11:33.013   255   255 I         : (1)[255:recovery][DISP]AEE is not enabled, will disable layer 3
02-05 08:11:33.015   255   255 I (0)[255:recovery]mtk-tpd: [tpd_fb_notifier_callback:458] tpd_fb_notifier_callback
02-05 08:11:33.046   255   255 I         : (0)[255:recovery][DISP]AEE is not enabled, will disable layer 3
02-05 08:11:33.048   255   255 I (0)[255:recovery]mtk-tpd: [tpd_fb_notifier_callback:458] tpd_fb_notifier_callback
02-05 08:11:33.078   255   255 I         : (0)[255:recovery][DISP]AEE is not enabled, will disable layer 3
02-05 08:11:33.081   255   255 I (0)[255:recovery]mtk-tpd: [tpd_fb_notifier_callback:458] tpd_fb_notifier_callback
02-05 08:11:33.113   255   255 I         : (0)[255:recovery][DISP]AEE is not enabled, will disable layer 3
02-05 08:11:33.115   255   255 I (0)[255:recovery]mtk-tpd: [tpd_fb_notifier_callback:458] tpd_fb_notifier_callback
02-05 08:11:33.145   255   255 I         : (0)[255:recovery][DISP]AEE is not enabled, will disable layer 3
02-05 08:11:33.148   255   255 I (0)[255:recovery]mtk-tpd: [tpd_fb_notifier_callback:458] tpd_fb_notifier_callback
02-05 08:11:33.180   255   255 I         : (0)[255:recovery][DISP]AEE is not enabled, will disable layer 3
02-05 08:11:33.181   255   255 I (0)[255:recovery]mtk-tpd: [tpd_fb_notifier_callback:458] tpd_fb_notifier_callback
02-05 08:11:33.211   255   255 I         : (0)[255:recovery][DISP]AEE is not enabled, will disable layer 3
02-05 08:11:33.215   255   255 I (0)[255:recovery]mtk-tpd: [tpd_fb_notifier_callback:458] tpd_fb_notifier_callback
02-05 08:11:33.246   255   255 I         : (0)[255:recovery][DISP]AEE is not enabled, will disable layer 3
02-05 08:11:33.248   255   255 I (0)[255:recovery]mtk-tpd: [tpd_fb_notifier_callback:458] tpd_fb_notifier_callback
02-05 08:11:33.278   255   255 I         : (0)[255:recovery][DISP]AEE is not enabled, will disable layer 3
02-05 08:11:33.281   255   255 I (0)[255:recovery]mtk-tpd: [tpd_fb_notifier_callback:458] tpd_fb_notifier_callback
02-05 08:11:33.313   255   255 I         : (1)[255:recovery][DISP]AEE is not enabled, will disable layer 3
02-05 08:11:33.315   255   255 I (0)[255:recovery]mtk-tpd: [tpd_fb_notifier_callback:458] tpd_fb_notifier_callback
02-05 08:11:33.346   255   255 I         : (0)[255:recovery][DISP]AEE is not enabled, will disable layer 3
02-05 08:11:33.348   255   255 I (0)[255:recovery]mtk-tpd: [tpd_fb_notifier_callback:458] tpd_fb_notifier_callback
02-05 08:11:33.378   255   255 I         : (0)[255:recovery][DISP]AEE is not enabled, will disable layer 3
02-05 08:11:33.381   255   255 I (0)[255:recovery]mtk-tpd: [tpd_fb_notifier_callback:458] tpd_fb_notifier_callback
02-05 08:11:33.413   255   255 I         : (1)[255:recovery][DISP]AEE is not enabled, will disable layer 3
02-05 08:11:33.415   255   255 I (0)[255:recovery]mtk-tpd: [tpd_fb_notifier_callback:458] tpd_fb_notifier_callback
02-05 08:11:33.446   255   255 I         : (0)[255:recovery][DISP]AEE is not enabled, will disable layer 3
02-05 08:11:33.448   255   255 I (0)[255:recovery]mtk-tpd: [tpd_fb_notifier_callback:458] tpd_fb_notifier_callback
02-05 08:11:33.469    21    21 I         : (2)[21:kworker/2:0]usb_state<CONFIGURED>
02-05 08:11:33.479   255   255 I         : (0)[255:recovery][DISP]AEE is not enabled, will disable layer 3
02-05 08:11:33.498   255   255 I (0)[255:recovery]mtk-tpd: [tpd_fb_notifier_callback:458] tpd_fb_notifier_callback
02-05 08:11:33.498   173   173 I         : (2)[173:disp_check][DISP][ESD]ESD check end, ret = 0
02-05 08:11:33.526   255   255 I         : (0)[255:recovery][DISP]AEE is not enabled, will disable layer 3
02-05 08:11:33.526     0     0 I (1)[227:mtk-tpd][tlsc]esd_check_work: Enter
02-05 08:11:33.531   255   255 I (0)[255:recovery]mtk-tpd: [tpd_fb_notifier_callback:458] tpd_fb_notifier_callback
02-05 08:11:33.557   255   255 I         : (0)[255:recovery][DISP]AEE is not enabled, will disable layer 3
02-05 08:11:33.565   255   255 I (0)[255:recovery]mtk-tpd: [tpd_fb_notifier_callback:458] tpd_fb_notifier_callback
02-05 08:11:33.593   255   255 I         : (0)[255:recovery][DISP]AEE is not enabled, will disable layer 3
02-05 08:11:33.598   255   255 I (0)[255:recovery]mtk-tpd: [tpd_fb_notifier_callback:458] tpd_fb_notifier_callback
02-05 08:11:33.625   255   255 I         : (0)[255:recovery][DISP]AEE is not enabled, will disable layer 3
02-05 08:11:33.631   255   255 I (0)[255:recovery]mtk-tpd: [tpd_fb_notifier_callback:458] tpd_fb_notifier_callback
02-05 08:11:33.660   255   255 I         : (1)[255:recovery][DISP]AEE is not enabled, will disable layer 3
02-05 08:11:33.665   255   255 I (0)[255:recovery]mtk-tpd: [tpd_fb_notifier_callback:458] tpd_fb_notifier_callback
02-05 08:11:33.692   255   255 I         : (0)[255:recovery][DISP]AEE is not enabled, will disable layer 3
02-05 08:11:33.698   255   255 I (0)[255:recovery]mtk-tpd: [tpd_fb_notifier_callback:458] tpd_fb_notifier_callback
02-05 08:11:33.727   255   255 I         : (0)[255:recovery][DISP]AEE is not enabled, will disable layer 3
02-05 08:11:33.731   255   255 I (0)[255:recovery]mtk-tpd: [tpd_fb_notifier_callback:458] tpd_fb_notifier_callback
02-05 08:11:33.757   255   255 I         : (0)[255:recovery][DISP]AEE is not enabled, will disable layer 3
02-05 08:11:33.765   255   255 I (0)[255:recovery]mtk-tpd: [tpd_fb_notifier_callback:458] tpd_fb_notifier_callback
02-05 08:11:33.793   255   255 I         : (0)[255:recovery][DISP]AEE is not enabled, will disable layer 3
02-05 08:11:33.798   255   255 I (0)[255:recovery]mtk-tpd: [tpd_fb_notifier_callback:458] tpd_fb_notifier_callback
02-05 08:11:33.825   255   255 I         : (0)[255:recovery][DISP]AEE is not enabled, will disable layer 3
02-05 08:11:33.831   255   255 I (0)[255:recovery]mtk-tpd: [tpd_fb_notifier_callback:458] tpd_fb_notifier_callback
02-05 08:11:33.859   255   255 I         : (1)[255:recovery][DISP]AEE is not enabled, will disable layer 3
02-05 08:11:33.865   255   255 I (0)[255:recovery]mtk-tpd: [tpd_fb_notifier_callback:458] tpd_fb_notifier_callback
02-05 08:11:33.891   255   255 I         : (0)[255:recovery][DISP]AEE is not enabled, will disable layer 3
02-05 08:11:33.898   255   255 I (0)[255:recovery]mtk-tpd: [tpd_fb_notifier_callback:458] tpd_fb_notifier_callback
02-05 08:11:33.926   255   255 I         : (0)[255:recovery][DISP]AEE is not enabled, will disable layer 3
02-05 08:11:33.931   255   255 I (0)[255:recovery]mtk-tpd: [tpd_fb_notifier_callback:458] tpd_fb_notifier_callback
02-05 08:11:33.959   255   255 I         : (0)[255:recovery][DISP]AEE is not enabled, will disable layer 3
02-05 08:11:33.965   255   255 I (0)[255:recovery]mtk-tpd: [tpd_fb_notifier_callback:458] tpd_fb_notifier_callback
02-05 08:11:33.972   276   276 I         : (0)[276:kworker/0:2]MTP, <do_monitor_work(), 1802> IN <1933 3863 0 0 1933 1933 3893 0 0 >
02-05 08:11:33.972   276   276 I         : (0)[276:kworker/0:2]MTP, <do_monitor_work(), 1807> OUT <1932 3863 0 0 1933 1932 3893 0 0 >
02-05 08:11:33.993   255   255 I         : (1)[255:recovery][DISP]AEE is not enabled, will disable layer 3
02-05 08:11:33.998   255   255 I (0)[255:recovery]mtk-tpd: [tpd_fb_notifier_callback:458] tpd_fb_notifier_callback
02-05 08:11:34.026   255   255 I         : (0)[255:recovery][DISP]AEE is not enabled, will disable layer 3
02-05 08:11:34.031   255   255 I (0)[255:recovery]mtk-tpd: [tpd_fb_notifier_callback:458] tpd_fb_notifier_callback
02-05 08:11:34.061   255   255 I         : (2)[255:recovery][DISP]AEE is not enabled, will disable layer 3
02-05 08:11:34.065   255   255 I (0)[255:recovery]mtk-tpd: [tpd_fb_notifier_callback:458] tpd_fb_notifier_callback
02-05 08:11:34.094   255   255 I         : (1)[255:recovery][DISP]AEE is not enabled, will disable layer 3
