09-02 23:50:27.796   257   257 I recovery: type=1400 audit(0.0:1142): avc: denied { open } for path="/data/data/_wk7FYCAAAAQHANfPyyrlHfxlFuWzYLGq" dev="mmcblk0p38" ino=2171 scontext=u:r:recovery:s0 tcontext=u:object_r:app_data_file:s0:c139,c256,c512,c768 tclass=dir permissive=1
09-02 23:50:27.799   257   257 I recovery: type=1400 audit(0.0:1143): avc: denied { search } for name="_wk7FYCAAAAQHANfPyyrlHfxlFuWzYLGq" dev="mmcblk0p38" ino=2171 scontext=u:r:recovery:s0 tcontext=u:object_r:app_data_file:s0:c139,c256,c512,c768 tclass=dir permissive=1
09-02 23:50:27.799   257   257 I recovery: type=1400 audit(0.0:1144): avc: denied { getattr } for path="/data/data/_wk7FYCAAAAQHANfPyyrlHfxlFuWzYLGq/zwpipZtz4sAvEt7GaMJj4C" dev="mmcblk0p38" ino=21967 scontext=u:r:recovery:s0 tcontext=u:object_r:app_data_file:s0:c139,c256,c512,c768 tclass=lnk_file permissive=1
09-02 23:50:27.799   257   257 I recovery: type=1400 audit(0.0:1145): avc: denied { getattr } for path="/data/data/M4CuTLb9OhHTOLiMFtf54skmMJJmPj6Ew0EGKtkSC1L" dev="mmcblk0p38" ino=2175 scontext=u:r:recovery:s0 tcontext=u:object_r:app_data_file:s0:c41,c256,c512,c768 tclass=dir permissive=1
09-02 23:50:27.799   257   257 I recovery: type=1400 audit(0.0:1146): avc: denied { read } for name="M4CuTLb9OhHTOLiMFtf54skmMJJmPj6Ew0EGKtkSC1L" dev="mmcblk0p38" ino=2175 scontext=u:r:recovery:s0 tcontext=u:object_r:app_data_file:s0:c41,c256,c512,c768 tclass=dir permissive=1
09-02 23:50:27.799   257   257 I recovery: type=1400 audit(0.0:1147): avc: denied { open } for path="/data/data/M4CuTLb9OhHTOLiMFtf54skmMJJmPj6Ew0EGKtkSC1L" dev="mmcblk0p38" ino=2175 scontext=u:r:recovery:s0 tcontext=u:object_r:app_data_file:s0:c41,c256,c512,c768 tclass=dir permissive=1
09-02 23:50:27.799   257   257 I recovery: type=1400 audit(0.0:1148): avc: denied { search } for name="M4CuTLb9OhHTOLiMFtf54skmMJJmPj6Ew0EGKtkSC1L" dev="mmcblk0p38" ino=2175 scontext=u:r:recovery:s0 tcontext=u:object_r:app_data_file:s0:c41,c256,c512,c768 tclass=dir permissive=1
09-02 23:50:27.799   257   257 I recovery: type=1400 audit(0.0:1149): avc: denied { getattr } for path="/data/data/WKFOfczZR8djwOGPbuWbXtkmMJJmPj6Ew0EGKtkSC1L" dev="mmcblk0p38" ino=2183 scontext=u:r:recovery:s0 tcontext=u:object_r:app_data_file:s0:c8,c256,c512,c768 tclass=dir permissive=1
09-02 23:50:27.799   257   257 I recovery: type=1400 audit(0.0:1150): avc: denied { read } for name="WKFOfczZR8djwOGPbuWbXtkmMJJmPj6Ew0EGKtkSC1L" dev="mmcblk0p38" ino=2183 scontext=u:r:recovery:s0 tcontext=u:object_r:app_data_file:s0:c8,c256,c512,c768 tclass=dir permissive=1
09-02 23:50:27.799   257   257 I recovery: type=1400 audit(0.0:1151): avc: denied { open } for path="/data/data/WKFOfczZR8djwOGPbuWbXtkmMJJmPj6Ew0EGKtkSC1L" dev="mmcblk0p38" ino=2183 scontext=u:r:recovery:s0 tcontext=u:object_r:app_data_file:s0:c8,c256,c512,c768 tclass=dir permissive=1
09-02 23:50:27.803   257   257 I recovery: type=1400 audit(0.0:1152): avc: denied { search } for name="WKFOfczZR8djwOGPbuWbXtkmMJJmPj6Ew0EGKtkSC1L" dev="mmcblk0p38" ino=2183 scontext=u:r:recovery:s0 tcontext=u:object_r:app_data_file:s0:c8,c256,c512,c768 tclass=dir permissive=1
09-02 23:50:27.803   257   257 I recovery: type=1400 audit(0.0:1153): avc: denied { getattr } for path="/data/data/BmmE0UuhZIQ40JpPTK9HdvkmMJJmPj6Ew0EGKtkSC1L" dev="mmcblk0p38" ino=2190 scontext=u:r:recovery:s0 tcontext=u:object_r:app_data_file:s0:c39,c256,c512,c768 tclass=dir permissive=1
09-02 23:50:27.803   257   257 I recovery: type=1400 audit(0.0:1154): avc: denied { read } for name="BmmE0UuhZIQ40JpPTK9HdvkmMJJmPj6Ew0EGKtkSC1L" dev="mmcblk0p38" ino=2190 scontext=u:r:recovery:s0 tcontext=u:object_r:app_data_file:s0:c39,c256,c512,c768 tclass=dir permissive=1
09-02 23:50:27.803   257   257 I recovery: type=1400 audit(0.0:1155): avc: denied { open } for path="/data/data/BmmE0UuhZIQ40JpPTK9HdvkmMJJmPj6Ew0EGKtkSC1L" dev="mmcblk0p38" ino=2190 scontext=u:r:recovery:s0 tcontext=u:object_r:app_data_file:s0:c39,c256,c512,c768 tclass=dir permissive=1
09-02 23:50:27.803   257   257 I recovery: type=1400 audit(0.0:1156): avc: denied { search } for name="BmmE0UuhZIQ40JpPTK9HdvkmMJJmPj6Ew0EGKtkSC1L" dev="mmcblk0p38" ino=2190 scontext=u:r:recovery:s0 tcontext=u:object_r:app_data_file:s0:c39,c256,c512,c768 tclass=dir permissive=1
09-02 23:50:27.803   257   257 I recovery: type=1400 audit(0.0:1157): avc: denied { getattr } for path="/data/data/_cSo2FBAAAAQqJwaI0oEYHVA1Qn0Iwhjq" dev="mmcblk0p38" ino=2194 scontext=u:r:recovery:s0 tcontext=u:object_r:app_data_file:s0:c22,c256,c512,c768 tclass=dir permissive=1
09-02 23:50:27.803   257   257 I recovery: type=1400 audit(0.0:1158): avc: denied { read } for name="_cSo2FBAAAAQqJwaI0oEYHVA1Qn0Iwhjq" dev="mmcblk0p38" ino=2194 scontext=u:r:recovery:s0 tcontext=u:object_r:app_data_file:s0:c22,c256,c512,c768 tclass=dir permissive=1
09-02 23:50:27.803   257   257 I recovery: type=1400 audit(0.0:1159): avc: denied { open } for path="/data/data/_cSo2FBAAAAQqJwaI0oEYHVA1Qn0Iwhjq" dev="mmcblk0p38" ino=2194 scontext=u:r:recovery:s0 tcontext=u:object_r:app_data_file:s0:c22,c256,c512,c768 tclass=dir permissive=1
09-02 23:50:27.803   257   257 I recovery: type=1400 audit(0.0:1160): avc: denied { search } for name="_cSo2FBAAAAQqJwaI0oEYHVA1Qn0Iwhjq" dev="mmcblk0p38" ino=2194 scontext=u:r:recovery:s0 tcontext=u:object_r:app_data_file:s0:c22,c256,c512,c768 tclass=dir permissive=1
09-02 23:50:27.809   257   257 I recovery: type=1400 audit(0.0:1161): avc: denied { getattr } for path="/data/data/_kHCRBDAAAAwGVaEWR4NSMa8keYeDVj7k" dev="mmcblk0p38" ino=2213 scontext=u:r:recovery:s0 tcontext=u:object_r:app_data_file:s0:c38,c256,c512,c768 tclass=dir permissive=1
09-02 23:50:27.809   257   257 I recovery: type=1400 audit(0.0:1162): avc: denied { read } for name="_kHCRBDAAAAwGVaEWR4NSMa8keYeDVj7k" dev="mmcblk0p38" ino=2213 scontext=u:r:recovery:s0 tcontext=u:object_r:app_data_file:s0:c38,c256,c512,c768 tclass=dir permissive=1
09-02 23:50:27.809   257   257 I recovery: type=1400 audit(0.0:1163): avc: denied { open } for path="/data/data/_kHCRBDAAAAwGVaEWR4NSMa8keYeDVj7k" dev="mmcblk0p38" ino=2213 scontext=u:r:recovery:s0 tcontext=u:object_r:app_data_file:s0:c38,c256,c512,c768 tclass=dir permissive=1
09-02 23:50:27.809   257   257 I recovery: type=1400 audit(0.0:1164): avc: denied { search } for name="_kHCRBDAAAAwGVaEWR4NSMa8keYeDVj7k" dev="mmcblk0p38" ino=2213 scontext=u:r:recovery:s0 tcontext=u:object_r:app_data_file:s0:c38,c256,c512,c768 tclass=dir permissive=1
09-02 23:50:27.816   257   257 I recovery: type=1400 audit(0.0:1165): avc: denied { getattr } for path="/data/data/52i4CQAqg6ce4WPnPQHHLC" dev="mmcblk0p38" ino=2223 scontext=u:r:recovery:s0 tcontext=u:object_r:nfc_data_file:s0 tclass=dir permissive=1
09-02 23:50:27.816   257   257 I recovery: type=1400 audit(0.0:1166): avc: denied { read } for name="52i4CQAqg6ce4WPnPQHHLC" dev="mmcblk0p38" ino=2223 scontext=u:r:recovery:s0 tcontext=u:object_r:nfc_data_file:s0 tclass=dir permissive=1
09-02 23:50:27.816   257   257 I recovery: type=1400 audit(0.0:1167): avc: denied { open } for path="/data/data/52i4CQAqg6ce4WPnPQHHLC" dev="mmcblk0p38" ino=2223 scontext=u:r:recovery:s0 tcontext=u:object_r:nfc_data_file:s0 tclass=dir permissive=1
09-02 23:50:27.816   257   257 I recovery: type=1400 audit(0.0:1168): avc: denied { search } for name="52i4CQAqg6ce4WPnPQHHLC" dev="mmcblk0p38" ino=2223 scontext=u:r:recovery:s0 tcontext=u:object_r:nfc_data_file:s0 tclass=dir permissive=1
09-02 23:50:27.819   257   257 I recovery: type=1400 audit(0.0:1169): avc: denied { getattr } for path="/data/data/52i4CQAqg6ce4WPnPQHHLC/EPNxg6W1F06v6i9AtfJi5D" dev="mmcblk0p38" ino=21970 scontext=u:r:recovery:s0 tcontext=u:object_r:nfc_data_file:s0 tclass=lnk_file permissive=1
09-02 23:50:27.819   257   257 I recovery: type=1400 audit(0.0:1170): avc: denied { getattr } for path="/data/data/imXgjFczb5B5HAUhDemmQA" dev="mmcblk0p38" ino=2228 scontext=u:r:recovery:s0 tcontext=u:object_r:radio_data_file:s0 tclass=dir permissive=1
09-02 23:50:27.819   257   257 I recovery: type=1400 audit(0.0:1171): avc: denied { read } for name="imXgjFczb5B5HAUhDemmQA" dev="mmcblk0p38" ino=2228 scontext=u:r:recovery:s0 tcontext=u:object_r:radio_data_file:s0 tclass=dir permissive=1
09-02 23:50:27.819   257   257 I recovery: type=1400 audit(0.0:1172): avc: denied { open } for path="/data/data/imXgjFczb5B5HAUhDemmQA" dev="mmcblk0p38" ino=2228 scontext=u:r:recovery:s0 tcontext=u:object_r:radio_data_file:s0 tclass=dir permissive=1
09-02 23:50:27.819   257   257 I recovery: type=1400 audit(0.0:1173): avc: denied { search } for name="imXgjFczb5B5HAUhDemmQA" dev="mmcblk0p38" ino=2228 scontext=u:r:recovery:s0 tcontext=u:object_r:radio_data_file:s0 tclass=dir permissive=1
09-02 23:50:27.903   257   257 I recovery: type=1400 audit(0.0:1174): avc: denied { getattr } for path="/data/data/y31jpaQpyCttHDKHH+vwIdn5jKM/uxuqfZALFylhTKWrSa6z2C/gHd7L6XOW2zOOP2VjQNiNA/yVy40CMIrsdtG7GClsNCRD" dev="mmcblk0p38" ino=3518 scontext=u:r:recovery:s0 tcontext=u:object_r:app_data_file:s0:c136,c256,c512,c768 tclass=file permissive=1
09-02 23:50:28.229   257   257 I recovery: type=1400 audit(0.0:1175): avc: denied { getattr } for path="/data/data/pW,X0d19sdZ,dbauCEMfBNrD3703Lf9,/YazkIWdjaBtuD7W1mNLOEA/ujvDih6SXNdLDa31Ca,ZiB" dev="mmcblk0p38" ino=2751 scontext=u:r:recovery:s0 tcontext=u:object_r:app_data_file:s0:c147,c256,c512,c768 tclass=file permissive=1
09-02 23:50:28.289   257   257 I recovery: type=1400 audit(0.0:1176): avc: denied { getattr } for path="/data/data/8b5hKB4XNt,MTYNnAhT9It5i5VDmb0jD/ao5ydqmHsPA0AAxMQIzwaB/_60,IICAAAAQQmrs37uF,B0VKSF3yFfiw" dev="mmcblk0p38" ino=22355 scontext=u:r:recovery:s0 tcontext=u:object_r:app_data_file:s0:c97,c256,c512,c768 tclass=file permissive=1
09-02 23:50:28.305   336   336 I adbd    : UsbFfs: already offline
09-02 23:50:28.306   336   336 I adbd    : authentication not required
09-02 23:50:28.309   257   257 I recovery: type=1400 audit(0.0:1177): avc: denied { getattr } for path="/data/data/8RmDWj6SgjJinDQLBKRYCOfkJ0AU47vU" dev="mmcblk0p38" ino=2681 scontext=u:r:recovery:s0 tcontext=u:object_r:bluetooth_data_file:s0 tclass=dir permissive=1
09-02 23:50:28.309   257   257 I recovery: type=1400 audit(0.0:1178): avc: denied { read } for name="8RmDWj6SgjJinDQLBKRYCOfkJ0AU47vU" dev="mmcblk0p38" ino=2681 scontext=u:r:recovery:s0 tcontext=u:object_r:bluetooth_data_file:s0 tclass=dir permissive=1
09-02 23:50:28.309   257   257 I recovery: type=1400 audit(0.0:1179): avc: denied { open } for path="/data/data/8RmDWj6SgjJinDQLBKRYCOfkJ0AU47vU" dev="mmcblk0p38" ino=2681 scontext=u:r:recovery:s0 tcontext=u:object_r:bluetooth_data_file:s0 tclass=dir permissive=1
09-02 23:50:28.309   257   257 I recovery: type=1400 audit(0.0:1180): avc: denied { search } for name="8RmDWj6SgjJinDQLBKRYCOfkJ0AU47vU" dev="mmcblk0p38" ino=2681 scontext=u:r:recovery:s0 tcontext=u:object_r:bluetooth_data_file:s0 tclass=dir permissive=1
09-02 23:50:28.309   257   257 I recovery: type=1400 audit(0.0:1181): avc: denied { getattr } for path="/data/data/8RmDWj6SgjJinDQLBKRYCOfkJ0AU47vU/62opFgAihvbmuaIuv3EFPD" dev="mmcblk0p38" ino=22011 scontext=u:r:recovery:s0 tcontext=u:object_r:bluetooth_data_file:s0 tclass=lnk_file permissive=1
09-02 23:50:28.319   257   257 I recovery: type=1400 audit(0.0:1182): avc: denied { getattr } for path="/data/data/_eFLriAAAAAAg0rOWZPzR5we5gm7H8g40/PDAquLPrHXDrI7dyh3+ksB/RVW67bTT3pBKsf39bD2PmA/2QBsCTC3J999LhOdmKkb7A/pTxIOvCq5GWs7Li+IxjECGprQff0Un83" dev="mmcblk0p38" ino=21127 scontext=u:r:recovery:s0 tcontext=u:object_r:app_data_file:s0:c137,c256,c512,c768 tclass=file permissive=1
09-02 23:50:28.329   257   257 I recovery: type=1400 audit(0.0:1183): avc: denied { getattr } for path="/data/data/_1dh4MCAAAAQMNTJdVbz5d3ognspKGVBR" dev="mmcblk0p38" ino=2394 scontext=u:r:recovery:s0 tcontext=u:object_r:app_data_file:s0:c5,c256,c512,c768 tclass=dir permissive=1
09-02 23:50:28.329   257   257 I recovery: type=1400 audit(0.0:1184): avc: denied { read } for name="_1dh4MCAAAAQMNTJdVbz5d3ognspKGVBR" dev="mmcblk0p38" ino=2394 scontext=u:r:recovery:s0 tcontext=u:object_r:app_data_file:s0:c5,c256,c512,c768 tclass=dir permissive=1
09-02 23:50:28.329   257   257 I recovery: type=1400 audit(0.0:1185): avc: denied { open } for path="/data/data/_1dh4MCAAAAQMNTJdVbz5d3ognspKGVBR" dev="mmcblk0p38" ino=2394 scontext=u:r:recovery:s0 tcontext=u:object_r:app_data_file:s0:c5,c256,c512,c768 tclass=dir permissive=1
09-02 23:50:28.329   257   257 I recovery: type=1400 audit(0.0:1186): avc: denied { search } for name="_1dh4MCAAAAQMNTJdVbz5d3ognspKGVBR" dev="mmcblk0p38" ino=2394 scontext=u:r:recovery:s0 tcontext=u:object_r:app_data_file:s0:c5,c256,c512,c768 tclass=dir permissive=1
09-02 23:50:28.339   257   257 I recovery: type=1400 audit(0.0:1187): avc: denied { getattr } for path="/data/data/_L2k+mCAAAAwrxpX8gaCu6Aksnc1jX0Mw" dev="mmcblk0p38" ino=2432 scontext=u:r:recovery:s0 tcontext=u:object_r:app_data_file:s0:c15,c256,c512,c768 tclass=dir permissive=1
09-02 23:50:28.339   257   257 I recovery: type=1400 audit(0.0:1188): avc: denied { read } for name="_L2k+mCAAAAwrxpX8gaCu6Aksnc1jX0Mw" dev="mmcblk0p38" ino=2432 scontext=u:r:recovery:s0 tcontext=u:object_r:app_data_file:s0:c15,c256,c512,c768 tclass=dir permissive=1
09-02 23:50:28.339   257   257 I recovery: type=1400 audit(0.0:1189): avc: denied { open } for path="/data/data/_L2k+mCAAAAwrxpX8gaCu6Aksnc1jX0Mw" dev="mmcblk0p38" ino=2432 scontext=u:r:recovery:s0 tcontext=u:object_r:app_data_file:s0:c15,c256,c512,c768 tclass=dir permissive=1
09-02 23:50:28.339   257   257 I recovery: type=1400 audit(0.0:1190): avc: denied { search } for name="_L2k+mCAAAAwrxpX8gaCu6Aksnc1jX0Mw" dev="mmcblk0p38" ino=2432 scontext=u:r:recovery:s0 tcontext=u:object_r:app_data_file:s0:c15,c256,c512,c768 tclass=dir permissive=1
09-02 23:50:28.343   257   257 I recovery: type=1400 audit(0.0:1191): avc: denied { getattr } for path="/data/data/_h9ENNDAAAAwKk8FMSKtsgSMsID3QKORo" dev="mmcblk0p38" ino=2453 scontext=u:r:recovery:s0 tcontext=u:object_r:app_data_file:s0:c70,c256,c512,c768 tclass=dir permissive=1
09-02 23:50:28.343   257   257 I recovery: type=1400 audit(0.0:1192): avc: denied { read } for name="_h9ENNDAAAAwKk8FMSKtsgSMsID3QKORo" dev="mmcblk0p38" ino=2453 scontext=u:r:recovery:s0 tcontext=u:object_r:app_data_file:s0:c70,c256,c512,c768 tclass=dir permissive=1
09-02 23:50:28.343   257   257 I recovery: type=1400 audit(0.0:1193): avc: denied { open } for path="/data/data/_h9ENNDAAAAwKk8FMSKtsgSMsID3QKORo" dev="mmcblk0p38" ino=2453 scontext=u:r:recovery:s0 tcontext=u:object_r:app_data_file:s0:c70,c256,c512,c768 tclass=dir permissive=1
09-02 23:50:28.343   257   257 I recovery: type=1400 audit(0.0:1194): avc: denied { search } for name="_h9ENNDAAAAwKk8FMSKtsgSMsID3QKORo" dev="mmcblk0p38" ino=2453 scontext=u:r:recovery:s0 tcontext=u:object_r:app_data_file:s0:c70,c256,c512,c768 tclass=dir permissive=1
09-02 23:50:28.363   257   257 I recovery: type=1400 audit(0.0:1195): avc: denied { getattr } for path="/data/data/_vao6XCAAAAQozxOM7BwPUDAxg9VwUjr4" dev="mmcblk0p38" ino=2474 scontext=u:r:recovery:s0 tcontext=u:object_r:app_data_file:s0:c134,c256,c512,c768 tclass=dir permissive=1
09-02 23:50:28.363   257   257 I recovery: type=1400 audit(0.0:1196): avc: denied { read } for name="_vao6XCAAAAQozxOM7BwPUDAxg9VwUjr4" dev="mmcblk0p38" ino=2474 scontext=u:r:recovery:s0 tcontext=u:object_r:app_data_file:s0:c134,c256,c512,c768 tclass=dir permissive=1
09-02 23:50:28.363   257   257 I recovery: type=1400 audit(0.0:1197): avc: denied { open } for path="/data/data/_vao6XCAAAAQozxOM7BwPUDAxg9VwUjr4" dev="mmcblk0p38" ino=2474 scontext=u:r:recovery:s0 tcontext=u:object_r:app_data_file:s0:c134,c256,c512,c768 tclass=dir permissive=1
09-02 23:50:28.363   257   257 I recovery: type=1400 audit(0.0:1198): avc: denied { search } for name="_vao6XCAAAAQozxOM7BwPUDAxg9VwUjr4" dev="mmcblk0p38" ino=2474 scontext=u:r:recovery:s0 tcontext=u:object_r:app_data_file:s0:c134,c256,c512,c768 tclass=dir permissive=1
09-02 23:50:28.363   257   257 I recovery: type=1400 audit(0.0:1199): avc: denied { getattr } for path="/data/data/_vao6XCAAAAQozxOM7BwPUDAxg9VwUjr4/a3u1xK4N2cuI4gPH,TRSgD" dev="mmcblk0p38" ino=21994 scontext=u:r:recovery:s0 tcontext=u:object_r:app_data_file:s0:c134,c256,c512,c768 tclass=lnk_file permissive=1
09-02 23:50:28.366   257   257 I recovery: type=1400 audit(0.0:1200): avc: denied { getattr } for path="/data/data/kKc+1OL85vEvqPl17N2PGB3CnzF" dev="mmcblk0p38" ino=2511 scontext=u:r:recovery:s0 tcontext=u:object_r:app_data_file:s0:c91,c256,c512,c768 tclass=dir permissive=1
09-02 23:50:28.366   257   257 I recovery: type=1400 audit(0.0:1201): avc: denied { read } for name="kKc+1OL85vEvqPl17N2PGB3CnzF" dev="mmcblk0p38" ino=2511 scontext=u:r:recovery:s0 tcontext=u:object_r:app_data_file:s0:c91,c256,c512,c768 tclass=dir permissive=1
09-02 23:50:28.366   257   257 I recovery: type=1400 audit(0.0:1202): avc: denied { open } for path="/data/data/kKc+1OL85vEvqPl17N2PGB3CnzF" dev="mmcblk0p38" ino=2511 scontext=u:r:recovery:s0 tcontext=u:object_r:app_data_file:s0:c91,c256,c512,c768 tclass=dir permissive=1
09-02 23:50:28.366   257   257 I recovery: type=1400 audit(0.0:1203): avc: denied { search } for name="kKc+1OL85vEvqPl17N2PGB3CnzF" dev="mmcblk0p38" ino=2511 scontext=u:r:recovery:s0 tcontext=u:object_r:app_data_file:s0:c91,c256,c512,c768 tclass=dir permissive=1
09-02 23:50:28.373   257   257 I recovery: type=1400 audit(0.0:1204): avc: denied { getattr } for path="/data/data/x8ZtxK0,dnjBZ7tEax8SUOrD3703Lf9,UQPGWZ1sDEL" dev="mmcblk0p38" ino=2525 scontext=u:r:recovery:s0 tcontext=u:object_r:app_data_file:s0:c132,c256,c512,c768 tclass=dir permissive=1
09-02 23:50:28.373   257   257 I recovery: type=1400 audit(0.0:1205): avc: denied { read } for name="x8ZtxK0,dnjBZ7tEax8SUOrD3703Lf9,UQPGWZ1sDEL" dev="mmcblk0p38" ino=2525 scontext=u:r:recovery:s0 tcontext=u:object_r:app_data_file:s0:c132,c256,c512,c768 tclass=dir permissive=1
09-02 23:50:28.373   257   257 I recovery: type=1400 audit(0.0:1206): avc: denied { open } for path="/data/data/x8ZtxK0,dnjBZ7tEax8SUOrD3703Lf9,UQPGWZ1sDEL" dev="mmcblk0p38" ino=2525 scontext=u:r:recovery:s0 tcontext=u:object_r:app_data_file:s0:c132,c256,c512,c768 tclass=dir permissive=1
09-02 23:50:28.373   257   257 I recovery: type=1400 audit(0.0:1207): avc: denied { search } for name="x8ZtxK0,dnjBZ7tEax8SUOrD3703Lf9,UQPGWZ1sDEL" dev="mmcblk0p38" ino=2525 scontext=u:r:recovery:s0 tcontext=u:object_r:app_data_file:s0:c132,c256,c512,c768 tclass=dir permissive=1
09-02 23:50:28.373   257   257 I recovery: type=1400 audit(0.0:1208): avc: denied { getattr } for path="/data/data/x8ZtxK0,dnjBZ7tEax8SUOrD3703Lf9,UQPGWZ1sDEL/FdexVN1JwyUco+b,cQ5awD" dev="mmcblk0p38" ino=21998 scontext=u:r:recovery:s0 tcontext=u:object_r:app_data_file:s0:c132,c256,c512,c768 tclass=lnk_file permissive=1
09-02 23:50:28.376   257   257 I recovery: type=1400 audit(0.0:1209): avc: denied { getattr } for path="/data/data/,1fVgEkzdiSv0OyhDSs7Fe7sDnp6lhpgX2mgRC" dev="mmcblk0p38" ino=2536 scontext=u:r:recovery:s0 tcontext=u:object_r:app_data_file:s0:c84,c256,c512,c768 tclass=dir permissive=1
09-02 23:50:28.379   257   257 I recovery: type=1400 audit(0.0:1210): avc: denied { read } for name=",1fVgEkzdiSv0OyhDSs7Fe7sDnp6lhpgX2mgRC" dev="mmcblk0p38" ino=2536 scontext=u:r:recovery:s0 tcontext=u:object_r:app_data_file:s0:c84,c256,c512,c768 tclass=dir permissive=1
09-02 23:50:28.379   257   257 I recovery: type=1400 audit(0.0:1211): avc: denied { open } for path="/data/data/,1fVgEkzdiSv0OyhDSs7Fe7sDnp6lhpgX2mgRC" dev="mmcblk0p38" ino=2536 scontext=u:r:recovery:s0 tcontext=u:object_r:app_data_file:s0:c84,c256,c512,c768 tclass=dir permissive=1
09-02 23:50:28.379   257   257 I recovery: type=1400 audit(0.0:1212): avc: denied { search } for name=",1fVgEkzdiSv0OyhDSs7Fe7sDnp6lhpgX2mgRC" dev="mmcblk0p38" ino=2536 scontext=u:r:recovery:s0 tcontext=u:object_r:app_data_file:s0:c84,c256,c512,c768 tclass=dir permissive=1
09-02 23:50:28.379   257   257 I recovery: type=1400 audit(0.0:1213): avc: denied { getattr } for path="/data/data/_fCM3rAAAAAAQnimRYug982ZLj9Rp,Sqy" dev="mmcblk0p38" ino=2553 scontext=u:r:recovery:s0 tcontext=u:object_r:app_data_file:s0:c18,c256,c512,c768 tclass=dir permissive=1
09-02 23:50:28.379   257   257 I recovery: type=1400 audit(0.0:1214): avc: denied { read } for name="_fCM3rAAAAAAQnimRYug982ZLj9Rp,Sqy" dev="mmcblk0p38" ino=2553 scontext=u:r:recovery:s0 tcontext=u:object_r:app_data_file:s0:c18,c256,c512,c768 tclass=dir permissive=1
09-02 23:50:28.379   257   257 I recovery: type=1400 audit(0.0:1215): avc: denied { open } for path="/data/data/_fCM3rAAAAAAQnimRYug982ZLj9Rp,Sqy" dev="mmcblk0p38" ino=2553 scontext=u:r:recovery:s0 tcontext=u:object_r:app_data_file:s0:c18,c256,c512,c768 tclass=dir permissive=1
09-02 23:50:28.379   257   257 I recovery: type=1400 audit(0.0:1216): avc: denied { search } for name="_fCM3rAAAAAAQnimRYug982ZLj9Rp,Sqy" dev="mmcblk0p38" ino=2553 scontext=u:r:recovery:s0 tcontext=u:object_r:app_data_file:s0:c18,c256,c512,c768 tclass=dir permissive=1
09-02 23:50:28.383   257   257 I recovery: type=1400 audit(0.0:1217): avc: denied { getattr } for path="/data/data/_NMGibDAAAAwLkF2VyEyVoTuUJiAKSXEF" dev="mmcblk0p38" ino=2566 scontext=u:r:recovery:s0 tcontext=u:object_r:app_data_file:s0:c13,c256,c512,c768 tclass=dir permissive=1
09-02 23:50:28.383   257   257 I recovery: type=1400 audit(0.0:1218): avc: denied { read } for name="_NMGibDAAAAwLkF2VyEyVoTuUJiAKSXEF" dev="mmcblk0p38" ino=2566 scontext=u:r:recovery:s0 tcontext=u:object_r:app_data_file:s0:c13,c256,c512,c768 tclass=dir permissive=1
09-02 23:50:28.383   257   257 I recovery: type=1400 audit(0.0:1219): avc: denied { open } for path="/data/data/_NMGibDAAAAwLkF2VyEyVoTuUJiAKSXEF" dev="mmcblk0p38" ino=2566 scontext=u:r:recovery:s0 tcontext=u:object_r:app_data_file:s0:c13,c256,c512,c768 tclass=dir permissive=1
09-02 23:50:28.383   257   257 I recovery: type=1400 audit(0.0:1220): avc: denied { search } for name="_NMGibDAAAAwLkF2VyEyVoTuUJiAKSXEF" dev="mmcblk0p38" ino=2566 scontext=u:r:recovery:s0 tcontext=u:object_r:app_data_file:s0:c13,c256,c512,c768 tclass=dir permissive=1
09-02 23:50:28.393   257   257 I recovery: type=1400 audit(0.0:1221): avc: denied { getattr } for path="/data/data/RDJ2c5yaACHsByVUbLJYhukmMJJmPj6Ew0EGKtkSC1L" dev="mmcblk0p38" ino=2656 scontext=u:r:recovery:s0 tcontext=u:object_r:app_data_file:s0:c6,c256,c512,c768 tclass=dir permissive=1
09-02 23:50:28.393   257   257 I recovery: type=1400 audit(0.0:1222): avc: denied { read } for name="RDJ2c5yaACHsByVUbLJYhukmMJJmPj6Ew0EGKtkSC1L" dev="mmcblk0p38" ino=2656 scontext=u:r:recovery:s0 tcontext=u:object_r:app_data_file:s0:c6,c256,c512,c768 tclass=dir permissive=1
09-02 23:50:28.393   257   257 I recovery: type=1400 audit(0.0:1223): avc: denied { open } for path="/data/data/RDJ2c5yaACHsByVUbLJYhukmMJJmPj6Ew0EGKtkSC1L" dev="mmcblk0p38" ino=2656 scontext=u:r:recovery:s0 tcontext=u:object_r:app_data_file:s0:c6,c256,c512,c768 tclass=dir permissive=1
09-02 23:50:28.393   257   257 I recovery: type=1400 audit(0.0:1224): avc: denied { search } for name="RDJ2c5yaACHsByVUbLJYhukmMJJmPj6Ew0EGKtkSC1L" dev="mmcblk0p38" ino=2656 scontext=u:r:recovery:s0 tcontext=u:object_r:app_data_file:s0:c6,c256,c512,c768 tclass=dir permissive=1
09-02 23:50:28.396   257   257 I recovery: type=1400 audit(0.0:1225): avc: denied { getattr } for path="/data/data/4PKUVEod4OKdQoaJjNOzMQENwT8Aq23obBDKLD" dev="mmcblk0p38" ino=2685 scontext=u:r:recovery:s0 tcontext=u:object_r:app_data_file:s0:c144,c256,c512,c768 tclass=dir permissive=1
09-02 23:50:28.396   257   257 I recovery: type=1400 audit(0.0:1226): avc: denied { read } for name="4PKUVEod4OKdQoaJjNOzMQENwT8Aq23obBDKLD" dev="mmcblk0p38" ino=2685 scontext=u:r:recovery:s0 tcontext=u:object_r:app_data_file:s0:c144,c256,c512,c768 tclass=dir permissive=1
09-02 23:50:28.396   257   257 I recovery: type=1400 audit(0.0:1227): avc: denied { open } for path="/data/data/4PKUVEod4OKdQoaJjNOzMQENwT8Aq23obBDKLD" dev="mmcblk0p38" ino=2685 scontext=u:r:recovery:s0 tcontext=u:object_r:app_data_file:s0:c144,c256,c512,c768 tclass=dir permissive=1
09-02 23:50:28.396   257   257 I recovery: type=1400 audit(0.0:1228): avc: denied { search } for name="4PKUVEod4OKdQoaJjNOzMQENwT8Aq23obBDKLD" dev="mmcblk0p38" ino=2685 scontext=u:r:recovery:s0 tcontext=u:object_r:app_data_file:s0:c144,c256,c512,c768 tclass=dir permissive=1
09-02 23:50:28.396   257   257 I recovery: type=1400 audit(0.0:1229): avc: denied { getattr } for path="/data/data/_BBndyDAAAAQiiwJhNLfL8SbS1oQBGRZA" dev="mmcblk0p38" ino=2694 scontext=u:r:recovery:s0 tcontext=u:object_r:app_data_file:s0:c42,c256,c512,c768 tclass=dir permissive=1
09-02 23:50:28.396   257   257 I recovery: type=1400 audit(0.0:1230): avc: denied { read } for name="_BBndyDAAAAQiiwJhNLfL8SbS1oQBGRZA" dev="mmcblk0p38" ino=2694 scontext=u:r:recovery:s0 tcontext=u:object_r:app_data_file:s0:c42,c256,c512,c768 tclass=dir permissive=1
09-02 23:50:28.396   257   257 I recovery: type=1400 audit(0.0:1231): avc: denied { open } for path="/data/data/_BBndyDAAAAQiiwJhNLfL8SbS1oQBGRZA" dev="mmcblk0p38" ino=2694 scontext=u:r:recovery:s0 tcontext=u:object_r:app_data_file:s0:c42,c256,c512,c768 tclass=dir permissive=1
09-02 23:50:28.399   257   257 I recovery: type=1400 audit(0.0:1232): avc: denied { search } for name="_BBndyDAAAAQiiwJhNLfL8SbS1oQBGRZA" dev="mmcblk0p38" ino=2694 scontext=u:r:recovery:s0 tcontext=u:object_r:app_data_file:s0:c42,c256,c512,c768 tclass=dir permissive=1
09-02 23:50:28.399   257   257 I recovery: type=1400 audit(0.0:1233): avc: denied { getattr } for path="/data/data/_p+RyuDAAAAwYElSLy0rG0J,KxstbI6Yo" dev="mmcblk0p38" ino=2703 scontext=u:r:recovery:s0 tcontext=u:object_r:app_data_file:s0:c40,c256,c512,c768 tclass=dir permissive=1
09-02 23:50:28.399   257   257 I recovery: type=1400 audit(0.0:1234): avc: denied { read } for name="_p+RyuDAAAAwYElSLy0rG0J,KxstbI6Yo" dev="mmcblk0p38" ino=2703 scontext=u:r:recovery:s0 tcontext=u:object_r:app_data_file:s0:c40,c256,c512,c768 tclass=dir permissive=1
09-02 23:50:28.399   257   257 I recovery: type=1400 audit(0.0:1235): avc: denied { open } for path="/data/data/_p+RyuDAAAAwYElSLy0rG0J,KxstbI6Yo" dev="mmcblk0p38" ino=2703 scontext=u:r:recovery:s0 tcontext=u:object_r:app_data_file:s0:c40,c256,c512,c768 tclass=dir permissive=1
09-02 23:50:28.399   257   257 I recovery: type=1400 audit(0.0:1236): avc: denied { search } for name="_p+RyuDAAAAwYElSLy0rG0J,KxstbI6Yo" dev="mmcblk0p38" ino=2703 scontext=u:r:recovery:s0 tcontext=u:object_r:app_data_file:s0:c40,c256,c512,c768 tclass=dir permissive=1
09-02 23:50:28.403   257   257 I recovery: type=1400 audit(0.0:1237): avc: denied { getattr } for path="/data/app-private" dev="mmcblk0p38" ino=75 scontext=u:r:recovery:s0 tcontext=u:object_r:apk_private_data_file:s0 tclass=dir permissive=1
09-02 23:50:28.403   257   257 I recovery: type=1400 audit(0.0:1238): avc: denied { read } for name="app-private" dev="mmcblk0p38" ino=75 scontext=u:r:recovery:s0 tcontext=u:object_r:apk_private_data_file:s0 tclass=dir permissive=1
09-02 23:50:28.403   257   257 I recovery: type=1400 audit(0.0:1239): avc: denied { open } for path="/data/app-private" dev="mmcblk0p38" ino=75 scontext=u:r:recovery:s0 tcontext=u:object_r:apk_private_data_file:s0 tclass=dir permissive=1
09-02 23:50:28.403   257   257 I recovery: type=1400 audit(0.0:1240): avc: denied { getattr } for path="/data/app-asec" dev="mmcblk0p38" ino=77 scontext=u:r:recovery:s0 tcontext=u:object_r:asec_image_file:s0 tclass=dir permissive=1
09-02 23:50:28.403   257   257 I recovery: type=1400 audit(0.0:1241): avc: denied { read } for name="app-asec" dev="mmcblk0p38" ino=77 scontext=u:r:recovery:s0 tcontext=u:object_r:asec_image_file:s0 tclass=dir permissive=1
09-02 23:50:28.403   257   257 I recovery: type=1400 audit(0.0:1242): avc: denied { open } for path="/data/app-asec" dev="mmcblk0p38" ino=77 scontext=u:r:recovery:s0 tcontext=u:object_r:asec_image_file:s0 tclass=dir permissive=1
09-02 23:50:28.403   257   257 I recovery: type=1400 audit(0.0:1243): avc: denied { getattr } for path="/data/app" dev="mmcblk0p38" ino=79 scontext=u:r:recovery:s0 tcontext=u:object_r:apk_data_file:s0 tclass=dir permissive=1
09-02 23:50:28.403   257   257 I recovery: type=1400 audit(0.0:1244): avc: denied { read } for name="app" dev="mmcblk0p38" ino=79 scontext=u:r:recovery:s0 tcontext=u:object_r:apk_data_file:s0 tclass=dir permissive=1
09-02 23:50:28.406   257   257 I recovery: type=1400 audit(0.0:1245): avc: denied { open } for path="/data/app" dev="mmcblk0p38" ino=79 scontext=u:r:recovery:s0 tcontext=u:object_r:apk_data_file:s0 tclass=dir permissive=1
09-02 23:50:28.406   257   257 I recovery: type=1400 audit(0.0:1246): avc: denied { getattr } for path="/data/app/_jDmEsBAAAAw0K+MOb,g9Wc3CQdJDXm9U/veuNE4eZvSqriMZlgdRmBC" dev="mmcblk0p38" ino=21082 scontext=u:r:recovery:s0 tcontext=u:object_r:dalvikcache_data_file:s0 tclass=dir permissive=1
09-02 23:50:28.406   257   257 I recovery: type=1400 audit(0.0:1247): avc: denied { read } for name="veuNE4eZvSqriMZlgdRmBC" dev="mmcblk0p38" ino=21082 scontext=u:r:recovery:s0 tcontext=u:object_r:dalvikcache_data_file:s0 tclass=dir permissive=1
09-02 23:50:28.406   257   257 I recovery: type=1400 audit(0.0:1248): avc: denied { open } for path="/data/app/_jDmEsBAAAAw0K+MOb,g9Wc3CQdJDXm9U/veuNE4eZvSqriMZlgdRmBC" dev="mmcblk0p38" ino=21082 scontext=u:r:recovery:s0 tcontext=u:object_r:dalvikcache_data_file:s0 tclass=dir permissive=1
09-02 23:50:28.406   257   257 I recovery: type=1400 audit(0.0:1249): avc: denied { search } for name="veuNE4eZvSqriMZlgdRmBC" dev="mmcblk0p38" ino=21082 scontext=u:r:recovery:s0 tcontext=u:object_r:dalvikcache_data_file:s0 tclass=dir permissive=1
09-02 23:50:28.409   257   257 I recovery: type=1400 audit(0.0:1250): avc: denied { getattr } for path="/data/property" dev="mmcblk0p38" ino=80 scontext=u:r:recovery:s0 tcontext=u:object_r:property_data_file:s0 tclass=dir permissive=1
09-02 23:50:28.409   257   257 I recovery: type=1400 audit(0.0:1251): avc: denied { read } for name="property" dev="mmcblk0p38" ino=80 scontext=u:r:recovery:s0 tcontext=u:object_r:property_data_file:s0 tclass=dir permissive=1
09-02 23:50:28.409   257   257 I recovery: type=1400 audit(0.0:1252): avc: denied { open } for path="/data/property" dev="mmcblk0p38" ino=80 scontext=u:r:recovery:s0 tcontext=u:object_r:property_data_file:s0 tclass=dir permissive=1
09-02 23:50:28.409   257   257 I recovery: type=1400 audit(0.0:1253): avc: denied { getattr } for path="/data/tombstones" dev="mmcblk0p38" ino=81 scontext=u:r:recovery:s0 tcontext=u:object_r:tombstone_data_file:s0 tclass=dir permissive=1
09-02 23:50:28.409   257   257 I recovery: type=1400 audit(0.0:1254): avc: denied { read } for name="tombstones" dev="mmcblk0p38" ino=81 scontext=u:r:recovery:s0 tcontext=u:object_r:tombstone_data_file:s0 tclass=dir permissive=1
09-02 23:50:28.409   257   257 I recovery: type=1400 audit(0.0:1255): avc: denied { open } for path="/data/tombstones" dev="mmcblk0p38" ino=81 scontext=u:r:recovery:s0 tcontext=u:object_r:tombstone_data_file:s0 tclass=dir permissive=1
09-02 23:50:28.459   257   257 I recovery: type=1400 audit(0.0:1256): avc: denied { getattr } for path="/data/ota" dev="mmcblk0p38" ino=85 scontext=u:r:recovery:s0 tcontext=u:object_r:ota_data_file:s0 tclass=dir permissive=1
09-02 23:50:28.459   257   257 I recovery: type=1400 audit(0.0:1257): avc: denied { read } for name="ota" dev="mmcblk0p38" ino=85 scontext=u:r:recovery:s0 tcontext=u:object_r:ota_data_file:s0 tclass=dir permissive=1
09-02 23:50:28.459   257   257 I recovery: type=1400 audit(0.0:1258): avc: denied { open } for path="/data/ota" dev="mmcblk0p38" ino=85 scontext=u:r:recovery:s0 tcontext=u:object_r:ota_data_file:s0 tclass=dir permissive=1
09-02 23:50:28.459   257   257 I recovery: type=1400 audit(0.0:1259): avc: denied { getattr } for path="/data/ota_package" dev="mmcblk0p38" ino=86 scontext=u:r:recovery:s0 tcontext=u:object_r:ota_package_file:s0 tclass=dir permissive=1
09-02 23:50:28.459   257   257 I recovery: type=1400 audit(0.0:1260): avc: denied { read } for name="ota_package" dev="mmcblk0p38" ino=86 scontext=u:r:recovery:s0 tcontext=u:object_r:ota_package_file:s0 tclass=dir permissive=1
09-02 23:50:28.459   257   257 I recovery: type=1400 audit(0.0:1261): avc: denied { open } for path="/data/ota_package" dev="mmcblk0p38" ino=86 scontext=u:r:recovery:s0 tcontext=u:object_r:ota_package_file:s0 tclass=dir permissive=1
09-02 23:50:28.499   257   257 I recovery: type=1400 audit(0.0:1262): avc: denied { getattr } for path="/data/system/uD+7GhIKisq5nLkq4Ic72D/PZWcUOsuwsqLuLDudqWbXA/zxcqe1hfZuQnoBl4yFKwPy6eM0TAqF90" dev="mmcblk0p38" ino=22312 scontext=u:r:recovery:s0 tcontext=u:object_r:system_data_file:s0 tclass=file permissive=1
09-02 23:50:28.556   257   257 I recovery: type=1400 audit(0.0:1263): avc: denied { getattr } for path="/data/system/vssKrBUfr9TC,wrPwpkGKB" dev="mmcblk0p38" ino=21889 scontext=u:r:recovery:s0 tcontext=u:object_r:system_ndebug_socket:s0 tclass=sock_file permissive=1
09-02 23:50:28.559   257   257 I recovery: type=1400 audit(0.0:1264): avc: denied { getattr } for path="/data/system_de/0/9ixGlMY4EI1ypNTuaLwJJD" dev="mmcblk0p38" ino=1852 scontext=u:r:recovery:s0 tcontext=u:object_r:ringtone_file:s0 tclass=dir permissive=1
09-02 23:50:28.559   257   257 I recovery: type=1400 audit(0.0:1265): avc: denied { read } for name="9ixGlMY4EI1ypNTuaLwJJD" dev="mmcblk0p38" ino=1852 scontext=u:r:recovery:s0 tcontext=u:object_r:ringtone_file:s0 tclass=dir permissive=1
09-02 23:50:28.559   257   257 I recovery: type=1400 audit(0.0:1266): avc: denied { open } for path="/data/system_de/0/9ixGlMY4EI1ypNTuaLwJJD" dev="mmcblk0p38" ino=1852 scontext=u:r:recovery:s0 tcontext=u:object_r:ringtone_file:s0 tclass=dir permissive=1
09-02 23:50:28.559   257   257 I recovery: type=1400 audit(0.0:1267): avc: denied { search } for name="9ixGlMY4EI1ypNTuaLwJJD" dev="mmcblk0p38" ino=1852 scontext=u:r:recovery:s0 tcontext=u:object_r:ringtone_file:s0 tclass=dir permissive=1
09-02 23:50:28.559   257   257 I recovery: type=1400 audit(0.0:1268): avc: denied { getattr } for path="/data/system_de/0/9ixGlMY4EI1ypNTuaLwJJD/CC+JAh+ygHOopf0XzhHHyC" dev="mmcblk0p38" ino=2158 scontext=u:r:recovery:s0 tcontext=u:object_r:ringtone_file:s0 tclass=file permissive=1
09-02 23:50:28.566   257   257 I recovery: type=1400 audit(0.0:1269): avc: denied { getattr } for path="/data/misc_de/0/QCKji62xyDoVXdFW,iHdvB" dev="mmcblk0p38" ino=136 scontext=u:r:recovery:s0 tcontext=u:object_r:storaged_data_file:s0 tclass=dir permissive=1
09-02 23:50:28.566   257   257 I recovery: type=1400 audit(0.0:1270): avc: denied { read } for name="QCKji62xyDoVXdFW,iHdvB" dev="mmcblk0p38" ino=136 scontext=u:r:recovery:s0 tcontext=u:object_r:storaged_data_file:s0 tclass=dir permissive=1
09-02 23:50:28.566   257   257 I recovery: type=1400 audit(0.0:1271): avc: denied { open } for path="/data/misc_de/0/QCKji62xyDoVXdFW,iHdvB" dev="mmcblk0p38" ino=136 scontext=u:r:recovery:s0 tcontext=u:object_r:storaged_data_file:s0 tclass=dir permissive=1
09-02 23:50:28.566   257   257 I recovery: type=1400 audit(0.0:1272): avc: denied { search } for name="QCKji62xyDoVXdFW,iHdvB" dev="mmcblk0p38" ino=136 scontext=u:r:recovery:s0 tcontext=u:object_r:storaged_data_file:s0 tclass=dir permissive=1
09-02 23:50:28.566   257   257 I recovery: type=1400 audit(0.0:1273): avc: denied { getattr } for path="/data/misc_de/0/zbP0CashZe,euG,8Ur4QeA" dev="mmcblk0p38" ino=137 scontext=u:r:recovery:s0 tcontext=u:object_r:rollback_data_file:s0 tclass=dir permissive=1
09-02 23:50:28.566   257   257 I recovery: type=1400 audit(0.0:1274): avc: denied { read } for name="zbP0CashZe,euG,8Ur4QeA" dev="mmcblk0p38" ino=137 scontext=u:r:recovery:s0 tcontext=u:object_r:rollback_data_file:s0 tclass=dir permissive=1
09-02 23:50:28.566   257   257 I recovery: type=1400 audit(0.0:1275): avc: denied { open } for path="/data/misc_de/0/zbP0CashZe,euG,8Ur4QeA" dev="mmcblk0p38" ino=137 scontext=u:r:recovery:s0 tcontext=u:object_r:rollback_data_file:s0 tclass=dir permissive=1
09-02 23:50:28.566   257   257 I recovery: type=1400 audit(0.0:1276): avc: denied { search } for name="zbP0CashZe,euG,8Ur4QeA" dev="mmcblk0p38" ino=137 scontext=u:r:recovery:s0 tcontext=u:object_r:rollback_data_file:s0 tclass=dir permissive=1
09-02 23:50:28.569   257   257 I recovery: type=1400 audit(0.0:1277): avc: denied { getattr } for path="/data/misc_ce/0/df8qWsZi+8pQ60NhCecbBD/EQiw1KTjvaHw7,1yRvK,VA" dev="mmcblk0p38" ino=10618 scontext=u:r:recovery:s0 tcontext=u:object_r:storaged_data_file:s0 tclass=file permissive=1
09-02 23:50:28.617     0     0 I (2)[227:mtk-tpd][tlsc]esd_check_work: Enter
09-02 23:50:28.806     0     0 I         : (0)[0:swapper/0][mtk_net][rtnl_lock]There is no process hold rtnl lock
09-02 23:50:28.813   173   173 I         : (0)[173:disp_check][DISP][ESD]ESD check end, ret = 0
09-02 23:50:28.839   257   257 I recovery: type=1400 audit(0.0:1278): avc: denied { getattr } for path="/data/adb" dev="mmcblk0p38" ino=141 scontext=u:r:recovery:s0 tcontext=u:object_r:adb_data_file:s0 tclass=dir permissive=1
09-02 23:50:28.839   257   257 I recovery: type=1400 audit(0.0:1279): avc: denied { read } for name="adb" dev="mmcblk0p38" ino=141 scontext=u:r:recovery:s0 tcontext=u:object_r:adb_data_file:s0 tclass=dir permissive=1
09-02 23:50:28.839   257   257 I recovery: type=1400 audit(0.0:1280): avc: denied { open } for path="/data/adb" dev="mmcblk0p38" ino=141 scontext=u:r:recovery:s0 tcontext=u:object_r:adb_data_file:s0 tclass=dir permissive=1
09-02 23:50:28.843   257   257 I recovery: type=1400 audit(0.0:1281): avc: denied { getattr } for path="/data/connsyslog/QNxfzY3RsvQo2MmO4,SXIBogLnF" dev="mmcblk0p38" ino=211 scontext=u:r:recovery:s0 tcontext=u:object_r:unlabeled:s0 tclass=fifo_file permissive=1
09-02 23:50:28.843   257   257 I recovery: type=1400 audit(0.0:1282): avc: denied { getattr } for path="/data/mdlog/MHjsL4A+litXz8Hi+R2Y0D" dev="mmcblk0p38" ino=230 scontext=u:r:recovery:s0 tcontext=u:object_r:unlabeled:s0 tclass=fifo_file permissive=1
09-02 23:50:28.846   257   257 I recovery: type=1400 audit(0.0:1283): avc: denied { getattr } for path="/data/gsi" dev="mmcblk0p38" ino=160 scontext=u:r:recovery:s0 tcontext=u:object_r:gsi_data_file:s0 tclass=dir permissive=1
09-02 23:50:28.846   257   257 I recovery: type=1400 audit(0.0:1284): avc: denied { read } for name="gsi" dev="mmcblk0p38" ino=160 scontext=u:r:recovery:s0 tcontext=u:object_r:gsi_data_file:s0 tclass=dir permissive=1
09-02 23:50:28.846   257   257 I recovery: type=1400 audit(0.0:1285): avc: denied { open } for path="/data/gsi" dev="mmcblk0p38" ino=160 scontext=u:r:recovery:s0 tcontext=u:object_r:gsi_data_file:s0 tclass=dir permissive=1
09-02 23:50:28.846   257   257 I recovery: type=1400 audit(0.0:1286): avc: denied { getattr } for path="/data/server_configurable_flags" dev="mmcblk0p38" ino=189 scontext=u:r:recovery:s0 tcontext=u:object_r:server_configurable_flags_data_file:s0 tclass=dir permissive=1
09-02 23:50:28.846   257   257 I recovery: type=1400 audit(0.0:1287): avc: denied { read } for name="server_configurable_flags" dev="mmcblk0p38" ino=189 scontext=u:r:recovery:s0 tcontext=u:object_r:server_configurable_flags_data_file:s0 tclass=dir permissive=1
09-02 23:50:28.846   257   257 I recovery: type=1400 audit(0.0:1288): avc: denied { open } for path="/data/server_configurable_flags" dev="mmcblk0p38" ino=189 scontext=u:r:recovery:s0 tcontext=u:object_r:server_configurable_flags_data_file:s0 tclass=dir permissive=1
09-02 23:50:28.846   257   257 I recovery: type=1400 audit(0.0:1289): avc: denied { read } for name="mmcblk0p37" dev="sysfs" ino=27903 scontext=u:r:recovery:s0 tcontext=u:object_r:sysfs:s0 tclass=dir permissive=1
09-02 23:50:28.846   257   257 I recovery: type=1400 audit(0.0:1290): avc: denied { open } for path="/sys/devices/platform/bootdevice/mmc_host/mmc0/mmc0:0001/block/mmcblk0/mmcblk0p37" dev="sysfs" ino=27903 scontext=u:r:recovery:s0 tcontext=u:object_r:sysfs:s0 tclass=dir permissive=1
09-02 23:50:28.857   257   257 I (2)[257:recovery]EXT4-fs (mmcblk0p37): mounted filesystem with ordered data mode. Opts: noauto_da_alloc,discard
09-02 23:50:28.875   257   257 I (2)[257:recovery]EXT4-fs (mmcblk0p13): mounted filesystem with ordered data mode. Opts: noauto_da_alloc,commit=1,nodelalloc
09-02 23:50:28.909   257   257 I (2)[257:recovery]EXT4-fs (mmcblk0p14): mounted filesystem with ordered data mode. Opts: noauto_da_alloc,commit=1,nodelalloc
09-02 23:50:28.933   257   257 I (0)[257:recovery]EXT4-fs (mmcblk0p10): mounted filesystem with ordered data mode. Opts: noauto_da_alloc,commit=1,nodelalloc
09-02 23:50:28.956   257   257 I (2)[257:recovery]EXT4-fs (mmcblk0p9): mounted filesystem with ordered data mode. Opts: noauto_da_alloc,commit=1,nodelalloc
09-02 23:50:28.984   257   257 I (2)[257:recovery]EXT4-fs (mmcblk0p16): mounted filesystem with ordered data mode. Opts: noauto_da_alloc,commit=1,nodelalloc
09-02 23:50:28.993   257   257 I recovery: type=1400 audit(0.0:1291): avc: denied { ioctl } for path="/dev/block/mmcblk0p5" dev="tmpfs" ino=15192 ioctlcmd=0x1260 scontext=u:r:recovery:s0 tcontext=u:object_r:block_device:s0 tclass=blk_file permissive=1
09-02 23:50:29.042   363   363 I (2)[363:sh][DISP][mtkfb_ioctl #1613]warn: mtkfb_ioctl Not support, info=0x03722656, cmd=0x00005401, arg=0xbed67bd0
09-02 23:50:29.110   257   257 I (2)[257:recovery]EXT4-fs (mmcblk0p9): mounted filesystem with ordered data mode. Opts:
09-02 23:50:29.137   257   257 I (2)[257:recovery]EXT4-fs (mmcblk0p10): mounted filesystem with ordered data mode. Opts:
09-02 23:50:29.160   257   257 I (0)[257:recovery]EXT4-fs (mmcblk0p16): mounted filesystem with ordered data mode. Opts:
09-02 23:50:29.178   257   257 I (2)[257:recovery]EXT4-fs (mmcblk0p13): mounted filesystem with ordered data mode. Opts:
09-02 23:50:29.207   257   257 I (2)[257:recovery]EXT4-fs (mmcblk0p14): mounted filesystem with ordered data mode. Opts:
09-02 23:50:29.223   257   257 I recovery: type=1400 audit(0.0:1292): avc: denied { write } for name="fstab" dev="rootfs" ino=12717 scontext=u:r:recovery:s0 tcontext=u:object_r:rootfs:s0 tclass=file permissive=1
09-02 23:50:29.223   257   257 I recovery: type=1400 audit(0.0:1293): avc: denied { search } for name="media" dev="mmcblk0p38" ino=107 scontext=u:r:recovery:s0 tcontext=u:object_r:media_rw_data_file:s0 tclass=dir permissive=1
09-02 23:50:29.233   257   257 I recovery: type=1400 audit(0.0:1294): avc: denied { read } for name="0" dev="mmcblk0p38" ino=1872 scontext=u:r:recovery:s0 tcontext=u:object_r:media_rw_data_file:s0 tclass=dir permissive=1
09-02 23:50:29.233   257   257 I recovery: type=1400 audit(0.0:1295): avc: denied { open } for path="/data/media/0" dev="mmcblk0p38" ino=1872 scontext=u:r:recovery:s0 tcontext=u:object_r:media_rw_data_file:s0 tclass=dir permissive=1
09-02 23:50:29.233   257   257 I recovery: type=1400 audit(0.0:1296): avc: denied { search } for name="Yn9qJ3QiKhOl4PlafD2Y7C" dev="mmcblk0p38" ino=2919 scontext=u:r:recovery:s0 tcontext=u:object_r:media_rw_data_file:s0:c512,c768 tclass=dir permissive=1
09-02 23:50:29.233   257   257 I recovery: type=1400 audit(0.0:1297): avc: denied { write } for name="0" dev="mmcblk0p38" ino=1872 scontext=u:r:recovery:s0 tcontext=u:object_r:media_rw_data_file:s0 tclass=dir permissive=1
09-02 23:50:29.233   257   257 I recovery: type=1400 audit(0.0:1298): avc: denied { add_name } for name="TWRP" scontext=u:r:recovery:s0 tcontext=u:object_r:media_rw_data_file:s0 tclass=dir permissive=1
09-02 23:50:29.233   257   257 I recovery: type=1400 audit(0.0:1299): avc: denied { create } for name="TWRP" scontext=u:r:recovery:s0 tcontext=u:object_r:media_rw_data_file:s0 tclass=dir permissive=1
09-02 23:50:29.246   257   257 I recovery: type=1400 audit(0.0:1300): avc: denied { module_request } for kmod="fs-auto" scontext=u:r:recovery:s0 tcontext=u:r:kernel:s0 tclass=system permissive=1
09-02 23:50:29.297   378   378 I (0)[378:sh][DISP][mtkfb_ioctl #1613]warn: mtkfb_ioctl Not support, info=0x03722656, cmd=0x00005401, arg=0xbeaedbd0
09-02 23:50:29.329   336   350 I adbd    : UsbFfs: connection terminated: read 2 failed with error Cannot send after transport endpoint shutdown
09-02 23:50:29.332     1     1 I         : (2)[1:init]gadget_dev_desc_UDC_store write none
09-02 23:50:29.332     1     1 I         : (2)[1:init]unregister_gadget
09-02 23:50:29.332     1     1 I (2)[1:init][MUSB]musb_gadget_pullup 2391: is_on=0, softconnect=1 ++
09-02 23:50:29.332     1     1 I -(2)[1:init][MUSB]musb_gadget_pullup 2404: is_on=0, softconnect=1 ++
09-02 23:50:29.332     1     1 I -(2)[1:init][MUSB]musb_pullup 2334: MUSB: gadget pull up 0 start, musb->power:1
09-02 23:50:29.332     1     1 I -(2)[1:init][MUSB]musb_pullup 2343: MUSB: gadget pull up 0 end
09-02 23:50:29.332     1     1 I         : (2)[1:init]android_disconnect, skip work
09-02 23:50:29.332     1     1 I -(2)[1:init][MUSB]nuke 304: call musb_g_giveback on function nuke ep is ep1out
09-02 23:50:29.332     0     0 I         : , skip_cnt<0>
09-02 23:50:29.332     1     1 I -(2)[1:init][MUSB]nuke 304: call musb_g_giveback on function nuke ep is ep1out
09-02 23:50:29.332     0     0 I         : , skip_cnt<0>
09-02 23:50:29.332     1     1 I -(2)[1:init][MUSB]nuke 304: call musb_g_giveback on function nuke ep is ep1out
09-02 23:50:29.332     0     0 I         : , skip_cnt<0>
09-02 23:50:29.332     1     1 I -(2)[1:init][MUSB]nuke 304: call musb_g_giveback on function nuke ep is ep1out
09-02 23:50:29.332     0     0 I         : , skip_cnt<0>
09-02 23:50:29.332     1     1 I -(2)[1:init][MUSB]nuke 304: call musb_g_giveback on function nuke ep is ep1out
09-02 23:50:29.332     0     0 I         : , skip_cnt<0>
09-02 23:50:29.332     1     1 I         : (2)[1:init]configfs_composite_unbind
09-02 23:50:29.332     1     1 I         : (2)[1:init]purge_configs_funcs
09-02 23:50:29.332     1     1 I         : (2)[1:init]composite_dev_cleanup os_desc_req[0]=2dffbfd3 cdev->req[1]=85f8ece2
09-02 23:50:29.332     1     1 I (2)[1:init][MUSB]musb_gadget_stop 2700: musb_gadget_stop
09-02 23:50:29.332     1     1 I -(2)[1:init][MUSB]mt_usb_try_idle 283: (null) inactive, for idle timer for 3 ms
09-02 23:50:29.337   280   280 I -(2)[280:kworker/u8:3][MUSB]do_idle_work 238: otg_state (null) to (null), is_active<0>
09-02 23:50:29.341     1     1 I         : (0)[1:init]config_usb_cfg_unlink b.1<-/->ffs.adb
09-02 23:50:29.343     1     1 I init    : type=1400 audit(0.0:1301): avc: denied { write } for name="saving" dev="sysfs" ino=14186 scontext=u:r:init:s0 tcontext=u:object_r:sysfs:s0 tclass=file permissive=1
09-02 23:50:29.343     1     1 I init    : type=1400 audit(0.0:1302): avc: denied { open } for path="/sys/devices/platform/mt_usb/saving" dev="sysfs" ino=14186 scontext=u:r:init:s0 tcontext=u:object_r:sysfs:s0 tclass=file permissive=1
09-02 23:50:29.343     1     1 I         : (0)[1:init]gadget_dev_desc_UDC_store write none
09-02 23:50:29.349     1     1 I (0)[1:init][MUSB]mt_usb_store_saving_mode 901: old=0 new=0
09-02 23:50:29.400   386   386 I (0)[386:sh][DISP][mtkfb_ioctl #1613]warn: mtkfb_ioctl Not support, info=0x03722656, cmd=0x00005401, arg=0xbec2ac00
09-02 23:50:30.133   385   385 I recovery: type=1400 audit(0.0:1303): avc: denied { write } for name="mtp_usb" dev="tmpfs" ino=15334 scontext=u:r:recovery:s0 tcontext=u:object_r:mtp_device:s0 tclass=chr_file permissive=1
09-02 23:50:30.133   385   385 I recovery: type=1400 audit(0.0:1304): avc: denied { open } for path="/dev/mtp_usb" dev="tmpfs" ino=15334 scontext=u:r:recovery:s0 tcontext=u:object_r:mtp_device:s0 tclass=chr_file permissive=1
09-02 23:50:30.133   385   385 I recovery: type=1400 audit(0.0:1305): avc: denied { read } for name="mtp_usb" dev="tmpfs" ino=15334 scontext=u:r:recovery:s0 tcontext=u:object_r:mtp_device:s0 tclass=chr_file permissive=1
09-02 23:50:30.136   385   385 I recovery: type=1400 audit(0.0:1306): avc: denied { getattr } for path="/data/media/0/Yn9qJ3QiKhOl4PlafD2Y7C" dev="mmcblk0p38" ino=2919 scontext=u:r:recovery:s0 tcontext=u:object_r:media_rw_data_file:s0:c512,c768 tclass=dir permissive=1
09-02 23:50:30.137   385   385 I         : (2)[385:recovery]mtp_open
09-02 23:50:30.138   385   385 I         : (2)[385:recovery]mtp_open
09-02 23:50:30.138   385   385 I         : (2)[385:recovery]MTP, <mtp_open(), 1722> BUSY
09-02 23:50:30.138   385   385 I         : (2)[385:recovery]mtp_release
09-02 23:50:30.338   195   195 I         : (2)[195:battery_thread][fg_drv_update_hw_status]=>
09-02 23:50:30.338   195   195 I         : (2)[195:battery_thread][fgauge_read_current] final current=254 (ratio=1000)
09-02 23:50:30.338   195   195 I         : (2)[195:battery_thread][CH3_DBG] bat_cur = 254
09-02 23:50:30.338   195   195 I (2)[195:battery_thread]mt635x-auxadc mt635x-auxadc: name:BAT_TEMP, channel=3, adc_out=0x572, adc_result=612
09-02 23:50:30.339   195   195 I         : (2)[195:battery_thread][fgauge_read_current] final current=251 (ratio=1000)
09-02 23:50:30.339   195   195 I         : (2)[195:battery_thread][BattVoltToTemp] 611 16900 1800 -1
09-02 23:50:30.339   195   195 I         : (2)[195:battery_thread][force_get_tbat] 612,611,1,25,100,289 r:320 100 0
09-02 23:50:30.339   195   195 I (2)[195:battery_thread][force_get_tbat] t: 28 precise:289
09-02 23:50:30.339   195   195 I         : (2)[195:battery_thread][fg_bat_temp_int_sw_check] tmp 28 lt 65535 ht 65535
09-02 23:50:30.339   195   195 I         : (2)[195:battery_thread][fg_bat_sw_temp_int_l_handler]
09-02 23:50:30.339   195   195 I         : (2)[195:battery_thread][fgauge_read_current] final current=251 (ratio=1000)
09-02 23:50:30.339   195   195 I         : (2)[195:battery_thread][CH3_DBG] bat_cur = 251
09-02 23:50:30.339   195   195 I (2)[195:battery_thread]mt635x-auxadc mt635x-auxadc: name:BAT_TEMP, channel=3, adc_out=0x572, adc_result=612
09-02 23:50:30.340   195   195 I         : (2)[195:battery_thread][fgauge_read_current] final current=251 (ratio=1000)
