02-02 03:47:15.010   261   261 W TeeMcDaemon: Driver /vendor/app/mcRegistry/020b0000000000000000000000000000.drbin missing, ignore [vendor/mediatek/proprietary/trustzone/trustonic/source/external/mobicore/common/410/Daemon/src/MobiCoreDriverDaemon.cpp:334]
02-02 03:47:15.010   261   261 I TeeMcDaemon: * loading /vendor/app/mcRegistry/05070000000000000000000000000000.drbin [vendor/mediatek/proprietary/trustzone/trustonic/source/external/mobicore/common/410/Daemon/src/MobiCoreDriverDaemon.cpp:323]
02-02 03:47:15.010   261   261 W TeeMcDaemon: Cannot open trustlet /vendor/app/mcRegistry/05070000000000000000000000000000.drbin (No such file or directory) [vendor/mediatek/proprietary/trustzone/trustonic/source/external/mobicore/common/410/Daemon/src/SecureWorld.cpp:198]
02-02 03:47:15.010   261   261 W TeeMcDaemon: Driver /vendor/app/mcRegistry/05070000000000000000000000000000.drbin missing, ignore [vendor/mediatek/proprietary/trustzone/trustonic/source/external/mobicore/common/410/Daemon/src/MobiCoreDriverDaemon.cpp:334]
02-02 03:47:15.010   261   261 I TeeMcDaemon: * loading /vendor/app/mcRegistry/030b0000000000000000000000000000.drbin [vendor/mediatek/proprietary/trustzone/trustonic/source/external/mobicore/common/410/Daemon/src/MobiCoreDriverDaemon.cpp:323]
02-02 03:47:15.016   157   157 I (0)[157:tee_log]Trustonic TEE: 601(0)|[SEC DRV] T[DEVAPC] (Infra)reg0-0 = 0x10100000
02-02 03:47:15.016   157   157 I (0)[157:tee_log]Trustonic TEE: 601(0)|[SEC DRV] T[DEVAPC] (Infra)reg0-1 = 0x1043000
02-02 03:47:15.016   157   157 I (0)[157:tee_log]Trustonic TEE: 601(0)|[SEC DRV] T[DEVAPC] (Infra)reg0-2 = 0x40000000
02-02 03:47:15.016   157   157 I (0)[157:tee_log]Trustonic TEE: 601(0)|[SEC DRV] T[DEVAPC] (Infra)reg0-3 = 0x1
02-02 03:47:15.016   157   157 I (0)[157:tee_log]Trustonic TEE: 601(0)|[SEC DRV] T[DEVAPC] (Infra)reg0-4 = 0x4
02-02 03:47:15.016   157   157 I (0)[157:tee_log]Trustonic TEE: 601(0)|[SEC DRV] T[DEVAPC] (Infra)reg0-5 = 0x0
02-02 03:47:15.016   157   157 I (0)[157:tee_log]Trustonic TEE: 601(0)|[SEC DRV] T[DEVAPC] (Infra)reg0-6 = 0xc
02-02 03:47:15.016   157   157 I (0)[157:tee_log]Trustonic TEE: 601(0)|[SEC DRV] T[DEVAPC] (Infra)reg0-7 = 0x0
02-02 03:47:15.016   157   157 I (0)[157:tee_log]Trustonic TEE: 601(0)|[SEC DRV] T[DEVAPC] (Infra)reg0-8 = 0x0
02-02 03:47:15.016   157   157 I (0)[157:tee_log]Trustonic TEE: 601(0)|[SEC DRV] T[DEVAPC] (Infra)reg0-9 = 0x0
02-02 03:47:15.016   157   157 I (0)[157:tee_log]Trustonic TEE: 601(0)|[SEC DRV] T[DEVAPC] (Infra)reg0-10 = 0x0
02-02 03:47:15.016   157   157 I (0)[157:tee_log]Trustonic TEE: 601(0)|[SEC DRV] T[DEVAPC] (Infra)reg0-11 = 0x0
02-02 03:47:15.016   157   157 I (0)[157:tee_log]Trustonic TEE: 601(0)|[SEC DRV] T[DEVAPC] (Infra)reg1-0 = 0x30ff23c3
02-02 03:47:15.016   157   157 I (0)[157:tee_log]Trustonic TEE: 601(0)|[SEC DRV] T[DEVAPC] (Infra)reg1-1 = 0xfffc8fcf
02-02 03:47:15.016   157   157 I (0)[157:tee_log]Trustonic TEE: 601(0)|[SEC DRV] T[DEVAPC] (Infra)reg1-2 = 0xfc0fffff
02-02 03:47:15.016   157   157 I (0)[157:tee_log]Trustonic TEE: 601(0)|[SEC DRV] T[DEVAPC] (Infra)reg1-3 = 0xfc33ffff
02-02 03:47:15.016   157   157 I (0)[157:tee_log]Trustonic TEE: 601(0)|[SEC DRV] T[DEVAPC] (Infra)reg1-4 = 0xffff3fff
02-02 03:47:15.016   157   157 I (0)[157:tee_log]Trustonic TEE: 601(0)|[SEC DRV] T[DEVAPC] (Infra)reg1-5 = 0xfffffff3
02-02 03:47:15.016   157   157 I (0)[157:tee_log]Trustonic TEE: 601(0)|[SEC DRV] T[DEVAPC] (Infra)reg1-6 = 0xff0ffff0
02-02 03:47:15.016   157   157 I (0)[157:tee_log]Trustonic TEE: 601(0)|[SEC DRV] T[DEVAPC] (Infra)reg1-7 = 0xf3f3fff
02-02 03:47:15.016   157   157 I (0)[157:tee_log]Trustonic TEE: 601(0)|[SEC DRV] T[DEVAPC] (Infra)reg1-8 = 0x0
02-02 03:47:15.016   157   157 I (0)[157:tee_log]Trustonic TEE: 601(0)|[SEC DRV] T[DEVAPC] (Infra)reg1-9 = 0x0
02-02 03:47:15.016   157   157 I (0)[157:tee_log]Trustonic TEE: 601(0)|[SEC DRV] T[DEVAPC] (Infra)reg1-10 = 0x0
02-02 03:47:15.016   157   157 I (0)[157:tee_log]Trustonic TEE: 601(0)|[SEC DRV] T[DEVAPC] (Infra)reg1-11 = 0x0
02-02 03:47:15.016   157   157 I (0)[157:tee_log]Trustonic TEE: 601(0)|[SEC DRV] T[DEVAPC] (MM)reg0-0 = 0x0
02-02 03:47:15.016   157   157 I (0)[157:tee_log]Trustonic TEE: 601(0)|[SEC DRV] T[DEVAPC] (MM)reg0-1 = 0x0
02-02 03:47:15.016   157   157 I (0)[157:tee_log]Trustonic TEE: 601(0)|[SEC DRV] T[DEVAPC] (MM)reg0-2 = 0x0
02-02 03:47:15.016   157   157 I (0)[157:tee_log]Trustonic TEE: 601(0)|[SEC DRV] T[DEVAPC] (MM)reg0-3 = 0x0
02-02 03:47:15.016   157   157 I (0)[157:tee_log]Trustonic TEE: 601(0)|[SEC DRV] T[DEVAPC] (MM)reg1-0 = 0x0
02-02 03:47:15.019   157   157 I (0)[157:tee_log]Trustonic TEE: 601(0)|[SEC DRV] T[DEVAPC] (MM)reg1-1 = 0x0
02-02 03:47:15.019   157   157 I (0)[157:tee_log]Trustonic TEE: 601(0)|[SEC DRV] T[DEVAPC] (MM)reg1-2 = 0x0
02-02 03:47:15.019   157   157 I (0)[157:tee_log]Trustonic TEE: 601(0)|[SEC DRV] T[DEVAPC] (MM)reg1-3 = 0x0
02-02 03:47:15.019   157   157 I (0)[157:tee_log]Trustonic TEE: 601(0)|[SEC DRV] T[DEVAPC] (MM)reg2-0 = 0x0
02-02 03:47:15.019   157   157 I (0)[157:tee_log]Trustonic TEE: 601(0)|[SEC DRV] T[DEVAPC] (MM)reg2-1 = 0x0
02-02 03:47:15.019   157   157 I (0)[157:tee_log]Trustonic TEE: 601(0)|[SEC DRV] T[DEVAPC] (MM)reg2-2 = 0x0
02-02 03:47:15.019   157   157 I (0)[157:tee_log]Trustonic TEE: 601(0)|[SEC DRV] T[DEVAPC] (MM)reg2-3 = 0x0
02-02 03:47:15.019   157   157 I (0)[157:tee_log]Trustonic TEE: 601(0)|[SEC DRV] T[DEVAPC] (MM)reg3-0 = 0xffffffff
02-02 03:47:15.019   157   157 I (0)[157:tee_log]Trustonic TEE: 601(0)|[SEC DRV] T[DEVAPC] (MM)reg3-1 = 0xffffffff
02-02 03:47:15.019   157   157 I (0)[157:tee_log]Trustonic TEE: 601(0)|[SEC DRV] T[DEVAPC] (MM)reg3-2 = 0xffffffff
02-02 03:47:15.019   157   157 I (0)[157:tee_log]Trustonic TEE: 601(0)|[SEC DRV] T[DEVAPC] (MM)reg3-3 = 0xff
02-02 03:47:15.019   157   157 I (0)[157:tee_log]Trustonic TEE: 601(0)|[SEC DRV] T[DEVAPC] (MD)reg0-0 = 0xfffff800
02-02 03:47:15.019   157   157 I (0)[157:tee_log]Trustonic TEE: 601(0)|[SEC DRV] T[DEVAPC] (MD)reg0-1 = 0xffffffff
02-02 03:47:15.019   157   157 I (0)[157:tee_log]Trustonic TEE: 601(0)|[SEC DRV] T[DEVAPC] (MD)reg1-0 = 0x0
02-02 03:47:15.019   157   157 I (0)[157:tee_log]Trustonic TEE: 601(0)|[SEC DRV] T[DEVAPC] (MD)reg1-1 = 0x0
02-02 03:47:15.019   157   157 I (0)[157:tee_log]Trustonic TEE: 601(0)|[SEC DRV] T[DEVAPC] (MD)reg2-0 = 0x0
02-02 03:47:15.019   157   157 I (0)[157:tee_log]Trustonic TEE: 601(0)|[SEC DRV] T[DEVAPC] (MD)reg2-1 = 0x0
02-02 03:47:15.019   157   157 I (0)[157:tee_log]Trustonic TEE: 601(0)|[SEC DRV] T[DEVAPC] (MD)reg3-0 = 0xffffffff
02-02 03:47:15.019   157   157 I (0)[157:tee_log]Trustonic TEE: 601(0)|[SEC DRV] T[DEVAPC] (MD)reg3-1 = 0xffffffff
02-02 03:47:15.019   157   157 I (0)[157:tee_log]Trustonic TEE: 601(0)|[SEC DRV] T[DEVAPC] (Infra)MAS_SEC_0 = 0x0
02-02 03:47:15.019   157   157 I (0)[157:tee_log]Trustonic TEE: 601(0)|[SEC DRV] T[DEVAPC] <6><7><3><9>
02-02 03:47:15.022   264   264 E hw-ProcessState: Binder driver protocol(8) does not match user space protocol(7)!
02-02 03:47:15.022   264   264 E hw-ProcessState: Binder ioctl to set max threads failed: Bad file descriptor
02-02 03:47:15.022   264   264 F hw-ProcessState: Binder driver could not be opened. Terminating.
02-02 03:47:15.023   264   264 F libc    : Fatal signal 6 (SIGABRT), code -1 (SI_QUEUE) in tid 264 (hwservicemanage), pid 264 (hwservicemanage)
02-02 03:47:15.026   261   261 I TeeMcDaemon: * loading /vendor/app/mcRegistry/030c0000000000000000000000000000.drbin [vendor/mediatek/proprietary/trustzone/trustonic/source/external/mobicore/common/410/Daemon/src/MobiCoreDriverDaemon.cpp:323]
02-02 03:47:15.026   261   261 W TeeMcDaemon: Cannot open trustlet /vendor/app/mcRegistry/030c0000000000000000000000000000.drbin (No such file or directory) [vendor/mediatek/proprietary/trustzone/trustonic/source/external/mobicore/common/410/Daemon/src/SecureWorld.cpp:198]
02-02 03:47:15.026   261   261 W TeeMcDaemon: Driver /vendor/app/mcRegistry/030c0000000000000000000000000000.drbin missing, ignore [vendor/mediatek/proprietary/trustzone/trustonic/source/external/mobicore/common/410/Daemon/src/MobiCoreDriverDaemon.cpp:334]
02-02 03:47:15.026   261   261 I TeeMcDaemon: * loading /vendor/app/mcRegistry/40188311faf343488db888ad39496f9a.drbin [vendor/mediatek/proprietary/trustzone/trustonic/source/external/mobicore/common/410/Daemon/src/MobiCoreDriverDaemon.cpp:323]
02-02 03:47:15.026   261   261 W TeeMcDaemon: Cannot open trustlet /vendor/app/mcRegistry/40188311faf343488db888ad39496f9a.drbin (No such file or directory) [vendor/mediatek/proprietary/trustzone/trustonic/source/external/mobicore/common/410/Daemon/src/SecureWorld.cpp:198]
02-02 03:47:15.026   261   261 W TeeMcDaemon: Driver /vendor/app/mcRegistry/40188311faf343488db888ad39496f9a.drbin missing, ignore [vendor/mediatek/proprietary/trustzone/trustonic/source/external/mobicore/common/410/Daemon/src/MobiCoreDriverDaemon.cpp:334]
02-02 03:47:15.026   261   261 I TeeMcDaemon: * loading /vendor/app/mcRegistry/05160000000000000000000000000000.drbin [vendor/mediatek/proprietary/trustzone/trustonic/source/external/mobicore/common/410/Daemon/src/MobiCoreDriverDaemon.cpp:323]
02-02 03:47:15.026   261   261 W TeeMcDaemon: Cannot open trustlet /vendor/app/mcRegistry/05160000000000000000000000000000.drbin (No such file or directory) [vendor/mediatek/proprietary/trustzone/trustonic/source/external/mobicore/common/410/Daemon/src/SecureWorld.cpp:198]
02-02 03:47:15.026   261   261 W TeeMcDaemon: Driver /vendor/app/mcRegistry/05160000000000000000000000000000.drbin missing, ignore [vendor/mediatek/proprietary/trustzone/trustonic/source/external/mobicore/common/410/Daemon/src/MobiCoreDriverDaemon.cpp:334]
02-02 03:47:15.026   261   261 W TeeMcDaemon: TUI device not found, skip [vendor/mediatek/proprietary/trustzone/trustonic/source/external/mobicore/common/410/Daemon/src/TuiStarter.cpp:46]
02-02 03:47:15.026   261   261 I TeeMcDaemon: Daemon running [vendor/mediatek/proprietary/trustzone/trustonic/source/external/mobicore/common/410/Daemon/src/MobiCoreDriverDaemon.cpp:350]
02-02 03:47:15.031   157   157 I (0)[157:tee_log]Trustonic TEE: 701(0)|[<t Driver Drspi] 1.0, Build Aug 26 2021, 13:34:06
02-02 03:47:15.042   265   265 E ProcessState: Binder driver protocol(8) does not match user space protocol(7)! ioctl() return value: 0
02-02 03:47:15.042   265   265 E ProcessState: Binder ioctl to set max threads failed: Bad file descriptor
02-02 03:47:15.042   265   265 F ProcessState: Binder driver '/dev/binder' could not be opened.  Terminating.
02-02 03:47:15.042   265   265 F libc    : Fatal signal 6 (SIGABRT), code -1 (SI_QUEUE) in tid 265 (servicemanager), pid 265 (servicemanager)
02-02 03:47:15.044   266   266 E ProcessState: Binder driver protocol(8) does not match user space protocol(7)! ioctl() return value: 0
02-02 03:47:15.044   266   266 E ProcessState: Binder ioctl to set max threads failed: Bad file descriptor
02-02 03:47:15.044   266   266 F ProcessState: Binder driver '/dev/vndbinder' could not be opened.  Terminating.
02-02 03:47:15.044   266   266 F libc    : Fatal signal 6 (SIGABRT), code -1 (SI_QUEUE) in tid 266 (vndservicemanag), pid 266 (vndservicemanag)
02-02 03:47:15.045   275   275 F libc    : failed to exec crash_dump helper: No such file or directory
02-02 03:47:15.046   264   264 F libc    : crash_dump helper failed to exec
02-02 03:47:15.046   278   278 F libc    : failed to exec crash_dump helper: No such file or directory
02-02 03:47:15.047   265   265 F libc    : crash_dump helper failed to exec
02-02 03:47:15.057   279   279 F libc    : failed to exec crash_dump helper: No such file or directory
02-02 03:47:15.058   266   266 F libc    : crash_dump helper failed to exec
02-02 03:47:15.063   272   282 I adbd    : opening control endpoint /dev/usb-ffs/adb/ep0
02-02 03:47:15.064   272   282 I adbd    : UsbFfsConnection constructed
02-02 03:47:15.067   272   284 I adbd    : UsbFfs-monitor thread spawned
02-02 03:47:15.067   272   280 I adbd    : Waiting for persist.adb.tls_server.enable=1
02-02 03:47:15.067     0     0 I         : (2)[282:usb ffs open]read descriptors
02-02 03:47:15.067     0     0 I         : (2)[282:usb ffs open]read strings
02-02 03:47:15.096   262   262 I recovery: type=1400 audit(0.0:36): avc: denied { getattr } for path="/sys/devices/virtual/thermal/thermal_zone0/temp" dev="sysfs" ino=21828 scontext=u:r:recovery:s0 tcontext=u:object_r:sysfs:s0 tclass=file permissive=1
02-02 03:47:15.099   262   262 I recovery: type=1400 audit(0.0:37): avc: denied { write } for name="brightness" dev="sysfs" ino=28405 scontext=u:r:recovery:s0 tcontext=u:object_r:sysfs:s0 tclass=file permissive=1
02-02 03:47:15.099   262   262 I recovery: type=1400 audit(0.0:38): avc: denied { open } for path="/sys/devices/platform/leds-mt65xx/leds/lcd-backlight/brightness" dev="sysfs" ino=28405 scontext=u:r:recovery:s0 tcontext=u:object_r:sysfs:s0 tclass=file permissive=1
02-02 03:47:15.099     1     1 I unknown : type=1107 audit(0.0:39): uid=0 auid=4294967295 ses=4294967295 subj=u:r:init:s0 msg='avc: denied { set } for property=ro.twrp.boot pid=262 uid=0 gid=0 scontext=u:r:recovery:s0 tcontext=u:object_r:default_prop:s0 tclass=property_service permissive=1'
02-02 03:47:15.103   262   262 I recovery: type=1400 audit(0.0:40): avc: denied { read write } for name="card0" dev="tmpfs" ino=15174 scontext=u:r:recovery:s0 tcontext=u:object_r:device:s0 tclass=chr_file permissive=1
02-02 03:47:15.103   262   262 I recovery: type=1400 audit(0.0:41): avc: denied { open } for path="/dev/dri/card0" dev="tmpfs" ino=15174 scontext=u:r:recovery:s0 tcontext=u:object_r:device:s0 tclass=chr_file permissive=1
02-02 03:47:15.106     1     1 I         : (2)[1:init]Retrying again to check for CPU kill
02-02 03:47:15.106     1     1 I         : (2)[1:init]CPU1 killed.
02-02 03:47:15.106   262   262 W         : (0)[262:recovery]Leds_Enable,line = 451
02-02 03:47:15.106   262   262 I (0)[262:recovery][PWM] disp_pwm_set_backlight_cmdq: (id = 0x1, level_1024 = 1023), old = -1
02-02 03:47:15.106   262   262 I (0)[262:recovery][PWM] disp_pwm_backlight_status: backlight is on (1023), power:(1), pwm id: (0)
02-02 03:47:15.107   274   274 W (0)[274:kworker/1:3]WARN: cpu=3, domain=MC: incr. energy eff 199[0]->205[1]
02-02 03:47:15.107   274   274 W (0)[274:kworker/1:3]WARN: cpu=3, domain=MC: incr. energy eff 205[1]->220[2]
02-02 03:47:15.107   274   274 W (0)[274:kworker/1:3]WARN: cpu=3, domain=MC: incr. energy eff 220[2]->234[3]
02-02 03:47:15.107   274   274 W (0)[274:kworker/1:3]WARN: cpu=3, domain=MC: incr. energy eff 234[3]->237[4]
02-02 03:47:15.107   274   274 W (0)[274:kworker/1:3]WARN: cpu=3, domain=MC: incr. energy eff 237[4]->238[5]
02-02 03:47:15.107   274   274 W (0)[274:kworker/1:3]WARN: cpu=3, domain=MC: incr. energy eff 231[6]->232[7]
02-02 03:47:15.107   274   274 W (0)[274:kworker/1:3]WARN: cpu=3, domain=MC: incr. energy eff 232[7]->233[8]
02-02 03:47:15.107   274   274 W (0)[274:kworker/1:3]WARN: cpu=3, domain=MC: incr. energy eff 233[8]->234[9]
02-02 03:47:15.107   274   274 W (0)[274:kworker/1:3]WARN: cpu=2, domain=MC: incr. energy eff 199[0]->205[1]
02-02 03:47:15.107   274   274 W (0)[274:kworker/1:3]WARN: cpu=2, domain=MC: incr. energy eff 205[1]->220[2]
02-02 03:47:15.107   274   274 W (0)[274:kworker/1:3]WARN: cpu=2, domain=MC: incr. energy eff 220[2]->234[3]
02-02 03:47:15.107   274   274 W (0)[274:kworker/1:3]WARN: cpu=2, domain=MC: incr. energy eff 234[3]->237[4]
02-02 03:47:15.107   274   274 W (0)[274:kworker/1:3]WARN: cpu=2, domain=MC: incr. energy eff 237[4]->238[5]
02-02 03:47:15.107   274   274 W (0)[274:kworker/1:3]WARN: cpu=2, domain=MC: incr. energy eff 231[6]->232[7]
02-02 03:47:15.107   274   274 W (0)[274:kworker/1:3]WARN: cpu=2, domain=MC: incr. energy eff 232[7]->233[8]
02-02 03:47:15.107   274   274 W (0)[274:kworker/1:3]WARN: cpu=2, domain=MC: incr. energy eff 233[8]->234[9]
02-02 03:47:15.107   274   274 W (0)[274:kworker/1:3]WARN: cpu=0, domain=MC: incr. energy eff 199[0]->205[1]
02-02 03:47:15.107   274   274 W (0)[274:kworker/1:3]WARN: cpu=0, domain=MC: incr. energy eff 205[1]->220[2]
02-02 03:47:15.107   274   274 W (0)[274:kworker/1:3]WARN: cpu=0, domain=MC: incr. energy eff 220[2]->234[3]
02-02 03:47:15.107   274   274 W (0)[274:kworker/1:3]WARN: cpu=0, domain=MC: incr. energy eff 234[3]->237[4]
02-02 03:47:15.107   274   274 W (0)[274:kworker/1:3]WARN: cpu=0, domain=MC: incr. energy eff 237[4]->238[5]
02-02 03:47:15.107   274   274 W (0)[274:kworker/1:3]WARN: cpu=0, domain=MC: incr. energy eff 231[6]->232[7]
02-02 03:47:15.107   274   274 W (0)[274:kworker/1:3]WARN: cpu=0, domain=MC: incr. energy eff 232[7]->233[8]
02-02 03:47:15.107   274   274 W (0)[274:kworker/1:3]WARN: cpu=0, domain=MC: incr. energy eff 233[8]->234[9]
02-02 03:47:15.107   274   274 W (0)[274:kworker/1:3]WARN: cpu=0, domain=DIE: incr. energy eff 544[0]->561[1]
02-02 03:47:15.107   274   274 W (0)[274:kworker/1:3]WARN: cpu=0, domain=DIE: incr. energy eff 561[1]->633[2]
02-02 03:47:15.107   274   274 W (0)[274:kworker/1:3]WARN: cpu=0, domain=DIE: incr. energy eff 633[2]->705[3]
02-02 03:47:15.107   274   274 W (0)[274:kworker/1:3]WARN: cpu=0, domain=DIE: incr. energy eff 700[4]->713[5]
02-02 03:47:15.107   274   274 W (0)[274:kworker/1:3]WARN: cpu=0, domain=DIE: incr. energy eff 693[6]->702[7]
02-02 03:47:15.107   274   274 W (0)[274:kworker/1:3]WARN: cpu=0, domain=DIE: incr. energy eff 702[7]->713[8]
02-02 03:47:15.107   274   274 W (0)[274:kworker/1:3]WARN: cpu=0, domain=DIE: incr. energy eff 713[8]->725[9]
02-02 03:47:15.107   274   274 W (0)[274:kworker/1:3]WARN: cpu=0, domain=DIE: incr. energy eff 696[12]->706[13]
02-02 03:47:15.111   262   262 W (3)[262:recovery]pvrsrvkm 13000000.mfg_auckland: Direct firmware load for rgx.fw.22.49.21.16 failed with error -2
02-02 03:47:15.111   262   262 W (3)[262:recovery]pvrsrvkm 13000000.mfg_auckland: Falling back to user helper
02-02 03:47:15.112   270   270 W -(3)[270:logd.klogd]CPU3: update max cpu_capacity 1024
02-02 03:47:15.116   262   262 W (3)[262:recovery]pvrsrvkm 13000000.mfg_auckland: Direct firmware load for rgx.fw.22.49p.21.16 failed with error -2
02-02 03:47:15.116   262   262 W (3)[262:recovery]pvrsrvkm 13000000.mfg_auckland: Falling back to user helper
02-02 03:47:15.120   262   262 W (0)[262:recovery]pvrsrvkm 13000000.mfg_auckland: Direct firmware load for rgx.fw failed with error -2
02-02 03:47:15.120   262   262 W (0)[262:recovery]pvrsrvkm 13000000.mfg_auckland: Falling back to user helper
02-02 03:47:15.125   262   262 E (2)[262:recovery]PVR_K: (Fatal):   262: All RGX Firmware image loads failed for 'rgx.fw.22.49.21.16'
02-02 03:47:15.125   262   262 E (2)[262:recovery]PVR_K: (Error):   262: RGXInit: InitFirmware failed (4)
02-02 03:47:15.125   262   262 E (2)[262:recovery]PVR_K: (Error):   262: PVRSRVDeviceInitialise: Initialisation of Rogue device failed (PVRSRV_ERROR_INIT_FAILURE)
02-02 03:47:15.125   262   262 E (2)[262:recovery]PVR_K: (Error):   262: PVRSRVDeviceInitialise: Services failed to finalise the device (PVRSRV_ERROR_NOT_INITIALISED)
02-02 03:47:15.125   262   262 E (2)[262:recovery]PVR_K: (Error):   262: PVRSRVCommonDeviceOpen: Failed to initialise device (PVRSRV_ERROR_NOT_INITIALISED)
02-02 03:47:15.128   262   262 I         : (2)[262:recovery][DISP]AEE is not enabled, will disable layer 3
02-02 03:47:15.130   262   262 I (0)[262:recovery]mtk-tpd: [tpd_fb_notifier_callback:458] tpd_fb_notifier_callback
02-02 03:47:15.130   262   262 I (0)[262:recovery]mtk-tpd: [tpd_fb_notifier_callback:458] tpd_fb_notifier_callback
02-02 03:47:15.130   262   262 I         : (0)[262:recovery][DISP][FB Driver] enter early_suspend
02-02 03:47:15.166   262   262 I         : (0)[262:recovery][DISP]primary_display_suspend begin
02-02 03:47:15.166   262   262 I         : (0)[262:recovery][DISP]primary display will switch from RDMA_MODE to DIRECT_LINK
02-02 03:47:15.166   262   262 I (0)[262:recovery][DDP/OVL]warn: ovl_roi:(480x960)
02-02 03:47:15.167   262   262 I (0)[262:recovery][DDP/DSI]warn: DSI_Set_VM_CMD
02-02 03:47:15.169     1     1 I         : (2)[1:init]Retrying again to check for CPU kill
02-02 03:47:15.169     1     1 I         : (2)[1:init]CPU3 killed.
02-02 03:47:15.170   155   155 W (0)[155:kworker/3:1]WARN: cpu=2, domain=MC: incr. energy eff 199[0]->205[1]
02-02 03:47:15.170   155   155 W (0)[155:kworker/3:1]WARN: cpu=2, domain=MC: incr. energy eff 205[1]->220[2]
02-02 03:47:15.170   155   155 W (0)[155:kworker/3:1]WARN: cpu=2, domain=MC: incr. energy eff 220[2]->234[3]
02-02 03:47:15.170   155   155 W (0)[155:kworker/3:1]WARN: cpu=2, domain=MC: incr. energy eff 234[3]->237[4]
02-02 03:47:15.170   155   155 W (0)[155:kworker/3:1]WARN: cpu=2, domain=MC: incr. energy eff 237[4]->238[5]
02-02 03:47:15.170   155   155 W (0)[155:kworker/3:1]WARN: cpu=2, domain=MC: incr. energy eff 231[6]->232[7]
02-02 03:47:15.170   155   155 W (0)[155:kworker/3:1]WARN: cpu=2, domain=MC: incr. energy eff 232[7]->233[8]
02-02 03:47:15.170   155   155 W (0)[155:kworker/3:1]WARN: cpu=2, domain=MC: incr. energy eff 233[8]->234[9]
02-02 03:47:15.170   155   155 W (0)[155:kworker/3:1]WARN: cpu=0, domain=MC: incr. energy eff 199[0]->205[1]
02-02 03:47:15.170   155   155 W (0)[155:kworker/3:1]WARN: cpu=0, domain=MC: incr. energy eff 205[1]->220[2]
02-02 03:47:15.170   155   155 W (0)[155:kworker/3:1]WARN: cpu=0, domain=MC: incr. energy eff 220[2]->234[3]
02-02 03:47:15.170   155   155 W (0)[155:kworker/3:1]WARN: cpu=0, domain=MC: incr. energy eff 234[3]->237[4]
02-02 03:47:15.170   155   155 W (0)[155:kworker/3:1]WARN: cpu=0, domain=MC: incr. energy eff 237[4]->238[5]
02-02 03:47:15.170   155   155 W (0)[155:kworker/3:1]WARN: cpu=0, domain=MC: incr. energy eff 231[6]->232[7]
02-02 03:47:15.170   155   155 W (0)[155:kworker/3:1]WARN: cpu=0, domain=MC: incr. energy eff 232[7]->233[8]
02-02 03:47:15.170   155   155 W (0)[155:kworker/3:1]WARN: cpu=0, domain=MC: incr. energy eff 233[8]->234[9]
02-02 03:47:15.170   155   155 W (0)[155:kworker/3:1]WARN: cpu=0, domain=DIE: incr. energy eff 544[0]->561[1]
02-02 03:47:15.170   155   155 W (0)[155:kworker/3:1]WARN: cpu=0, domain=DIE: incr. energy eff 561[1]->633[2]
02-02 03:47:15.170   155   155 W (0)[155:kworker/3:1]WARN: cpu=0, domain=DIE: incr. energy eff 633[2]->705[3]
02-02 03:47:15.170   155   155 W (0)[155:kworker/3:1]WARN: cpu=0, domain=DIE: incr. energy eff 700[4]->713[5]
02-02 03:47:15.170   155   155 W (0)[155:kworker/3:1]WARN: cpu=0, domain=DIE: incr. energy eff 693[6]->702[7]
02-02 03:47:15.170   155   155 W (0)[155:kworker/3:1]WARN: cpu=0, domain=DIE: incr. energy eff 702[7]->713[8]
02-02 03:47:15.170   155   155 W (0)[155:kworker/3:1]WARN: cpu=0, domain=DIE: incr. energy eff 713[8]->725[9]
02-02 03:47:15.170   155   155 W (0)[155:kworker/3:1]WARN: cpu=0, domain=DIE: incr. energy eff 696[12]->706[13]
02-02 03:47:15.172     1     1 I (2)[1:init]BOOTPROF: 3307.321007:MOBICORE: create /data/vendor/mcRegistry ++ (FBE encrypted)
02-02 03:47:15.174     1     1 I (2)[1:init]BOOTPROF: 3309.053622:MOBICORE: create /data/vendor/mcRegistry -- (FBE encrypted)
02-02 03:47:15.176   290   290 W -(2)[290:kworker/0:2]CPU2: update max cpu_capacity 1024
02-02 03:47:15.180   262   262 I         : (2)[262:recovery][DISP]primary display is DIRECT_LINK mode now
02-02 03:47:15.180   262   262 I (2)[262:recovery][DISP][disp_lowpower]_release_wrot_resource_nolock: use_wrot_sram:1
02-02 03:47:15.185     1     1 I         : (2)[1:init]config_usb_cfg_link b.1<-->ffs.adb
02-02 03:47:15.185     1     1 I         : (2)[1:init]usb_get_function usb_function name=Function FS Gadget
02-02 03:47:15.185     1     1 I         : (2)[1:init]gadget_dev_desc_UDC_store write musb-hdrc
02-02 03:47:15.185     1     1 I         : (2)[1:init]usb_gadget_probe_driver musb-hdrc musb-hdrc
02-02 03:47:15.185     1     1 I         : (2)[1:init]configfs_composite_bind
02-02 03:47:15.185     1     1 I         : (2)[1:init]composite_dev_prepare 81a137ee
02-02 03:47:15.185     1     1 I (2)[1:init]configfs-gadget gadget: adding 'Function FS Gadget'/a47cac13 to config 'b'/074a1637
02-02 03:47:15.185     1     1 I         : (2)[1:init]composite_os_desc_req_prepare bf8f1fb9
02-02 03:47:15.185     1     1 I (2)[1:init][MUSB]musb_gadget_start 2599: musb_gadget_start
02-02 03:47:15.185     1     1 I (2)[1:init][MUSB]musb_gadget_pullup 2391: is_on=1, softconnect=0 ++
02-02 03:47:15.185     1     1 I -(2)[1:init][MUSB]musb_gadget_pullup 2404: is_on=1, softconnect=0 ++
02-02 03:47:15.185     1     1 I -(2)[1:init][MUSB]musb_pullup 2334: MUSB: gadget pull up 1 start, musb->power:0
02-02 03:47:15.185     1     1 I -(2)[1:init][MUSB]musb_pullup 2343: MUSB: gadget pull up 1 end
02-02 03:47:15.185     1     1 I -(2)[1:init][MUSB]set_usb_rdy 2374: set usb_rdy, wake up bat
02-02 03:47:15.185     1     1 I (2)[1:init]BOOTPROF: 3320.620622:USB ready
02-02 03:47:15.189     1     1 I         : (2)[1:init]gadget_dev_desc_UDC_store write musb-hdrc
02-02 03:47:15.197    79    79 I         : (2)[79:kworker/u8:1][CMDQ][Res]resource clock engine:0x100 enable:false
02-02 03:47:15.201     0     0 I         : (0)[284:UsbFfs-monitor]unregister_gadget
02-02 03:47:15.202     0     0 I (2)[284:UsbFfs-monitor][MUSB]musb_gadget_pullup 2391: is_on=0, softconnect=1 ++
02-02 03:47:15.202     0     0 I -(2)[284:UsbFfs-monitor][MUSB]musb_gadget_pullup 2404: is_on=0, softconnect=1 ++
02-02 03:47:15.202     0     0 I -(2)[284:UsbFfs-monitor][MUSB]musb_pullup 2334: MUSB: gadget pull up 0 start, musb->power:0
02-02 03:47:15.202     0     0 I -(2)[284:UsbFfs-monitor][MUSB]musb_pullup 2343: MUSB: gadget pull up 0 end
02-02 03:47:15.202   154   154 I (2)[154:kworker/2:1]android_work: did not send uevent (0 0   (null))
02-02 03:47:15.202     0     0 I         : (2)[284:UsbFfs-monitor]configfs_composite_unbind
02-02 03:47:15.202     0     0 I         : (2)[284:UsbFfs-monitor]purge_configs_funcs
02-02 03:47:15.202     0     0 I         : (2)[284:UsbFfs-monitor]composite_dev_cleanup os_desc_req[0]=bf8f1fb9 cdev->req[0]=81a137ee
02-02 03:47:15.202     0     0 I (2)[284:UsbFfs-monitor][MUSB]musb_gadget_stop 2700: musb_gadget_stop
02-02 03:47:15.202     0     0 I -(2)[284:UsbFfs-monitor][MUSB]mt_usb_try_idle 283: (null) inactive, for idle timer for 3 ms
02-02 03:47:15.206    79    79 I -(2)[79:kworker/u8:1][MUSB]do_idle_work 238: otg_state (null) to (null), is_active<0>
02-02 03:47:15.213   262   262 I         : (2)[262:recovery][DISP][POWER]primary display path is busy now, wait frame done, event_ret=295
02-02 03:47:15.213   262   262 I         : (2)[262:recovery][DISP][POWER]display cmdq trigger loop stop
02-02 03:47:15.213   262   262 I         : (2)[262:recovery][DISP]primary display STOP cmdq trigger loop finished
02-02 03:47:15.213   262   262 I (2)[262:recovery][DISP]dsi stop: brust mode(vdo mode lcm)
02-02 03:47:15.214   262   262 I         : (2)[262:recovery][DISP][POWER]primary display path stop[end]
02-02 03:47:15.256    29    29 I         : (0)[29:kworker/1:1]CDP, free
02-02 03:47:15.312    29    29 W -(2)[29:kworker/1:1]usb_dpidle_request: 6 callbacks suppressed
02-02 03:47:15.312    29    29 I -(2)[29:kworker/1:1][MUSB]usb_dpidle_request 104: USB_DPIDLE_FORBIDDEN, skip_cnt<6>
02-02 03:47:15.312    29    29 W -(2)[29:kworker/1:1]usb_dpidle_request: 6 callbacks suppressed
02-02 03:47:15.312    29    29 I -(2)[29:kworker/1:1][MUSB]usb_dpidle_request 97: USB_DPIDLE_ALLOWED, skip_cnt<6>
02-02 03:47:15.312    29    29 I (2)[29:kworker/1:1][MUSB]Charger_Detect_Init 715: Charger_Detect_Init
02-02 03:47:15.340   200   200 W -(0)[200:dc_trim_thread]mt635x_auxadc_read_raw: 117 callbacks suppressed
02-02 03:47:15.340   200   200 I (0)[200:dc_trim_thread]mt635x-auxadc mt635x-auxadc: name:HPOFS_CAL, channel=9, adc_out=0x6b09, adc_result=27401
02-02 03:47:15.345   200   200 I (0)[200:dc_trim_thread]mt635x-auxadc mt635x-auxadc: name:HPOFS_CAL, channel=9, adc_out=0x6b05, adc_result=27397
02-02 03:47:15.349   200   200 I (0)[200:dc_trim_thread]mt635x-auxadc mt635x-auxadc: name:HPOFS_CAL, channel=9, adc_out=0x6b09, adc_result=27401
02-02 03:47:15.352   200   200 I (0)[200:dc_trim_thread]mt635x-auxadc mt635x-auxadc: name:HPOFS_CAL, channel=9, adc_out=0x6b00, adc_result=27392
02-02 03:47:15.356   200   200 I (0)[200:dc_trim_thread]mt635x-auxadc mt635x-auxadc: name:HPOFS_CAL, channel=9, adc_out=0x6b08, adc_result=27400
02-02 03:47:15.432   262   262 I         : (0)[262:recovery][DISP][POWER]lcm suspend[end]
02-02 03:47:15.432   262   262 I         : (0)[262:recovery][DISP]not found session info for session_id:0x00010000,insert b72966e5 to array index:0
02-02 03:47:15.433   262   262 I (0)[262:recovery][PWM] disp_pwm_backlight_status: backlight is off, power:(0), pwm id: (0)
02-02 03:47:15.436   261   261 I McDaemon.SWd: type=1400 audit(0.0:42): avc: denied { ioctl } for path="/dev/mobicore" dev="tmpfs" ino=10588 ioctlcmd=0x4d00 scontext=u:r:recovery:s0 tcontext=u:object_r:device:s0 tclass=chr_file permissive=1
02-02 03:47:15.436   262   262 I         : (0)[262:recovery][DISP][POWER]dpmanager path power off[end]
02-02 03:47:15.436   262   262 I         : (0)[262:recovery][DISP]mutex_release_timeout1 <270611232 ns>
02-02 03:47:15.436   262   262 W -(0)[262:recovery]CPU: 0 PID: 262 Comm: recovery Tainted: G        W       4.14.141+ #1
02-02 03:47:15.436   262   262 W -(0)[262:recovery]Hardware name: Generic DT based system
02-02 03:47:15.436   262   262 W -(0)[262:recovery]Backtrace:  
02-02 03:47:15.436   262   262 W         : -(0)[262:recovery][<c010bf48>] (dump_backtrace) from [<c010c218>] (show_stack+0x18/0x1c)
02-02 03:47:15.436   262   262 W -(0)[262:recovery] r6: c168fe20 r5:600f0113 r4:00000000 r3:11a219d5
02-02 03:47:15.436   262   262 W         : -(0)[262:recovery][<c010c200>] (show_stack) from [<c0c934fc>] (dump_stack+0x84/0xa4)
02-02 03:47:15.436   262   262 W         : -(0)[262:recovery][<c0c93478>] (dump_stack) from [<c081c224>] (_primary_path_unlock+0x6c/0x11c)
02-02 03:47:15.436   262   262 W -(0)[262:recovery] r5: 00000000 r4:10213320
02-02 03:47:15.436   262   262 W         : -(0)[262:recovery][<c081c1b8>] (_primary_path_unlock) from [<c0825e24>] (primary_display_suspend+0x440/0x528)
02-02 03:47:15.436   262   262 W -(0)[262:recovery] r9: 00000000 r8:00000000 r7:c120a188 r6:00000002 r5:c168fe00 r4:00000000
02-02 03:47:15.436   262   262 W         : -(0)[262:recovery][<c08259e4>] (primary_display_suspend) from [<c08132f4>] (mtkfb_blank+0x1b0/0x270)
02-02 03:47:15.436   262   262 W -(0)[262:recovery] r5: 00000000 r4:00000000
02-02 03:47:15.436   262   262 W         : -(0)[262:recovery][<c0813144>] (mtkfb_blank) from [<c04c3fd8>] (fb_blank+0x6c/0xb8)
02-02 03:47:15.436   262   262 W -(0)[262:recovery] r6: 00000000 r5:c120a188 r4:c5a4f400 r3:c0813144
02-02 03:47:15.436   262   262 W         : -(0)[262:recovery][<c04c3f6c>] (fb_blank) from [<c04c4a9c>] (do_fb_ioctl+0x68c/0x750)
02-02 03:47:15.436   262   262 W -(0)[262:recovery] r6: 00004611 r5:00000004 r4:c5a4f400
02-02 03:47:15.436   262   262 W         : -(0)[262:recovery][<c04c4410>] (do_fb_ioctl) from [<c04c5594>] (fb_ioctl+0x44/0x54)
02-02 03:47:15.436   262   262 W -(0)[262:recovery] r8: 00000000 r7:00000004 r6:e4de39c0 r5:c57bb908 r4:00000004
02-02 03:47:15.436   262   262 W         : -(0)[262:recovery][<c04c5550>] (fb_ioctl) from [<c02b9694>] (vfs_ioctl+0x20/0x3c)
02-02 03:47:15.436   262   262 W         : -(0)[262:recovery][<c02b9674>] (vfs_ioctl) from [<c02b9f94>] (do_vfs_ioctl+0x7a0/0x8f8)
02-02 03:47:15.436   262   262 W         : -(0)[262:recovery][<c02b97f4>] (do_vfs_ioctl) from [<c02ba140>] (SyS_ioctl+0x54/0x7c)
02-02 03:47:15.436   262   262 W -(0)[262:recovery] r10: 00000036 r9:00000000 r8:00004611 r7:00000004 r6:e4de39c0 r5:e4de39c0
02-02 03:47:15.436   262   262 W -(0)[262:recovery] r4: 00000000
02-02 03:47:15.436   262   262 W         : -(0)[262:recovery][<c02ba0ec>] (SyS_ioctl) from [<c0107ac0>] (ret_fast_syscall+0x0/0x54)
02-02 03:47:15.436   262   262 W -(0)[262:recovery] r9: e4012000 r8:c0107cc4 r7:00000036 r6:aa57dbf0 r5:aa3d0124 r4:c8240147
02-02 03:47:15.436   262   262 I         : (0)[262:recovery][DISP]primary_display_suspend end
02-02 03:47:15.436   262   262 I (0)[262:recovery][VcoreFS] feature_en: 0, init_done: 0, kr: 0, opp: -1
02-02 03:47:15.436   262   262 I         : (0)[262:recovery][pid=262]Set vcore step failed: -1
02-02 03:47:15.436   174   174 I         : (2)[174:disp_check][DISP][ESD]ESD check end, ret = 0
02-02 03:47:15.436   262   262 I (0)[262:recovery][MMDVFS][pid=262]Fixed,set scen: (22,0x0)step:(-1,-1,0x0,0x0,0x0,0x0)
02-02 03:47:15.436   262   262 I (0)[262:recovery][MMDVFS][pid=262]Fixed,C(0,0,0x0,0),I(0,0),CLK: 0
02-02 03:47:15.436   262   262 I         : (0)[262:recovery][DISP][FB Driver] leave early_suspend
02-02 03:47:15.436   262   262 I (0)[262:recovery][DISP]AOD check: succeed to set FB power mode FB_SUSPEND to FB_SUSPEND
02-02 03:47:15.436   262   262 E (0)[262:recovery][ION]ion_fb_event: + screen-off +
02-02 03:47:15.436   262   262 E (0)[262:recovery][ION]ion_fb_event: - screen-off -
02-02 03:47:15.436   262   262 I (0)[262:recovery][Power/PPM] @ppm_lcmoff_switch: onoff = 0
02-02 03:47:15.436   262   262 I (0)[262:recovery]mtk-tpd: [tpd_fb_notifier_callback:458] tpd_fb_notifier_callback
02-02 03:47:15.436   262   262 I (0)[262:recovery]mtk-tpd: [tpd_fb_notifier_callback:466] fb_notify(blank=4)
02-02 03:47:15.437   262   262 I (0)[262:recovery]mtk-tpd: [tpd_fb_notifier_callback:480] LCD OFF Notify
02-02 03:47:15.437   262   262 I (0)[262:recovery]mtk-tpd: [tpd_fb_notifier_callback:484] cancel resume_workqueue failed
02-02 03:47:15.437   262   262 I (0)[262:recovery]mtk-tpd: [tpd_fb_notifier_callback:458] tpd_fb_notifier_callback
02-02 03:47:15.437   262   262 I         : (0)[262:recovery][DISP][FB Driver] enter late_resume
02-02 03:47:15.437   262   262 I         : (0)[262:recovery][DISP]primary_display_resume begin
02-02 03:47:15.448   202   202 I         : (2)[202:rpmb_open][rpmb] rpmb_gp_open_session end, mc_ret = 0
02-02 03:47:15.448   291   291 I (0)[291:rpmb_gp_Dci][rpmb] rpmb_gp_listenDci: DCI listener.
02-02 03:47:15.450   262   262 I (2)[262:recovery][DDP/]warn: CG0 0xfec00df0, CG1 0x3ffff
02-02 03:47:15.450   262   262 I         : (2)[262:recovery][DISP]dpmanager path power on[end]
02-02 03:47:15.450   262   262 I         : (2)[262:recovery][DISP]cmd/video mode=1
02-02 03:47:15.450   262   262 I (2)[262:recovery][DDP/OVL]warn: ovl_roi:(480x960)
02-02 03:47:15.450   262   262 I (2)[262:recovery][DDP/DSI]warn: DSI_Set_VM_CMD
02-02 03:47:15.450   262   262 I         : (2)[262:recovery][DISP][POWER]dpmanager re-init[end]
02-02 03:47:15.486    29    29 I (0)[29:kworker/1:1][MUSB]Charger_Detect_Release 734: Charger_Detect_Release
02-02 03:47:15.486    29    29 I (0)[29:kworker/1:1]charger type: 1, Standard USB Host
02-02 03:47:15.486    29    29 I (0)[29:kworker/1:1]charger type: chrdet_inform_psy_changed: online = 1, type = 1
02-02 03:47:15.486    29    29 I         : (0)[29:kworker/1:1]mt_charger_set_property
02-02 03:47:15.486    29    29 I         : (0)[29:kworker/1:1]mt_charger_set_property
02-02 03:47:15.486    29    29 I (0)[29:kworker/1:1]dump_charger_name: charger type: 1, Standard USB Host
02-02 03:47:15.486    29    29 I (0)[29:kworker/1:1][MUSB]mt_usb_connect 513: issue work
02-02 03:47:15.486    29    29 I (0)[29:kworker/1:1][MUSB]mt_usb_connect 515: [MUSB] USB connect
02-02 03:47:15.486    79    79 I (2)[79:kworker/u8:1][MUSB]do_connection_work 445: is_host<0>, power<0>
02-02 03:47:15.486    79    79 I (2)[79:kworker/u8:1][MUSB]usb_cable_connected 653: usb_cable_connected vbus_exist=1 type=1
02-02 03:47:15.486    79    79 I (2)[79:kworker/u8:1][MUSB]usb_cable_connected 663: usb_cable_connected, connected:1, cable_mode:1
02-02 03:47:15.486    79    79 I -(2)[79:kworker/u8:1][MUSB]do_connection_work 472: lock
02-02 03:47:15.486    79    79 I -(2)[79:kworker/u8:1][MUSB]musb_start 1346: start, is_host=0 is_active=0
02-02 03:47:15.486    79    79 I -(2)[79:kworker/u8:1][MUSB]mt_usb_enable 298: begin <0,0>,<2,1,1,1>
02-02 03:47:15.490    80    80 I         : (0)[80:kworker/u8:2]mtk_charger_int_handler
02-02 03:47:15.491    80    80 I (0)[80:kworker/u8:2]battery_callback: 1
02-02 03:47:15.491    80    80 I         : (0)[80:kworker/u8:2][fgauge_get_coulomb] CAR=1 r_fg_value=100 car_tune_value=1000
02-02 03:47:15.491    80    80 I         : (0)[80:kworker/u8:2][fg_sw_bat_cycle_accu]ERROR!drop diff_car
02-02 03:47:15.491    80    80 I         : (0)[80:kworker/u8:2][fgauge_get_coulomb] CAR=1 r_fg_value=100 car_tune_value=1000
02-02 03:47:15.491    80    80 I         : (0)[80:kworker/u8:2][read_fg_hw_info] curr_1 1445 curr_2 1452 car 1
02-02 03:47:15.491    80    80 I (0)[80:kworker/u8:2][fg_sw_bat_cycle_accu]car[o:0 n:1],diff_car: 1,ncar[o:0 n:0 hw:0] thr 0
02-02 03:47:15.497    79    79 I -(2)[79:kworker/u8:1][MUSB]set_usb_phy_mode 437: force PHY to mode 1, 0x6c=3f2f
02-02 03:47:15.497    79    79 I -(2)[79:kworker/u8:1][MUSB]hs_slew_rate_cal 302: [USBPHY]slew calibration:FM_OUT =320,x=4300,value=4
02-02 03:47:15.497    79    79 I -(2)[79:kworker/u8:1][MUSB]usb_phy_recover 685: skip efuse setting temporary, RG_USB20_INTR_CAL=0x19
02-02 03:47:15.497    79    79 I -(2)[79:kworker/u8:1][MUSB]usb_phy_recover 694: usb recovery success
02-02 03:47:15.497    79    79 I -(2)[79:kworker/u8:1][MUSB]mt_usb_enable 327: end, <2,1,2,1>
02-02 03:47:15.497    79    79 I -(2)[79:kworker/u8:1][MUSB]musb_start 1391: set ignore babble MUSB_ULPI_REG_DATA=81
02-02 03:47:15.497   154   154 I (2)[154:kworker/2:1]musb-hdrc musb-hdrc: prop=1, power=1, is_host=0
02-02 03:47:15.497   154   154 I (2)[154:kworker/2:1]musb-hdrc musb-hdrc: prop=2, power=1, is_host=0
02-02 03:47:15.497   154   154 I (2)[154:kworker/2:1]musb-hdrc musb-hdrc: prop=3, power=1, is_host=0
02-02 03:47:15.499    80    80 I         : (2)[80:kworker/u8:2][fgauge_read_current] final current=1439 (ratio=1000)
02-02 03:47:15.499    80    80 I         : (2)[80:kworker/u8:2][CH3_DBG] bat_cur = 1439
02-02 03:47:15.500    80    80 I         : (2)[80:kworker/u8:2][fgauge_read_current] final current=1439 (ratio=1000)
02-02 03:47:15.500    80    80 I         : (2)[80:kworker/u8:2][BattVoltToTemp] 691 16900 1800 -6
02-02 03:47:15.500    80    80 I         : (2)[80:kworker/u8:2][force_get_tbat] 697,691,1,143,100,237 r:320 100 0
02-02 03:47:15.500    80    80 I (2)[80:kworker/u8:2][force_get_tbat] t: 23 precise:237
02-02 03:47:15.500    80    80 I         : (2)[80:kworker/u8:2]wake_up_charger
02-02 03:47:15.500    80    80 I         : (2)[80:kworker/u8:2][fg_charger_in_handler] notify daemon 0 1
02-02 03:47:15.500    80    80 I         : (2)[80:kworker/u8:2]mtk_battery boot mode =2
02-02 03:47:15.500    80    80 I         : (2)[80:kworker/u8:2][wakeup_fg_algo_recovery] intr_num=0x8
02-02 03:47:15.500   154   154 I         : (2)[154:kworker/2:1][fgauge_read_current] final current=1439 (ratio=1000)
02-02 03:47:15.500   154   154 I         : (2)[154:kworker/2:1][fgauge_read_current] final current=1439 (ratio=1000)
02-02 03:47:15.501   230   230 I         : (2)[230:charger_thread][fgauge_read_current] final current=1417 (ratio=1000)
02-02 03:47:15.508   230   230 I         : (2)[230:charger_thread][fgauge_read_current] final current=1483 (ratio=1000)
02-02 03:47:15.508   230   230 I         : (2)[230:charger_thread][CH3_DBG] bat_cur = 1483
02-02 03:47:15.509   230   230 I         : (0)[230:charger_thread][fgauge_read_current] final current=1436 (ratio=1000)
02-02 03:47:15.509   230   230 I         : (0)[230:charger_thread][BattVoltToTemp] 691 16900 1800 -6
02-02 03:47:15.509   230   230 I         : (0)[230:charger_thread][force_get_tbat] 697,691,1,143,100,237 r:320 100 0
02-02 03:47:15.509   230   230 I (0)[230:charger_thread][force_get_tbat] t: 23 precise:237
02-02 03:47:15.509   230   230 I (0)[230:charger_thread]Vbat=4400,Ibat=1417,I=529,VChr=4920,T=23,Soc=96: 95,CT:1:0 hv:1 pd:0:0
02-02 03:47:15.509   230   230 I         : (0)[230:charger_thread]mtk_is_charger_on plug in, type:1
02-02 03:47:15.509   230   230 E         : (0)[230:charger_thread]Can't find closest level
02-02 03:47:15.509   230   230 E         : (0)[230:charger_thread]array_size = 4
02-02 03:47:15.510   230   230 E         : (0)[230:charger_thread][psc5415e_config_interface] write Reg[1]=0x78 from 0xb8
02-02 03:47:15.510   230   230 I (0)[230:charger_thread]mtk_charger_start_timer: alarm timer start:1, 13 640870462
02-02 03:47:15.510   230   230 I         : -(0)[230:charger_thread]alarmtimer_enqueue, 13640870462
02-02 03:47:15.510   230   230 I         : (0)[230:charger_thread][fgauge_read_current] final current=1436 (ratio=1000)
02-02 03:47:15.510   230   230 I         : (0)[230:charger_thread][CH3_DBG] bat_cur = 1436
02-02 03:47:15.511   230   230 I         : (0)[230:charger_thread][fgauge_read_current] final current=1364 (ratio=1000)
02-02 03:47:15.511   230   230 I         : (0)[230:charger_thread][BattVoltToTemp] 691 16900 1800 -5
02-02 03:47:15.511   230   230 I         : (0)[230:charger_thread][force_get_tbat] 696,691,1,136,100,237 r:320 100 0
02-02 03:47:15.511   230   230 I (0)[230:charger_thread][force_get_tbat] t: 23 precise:237
02-02 03:47:15.511   230   230 I         : (0)[230:charger_thread][BATTER_ID_0] bat_id_valtage = 1043(mV)
02-02 03:47:15.511   230   230 I         : (0)[230:charger_thread][SW_JEITA] Battery Normal Temperature between 13 and 51 !!
02-02 03:47:15.511   230   230 I (0)[230:charger_thread][SW_JEITA]preState: 0 newState:3 tmp:23 cv:0
02-02 03:47:15.511   230   230 I (0)[230:charger_thread]tmp: 23 (jeita:1 sm:3 cv:0 en:1) (sm:1) en:1 c:0 s:0 ov:0 1 1
02-02 03:47:15.511   230   230 I         : (0)[230:charger_thread]mtk_switch_charging_run [1 0], timer=0
02-02 03:47:15.512   230   230 I         : (0)[230:charger_thread][fgauge_read_current] final current=1364 (ratio=1000)
02-02 03:47:15.512   230   230 I         : (0)[230:charger_thread][CH3_DBG] bat_cur = 1364
02-02 03:47:15.512   230   230 I         : (0)[230:charger_thread][fgauge_read_current] final current=1364 (ratio=1000)
02-02 03:47:15.512   230   230 I         : (0)[230:charger_thread][BattVoltToTemp] 691 16900 1800 -5
02-02 03:47:15.512   230   230 I         : (0)[230:charger_thread][force_get_tbat] 696,691,1,136,100,237 r:320 100 0
02-02 03:47:15.512   230   230 I (0)[230:charger_thread][force_get_tbat] t: 23 precise:237
02-02 03:47:15.512   230   230 I (0)[230:charger_thread]pe40_ready: 0 hv:1 thermal:-1,-1 tmp:23,39,16 pps:0 en:0 ibus:0 80
02-02 03:47:15.512   230   230 I (0)[230:charger_thread]force: 0 thermal:-1,-1 pe4:-1,-1,0 setting:500 500 type:1 usb_unlimited:0 usbif:0 usbsm:0 aicl:-1 atm:0
02-02 03:47:15.512   230   230 E         : (0)[230:charger_thread]zzf_500000<=500000, i=1
02-02 03:47:15.512   230   230 E         : (0)[230:charger_thread]array_size = 4
02-02 03:47:15.513   230   230 E         : (0)[230:charger_thread][psc5415e_config_interface] write Reg[1]=0x78 from 0x78
02-02 03:47:15.514   230   230 E         : (0)[230:charger_thread][psc5415e_config_interface] write Reg[5]=0x3 from 0x23
02-02 03:47:15.514   230   230 E         : (0)[230:charger_thread]Can't find closest level
02-02 03:47:15.514   230   230 E         : (0)[230:charger_thread]array_size = 8
02-02 03:47:15.515   230   230 E         : (0)[230:charger_thread][psc5415e_config_interface] write Reg[4]=0x6 from 0x36
02-02 03:47:15.516   230   230 E         : (2)[230:charger_thread][psc5415e_config_interface] write Reg[4]=0x6 from 0x6
02-02 03:47:15.517   230   230 E         : (2)[230:charger_thread][psc5415e_config_interface] write Reg[1]=0x78 from 0x78
02-02 03:47:15.518   230   230 E         : (2)[230:charger_thread][psc5415e_config_interface] write Reg[1]=0x78 from 0x78
02-02 03:47:15.518   230   230 E         : (2)[230:charger_thread]psc5415e calm enable charging
02-02 03:47:15.518   230   230 E         : (2)[230:charger_thread]charging_set_cv_voltage register_value=0x2d 4400000 4400000
02-02 03:47:15.519   230   230 E         : (0)[230:charger_thread][psc5415e_config_interface] write Reg[2]=0xb4 from 0xb4
02-02 03:47:15.520   230   230 E         : (2)[230:charger_thread][psc5415e_config_interface] write Reg[1]=0x78 from 0x78
02-02 03:47:15.520   230   230 E         : (2)[230:charger_thread]psc5415e calm enable charging
02-02 03:47:15.521   230   230 E         : (2)[230:charger_thread][psc5415e_read_interface] Reg[0]=0x10
02-02 03:47:15.521   230   230 E         : (2)[230:charger_thread][psc5415e_read_interface] val=0x1
02-02 03:47:15.521   230   230 I         : (2)[230:charger_thread]info->enable_sw_safety_timer(0)
02-02 03:47:15.521   230   230 E         : (2)[230:charger_thread]psc5415e cz [0x0]=0x10
02-02 03:47:15.522   230   230 E         : (0)[230:charger_thread]psc5415e cz [0x1]=0x78
02-02 03:47:15.522   230   230 E         : (0)[230:charger_thread]psc5415e cz [0x2]=0xb4
02-02 03:47:15.523   230   230 E         : (2)[230:charger_thread]psc5415e cz [0x3]=0xf0
02-02 03:47:15.523   230   230 E         : (2)[230:charger_thread]psc5415e cz [0x4]=0x6
02-02 03:47:15.524   230   230 E         : (2)[230:charger_thread]psc5415e cz [0x5]=0x23
02-02 03:47:15.524   230   230 E         : (2)[230:charger_thread]psc5415e cz [0x6]=0x7f
02-02 03:47:15.524     0     0 E         : (2)[230:charger_thread]
02-02 03:47:15.796   262   262 I         : (0)[262:recovery][DISP][POWER]lcm resume[end]
02-02 03:47:15.796   262   262 I (0)[262:recovery][GAMMA] disp_gamma_write_lut_reg: table [0] not initialized
02-02 03:47:15.796   262   262 I         : (0)[262:recovery][DISP]primary display START cmdq trigger loop finished
02-02 03:47:15.796   262   262 I         : (0)[262:recovery][DISP]share SRAM success
02-02 03:47:15.796   262   262 I         : (0)[262:recovery][CMDQ][Res]resource clock engine:0x100 enable:true
02-02 03:47:15.796   262   262 I         : (0)[262:recovery][DISP]mutex_release_timeout1 <358393231 ns>
02-02 03:47:15.796   262   262 W -(0)[262:recovery]CPU: 0 PID: 262 Comm: recovery Tainted: G        W       4.14.141+ #1
02-02 03:47:15.796   262   262 W -(0)[262:recovery]Hardware name: Generic DT based system
02-02 03:47:15.796   262   262 W -(0)[262:recovery]Backtrace:  
02-02 03:47:15.796   262   262 W         : -(0)[262:recovery][<c010bf48>] (dump_backtrace) from [<c010c218>] (show_stack+0x18/0x1c)
02-02 03:47:15.796   262   262 W -(0)[262:recovery] r6: c168fe20 r5:600f0113 r4:00000000 r3:11a219d5
02-02 03:47:15.796   262   262 W         : -(0)[262:recovery][<c010c200>] (show_stack) from [<c0c934fc>] (dump_stack+0x84/0xa4)
02-02 03:47:15.796   262   262 W         : -(0)[262:recovery][<c0c93478>] (dump_stack) from [<c081c224>] (_primary_path_unlock+0x6c/0x11c)
02-02 03:47:15.796   262   262 W -(0)[262:recovery] r5: 00000000 r4:155ca58f
02-02 03:47:15.796   262   262 W         : -(0)[262:recovery][<c081c1b8>] (_primary_path_unlock) from [<c0823d68>] (primary_display_resume+0xa48/0xbb8)
02-02 03:47:15.796   262   262 W -(0)[262:recovery] r9: 00000000 r8:00000001 r7:c120a188 r6:00000000 r5:c168fe00 r4:00000000
02-02 03:47:15.796   262   262 W         : -(0)[262:recovery][<c0823320>] (primary_display_resume) from [<c0813204>] (mtkfb_blank+0xc0/0x270)
02-02 03:47:15.796   262   262 W -(0)[262:recovery] r10: 00000036 r9:00000000 r8:00000000 r7:c120a188 r6:00000002 r5:00000000
02-02 03:47:15.796   262   262 W -(0)[262:recovery] r4: 00000000
02-02 03:47:15.796   262   262 W         : -(0)[262:recovery][<c0813144>] (mtkfb_blank) from [<c04c3fd8>] (fb_blank+0x6c/0xb8)
02-02 03:47:15.796   262   262 W -(0)[262:recovery] r6: 00000000 r5:c120a188 r4:c5a4f400 r3:c0813144
02-02 03:47:15.796   262   262 W         : -(0)[262:recovery][<c04c3f6c>] (fb_blank) from [<c04c4a9c>] (do_fb_ioctl+0x68c/0x750)
02-02 03:47:15.796   262   262 W -(0)[262:recovery] r6: 00004611 r5:00000000 r4:c5a4f400
02-02 03:47:15.796   262   262 W         : -(0)[262:recovery][<c04c4410>] (do_fb_ioctl) from [<c04c5594>] (fb_ioctl+0x44/0x54)
02-02 03:47:15.796   262   262 W -(0)[262:recovery] r8: 00000000 r7:00000000 r6:e4de39c0 r5:c57bb908 r4:00000000
02-02 03:47:15.796   262   262 W         : -(0)[262:recovery][<c04c5550>] (fb_ioctl) from [<c02b9694>] (vfs_ioctl+0x20/0x3c)
02-02 03:47:15.796   262   262 W         : -(0)[262:recovery][<c02b9674>] (vfs_ioctl) from [<c02b9f94>] (do_vfs_ioctl+0x7a0/0x8f8)
02-02 03:47:15.796   262   262 W         : -(0)[262:recovery][<c02b97f4>] (do_vfs_ioctl) from [<c02ba140>] (SyS_ioctl+0x54/0x7c)
02-02 03:47:15.796   262   262 W -(0)[262:recovery] r10: 00000036 r9:00000000 r8:00004611 r7:00000000 r6:e4de39c0 r5:e4de39c0
02-02 03:47:15.796   262   262 W -(0)[262:recovery] r4: 00000000
02-02 03:47:15.796   262   262 W         : -(0)[262:recovery][<c02ba0ec>] (SyS_ioctl) from [<c0107ac0>] (ret_fast_syscall+0x0/0x54)
02-02 03:47:15.796   262   262 W -(0)[262:recovery] r9: e4012000 r8:c0107cc4 r7:00000036 r6:aa57dbf0 r5:aa3d0124 r4:c8240147
02-02 03:47:15.796   262   262 I (0)[262:recovery][DISP]skip_update: 0
02-02 03:47:15.796   262   262 I         : (0)[262:recovery][DISP][FB Driver] leave late_resume
02-02 03:47:15.796   262   262 I (0)[262:recovery][DISP]AOD check: succeed to set FB power mode FB_SUSPEND to FB_RESUME
02-02 03:47:15.836   262   262 I (2)[262:recovery][Power/PPM] @ppm_lcmoff_switch: onoff = 1
02-02 03:47:15.836   262   262 I (2)[262:recovery]mtk-tpd: [tpd_fb_notifier_callback:458] tpd_fb_notifier_callback
02-02 03:47:15.836   262   262 I (2)[262:recovery]mtk-tpd: [tpd_fb_notifier_callback:466] fb_notify(blank=0)
02-02 03:47:15.836   262   262 I (2)[262:recovery]mtk-tpd: [tpd_fb_notifier_callback:469] LCD ON Notify
02-02 03:47:15.838   262   262 I         : (2)[262:recovery][DISP]AEE is not enabled, will disable layer 3
02-02 03:47:15.838   262   262 I (2)[262:recovery][VcoreFS] feature_en: 0, init_done: 0, kr: 0, opp: 3
02-02 03:47:15.838   262   262 I         : (2)[262:recovery][pid=262]Set vcore step failed: 3
02-02 03:47:15.838   262   262 I (2)[262:recovery][MMDVFS][pid=262]Fixed,set scen: (22,0x0)step:(3,3,0x0,0x0,0x0,0x400000)
