02-05 08:10:56.133   255   255 I recovery: type=1400 audit(0.0:1106): avc: denied { read } for scontext=u:r:recovery:s0 tcontext=u:r:recovery:s0 tclass=netlink_kobject_uevent_socket permissive=1
02-05 08:11:04.309   255   255 I recovery: type=1400 audit(0.0:1107): avc: denied { read } for name="data" dev="mmcblk0p38" ino=95 scontext=u:r:recovery:s0 tcontext=u:object_r:system_data_file:s0:c512,c768 tclass=dir permissive=1
02-05 08:11:04.309   255   255 I recovery: type=1400 audit(0.0:1108): avc: denied { open } for path="/data/data" dev="mmcblk0p38" ino=95 scontext=u:r:recovery:s0 tcontext=u:object_r:system_data_file:s0:c512,c768 tclass=dir permissive=1
02-05 08:11:04.309   255   255 I recovery: type=1400 audit(0.0:1109): avc: denied { getattr } for path="/data/data/_1DAuoDAAAAg3fiJlOIH20VBzz73LX47+" dev="mmcblk0p38" ino=1578 scontext=u:r:recovery:s0 tcontext=u:object_r:app_data_file:s0:c13,c256,c512,c768 tclass=dir permissive=1
02-05 08:11:04.309   255   255 I recovery: type=1400 audit(0.0:1110): avc: denied { getattr } for path="/data/data/_f0RRfAAAAAgcTsqrDJ9xgkE9KtsRx2ii" dev="mmcblk0p38" ino=1589 scontext=u:r:recovery:s0 tcontext=u:object_r:app_data_file:s0:c6,c256,c512,c768 tclass=dir permissive=1
--------- beginning of kernel
02-05 08:11:05.412   194   194 I         : (0)[194:battery_thread][fgauge_read_current] final current=424 (ratio=1000)
02-05 08:11:05.412   194   194 I         : (0)[194:battery_thread][BattVoltToTemp] 599 16900 1800 -1
02-05 08:11:05.412   194   194 I         : (0)[194:battery_thread][force_get_tbat] 600,599,1,42,100,296 r:320 100 0
02-05 08:11:05.412   194   194 I (0)[194:battery_thread][force_get_tbat] t: 29 precise:296
02-05 08:11:05.412   194   194 I         : (0)[194:battery_thread]mtk_battery boot mode =2
02-05 08:11:05.412   194   194 I         : (0)[194:battery_thread][wakeup_fg_algo_recovery] intr_num=0x400
02-05 08:11:05.412   194   194 I         : (0)[194:battery_thread][TempConverBattThermistor] [8315] 25 10000 30 8315 30
02-05 08:11:05.412   194   194 I         : (0)[194:battery_thread][fgauge_read_current] final current=462 (ratio=1000)
02-05 08:11:05.412   194   194 I         : (0)[194:battery_thread][TempToBattVolt] temp 30 R_NTC 8315 V(5935 5954) I 462 CHG 1
02-05 08:11:05.412   194   194 I         : (0)[194:battery_thread][TempConverBattThermistor] [8989] 25 10000 30 8315 28
02-05 08:11:05.412   194   194 I         : (0)[194:battery_thread][TempToBattVolt] temp 28 R_NTC 8989 V(6249 6268) I 462 CHG 1
02-05 08:11:05.412   194   194 I         : (0)[194:battery_thread][fg_bat_temp_int_internal][FG_TEMP_INT] T[29] V[65535 65535] C[30 28] h[6268 5954]
02-05 08:11:05.414   194   194 I         : (0)[194:battery_thread][MDRT_ADC] OLD = 0x373a, NOW = 0x3723, CNT = 0
02-05 08:11:05.414   194   194 I (0)[194:battery_thread]mt635x-auxadc mt635x-auxadc: name:BATADC, channel=0, adc_out=0x6843, adc_result=4398
02-05 08:11:05.415   194   194 I         : (0)[194:battery_thread][fgauge_read_current] final current=411 (ratio=1000)
02-05 08:11:05.415   194   194 I         : (0)[194:battery_thread][CH3_DBG] bat_cur = 411
02-05 08:11:05.415   194   194 I (0)[194:battery_thread]mt635x-auxadc mt635x-auxadc: name:BAT_TEMP, channel=3, adc_out=0x557, adc_result=600
02-05 08:11:05.415   194   194 I         : (0)[194:battery_thread][fgauge_read_current] final current=411 (ratio=1000)
02-05 08:11:05.415   194   194 I         : (0)[194:battery_thread][BattVoltToTemp] 599 16900 1800 -1
02-05 08:11:05.415   194   194 I         : (0)[194:battery_thread][force_get_tbat] 600,599,1,41,100,296 r:320 100 0
02-05 08:11:05.416   194   194 I (0)[194:battery_thread][force_get_tbat] t: 29 precise:296
02-05 08:11:05.416   194   194 I (0)[194:battery_thread][fg_update_sw_iavg]diff time: 40 iavg:0
02-05 08:11:05.416   194   194 I         : (0)[194:battery_thread][read_boot_battery_plug_out_status] rtc_invalid 0 plugout 1 bat_plug_out_time 31 sp3:0xe4 pl:0 0
02-05 08:11:05.416   194   194 I         : (0)[194:battery_thread][fgauge_read_current] final current=411 (ratio=1000)
02-05 08:11:05.416   194   194 I         : (0)[194:battery_thread][fgauge_get_coulomb] CAR=5 r_fg_value=100 car_tune_value=1000
02-05 08:11:05.418   276   276 I         : (0)[276:kworker/0:2][fgauge_read_current] final current=449 (ratio=1000)
02-05 08:11:05.418   276   276 I         : (0)[276:kworker/0:2][fgauge_read_current] final current=449 (ratio=1000)
02-05 08:11:05.418   194   194 I (1)[194:battery_thread]mt635x-auxadc mt635x-auxadc: name:BATADC, channel=0, adc_out=0x6840, adc_result=4398
02-05 08:11:05.419   194   194 I         : (0)[194:battery_thread][fgauge_read_current] final current=405 (ratio=1000)
02-05 08:11:05.419   194   194 I         : (0)[194:battery_thread][CH3_DBG] bat_cur = 405
02-05 08:11:05.419   194   194 I         : (1)[194:battery_thread][fgauge_read_current] final current=405 (ratio=1000)
02-05 08:11:05.419   194   194 I         : (1)[194:battery_thread][BattVoltToTemp] 598 16900 1800 -1
02-05 08:11:05.419   194   194 I         : (1)[194:battery_thread][force_get_tbat] 599,598,1,40,100,297 r:320 100 0
02-05 08:11:05.419   194   194 I (1)[194:battery_thread][force_get_tbat] t: 29 precise:297
02-05 08:11:05.419   194   194 I         : (1)[194:battery_thread]lbat 0 0 1 34500
02-05 08:11:05.420   194   194 I (1)[194:battery_thread]car[5,121,-121,243,-118, cycle_car:0,ncar:1] c: 1 411 vbat:4398 vbus:4948 soc:97 100 gm3:0 0 0 0
02-05 08:11:05.420   194   194 I         : (1)[194:battery_thread][fgauge_get_coulomb] CAR=5 r_fg_value=100 car_tune_value=1000
02-05 08:11:05.420   194   194 I         : (1)[194:battery_thread][fg_bat_nafg][fgauge_get_nag_cnt] 0 [25_16 0 15_0 0]
02-05 08:11:05.420   194   194 I (1)[194:battery_thread][fg_nafg_monitor]time: 41 nafg_cnt:0, now:41, last_t:0
02-05 08:11:05.420   194   194 I (1)[194:battery_thread]tmp: 29 65535 65535 hcar2:243 lcar2:118 time:41 sw_iavg:0 0 0 nafg_m:0 0 0
02-05 08:11:05.420   194   194 I         : (1)[194:battery_thread][fgauge_get_coulomb] CAR=5 r_fg_value=100 car_tune_value=1000
02-05 08:11:05.422   194   194 I         : (0)[194:battery_thread][fgauge_read_current] final current=377 (ratio=1000)
02-05 08:11:05.422   194   194 I chatty  : uid=1036(auditd) identical 1 line
02-05 08:11:05.422   194   194 I         : (0)[194:battery_thread][fgauge_read_current] final current=377 (ratio=1000)
02-05 08:11:05.422   194   194 I         : (0)[194:battery_thread][CH3_DBG] bat_cur = 377
02-05 08:11:05.423   194   194 I (0)[194:battery_thread]BAT_TEMP_PREV: 599,BAT_TEMP:599,VBIF28:1796
02-05 08:11:05.423   194   194 I         : (0)[194:battery_thread][fgauge_read_current] final current=377 (ratio=1000)
02-05 08:11:05.423   194   194 I         : (0)[194:battery_thread][BattVoltToTemp] 598 16900 1800 -1
02-05 08:11:05.423   194   194 I         : (0)[194:battery_thread][force_get_tbat] 599,598,1,37,100,297 r:320 100 0
02-05 08:11:05.423   194   194 I (0)[194:battery_thread][force_get_tbat] t: 29 precise:297
02-05 08:11:05.423   194   194 I         : (0)[194:battery_thread][fg_is_battery_exist] PMIC_RGS_BATON_UNDET = 1
02-05 08:11:05.423   194   194 I         : (0)[194:battery_thread]GM3log1 41 41 4398 377 377 55000 4 29 1 1 184 1 0
02-05 08:11:05.424   194   194 I         : (3)[194:battery_thread]GM3log2 41 0 0 0 0 43993 458 1 4910
02-05 08:11:05.424   194   194 I         : (3)[194:battery_thread]GM3log3 41 0 43298 -3231 0
02-05 08:11:05.424   194   194 I         : (3)[194:battery_thread]GM3log4 0 100 0 1 31 0 1 1 1 1 97
02-05 08:11:05.424   194   194 I         : (3)[194:battery_thread]GM3log int 41 41 0 0 0 0
02-05 08:11:05.424   194   194 I         : (3)[194:battery_thread]GM3log phone_state 0 0
02-05 08:11:05.424   194   194 I (3)[194:battery_thread]GM3 car: 5 car_diff:-1
02-05 08:11:05.424   194   194 I (3)[194:battery_thread][read_nafg_vbat] i: 0 nag_vbat_reg 0xe756 nag_vbat_mv 43594:26454
02-05 08:11:05.424   194   194 I         : (3)[194:battery_thread][read_nafg_vbat1] 0 0 10 0 0 0 0 0 0
02-05 08:11:05.424   194   194 I         : (3)[194:battery_thread][read_nafg_vbat2] 1 0 1 1 1 0 1 0 0 0 0 0
02-05 08:11:05.424   194   194 I (3)[194:battery_thread][fg_bat_nafg][fgauge_get_nag_dltv] mV: Reg [10405:6314]
02-05 08:11:05.424   194   194 I         : (3)[194:battery_thread][fg_bat_nafg][fgauge_get_nag_cnt] 0 [25_16 0 15_0 0]
02-05 08:11:05.424   194   194 I (3)[194:battery_thread][fg_bat_nafg][fgauge_get_nag_c_dltv] mV: Reg[0:0][b10:0][26_16(0x0000) 15_00(0x0000)]
02-05 08:11:05.424   194   194 I         : (3)[194:battery_thread]GM3log-nint-nafg 41 41 0 43594 10405 0 0
02-05 08:11:05.424   194   194 I         : (3)[194:battery_thread]mtk_battery boot mode =2
02-05 08:11:05.424   194   194 I         : (3)[194:battery_thread][wakeup_fg_algo_recovery] intr_num=0x2000000
02-05 08:11:05.457     0     0 I         : (2)[226:irq/44-tlsc6x_t][tlsc] pointer report X is 100, Y is 261, id is 0.
02-05 08:11:05.458   255   255 I         : (1)[255:recovery][fgauge_read_current] final current=433 (ratio=1000)
02-05 08:11:05.458   255   255 I         : (1)[255:recovery][CH3_DBG] bat_cur = 433
02-05 08:11:05.459   255   255 I         : (0)[255:recovery][fgauge_read_current] final current=458 (ratio=1000)
02-05 08:11:05.459   255   255 I         : (0)[255:recovery][BattVoltToTemp] 599 16900 1800 -1
02-05 08:11:05.459   255   255 I         : (0)[255:recovery][force_get_tbat] 600,599,1,45,100,296 r:320 100 0
02-05 08:11:05.459   255   255 I (0)[255:recovery][force_get_tbat] t: 29 precise:296
02-05 08:11:05.467     0     0 I         : (2)[226:irq/44-tlsc6x_t][tlsc] pointer report X is 100, Y is 261, id is 0.
02-05 08:11:05.476     0     0 I         : (0)[226:irq/44-tlsc6x_t][tlsc] pointer report X is 100, Y is 261, id is 0.
02-05 08:11:05.486     0     0 I         : (0)[226:irq/44-tlsc6x_t][tlsc] pointer report X is 100, Y is 261, id is 0.
02-05 08:11:05.495     0     0 I         : (1)[226:irq/44-tlsc6x_t][tlsc] pointer report X is 100, Y is 261, id is 0.
02-05 08:11:05.505     0     0 I         : (1)[226:irq/44-tlsc6x_t][tlsc] pointer report X is 100, Y is 261, id is 0.
02-05 08:11:05.507   255   255 I         : (0)[255:recovery][DISP]AEE is not enabled, will disable layer 3
02-05 08:11:05.514     0     0 I         : (1)[226:irq/44-tlsc6x_t][tlsc] pointer report X is 100, Y is 261, id is 0.
02-05 08:11:05.518   255   255 I (0)[255:recovery]mtk-tpd: [tpd_fb_notifier_callback:458] tpd_fb_notifier_callback
02-05 08:11:05.524     0     0 I         : (2)[226:irq/44-tlsc6x_t][tlsc] pointer report X is 100, Y is 261, id is 0.
02-05 08:11:05.526     0     0 I (1)[227:mtk-tpd][tlsc]esd_check_work: Enter
02-05 08:11:05.533     0     0 I         : (2)[226:irq/44-tlsc6x_t][tlsc] pointer report X is 100, Y is 261, id is 0.
02-05 08:11:05.552     0     0 I chatty  : uid=0(root) logd identical 2 lines
02-05 08:11:05.561     0     0 I         : (2)[226:irq/44-tlsc6x_t][tlsc] pointer report X is 100, Y is 261, id is 0.
02-05 08:11:05.586   255   255 I recovery: type=1400 audit(0.0:1111): avc: denied { getattr } for path="/data/app-staging" dev="mmcblk0p38" ino=36 scontext=u:r:recovery:s0 tcontext=u:object_r:staging_data_file:s0 tclass=dir permissive=1
02-05 08:11:05.586   255   255 I recovery: type=1400 audit(0.0:1112): avc: denied { getattr } for path="/data/preloads" dev="mmcblk0p38" ino=92 scontext=u:r:recovery:s0 tcontext=u:object_r:preloads_data_file:s0 tclass=dir permissive=1
02-05 08:11:05.599   276   276 I         : (0)[276:kworker/0:2]MTP, <do_monitor_work(), 1802> IN <1933 3863 0 0 1933 1933 3893 0 0 >
02-05 08:11:05.599   276   276 I         : (0)[276:kworker/0:2]MTP, <do_monitor_work(), 1807> OUT <1932 3863 0 0 1933 1932 3893 0 0 >
02-05 08:11:05.602   255   255 I         : (1)[255:recovery][DISP]AEE is not enabled, will disable layer 3
02-05 08:11:05.618   255   255 I (1)[255:recovery]mtk-tpd: [tpd_fb_notifier_callback:458] tpd_fb_notifier_callback
02-05 08:11:05.735   173   173 I         : (2)[173:disp_check][DISP][ESD]ESD check end, ret = 0
02-05 08:11:06.159   299   299 I         : (1)[299:kworker/u8:3][fgauge_read_current] final current=471 (ratio=1000)
02-05 08:11:06.159   299   299 I         : (1)[299:kworker/u8:3][CH3_DBG] bat_cur = 471
02-05 08:11:06.160   299   299 I         : (0)[299:kworker/u8:3][fgauge_read_current] final current=421 (ratio=1000)
02-05 08:11:06.160   299   299 I         : (0)[299:kworker/u8:3][BattVoltToTemp] 599 16900 1800 -1
02-05 08:11:06.160   299   299 I         : (0)[299:kworker/u8:3][force_get_tbat] 600,599,1,42,100,296 r:320 100 0
02-05 08:11:06.160   299   299 I (0)[299:kworker/u8:3][force_get_tbat] t: 29 precise:296
02-05 08:11:06.167     0     0 I         : (2)[233:wdtk-2][wdk-c] cpu=2,lbit=0x4,cbit=0xf,3,1,19479544507,[42301152869,20000000]
02-05 08:11:06.167     0     0 I         : (2)[233:wdtk-2][thread:233][RT:42301200792] 2022-02-05 08:11:06.164909 UTC;android time 2022-02-05 08:11:06.164909
02-05 08:11:06.169     0     0 I         : (0)[231:wdtk-0][wdk-c] cpu=0,lbit=0x5,cbit=0xf,3,1,19479544507,[42302891100,19998261]
02-05 08:11:06.169     0     0 I         : (1)[232:wdtk-1][wdk-c] cpu=1,lbit=0x7,cbit=0xf,3,1,19479544507,[42302914485,19998238]
02-05 08:11:06.169     0     0 W         : (3)[234:wdtk-3][wdk-k] cpu=3,lbit=0xf,cbit=0xf,3,1,19479544507,[42302931331,19998221]
02-05 08:11:06.612   276   276 I         : (0)[276:kworker/0:2]MTP, <do_monitor_work(), 1802> IN <1933 3863 0 0 1933 1933 3893 0 0 >
02-05 08:11:06.612   276   276 I         : (0)[276:kworker/0:2]MTP, <do_monitor_work(), 1807> OUT <1932 3863 0 0 1933 1932 3893 0 0 >
02-05 08:11:06.805     0     0 I         : (2)[226:irq/44-tlsc6x_t][tlsc] pointer report X is 241, Y is 662, id is 0.
02-05 08:11:06.834     0     0 I chatty  : uid=0(root) logd identical 3 lines
02-05 08:11:06.843     0     0 I         : (2)[226:irq/44-tlsc6x_t][tlsc] pointer report X is 241, Y is 662, id is 0.
02-05 08:11:06.849   255   255 I         : (0)[255:recovery][DISP]AEE is not enabled, will disable layer 3
02-05 08:11:06.851   255   255 I (0)[255:recovery]mtk-tpd: [tpd_fb_notifier_callback:458] tpd_fb_notifier_callback
02-05 08:11:06.853     0     0 I         : (2)[226:irq/44-tlsc6x_t][tlsc] pointer report X is 241, Y is 662, id is 0.
02-05 08:11:06.862     0     0 I         : (3)[226:irq/44-tlsc6x_t][tlsc] pointer report X is 241, Y is 662, id is 0.
02-05 08:11:06.871     0     0 I chatty  : uid=0(root) logd identical 1 line
02-05 08:11:06.881     0     0 I         : (3)[226:irq/44-tlsc6x_t][tlsc] pointer report X is 241, Y is 662, id is 0.
02-05 08:11:06.890     0     0 I         : (3)[226:irq/44-tlsc6x_t][tlsc] pointer report X is 241, Y is 661, id is 0.
02-05 08:11:06.900     0     0 I         : (3)[226:irq/44-tlsc6x_t][tlsc] pointer report X is 241, Y is 660, id is 0.
02-05 08:11:06.909     0     0 I         : (3)[226:irq/44-tlsc6x_t][tlsc] pointer report X is 241, Y is 660, id is 0.
02-05 08:11:06.915   255   255 I         : (0)[255:recovery][DISP]AEE is not enabled, will disable layer 3
02-05 08:11:06.918   255   255 I (0)[255:recovery]mtk-tpd: [tpd_fb_notifier_callback:458] tpd_fb_notifier_callback
02-05 08:11:06.919     0     0 I         : (3)[226:irq/44-tlsc6x_t][tlsc] pointer report X is 241, Y is 659, id is 0.
02-05 08:11:06.928     0     0 I         : (3)[226:irq/44-tlsc6x_t][tlsc] pointer report X is 241, Y is 657, id is 0.
02-05 08:11:06.938     0     0 I         : (3)[226:irq/44-tlsc6x_t][tlsc] pointer report X is 241, Y is 655, id is 0.
02-05 08:11:06.947     0     0 I         : (3)[226:irq/44-tlsc6x_t][tlsc] pointer report X is 241, Y is 653, id is 0.
02-05 08:11:06.949   255   255 I         : (0)[255:recovery][DISP]AEE is not enabled, will disable layer 3
02-05 08:11:06.951   255   255 I (0)[255:recovery]mtk-tpd: [tpd_fb_notifier_callback:458] tpd_fb_notifier_callback
02-05 08:11:06.957     0     0 I         : (3)[226:irq/44-tlsc6x_t][tlsc] pointer report X is 241, Y is 650, id is 0.
02-05 08:11:06.966     0     0 I         : (3)[226:irq/44-tlsc6x_t][tlsc] pointer report X is 241, Y is 648, id is 0.
02-05 08:11:06.975     0     0 I         : (3)[226:irq/44-tlsc6x_t][tlsc] pointer report X is 241, Y is 646, id is 0.
02-05 08:11:06.982   255   255 I         : (0)[255:recovery][DISP]AEE is not enabled, will disable layer 3
02-05 08:11:06.984   255   255 I (0)[255:recovery]mtk-tpd: [tpd_fb_notifier_callback:458] tpd_fb_notifier_callback
02-05 08:11:06.985     0     0 I         : (3)[226:irq/44-tlsc6x_t][tlsc] pointer report X is 241, Y is 646, id is 0.
02-05 08:11:06.994     0     0 I         : (3)[226:irq/44-tlsc6x_t][tlsc] pointer report X is 241, Y is 643, id is 0.
02-05 08:11:07.004     0     0 I         : (3)[226:irq/44-tlsc6x_t][tlsc] pointer report X is 241, Y is 641, id is 0.
02-05 08:11:07.013     0     0 I         : (3)[226:irq/44-tlsc6x_t][tlsc] pointer report X is 241, Y is 639, id is 0.
02-05 08:11:07.016   255   255 I         : (0)[255:recovery][DISP]AEE is not enabled, will disable layer 3
02-05 08:11:07.018   255   255 I (0)[255:recovery]mtk-tpd: [tpd_fb_notifier_callback:458] tpd_fb_notifier_callback
02-05 08:11:07.023     0     0 I         : (3)[226:irq/44-tlsc6x_t][tlsc] pointer report X is 241, Y is 636, id is 0.
02-05 08:11:07.032     0     0 I         : (3)[226:irq/44-tlsc6x_t][tlsc] pointer report X is 241, Y is 634, id is 0.
02-05 08:11:07.042     0     0 I         : (3)[226:irq/44-tlsc6x_t][tlsc] pointer report X is 241, Y is 633, id is 0.
02-05 08:11:07.049   255   255 I         : (0)[255:recovery][DISP]AEE is not enabled, will disable layer 3
02-05 08:11:07.051   255   255 I (0)[255:recovery]mtk-tpd: [tpd_fb_notifier_callback:458] tpd_fb_notifier_callback
02-05 08:11:07.051     0     0 I         : (3)[226:irq/44-tlsc6x_t][tlsc] pointer report X is 241, Y is 631, id is 0.
02-05 08:11:07.061     0     0 I         : (3)[226:irq/44-tlsc6x_t][tlsc] pointer report X is 241, Y is 629, id is 0.
02-05 08:11:07.070     0     0 I         : (3)[226:irq/44-tlsc6x_t][tlsc] pointer report X is 241, Y is 626, id is 0.
02-05 08:11:07.080     0     0 I         : (3)[226:irq/44-tlsc6x_t][tlsc] pointer report X is 241, Y is 623, id is 0.
02-05 08:11:07.082   255   255 I         : (0)[255:recovery][DISP]AEE is not enabled, will disable layer 3
02-05 08:11:07.084   255   255 I (0)[255:recovery]mtk-tpd: [tpd_fb_notifier_callback:458] tpd_fb_notifier_callback
02-05 08:11:07.089     0     0 I         : (1)[226:irq/44-tlsc6x_t][tlsc] pointer report X is 241, Y is 620, id is 0.
02-05 08:11:07.099     0     0 I         : (1)[226:irq/44-tlsc6x_t][tlsc] pointer report X is 241, Y is 617, id is 0.
02-05 08:11:07.108     0     0 I         : (1)[226:irq/44-tlsc6x_t][tlsc] pointer report X is 241, Y is 614, id is 0.
02-05 08:11:07.115   255   255 I         : (0)[255:recovery][DISP]AEE is not enabled, will disable layer 3
02-05 08:11:07.117     0     0 I         : (1)[226:irq/44-tlsc6x_t][tlsc] pointer report X is 241, Y is 612, id is 0.
02-05 08:11:07.118   255   255 I (0)[255:recovery]mtk-tpd: [tpd_fb_notifier_callback:458] tpd_fb_notifier_callback
02-05 08:11:07.127     0     0 I         : (0)[226:irq/44-tlsc6x_t][tlsc] pointer report X is 241, Y is 609, id is 0.
02-05 08:11:07.136     0     0 I         : (0)[226:irq/44-tlsc6x_t][tlsc] pointer report X is 241, Y is 606, id is 0.
02-05 08:11:07.146     0     0 I         : (1)[226:irq/44-tlsc6x_t][tlsc] pointer report X is 241, Y is 603, id is 0.
02-05 08:11:07.149   255   255 I         : (0)[255:recovery][DISP]AEE is not enabled, will disable layer 3
02-05 08:11:07.151   255   255 I (0)[255:recovery]mtk-tpd: [tpd_fb_notifier_callback:458] tpd_fb_notifier_callback
02-05 08:11:07.155     0     0 I         : (1)[226:irq/44-tlsc6x_t][tlsc] pointer report X is 241, Y is 600, id is 0.
02-05 08:11:07.164     0     0 I         : (1)[226:irq/44-tlsc6x_t][tlsc] pointer report X is 241, Y is 597, id is 0.
02-05 08:11:07.174     0     0 I         : (1)[226:irq/44-tlsc6x_t][tlsc] pointer report X is 241, Y is 594, id is 0.
02-05 08:11:07.182   255   255 I         : (0)[255:recovery][DISP]AEE is not enabled, will disable layer 3
02-05 08:11:07.184     0     0 I         : (1)[226:irq/44-tlsc6x_t][tlsc] pointer report X is 241, Y is 591, id is 0.
02-05 08:11:07.184   255   255 I (0)[255:recovery]mtk-tpd: [tpd_fb_notifier_callback:458] tpd_fb_notifier_callback
02-05 08:11:07.193     0     0 I         : (1)[226:irq/44-tlsc6x_t][tlsc] pointer report X is 241, Y is 588, id is 0.
02-05 08:11:07.202     0     0 I         : (1)[226:irq/44-tlsc6x_t][tlsc] pointer report X is 241, Y is 585, id is 0.
02-05 08:11:07.212     0     0 I         : (1)[226:irq/44-tlsc6x_t][tlsc] pointer report X is 241, Y is 582, id is 0.
02-05 08:11:07.215   255   255 I         : (0)[255:recovery][DISP]AEE is not enabled, will disable layer 3
02-05 08:11:07.218   255   255 I (0)[255:recovery]mtk-tpd: [tpd_fb_notifier_callback:458] tpd_fb_notifier_callback
02-05 08:11:07.221     0     0 I         : (3)[226:irq/44-tlsc6x_t][tlsc] pointer report X is 241, Y is 579, id is 0.
02-05 08:11:07.231     0     0 I         : (3)[226:irq/44-tlsc6x_t][tlsc] pointer report X is 241, Y is 577, id is 0.
02-05 08:11:07.240     0     0 I         : (3)[226:irq/44-tlsc6x_t][tlsc] pointer report X is 241, Y is 575, id is 0.
02-05 08:11:07.249   255   255 I         : (0)[255:recovery][DISP]AEE is not enabled, will disable layer 3
02-05 08:11:07.250     0     0 I         : (3)[226:irq/44-tlsc6x_t][tlsc] pointer report X is 241, Y is 572, id is 0.
02-05 08:11:07.251   255   255 I (0)[255:recovery]mtk-tpd: [tpd_fb_notifier_callback:458] tpd_fb_notifier_callback
02-05 08:11:07.259     0     0 I         : (3)[226:irq/44-tlsc6x_t][tlsc] pointer report X is 241, Y is 570, id is 0.
02-05 08:11:07.268     0     0 I         : (3)[226:irq/44-tlsc6x_t][tlsc] pointer report X is 241, Y is 568, id is 0.
02-05 08:11:07.278     0     0 I         : (3)[226:irq/44-tlsc6x_t][tlsc] pointer report X is 242, Y is 567, id is 0.
02-05 08:11:07.282   255   255 I         : (0)[255:recovery][DISP]AEE is not enabled, will disable layer 3
02-05 08:11:07.285   255   255 I (1)[255:recovery]mtk-tpd: [tpd_fb_notifier_callback:458] tpd_fb_notifier_callback
02-05 08:11:07.287     0     0 I         : (3)[226:irq/44-tlsc6x_t][tlsc] pointer report X is 243, Y is 566, id is 0.
02-05 08:11:07.297     0     0 I         : (3)[226:irq/44-tlsc6x_t][tlsc] pointer report X is 244, Y is 565, id is 0.
02-05 08:11:07.306     0     0 I         : (3)[226:irq/44-tlsc6x_t][tlsc] pointer report X is 245, Y is 565, id is 0.
02-05 08:11:07.316   255   255 I         : (0)[255:recovery][DISP]AEE is not enabled, will disable layer 3
02-05 08:11:07.316     0     0 I         : (3)[226:irq/44-tlsc6x_t][tlsc] pointer report X is 245, Y is 565, id is 0.
02-05 08:11:07.318   255   255 I (0)[255:recovery]mtk-tpd: [tpd_fb_notifier_callback:458] tpd_fb_notifier_callback
02-05 08:11:07.325     0     0 I         : (3)[226:irq/44-tlsc6x_t][tlsc] pointer report X is 245, Y is 564, id is 0.
02-05 08:11:07.334     0     0 I         : (3)[226:irq/44-tlsc6x_t][tlsc] pointer report X is 245, Y is 563, id is 0.
02-05 08:11:07.344     0     0 I         : (3)[226:irq/44-tlsc6x_t][tlsc] pointer report X is 245, Y is 562, id is 0.
02-05 08:11:07.349   255   255 I         : (0)[255:recovery][DISP]AEE is not enabled, will disable layer 3
02-05 08:11:07.351   255   255 I (0)[255:recovery]mtk-tpd: [tpd_fb_notifier_callback:458] tpd_fb_notifier_callback
02-05 08:11:07.353     0     0 I         : (3)[226:irq/44-tlsc6x_t][tlsc] pointer report X is 245, Y is 561, id is 0.
02-05 08:11:07.363     0     0 I         : (3)[226:irq/44-tlsc6x_t][tlsc] pointer report X is 246, Y is 560, id is 0.
02-05 08:11:07.372     0     0 I         : (3)[226:irq/44-tlsc6x_t][tlsc] pointer report X is 247, Y is 558, id is 0.
02-05 08:11:07.382     0     0 I         : (3)[226:irq/44-tlsc6x_t][tlsc] pointer report X is 248, Y is 557, id is 0.
02-05 08:11:07.382   255   255 I         : (0)[255:recovery][DISP]AEE is not enabled, will disable layer 3
02-05 08:11:07.384   255   255 I (0)[255:recovery]mtk-tpd: [tpd_fb_notifier_callback:458] tpd_fb_notifier_callback
02-05 08:11:07.391     0     0 I         : (1)[226:irq/44-tlsc6x_t][tlsc] pointer report X is 248, Y is 556, id is 0.
02-05 08:11:07.401     0     0 I         : (2)[226:irq/44-tlsc6x_t][tlsc] pointer report X is 248, Y is 555, id is 0.
02-05 08:11:07.410     0     0 I         : (2)[226:irq/44-tlsc6x_t][tlsc] pointer report X is 248, Y is 554, id is 0.
02-05 08:11:07.415   255   255 I         : (0)[255:recovery][DISP]AEE is not enabled, will disable layer 3
02-05 08:11:07.418   255   255 I (0)[255:recovery]mtk-tpd: [tpd_fb_notifier_callback:458] tpd_fb_notifier_callback
02-05 08:11:07.420     0     0 I         : (2)[226:irq/44-tlsc6x_t][tlsc] pointer report X is 248, Y is 554, id is 0.
02-05 08:11:07.429     0     0 I         : (2)[226:irq/44-tlsc6x_t][tlsc] pointer report X is 248, Y is 553, id is 0.
02-05 08:11:07.438     0     0 I         : (2)[226:irq/44-tlsc6x_t][tlsc] pointer report X is 248, Y is 552, id is 0.
02-05 08:11:07.448     0     0 I         : (2)[226:irq/44-tlsc6x_t][tlsc] pointer report X is 248, Y is 551, id is 0.
02-05 08:11:07.449   255   255 I         : (0)[255:recovery][DISP]AEE is not enabled, will disable layer 3
02-05 08:11:07.451   255   255 I (0)[255:recovery]mtk-tpd: [tpd_fb_notifier_callback:458] tpd_fb_notifier_callback
02-05 08:11:07.457     0     0 I         : (2)[226:irq/44-tlsc6x_t][tlsc] pointer report X is 248, Y is 550, id is 0.
02-05 08:11:07.458   255   255 I -(0)[255:recovery]mtk_charger_alarm_timer_func: not suspend, wake up charger
02-05 08:11:07.459   229   229 I         : (1)[229:charger_thread][fgauge_read_current] final current=367 (ratio=1000)
02-05 08:11:07.460   229   229 W -(1)[229:charger_thread]mt635x_auxadc_read_raw: 10 callbacks suppressed
02-05 08:11:07.460   229   229 I (1)[229:charger_thread]mt635x-auxadc mt635x-auxadc: name:ISENSE, channel=0, adc_out=0x68f2, adc_result=4427
02-05 08:11:07.462   229   229 I (1)[229:charger_thread]mt635x-auxadc mt635x-auxadc: name:BATADC, channel=0, adc_out=0x683a, adc_result=4397
02-05 08:11:07.464   229   229 I (1)[229:charger_thread]mt635x-auxadc mt635x-auxadc: name:BATADC, channel=0, adc_out=0x6832, adc_result=4395
02-05 08:11:07.464   229   229 I (1)[229:charger_thread]mt635x-auxadc mt635x-auxadc: name:VCDT, channel=2, adc_out=0x49f, adc_result=519
02-05 08:11:07.465   229   229 I         : (1)[229:charger_thread][fgauge_read_current] final current=355 (ratio=1000)
02-05 08:11:07.465   229   229 I         : (1)[229:charger_thread][CH3_DBG] bat_cur = 355
02-05 08:11:07.465   229   229 I (1)[229:charger_thread]mt635x-auxadc mt635x-auxadc: name:BAT_TEMP, channel=3, adc_out=0x554, adc_result=599
02-05 08:11:07.465   229   229 I         : (1)[229:charger_thread][fgauge_read_current] final current=358 (ratio=1000)
02-05 08:11:07.465   229   229 I         : (1)[229:charger_thread][BattVoltToTemp] 598 16900 1800 -1
02-05 08:11:07.465   229   229 I         : (1)[229:charger_thread][force_get_tbat] 599,598,1,35,100,297 r:320 100 0
02-05 08:11:07.465   229   229 I (1)[229:charger_thread][force_get_tbat] t: 29 precise:297
02-05 08:11:07.465   229   229 I (1)[229:charger_thread]Vbat=4395,Ibat=367,I=441,VChr=4910,T=29,Soc=97: 100,CT:1:1 hv:1 pd:0:0
02-05 08:11:07.465   229   229 I (1)[229:charger_thread]mtk_charger_start_timer: alarm timer start:0, 53 596431436
02-05 08:11:07.465   229   229 I         : -(1)[229:charger_thread]alarmtimer_enqueue, 53596431436
02-05 08:11:07.465   229   229 I         : (1)[229:charger_thread][fgauge_read_current] final current=358 (ratio=1000)
02-05 08:11:07.465   229   229 I         : (1)[229:charger_thread][CH3_DBG] bat_cur = 358
02-05 08:11:07.466   229   229 I         : (1)[229:charger_thread][fgauge_read_current] final current=358 (ratio=1000)
02-05 08:11:07.466   229   229 I         : (1)[229:charger_thread][BattVoltToTemp] 597 16900 1800 -1
02-05 08:11:07.466   229   229 I         : (1)[229:charger_thread][force_get_tbat] 598,597,1,35,100,297 r:320 100 0
02-05 08:11:07.466   229   229 I (1)[229:charger_thread][force_get_tbat] t: 29 precise:297
02-05 08:11:07.466   229   229 I         : (1)[229:charger_thread][BATTER_ID_0] bat_id_valtage = 1042(mV)
02-05 08:11:07.466   229   229 I         : (1)[229:charger_thread][SW_JEITA] Battery Normal Temperature between 13 and 51 !!
02-05 08:11:07.466   229   229 I (1)[229:charger_thread][SW_JEITA]preState: 3 newState:3 tmp:29 cv:0
02-05 08:11:07.467   229   229 I (1)[229:charger_thread]tmp: 29 (jeita:1 sm:3 cv:0 en:1) (sm:1) en:1 c:0 s:0 ov:0 1 1
02-05 08:11:07.467   229   229 I         : (1)[229:charger_thread]mtk_switch_charging_run [1 0], timer=30
02-05 08:11:07.467     0     0 I         : (2)[226:irq/44-tlsc6x_t][tlsc] pointer report X is 248, Y is 549, id is 0.
02-05 08:11:07.467   229   229 I         : (1)[229:charger_thread][fgauge_read_current] final current=333 (ratio=1000)
02-05 08:11:07.467   229   229 I         : (1)[229:charger_thread][CH3_DBG] bat_cur = 333
02-05 08:11:07.468   229   229 I         : (1)[229:charger_thread][fgauge_read_current] final current=333 (ratio=1000)
02-05 08:11:07.468   229   229 I         : (1)[229:charger_thread][BattVoltToTemp] 598 16900 1800 -1
02-05 08:11:07.468   229   229 I         : (1)[229:charger_thread][force_get_tbat] 599,598,1,33,100,297 r:320 100 0
02-05 08:11:07.468   229   229 I (1)[229:charger_thread][force_get_tbat] t: 29 precise:297
02-05 08:11:07.468   229   229 I (1)[229:charger_thread]pe40_ready: 0 hv:1 thermal:-1,-1 tmp:29,39,16 pps:0 en:0 ibus:0 80
02-05 08:11:07.468   229   229 I (1)[229:charger_thread]force: 0 thermal:-1,-1 pe4:-1,-1,0 setting:500 500 type:1 usb_unlimited:0 usbif:0 usbsm:2 aicl:-1 atm:0
02-05 08:11:07.468   229   229 E         : (1)[229:charger_thread]zzf_500000<=500000, i=1
02-05 08:11:07.468   229   229 E         : (1)[229:charger_thread]array_size = 4
02-05 08:11:07.469   229   229 E         : (2)[229:charger_thread][psc5415e_config_interface] write Reg[1]=0x78 from 0x78
02-05 08:11:07.470   229   229 E         : (1)[229:charger_thread][psc5415e_config_interface] write Reg[5]=0x3 from 0x23
02-05 08:11:07.470   229   229 E         : (1)[229:charger_thread]Can't find closest level
02-05 08:11:07.470   229   229 E         : (1)[229:charger_thread]array_size = 8
02-05 08:11:07.471   229   229 E         : (1)[229:charger_thread][psc5415e_config_interface] write Reg[4]=0x6 from 0x6
02-05 08:11:07.472   229   229 E         : (1)[229:charger_thread][psc5415e_config_interface] write Reg[4]=0x6 from 0x6
02-05 08:11:07.473   229   229 E         : (1)[229:charger_thread][psc5415e_config_interface] write Reg[1]=0x78 from 0x78
02-05 08:11:07.474   229   229 E         : (1)[229:charger_thread][psc5415e_config_interface] write Reg[1]=0x78 from 0x78
02-05 08:11:07.474   229   229 E         : (1)[229:charger_thread]psc5415e calm enable charging
02-05 08:11:07.474   229   229 E         : (1)[229:charger_thread]charging_set_cv_voltage register_value=0x2d 4400000 4400000
02-05 08:11:07.475   229   229 E         : (1)[229:charger_thread][psc5415e_config_interface] write Reg[2]=0xb4 from 0xb4
02-05 08:11:07.476   229   229 E         : (2)[229:charger_thread][psc5415e_config_interface] write Reg[1]=0x78 from 0x78
02-05 08:11:07.476   229   229 E         : (2)[229:charger_thread]psc5415e calm enable charging
02-05 08:11:07.476     0     0 I         : (2)[226:irq/44-tlsc6x_t][tlsc] pointer report X is 248, Y is 548, id is 0.
02-05 08:11:07.476   229   229 E         : (1)[229:charger_thread][psc5415e_read_interface] Reg[0]=0x10
02-05 08:11:07.476   229   229 E         : (1)[229:charger_thread][psc5415e_read_interface] val=0x1
02-05 08:11:07.476   229   229 I         : (1)[229:charger_thread]info->enable_sw_safety_timer(0)
02-05 08:11:07.477   229   229 E         : (1)[229:charger_thread]psc5415e cz [0x0]=0x10
02-05 08:11:07.478   229   229 E         : (1)[229:charger_thread]psc5415e cz [0x1]=0x78
02-05 08:11:07.478   229   229 E         : (1)[229:charger_thread]psc5415e cz [0x2]=0xb4
02-05 08:11:07.479   229   229 E         : (2)[229:charger_thread]psc5415e cz [0x3]=0xf0
02-05 08:11:07.479   229   229 E         : (1)[229:charger_thread]psc5415e cz [0x4]=0x6
02-05 08:11:07.480   229   229 E         : (1)[229:charger_thread]psc5415e cz [0x5]=0x23
02-05 08:11:07.481   229   229 E         : (1)[229:charger_thread]psc5415e cz [0x6]=0x7f
02-05 08:11:07.481     0     0 E         : (1)[229:charger_thread]
02-05 08:11:07.482   255   255 I         : (0)[255:recovery][DISP]AEE is not enabled, will disable layer 3
02-05 08:11:07.484   255   255 I (0)[255:recovery]mtk-tpd: [tpd_fb_notifier_callback:458] tpd_fb_notifier_callback
02-05 08:11:07.486     0     0 I         : (2)[226:irq/44-tlsc6x_t][tlsc] pointer report X is 248, Y is 548, id is 0.
02-05 08:11:07.495     0     0 I         : (2)[226:irq/44-tlsc6x_t][tlsc] pointer report X is 249, Y is 548, id is 0.
02-05 08:11:07.505     0     0 I         : (2)[226:irq/44-tlsc6x_t][tlsc] pointer report X is 249, Y is 547, id is 0.
02-05 08:11:07.514     0     0 I         : (2)[226:irq/44-tlsc6x_t][tlsc] pointer report X is 249, Y is 547, id is 0.
02-05 08:11:07.515   255   255 I         : (0)[255:recovery][DISP]AEE is not enabled, will disable layer 3
02-05 08:11:07.518   255   255 I (0)[255:recovery]mtk-tpd: [tpd_fb_notifier_callback:458] tpd_fb_notifier_callback
02-05 08:11:07.523     0     0 I         : (0)[226:irq/44-tlsc6x_t][tlsc] pointer report X is 250, Y is 546, id is 0.
02-05 08:11:07.533     0     0 I         : (0)[226:irq/44-tlsc6x_t][tlsc] pointer report X is 251, Y is 545, id is 0.
02-05 08:11:07.542     0     0 I         : (2)[226:irq/44-tlsc6x_t][tlsc] pointer report X is 251, Y is 544, id is 0.
02-05 08:11:07.550   255   255 I         : (0)[255:recovery][DISP]AEE is not enabled, will disable layer 3
02-05 08:11:07.551   255   255 I (0)[255:recovery]mtk-tpd: [tpd_fb_notifier_callback:458] tpd_fb_notifier_callback
02-05 08:11:07.552     0     0 I         : (2)[226:irq/44-tlsc6x_t][tlsc] pointer report X is 251, Y is 544, id is 0.
02-05 08:11:07.561     0     0 I         : (2)[226:irq/44-tlsc6x_t][tlsc] pointer report X is 251, Y is 543, id is 0.
02-05 08:11:07.571     0     0 I         : (2)[226:irq/44-tlsc6x_t][tlsc] pointer report X is 251, Y is 542, id is 0.
02-05 08:11:07.580     0     0 I         : (3)[226:irq/44-tlsc6x_t][tlsc] pointer report X is 252, Y is 541, id is 0.
02-05 08:11:07.583   255   255 I         : (0)[255:recovery][DISP]AEE is not enabled, will disable layer 3
02-05 08:11:07.584   255   255 I (0)[255:recovery]mtk-tpd: [tpd_fb_notifier_callback:458] tpd_fb_notifier_callback
02-05 08:11:07.590     0     0 I         : (3)[226:irq/44-tlsc6x_t][tlsc] pointer report X is 253, Y is 540, id is 0.
02-05 08:11:07.599     0     0 I         : (3)[226:irq/44-tlsc6x_t][tlsc] pointer report X is 253, Y is 539, id is 0.
02-05 08:11:07.609     0     0 I         : (3)[226:irq/44-tlsc6x_t][tlsc] pointer report X is 253, Y is 538, id is 0.
02-05 08:11:07.616   255   255 I         : (0)[255:recovery][DISP]AEE is not enabled, will disable layer 3
02-05 08:11:07.618   255   255 I (0)[255:recovery]mtk-tpd: [tpd_fb_notifier_callback:458] tpd_fb_notifier_callback
02-05 08:11:07.618     0     0 I         : (3)[226:irq/44-tlsc6x_t][tlsc] pointer report X is 254, Y is 537, id is 0.
02-05 08:11:07.626   276   276 I         : (0)[276:kworker/0:2]MTP, <do_monitor_work(), 1802> IN <1933 3863 0 0 1933 1933 3893 0 0 >
02-05 08:11:07.626   276   276 I         : (0)[276:kworker/0:2]MTP, <do_monitor_work(), 1807> OUT <1932 3863 0 0 1933 1932 3893 0 0 >
02-05 08:11:07.627     0     0 I         : (3)[226:irq/44-tlsc6x_t][tlsc] pointer report X is 254, Y is 537, id is 0.
02-05 08:11:07.637     0     0 I         : (3)[226:irq/44-tlsc6x_t][tlsc] pointer report X is 255, Y is 536, id is 0.
02-05 08:11:07.647     0     0 I         : (3)[226:irq/44-tlsc6x_t][tlsc] pointer report X is 255, Y is 535, id is 0.
02-05 08:11:07.649   255   255 I         : (0)[255:recovery][DISP]AEE is not enabled, will disable layer 3
02-05 08:11:07.651   255   255 I (0)[255:recovery]mtk-tpd: [tpd_fb_notifier_callback:458] tpd_fb_notifier_callback
02-05 08:11:07.656     0     0 I         : (3)[226:irq/44-tlsc6x_t][tlsc] pointer report X is 255, Y is 534, id is 0.
02-05 08:11:07.665     0     0 I         : (3)[226:irq/44-tlsc6x_t][tlsc] pointer report X is 256, Y is 533, id is 0.
02-05 08:11:07.675     0     0 I         : (3)[226:irq/44-tlsc6x_t][tlsc] pointer report X is 257, Y is 532, id is 0.
02-05 08:11:07.682   255   255 I         : (0)[255:recovery][DISP]AEE is not enabled, will disable layer 3
02-05 08:11:07.684     0     0 I         : (3)[226:irq/44-tlsc6x_t][tlsc] pointer report X is 258, Y is 531, id is 0.
02-05 08:11:07.684   255   255 I (0)[255:recovery]mtk-tpd: [tpd_fb_notifier_callback:458] tpd_fb_notifier_callback
02-05 08:11:07.694     0     0 I         : (3)[226:irq/44-tlsc6x_t][tlsc] pointer report X is 258, Y is 531, id is 0.
02-05 08:11:07.703     0     0 I         : (3)[226:irq/44-tlsc6x_t][tlsc] pointer report X is 258, Y is 530, id is 0.
02-05 08:11:07.713     0     0 I         : (1)[226:irq/44-tlsc6x_t][tlsc] pointer report X is 259, Y is 528, id is 0.
02-05 08:11:07.716   255   255 I         : (0)[255:recovery][DISP]AEE is not enabled, will disable layer 3
02-05 08:11:07.718   255   255 I (0)[255:recovery]mtk-tpd: [tpd_fb_notifier_callback:458] tpd_fb_notifier_callback
02-05 08:11:07.722     0     0 I         : (1)[226:irq/44-tlsc6x_t][tlsc] pointer report X is 260, Y is 527, id is 0.
02-05 08:11:07.731     0     0 I         : (0)[226:irq/44-tlsc6x_t][tlsc] pointer report X is 261, Y is 527, id is 0.
02-05 08:11:07.741     0     0 I         : (1)[226:irq/44-tlsc6x_t][tlsc] pointer report X is 262, Y is 527, id is 0.
02-05 08:11:07.749   255   255 I         : (0)[255:recovery][DISP]AEE is not enabled, will disable layer 3
02-05 08:11:07.750     0     0 I         : (1)[226:irq/44-tlsc6x_t][tlsc] pointer report X is 262, Y is 527, id is 0.
02-05 08:11:07.751   255   255 I (0)[255:recovery]mtk-tpd: [tpd_fb_notifier_callback:458] tpd_fb_notifier_callback
02-05 08:11:07.760     0     0 I         : (1)[226:irq/44-tlsc6x_t][tlsc] pointer report X is 263, Y is 527, id is 0.
02-05 08:11:07.769     0     0 I         : (1)[226:irq/44-tlsc6x_t][tlsc] pointer report X is 264, Y is 527, id is 0.
02-05 08:11:07.779     0     0 I         : (1)[226:irq/44-tlsc6x_t][tlsc] pointer report X is 265, Y is 527, id is 0.
02-05 08:11:07.782   255   255 I         : (0)[255:recovery][DISP]AEE is not enabled, will disable layer 3
02-05 08:11:07.784   255   255 I (0)[255:recovery]mtk-tpd: [tpd_fb_notifier_callback:458] tpd_fb_notifier_callback
02-05 08:11:07.789     0     0 I         : (1)[226:irq/44-tlsc6x_t][tlsc] pointer report X is 265, Y is 526, id is 0.
02-05 08:11:07.798     0     0 I         : (1)[226:irq/44-tlsc6x_t][tlsc] pointer report X is 265, Y is 524, id is 0.
02-05 08:11:07.808     0     0 I         : (0)[226:irq/44-tlsc6x_t][tlsc] pointer report X is 266, Y is 523, id is 0.
02-05 08:11:07.815   255   255 I         : (1)[255:recovery][DISP]AEE is not enabled, will disable layer 3
02-05 08:11:07.817     0     0 I         : (0)[226:irq/44-tlsc6x_t][tlsc] pointer report X is 267, Y is 521, id is 0.
02-05 08:11:07.818   255   255 I (0)[255:recovery]mtk-tpd: [tpd_fb_notifier_callback:458] tpd_fb_notifier_callback
02-05 08:11:07.827     0     0 I         : (0)[226:irq/44-tlsc6x_t][tlsc] pointer report X is 268, Y is 520, id is 0.
02-05 08:11:07.836     0     0 I         : (0)[226:irq/44-tlsc6x_t][tlsc] pointer report X is 268, Y is 518, id is 0.
02-05 08:11:07.845     0     0 I         : (1)[226:irq/44-tlsc6x_t][tlsc] pointer report X is 269, Y is 516, id is 0.
02-05 08:11:07.851   255   255 I         : (0)[255:recovery][DISP]AEE is not enabled, will disable layer 3
02-05 08:11:07.855     0     0 I         : (1)[226:irq/44-tlsc6x_t][tlsc] pointer report X is 270, Y is 514, id is 0.
02-05 08:11:07.864     0     0 I         : (1)[226:irq/44-tlsc6x_t][tlsc] pointer report X is 271, Y is 511, id is 0.
02-05 08:11:07.866    21    21 I         : (2)[21:kworker/2:0]usb_state<CONFIGURED>
02-05 08:11:07.868   255   255 I (0)[255:recovery]mtk-tpd: [tpd_fb_notifier_callback:458] tpd_fb_notifier_callback
02-05 08:11:07.874     0     0 I         : (2)[226:irq/44-tlsc6x_t][tlsc] pointer report X is 272, Y is 510, id is 0.
02-05 08:11:07.883     0     0 I         : (2)[226:irq/44-tlsc6x_t][tlsc] pointer report X is 272, Y is 507, id is 0.
02-05 08:11:07.884   255   255 I         : (1)[255:recovery][DISP]AEE is not enabled, will disable layer 3
02-05 08:11:07.885   173   173 I         : (2)[173:disp_check][DISP][ESD]ESD check end, ret = 0
02-05 08:11:07.893     0     0 I         : (2)[226:irq/44-tlsc6x_t][tlsc] pointer report X is 273, Y is 505, id is 0.
02-05 08:11:07.901   255   255 I (0)[255:recovery]mtk-tpd: [tpd_fb_notifier_callback:458] tpd_fb_notifier_callback
02-05 08:11:07.902     0     0 I         : (2)[226:irq/44-tlsc6x_t][tlsc] pointer report X is 274, Y is 503, id is 0.
02-05 08:11:07.912     0     0 I         : (2)[226:irq/44-tlsc6x_t][tlsc] pointer report X is 275, Y is 500, id is 0.
02-05 08:11:07.918   255   255 I         : (1)[255:recovery][DISP]AEE is not enabled, will disable layer 3
02-05 08:11:07.921     0     0 I         : (2)[226:irq/44-tlsc6x_t][tlsc] pointer report X is 275, Y is 497, id is 0.
02-05 08:11:07.931     0     0 I         : (2)[226:irq/44-tlsc6x_t][tlsc] pointer report X is 276, Y is 493, id is 0.
02-05 08:11:07.934   255   255 I (0)[255:recovery]mtk-tpd: [tpd_fb_notifier_callback:458] tpd_fb_notifier_callback
02-05 08:11:07.940     0     0 I         : (2)[226:irq/44-tlsc6x_t][tlsc] pointer report X is 277, Y is 490, id is 0.
02-05 08:11:07.949     0     0 I         : (1)[226:irq/44-tlsc6x_t][tlsc] pointer report X is 278, Y is 486, id is 0.
02-05 08:11:07.951   255   255 I         : (0)[255:recovery][DISP]AEE is not enabled, will disable layer 3
02-05 08:11:07.959     0     0 I         : (1)[226:irq/44-tlsc6x_t][tlsc] pointer report X is 279, Y is 482, id is 0.
02-05 08:11:07.968   255   255 I (0)[255:recovery]mtk-tpd: [tpd_fb_notifier_callback:458] tpd_fb_notifier_callback
02-05 08:11:07.968     0     0 I         : (1)[226:irq/44-tlsc6x_t][tlsc] pointer report X is 279, Y is 478, id is 0.
02-05 08:11:07.978     0     0 I         : (2)[226:irq/44-tlsc6x_t][tlsc] pointer report X is 280, Y is 475, id is 0.
02-05 08:11:07.984   255   255 I         : (1)[255:recovery][DISP]AEE is not enabled, will disable layer 3
02-05 08:11:07.987     0     0 I         : (2)[226:irq/44-tlsc6x_t][tlsc] pointer report X is 281, Y is 472, id is 0.
02-05 08:11:07.996     0     0 I         : (2)[226:irq/44-tlsc6x_t][tlsc] pointer report X is 282, Y is 469, id is 0.
02-05 08:11:08.001   255   255 I (0)[255:recovery]mtk-tpd: [tpd_fb_notifier_callback:458] tpd_fb_notifier_callback
02-05 08:11:08.006     0     0 I         : (1)[226:irq/44-tlsc6x_t][tlsc] pointer report X is 282, Y is 467, id is 0.
02-05 08:11:08.015     0     0 I         : (2)[226:irq/44-tlsc6x_t][tlsc] pointer report X is 283, Y is 466, id is 0.
02-05 08:11:08.018   255   255 I         : (0)[255:recovery][DISP]AEE is not enabled, will disable layer 3
02-05 08:11:08.025     0     0 I         : (2)[226:irq/44-tlsc6x_t][tlsc] pointer report X is 285, Y is 464, id is 0.
02-05 08:11:08.034     0     0 I         : (2)[226:irq/44-tlsc6x_t][tlsc] pointer report X is 286, Y is 462, id is 0.
02-05 08:11:08.034   255   255 I (0)[255:recovery]mtk-tpd: [tpd_fb_notifier_callback:458] tpd_fb_notifier_callback
02-05 08:11:08.042     0     0 I         : (2)[226:irq/44-tlsc6x_t][tlsc] pointer report X is 288, Y is 461, id is 0.
02-05 08:11:08.051   255   255 I         : (0)[255:recovery][DISP]AEE is not enabled, will disable layer 3
02-05 08:11:08.068   255   255 I (0)[255:recovery]mtk-tpd: [tpd_fb_notifier_callback:458] tpd_fb_notifier_callback
02-05 08:11:08.639   276   276 I         : (0)[276:kworker/0:2]MTP, <do_monitor_work(), 1802> IN <1933 3863 0 0 1933 1933 3893 0 0 >
02-05 08:11:08.639   276   276 I         : (0)[276:kworker/0:2]MTP, <do_monitor_work(), 1807> OUT <1932 3863 0 0 1933 1932 3893 0 0 >
02-05 08:11:08.903     0     0 I         : (2)[226:irq/44-tlsc6x_t][tlsc] pointer report X is 240, Y is 740, id is 0.
02-05 08:11:08.914     0     0 I         : (2)[226:irq/44-tlsc6x_t][tlsc] pointer report X is 240, Y is 740, id is 0.
02-05 08:11:08.920   255   255 I         : (0)[255:recovery][DISP]AEE is not enabled, will disable layer 3
02-05 08:11:08.923     0     0 I         : (0)[226:irq/44-tlsc6x_t][tlsc] pointer report X is 240, Y is 740, id is 0.
02-05 08:11:08.932     0     0 I         : (0)[226:irq/44-tlsc6x_t][tlsc] pointer report X is 240, Y is 740, id is 0.
02-05 08:11:08.934   255   255 I (0)[255:recovery]mtk-tpd: [tpd_fb_notifier_callback:458] tpd_fb_notifier_callback
02-05 08:11:08.942     0     0 I         : (1)[226:irq/44-tlsc6x_t][tlsc] pointer report X is 240, Y is 740, id is 0.
02-05 08:11:08.970     0     0 I chatty  : uid=0(root) logd identical 3 lines
02-05 08:11:08.980     0     0 I         : (1)[226:irq/44-tlsc6x_t][tlsc] pointer report X is 240, Y is 740, id is 0.
02-05 08:11:08.989     0     0 I         : (1)[226:irq/44-tlsc6x_t][tlsc] pointer report X is 240, Y is 739, id is 0.
02-05 08:11:08.999     0     0 I         : (1)[226:irq/44-tlsc6x_t][tlsc] pointer report X is 240, Y is 738, id is 0.
02-05 08:11:09.008     0     0 I         : (1)[226:irq/44-tlsc6x_t][tlsc] pointer report X is 240, Y is 736, id is 0.
02-05 08:11:09.014   255   255 I         : (0)[255:recovery][DISP]AEE is not enabled, will disable layer 3
02-05 08:11:09.017     0     0 I         : (1)[226:irq/44-tlsc6x_t][tlsc] pointer report X is 240, Y is 734, id is 0.
02-05 08:11:09.017   255   255 I (0)[255:recovery]mtk-tpd: [tpd_fb_notifier_callback:458] tpd_fb_notifier_callback
02-05 08:11:09.027     0     0 I         : (1)[226:irq/44-tlsc6x_t][tlsc] pointer report X is 240, Y is 731, id is 0.
02-05 08:11:09.036     0     0 I         : (1)[226:irq/44-tlsc6x_t][tlsc] pointer report X is 240, Y is 729, id is 0.
02-05 08:11:09.046     0     0 I         : (1)[226:irq/44-tlsc6x_t][tlsc] pointer report X is 240, Y is 726, id is 0.
02-05 08:11:09.049   255   255 I         : (0)[255:recovery][DISP]AEE is not enabled, will disable layer 3
02-05 08:11:09.051   255   255 I (0)[255:recovery]mtk-tpd: [tpd_fb_notifier_callback:458] tpd_fb_notifier_callback
02-05 08:11:09.055     0     0 I         : (1)[226:irq/44-tlsc6x_t][tlsc] pointer report X is 240, Y is 723, id is 0.
02-05 08:11:09.065     0     0 I         : (0)[226:irq/44-tlsc6x_t][tlsc] pointer report X is 240, Y is 720, id is 0.
02-05 08:11:09.074     0     0 I         : (2)[226:irq/44-tlsc6x_t][tlsc] pointer report X is 240, Y is 717, id is 0.
02-05 08:11:09.082   255   255 I         : (0)[255:recovery][DISP]AEE is not enabled, will disable layer 3
02-05 08:11:09.084     0     0 I         : (2)[226:irq/44-tlsc6x_t][tlsc] pointer report X is 241, Y is 712, id is 0.
02-05 08:11:09.084   255   255 I (0)[255:recovery]mtk-tpd: [tpd_fb_notifier_callback:458] tpd_fb_notifier_callback
02-05 08:11:09.093     0     0 I         : (2)[226:irq/44-tlsc6x_t][tlsc] pointer report X is 241, Y is 709, id is 0.
02-05 08:11:09.103     0     0 I         : (2)[226:irq/44-tlsc6x_t][tlsc] pointer report X is 241, Y is 707, id is 0.
02-05 08:11:09.112     0     0 I         : (2)[226:irq/44-tlsc6x_t][tlsc] pointer report X is 241, Y is 702, id is 0.
02-05 08:11:09.114   255   255 I         : (0)[255:recovery][DISP]AEE is not enabled, will disable layer 3
02-05 08:11:09.117   255   255 I (0)[255:recovery]mtk-tpd: [tpd_fb_notifier_callback:458] tpd_fb_notifier_callback
02-05 08:11:09.122     0     0 I         : (2)[226:irq/44-tlsc6x_t][tlsc] pointer report X is 241, Y is 695, id is 0.
02-05 08:11:09.131     0     0 I         : (2)[226:irq/44-tlsc6x_t][tlsc] pointer report X is 241, Y is 688, id is 0.
02-05 08:11:09.140     0     0 I         : (2)[226:irq/44-tlsc6x_t][tlsc] pointer report X is 241, Y is 682, id is 0.
02-05 08:11:09.149   255   255 I         : (0)[255:recovery][DISP]AEE is not enabled, will disable layer 3
02-05 08:11:09.150     0     0 I         : (2)[226:irq/44-tlsc6x_t][tlsc] pointer report X is 241, Y is 676, id is 0.
02-05 08:11:09.151   255   255 I (0)[255:recovery]mtk-tpd: [tpd_fb_notifier_callback:458] tpd_fb_notifier_callback
02-05 08:11:09.159     0     0 I         : (2)[226:irq/44-tlsc6x_t][tlsc] pointer report X is 241, Y is 670, id is 0.
02-05 08:11:09.169     0     0 I         : (2)[226:irq/44-tlsc6x_t][tlsc] pointer report X is 241, Y is 667, id is 0.
02-05 08:11:09.178     0     0 I         : (2)[226:irq/44-tlsc6x_t][tlsc] pointer report X is 241, Y is 663, id is 0.
02-05 08:11:09.181   255   255 I         : (0)[255:recovery][DISP]AEE is not enabled, will disable layer 3
02-05 08:11:09.184   255   255 I (0)[255:recovery]mtk-tpd: [tpd_fb_notifier_callback:458] tpd_fb_notifier_callback
02-05 08:11:09.188     0     0 I         : (2)[226:irq/44-tlsc6x_t][tlsc] pointer report X is 241, Y is 660, id is 0.
02-05 08:11:09.197     0     0 I         : (2)[226:irq/44-tlsc6x_t][tlsc] pointer report X is 241, Y is 655, id is 0.
02-05 08:11:09.207     0     0 I         : (2)[226:irq/44-tlsc6x_t][tlsc] pointer report X is 242, Y is 651, id is 0.
02-05 08:11:09.214   255   255 I         : (0)[255:recovery][DISP]AEE is not enabled, will disable layer 3
02-05 08:11:09.216     0     0 I         : (2)[226:irq/44-tlsc6x_t][tlsc] pointer report X is 243, Y is 647, id is 0.
02-05 08:11:09.217   255   255 I (0)[255:recovery]mtk-tpd: [tpd_fb_notifier_callback:458] tpd_fb_notifier_callback
02-05 08:11:09.225     0     0 I         : (2)[226:irq/44-tlsc6x_t][tlsc] pointer report X is 244, Y is 643, id is 0.
