--------- beginning of main
09-02 20:08:09.359   245   245 I auditd  : type=1403 audit(0.0:2): policy loaded auid=4294967295 ses=4294967295
09-02 20:08:09.359   245   245 W auditd  : type=1404 audit(0.0:3): enforcing=1 old_enforcing=0 auid=4294967295 ses=4294967295
09-02 20:08:09.533     1     1 I init    : type=1400 audit(0.0:4): avc: denied { write } for name="kernel_init_done" dev="sysfs" ino=12057 scontext=u:r:init:s0 tcontext=u:object_r:sysfs:s0 tclass=file permissive=1
09-02 20:08:09.533     1     1 I init    : type=1400 audit(0.0:5): avc: denied { open } for path="/sys/module/musb_hdrc/parameters/kernel_init_done" dev="sysfs" ino=12057 scontext=u:r:init:s0 tcontext=u:object_r:sysfs:s0 tclass=file permissive=1
09-02 20:08:09.843     1     1 I init    : type=1400 audit(0.0:6): avc: denied { module_request } for kmod="fs-binder" scontext=u:r:init:s0 tcontext=u:r:kernel:s0 tclass=system permissive=1
09-02 20:08:09.849   245   245 I init    : type=1400 audit(0.0:7): avc: denied { entrypoint } for path="/system/bin/logd" dev="rootfs" ino=7320 scontext=u:r:logd:s0 tcontext=u:object_r:rootfs:s0 tclass=file permissive=1
09-02 20:08:09.853   245   245 I logd    : type=1400 audit(0.0:8): avc: denied { map } for path="/system/bin/logd" dev="rootfs" ino=7320 scontext=u:r:logd:s0 tcontext=u:object_r:rootfs:s0 tclass=file permissive=1
09-02 20:08:09.853   245   245 I logd    : type=1400 audit(0.0:9): avc: denied { read } for path="/system/bin/logd" dev="rootfs" ino=7320 scontext=u:r:logd:s0 tcontext=u:object_r:rootfs:s0 tclass=file permissive=1
09-02 20:08:09.853   245   245 I logd    : type=1400 audit(0.0:10): avc: denied { execute } for path="/system/bin/logd" dev="rootfs" ino=7320 scontext=u:r:logd:s0 tcontext=u:object_r:rootfs:s0 tclass=file permissive=1
09-02 20:08:09.872   245   245 I chatty  : uid=0(root) /system/bin/logd identical 1 line
09-02 20:08:09.883     1     1 I init    : type=1400 audit(0.0:17): avc: denied { mounton } for path="/sys/fs/pstore" dev="pstore" ino=15473 scontext=u:r:init:s0 tcontext=u:object_r:pstorefs:s0 tclass=dir permissive=1
09-02 20:08:09.886   247   247 I chatty  : uid=0(root) expire 7 lines
--------- beginning of crash
09-02 20:08:09.889   247   247 F libc    : Fatal signal 6 (SIGABRT), code -1 (SI_QUEUE) in tid 247 (vndservicemanag), pid 247 (vndservicemanag)
09-02 20:08:09.893     1     1 I init    : type=1400 audit(0.0:22): avc: denied { mounton } for path="/dev/usb-ffs/adb" dev="functionfs" ino=14570 scontext=u:r:init:s0 tcontext=u:object_r:functionfs:s0 tclass=dir permissive=1
09-02 20:08:09.899     1     1 I init    : type=1400 audit(0.0:23): avc: denied { write } for name="bootprof" dev="proc" ino=4026532348 scontext=u:r:init:s0 tcontext=u:object_r:proc:s0 tclass=file permissive=1
09-02 20:08:09.905   246   246 I chatty  : uid=0(root) expire 3 lines
09-02 20:08:09.905   246   246 F libc    : Fatal signal 6 (SIGABRT), code -1 (SI_QUEUE) in tid 246 (hwservicemanage), pid 246 (hwservicemanage)
09-02 20:08:09.907   255   255 F libc    : failed to exec crash_dump helper: No such file or directory
09-02 20:08:09.907   256   256 F libc    : failed to exec crash_dump helper: No such file or directory
09-02 20:08:09.907   246   246 F libc    : crash_dump helper failed to exec
09-02 20:08:09.908   247   247 F libc    : crash_dump helper failed to exec
09-02 20:08:09.923     1     1 I init    : type=1400 audit(0.0:24): avc: denied { write } for name="online" dev="sysfs" ino=9866 scontext=u:r:init:s0 tcontext=u:object_r:sysfs_devices_system_cpu:s0 tclass=file permissive=1
09-02 20:08:09.949   259   259 I chatty  : uid=0(root) expire 3 lines
09-02 20:08:09.950   259   259 F libc    : Fatal signal 6 (SIGABRT), code -1 (SI_QUEUE) in tid 259 (vndservicemanag), pid 259 (vndservicemanag)
09-02 20:08:09.952   261   261 F libc    : failed to exec crash_dump helper: No such file or directory
09-02 20:08:09.954   259   259 F libc    : crash_dump helper failed to exec
09-02 20:08:09.965   258   258 I chatty  : uid=0(root) expire 3 lines
09-02 20:08:09.965   258   258 F libc    : Fatal signal 6 (SIGABRT), code -1 (SI_QUEUE) in tid 258 (hwservicemanage), pid 258 (hwservicemanage)
09-02 20:08:09.967   266   266 F libc    : failed to exec crash_dump helper: No such file or directory
09-02 20:08:09.968   258   258 F libc    : crash_dump helper failed to exec
09-02 20:08:09.989   257   257 I recovery: type=1400 audit(0.0:25): avc: denied { getattr } for path="/sys/devices/virtual/thermal/thermal_zone0/temp" dev="sysfs" ino=21828 scontext=u:r:recovery:s0 tcontext=u:object_r:sysfs:s0 tclass=file permissive=1
09-02 20:08:09.989   257   257 I recovery: type=1400 audit(0.0:26): avc: denied { write } for name="brightness" dev="sysfs" ino=28405 scontext=u:r:recovery:s0 tcontext=u:object_r:sysfs:s0 tclass=file permissive=1
09-02 20:08:09.989   257   257 I recovery: type=1400 audit(0.0:27): avc: denied { open } for path="/sys/devices/platform/leds-mt65xx/leds/lcd-backlight/brightness" dev="sysfs" ino=28405 scontext=u:r:recovery:s0 tcontext=u:object_r:sysfs:s0 tclass=file permissive=1
09-02 20:08:09.989     1     1 I unknown : type=1107 audit(0.0:28): uid=0 auid=4294967295 ses=4294967295 subj=u:r:init:s0 msg='avc: denied { set } for property=ro.twrp.boot pid=257 uid=0 gid=0 scontext=u:r:recovery:s0 tcontext=u:object_r:default_prop:s0 tclass=property_service permissive=1'
09-02 20:08:09.993   257   257 I recovery: type=1400 audit(0.0:29): avc: denied { read write } for name="card0" dev="tmpfs" ino=14439 scontext=u:r:recovery:s0 tcontext=u:object_r:device:s0 tclass=chr_file permissive=1
09-02 20:08:09.993   257   257 I recovery: type=1400 audit(0.0:30): avc: denied { open } for path="/dev/dri/card0" dev="tmpfs" ino=14439 scontext=u:r:recovery:s0 tcontext=u:object_r:device:s0 tclass=chr_file permissive=1
09-02 20:08:10.008   262   271 I chatty  : uid=0(root) expire 2 lines
09-02 20:08:10.010   262   274 I chatty  : uid=0(root) expire 1 line
09-02 20:08:10.011   262   269 I chatty  : uid=0(root) expire 1 line
09-02 20:08:11.452   257   257 I chatty  : uid=0(root) expire 1117 lines
09-02 20:08:14.959   334   334 I vndservicemanag: type=1400 audit(0.0:1092): avc: denied { read } for name="vndbinder" dev="tmpfs" ino=14495 scontext=u:r:recovery:s0 tcontext=u:object_r:vndbinder_device:s0 tclass=chr_file permissive=1
09-02 20:08:14.963   334   334 I vndservicemanag: type=1400 audit(0.0:1093): avc: denied { write } for name="vndbinder" dev="tmpfs" ino=14495 scontext=u:r:recovery:s0 tcontext=u:object_r:vndbinder_device:s0 tclass=chr_file permissive=1
09-02 20:08:14.963   334   334 I vndservicemanag: type=1400 audit(0.0:1094): avc: denied { open } for path="/dev/vndbinder" dev="tmpfs" ino=14495 scontext=u:r:recovery:s0 tcontext=u:object_r:vndbinder_device:s0 tclass=chr_file permissive=1
09-02 20:08:14.963   334   334 I vndservicemanag: type=1400 audit(0.0:1095): avc: denied { ioctl } for path="/dev/vndbinder" dev="tmpfs" ino=14495 ioctlcmd=0x6209 scontext=u:r:recovery:s0 tcontext=u:object_r:vndbinder_device:s0 tclass=chr_file permissive=1
09-02 20:08:14.965   334   334 I chatty  : uid=0(root) identical 3 lines
09-02 20:08:14.966   334   334 F libc    : Fatal signal 6 (SIGABRT), code -1 (SI_QUEUE) in tid 334 (vndservicemanag), pid 334 (vndservicemanag)
09-02 20:08:14.976   337   337 F libc    : failed to exec crash_dump helper: No such file or directory
09-02 20:08:14.977   334   334 F libc    : crash_dump helper failed to exec
09-02 20:08:14.999   333   333 I chatty  : uid=0(root) expire 3 lines
09-02 20:08:15.002   333   333 F libc    : Fatal signal 6 (SIGABRT), code -1 (SI_QUEUE) in tid 333 (hwservicemanage), pid 333 (hwservicemanage)
09-02 20:08:15.013   339   339 F libc    : failed to exec crash_dump helper: No such file or directory
09-02 20:08:15.015   333   333 F libc    : crash_dump helper failed to exec
09-02 20:08:15.023   335   340 I chatty  : uid=0(root) expire 1 line
09-02 20:08:15.024   335   342 I chatty  : uid=0(root) expire 2 lines
09-02 20:08:15.029   335   344 I chatty  : uid=0(root) expire 3 lines
09-02 20:08:15.487   335   345 I chatty  : uid=0(root) expire 1 line
09-02 20:08:15.550   335   335 I chatty  : uid=0(root) expire 2 lines
09-02 20:08:15.686   257   257 I chatty  : uid=0(root) expire 51 lines
09-02 20:08:16.279     1     1 I init    : type=1400 audit(0.0:1191): avc: denied { write } for name="saving" dev="sysfs" ino=14186 scontext=u:r:init:s0 tcontext=u:object_r:sysfs:s0 tclass=file permissive=1
09-02 20:08:16.279     1     1 I init    : type=1400 audit(0.0:1192): avc: denied { open } for path="/sys/devices/platform/mt_usb/saving" dev="sysfs" ino=14186 scontext=u:r:init:s0 tcontext=u:object_r:sysfs:s0 tclass=file permissive=1
09-02 20:08:16.297   257   257 F libc    : Fatal signal 11 (SIGSEGV), code 1 (SEGV_MAPERR), fault addr 0x2c in tid 257 (recovery), pid 257 (recovery)
09-02 20:08:16.299   378   378 F libc    : failed to exec crash_dump helper: No such file or directory
09-02 20:08:16.301   257   257 F libc    : crash_dump helper failed to exec
09-02 20:08:16.369   379   379 I chatty  : uid=0(root) expire 416 lines
09-02 20:08:19.951   401   401 I chatty  : uid=0(root) expire 3 lines
09-02 20:08:19.952   401   401 F libc    : Fatal signal 6 (SIGABRT), code -1 (SI_QUEUE) in tid 401 (vndservicemanag), pid 401 (vndservicemanag)
09-02 20:08:19.953   405   405 F libc    : failed to exec crash_dump helper: No such file or directory
09-02 20:08:19.954   401   401 F libc    : crash_dump helper failed to exec
09-02 20:08:19.972   400   400 I chatty  : uid=0(root) expire 3 lines
09-02 20:08:19.973   400   400 F libc    : Fatal signal 6 (SIGABRT), code -1 (SI_QUEUE) in tid 400 (hwservicemanage), pid 400 (hwservicemanage)
09-02 20:08:19.975   408   408 F libc    : failed to exec crash_dump helper: No such file or directory
09-02 20:08:19.977   400   400 F libc    : crash_dump helper failed to exec
09-02 20:08:20.011   406   413 I chatty  : uid=0(root) expire 1 line
09-02 20:08:20.011   406   415 I chatty  : uid=0(root) expire 2 lines
09-02 20:08:20.013   406   417 I chatty  : uid=0(root) expire 3 lines
09-02 20:08:20.339   379   379 I chatty  : uid=0(root) expire 130 lines
09-02 20:08:20.484   406   430 I chatty  : uid=0(root) expire 1 line
09-02 20:08:20.496   379   379 I recovery: type=1400 audit(0.0:1735): avc: denied { getattr } for path="/data/misc_de/0/QCKji62xyDoVXdFW,iHdvB" dev="mmcblk0p38" ino=136 scontext=u:r:recovery:s0 tcontext=u:object_r:storaged_data_file:s0 tclass=dir permissive=1
09-02 20:08:20.496   379   379 I recovery: type=1400 audit(0.0:1736): avc: denied { read } for name="QCKji62xyDoVXdFW,iHdvB" dev="mmcblk0p38" ino=136 scontext=u:r:recovery:s0 tcontext=u:object_r:storaged_data_file:s0 tclass=dir permissive=1
09-02 20:08:20.496   379   379 I recovery: type=1400 audit(0.0:1737): avc: denied { open } for path="/data/misc_de/0/QCKji62xyDoVXdFW,iHdvB" dev="mmcblk0p38" ino=136 scontext=u:r:recovery:s0 tcontext=u:object_r:storaged_data_file:s0 tclass=dir permissive=1
09-02 20:08:20.496   379   379 I recovery: type=1400 audit(0.0:1738): avc: denied { search } for name="QCKji62xyDoVXdFW,iHdvB" dev="mmcblk0p38" ino=136 scontext=u:r:recovery:s0 tcontext=u:object_r:storaged_data_file:s0 tclass=dir permissive=1
09-02 20:08:20.496   379   379 I recovery: type=1400 audit(0.0:1739): avc: denied { getattr } for path="/data/misc_de/0/zbP0CashZe,euG,8Ur4QeA" dev="mmcblk0p38" ino=137 scontext=u:r:recovery:s0 tcontext=u:object_r:rollback_data_file:s0 tclass=dir permissive=1
09-02 20:08:20.496   379   379 I recovery: type=1400 audit(0.0:1740): avc: denied { read } for name="zbP0CashZe,euG,8Ur4QeA" dev="mmcblk0p38" ino=137 scontext=u:r:recovery:s0 tcontext=u:object_r:rollback_data_file:s0 tclass=dir permissive=1
09-02 20:08:20.496   379   379 I recovery: type=1400 audit(0.0:1741): avc: denied { open } for path="/data/misc_de/0/zbP0CashZe,euG,8Ur4QeA" dev="mmcblk0p38" ino=137 scontext=u:r:recovery:s0 tcontext=u:object_r:rollback_data_file:s0 tclass=dir permissive=1
09-02 20:08:20.496   379   379 I recovery: type=1400 audit(0.0:1742): avc: denied { search } for name="zbP0CashZe,euG,8Ur4QeA" dev="mmcblk0p38" ino=137 scontext=u:r:recovery:s0 tcontext=u:object_r:rollback_data_file:s0 tclass=dir permissive=1
09-02 20:08:20.496   379   379 I recovery: type=1400 audit(0.0:1743): avc: denied { getattr } for path="/data/misc_ce/0/df8qWsZi+8pQ60NhCecbBD/EQiw1KTjvaHw7,1yRvK,VA" dev="mmcblk0p38" ino=10618 scontext=u:r:recovery:s0 tcontext=u:object_r:storaged_data_file:s0 tclass=file permissive=1
09-02 20:08:20.566   379   379 I recovery: type=1400 audit(0.0:1744): avc: denied { getattr } for path="/data/media" dev="mmcblk0p38" ino=107 scontext=u:r:recovery:s0 tcontext=u:object_r:media_rw_data_file:s0 tclass=dir permissive=1
09-02 20:08:20.566   379   379 I recovery: type=1400 audit(0.0:1745): avc: denied { getattr } for path="/data/adb" dev="mmcblk0p38" ino=141 scontext=u:r:recovery:s0 tcontext=u:object_r:adb_data_file:s0 tclass=dir permissive=1
09-02 20:08:20.566   379   379 I recovery: type=1400 audit(0.0:1746): avc: denied { read } for name="adb" dev="mmcblk0p38" ino=141 scontext=u:r:recovery:s0 tcontext=u:object_r:adb_data_file:s0 tclass=dir permissive=1
09-02 20:08:20.566   379   379 I recovery: type=1400 audit(0.0:1747): avc: denied { open } for path="/data/adb" dev="mmcblk0p38" ino=141 scontext=u:r:recovery:s0 tcontext=u:object_r:adb_data_file:s0 tclass=dir permissive=1
09-02 20:08:20.569   379   379 I recovery: type=1400 audit(0.0:1748): avc: denied { getattr } for path="/data/mdlog/MHjsL4A+litXz8Hi+R2Y0D" dev="mmcblk0p38" ino=230 scontext=u:r:recovery:s0 tcontext=u:object_r:unlabeled:s0 tclass=fifo_file permissive=1
09-02 20:08:20.569   379   379 I recovery: type=1400 audit(0.0:1749): avc: denied { getattr } for path="/data/gsi" dev="mmcblk0p38" ino=160 scontext=u:r:recovery:s0 tcontext=u:object_r:gsi_data_file:s0 tclass=dir permissive=1
09-02 20:08:20.569   379   379 I recovery: type=1400 audit(0.0:1750): avc: denied { read } for name="gsi" dev="mmcblk0p38" ino=160 scontext=u:r:recovery:s0 tcontext=u:object_r:gsi_data_file:s0 tclass=dir permissive=1
09-02 20:08:20.569   379   379 I recovery: type=1400 audit(0.0:1751): avc: denied { open } for path="/data/gsi" dev="mmcblk0p38" ino=160 scontext=u:r:recovery:s0 tcontext=u:object_r:gsi_data_file:s0 tclass=dir permissive=1
09-02 20:08:20.569   379   379 I recovery: type=1400 audit(0.0:1752): avc: denied { getattr } for path="/data/server_configurable_flags" dev="mmcblk0p38" ino=189 scontext=u:r:recovery:s0 tcontext=u:object_r:server_configurable_flags_data_file:s0 tclass=dir permissive=1
09-02 20:08:20.569   379   379 I recovery: type=1400 audit(0.0:1753): avc: denied { read } for name="server_configurable_flags" dev="mmcblk0p38" ino=189 scontext=u:r:recovery:s0 tcontext=u:object_r:server_configurable_flags_data_file:s0 tclass=dir permissive=1
09-02 20:08:20.569   379   379 I recovery: type=1400 audit(0.0:1754): avc: denied { open } for path="/data/server_configurable_flags" dev="mmcblk0p38" ino=189 scontext=u:r:recovery:s0 tcontext=u:object_r:server_configurable_flags_data_file:s0 tclass=dir permissive=1
09-02 20:08:20.569   379   379 I recovery: type=1400 audit(0.0:1755): avc: denied { getattr } for path="/data/.layout_version" dev="mmcblk0p38" ino=199 scontext=u:r:recovery:s0 tcontext=u:object_r:install_data_file:s0 tclass=file permissive=1
09-02 20:08:20.713   379   379 I recovery: type=1400 audit(0.0:1756): avc: denied { ioctl } for path="/dev/block/mmcblk0p5" dev="tmpfs" ino=11394 ioctlcmd=0x1260 scontext=u:r:recovery:s0 tcontext=u:object_r:block_device:s0 tclass=blk_file permissive=1
09-02 20:08:20.823   406   406 I adbd    : UsbFfs: already offline
09-02 20:08:20.824   406   406 I adbd    : authentication not required
09-02 20:08:20.859   379   379 I recovery: type=1400 audit(0.0:1757): avc: denied { read } for name="0" dev="mmcblk0p38" ino=1872 scontext=u:r:recovery:s0 tcontext=u:object_r:media_rw_data_file:s0 tclass=dir permissive=1
09-02 20:08:20.859   379   379 I recovery: type=1400 audit(0.0:1758): avc: denied { open } for path="/data/media/0" dev="mmcblk0p38" ino=1872 scontext=u:r:recovery:s0 tcontext=u:object_r:media_rw_data_file:s0 tclass=dir permissive=1
09-02 20:08:20.859   379   379 I recovery: type=1400 audit(0.0:1759): avc: denied { search } for name="Yn9qJ3QiKhOl4PlafD2Y7C" dev="mmcblk0p38" ino=2919 scontext=u:r:recovery:s0 tcontext=u:object_r:media_rw_data_file:s0:c512,c768 tclass=dir permissive=1
09-02 20:08:20.859   379   379 I recovery: type=1400 audit(0.0:1760): avc: denied { write } for name="0" dev="mmcblk0p38" ino=1872 scontext=u:r:recovery:s0 tcontext=u:object_r:media_rw_data_file:s0 tclass=dir permissive=1
09-02 20:08:20.859   379   379 I recovery: type=1400 audit(0.0:1761): avc: denied { add_name } for name="TWRP" scontext=u:r:recovery:s0 tcontext=u:object_r:media_rw_data_file:s0 tclass=dir permissive=1
09-02 20:08:20.859   379   379 I recovery: type=1400 audit(0.0:1762): avc: denied { create } for name="TWRP" scontext=u:r:recovery:s0 tcontext=u:object_r:media_rw_data_file:s0 tclass=dir permissive=1
09-02 20:08:20.873   379   379 I recovery: type=1400 audit(0.0:1763): avc: denied { module_request } for kmod="fs-auto" scontext=u:r:recovery:s0 tcontext=u:r:kernel:s0 tclass=system permissive=1
09-02 20:08:20.876   379   379 I recovery: type=1400 audit(0.0:1764): avc: denied { write } for name="brightness" dev="sysfs" ino=28405 scontext=u:r:recovery:s0 tcontext=u:object_r:sysfs:s0 tclass=file permissive=1
09-02 20:08:20.913   379   379 I recovery: type=1400 audit(0.0:1765): avc: denied { fsetid } for capability=4 scontext=u:r:recovery:s0 tcontext=u:r:recovery:s0 tclass=capability permissive=1
09-02 20:08:20.919   379   379 I recovery: type=1400 audit(0.0:1766): avc: denied { ioctl } for path="/dev/block/dm-1" dev="tmpfs" ino=11563 ioctlcmd=0x5331 scontext=u:r:recovery:s0 tcontext=u:object_r:dm_device:s0 tclass=blk_file permissive=1
09-02 20:08:20.923   379   379 I recovery: type=1400 audit(0.0:1767): avc: denied { create } for name="twadbfifo" scontext=u:r:recovery:s0 tcontext=u:object_r:tmpfs:s0 tclass=fifo_file permissive=1
09-02 20:08:20.923   379   379 I recovery: type=1400 audit(0.0:1768): avc: denied { read } for name="twadbfifo" dev="tmpfs" ino=15874 scontext=u:r:recovery:s0 tcontext=u:object_r:tmpfs:s0 tclass=fifo_file permissive=1
09-02 20:08:20.926   379   379 I recovery: type=1400 audit(0.0:1769): avc: denied { open } for path="/tmp/twadbfifo" dev="tmpfs" ino=15874 scontext=u:r:recovery:s0 tcontext=u:object_r:tmpfs:s0 tclass=fifo_file permissive=1
09-02 20:08:20.945   379   379 F libc    : Fatal signal 11 (SIGSEGV), code 1 (SEGV_MAPERR), fault addr 0x2c in tid 379 (recovery), pid 379 (recovery)
09-02 20:08:20.950   466   466 F libc    : failed to exec crash_dump helper: No such file or directory
09-02 20:08:20.952   379   379 F libc    : crash_dump helper failed to exec
09-02 20:08:21.373   467   467 I recovery: type=1400 audit(0.0:1770): avc: denied { read write } for name="card0" dev="tmpfs" ino=14439 scontext=u:r:recovery:s0 tcontext=u:object_r:device:s0 tclass=chr_file permissive=1
09-02 20:08:21.373   467   467 I recovery: type=1400 audit(0.0:1771): avc: denied { open } for path="/dev/dri/card0" dev="tmpfs" ino=14439 scontext=u:r:recovery:s0 tcontext=u:object_r:device:s0 tclass=chr_file permissive=1
09-02 20:08:21.374   467   467 W libc    : Unable to set property "ro.twrp.boot" to "1": error code: 0xb
09-02 20:08:21.375   467   467 W libc    : Unable to set property "ro.twrp.version" to "3.6.0_11-TEST_MRMAZAK_v1": error code: 0xb
09-02 20:08:22.802   467   467 W recovery: [libfs_mgr]Warning: unknown flag: resize
09-02 20:08:22.806   467   467 I recovery: type=1400 audit(0.0:1772): avc: denied { unlink } for name="twadbfifo" dev="tmpfs" ino=15874 scontext=u:r:recovery:s0 tcontext=u:object_r:tmpfs:s0 tclass=fifo_file permissive=1
09-02 20:08:22.806   467   467 I chatty  : uid=0(root) identical 1 line
09-02 20:08:22.807   467   467 W recovery: [libfs_mgr]Warning: unknown flag: resize
09-02 20:08:22.809   467   467 I recovery: type=1400 audit(0.0:1773): avc: denied { write } for name="/" dev="rootfs" ino=1 scontext=u:r:recovery:s0 tcontext=u:object_r:rootfs:s0 tclass=dir permissive=1
09-02 20:08:22.809   467   467 W recovery: [libfs_mgr]Warning: unknown flag: resize
09-02 20:08:22.856   467   467 I recovery: type=1400 audit(0.0:1774): avc: denied { ioctl } for path="/dev/block/dm-1" dev="tmpfs" ino=11563 ioctlcmd=0x5331 scontext=u:r:recovery:s0 tcontext=u:object_r:dm_device:s0 tclass=blk_file permissive=1
09-02 20:08:22.857   467   467 E recovery: DM_DEV_CREATE failed for [product]: Device or resource busy
09-02 20:08:22.857   467   467 E recovery: [libfs_mgr]Could not create logical partition: product
09-02 20:08:22.873   467   467 I recovery: type=1400 audit(0.0:1775): avc: denied { ioctl } for path="/dev/block/dm-2" dev="tmpfs" ino=15566 ioctlcmd=0x5331 scontext=u:r:recovery:s0 tcontext=u:object_r:dm_device:s0 tclass=blk_file permissive=1
09-02 20:08:22.903   467   467 I recovery: type=1400 audit(0.0:1776): avc: denied { ioctl } for path="/dev/block/dm-0" dev="tmpfs" ino=15557 ioctlcmd=0x5331 scontext=u:r:recovery:s0 tcontext=u:object_r:dm_device:s0 tclass=blk_file permissive=1
09-02 20:08:23.019   467   467 I recovery: type=1400 audit(0.0:1777): avc: denied { ioctl } for path="/dev/block/dm-1" dev="tmpfs" ino=11563 ioctlcmd=0x5331 scontext=u:r:recovery:s0 tcontext=u:object_r:dm_device:s0 tclass=blk_file permissive=1
09-02 20:08:23.019   467   467 I recovery: type=1400 audit(0.0:1778): avc: denied { ioctl } for path="/dev/block/dm-2" dev="tmpfs" ino=15566 ioctlcmd=0x5331 scontext=u:r:recovery:s0 tcontext=u:object_r:dm_device:s0 tclass=blk_file permissive=1
09-02 20:08:23.029   467   467 I recovery: type=1400 audit(0.0:1779): avc: denied { mounton } for path="/apex" dev="dm-1" ino=54 scontext=u:r:recovery:s0 tcontext=u:object_r:system_file:s0 tclass=dir permissive=1
09-02 20:08:23.309   467   467 I recovery: type=1400 audit(0.0:1780): avc: denied { write } for name="fstab" dev="rootfs" ino=15577 scontext=u:r:recovery:s0 tcontext=u:object_r:rootfs:s0 tclass=file permissive=1
09-02 20:08:23.309   467   467 I recovery: type=1400 audit(0.0:1781): avc: denied { ioctl } for path="/dev/block/dm-1" dev="tmpfs" ino=11563 ioctlcmd=0x5331 scontext=u:r:recovery:s0 tcontext=u:object_r:dm_device:s0 tclass=blk_file permissive=1
09-02 20:08:23.326   467   467 I recovery: type=1400 audit(0.0:1782): avc: denied { ioctl } for path="/dev/block/dm-2" dev="tmpfs" ino=15566 ioctlcmd=0x5331 scontext=u:r:recovery:s0 tcontext=u:object_r:dm_device:s0 tclass=blk_file permissive=1
09-02 20:08:23.359   467   467 I recovery: type=1400 audit(0.0:1783): avc: denied { ioctl } for path="/dev/block/dm-0" dev="tmpfs" ino=15557 ioctlcmd=0x5331 scontext=u:r:recovery:s0 tcontext=u:object_r:dm_device:s0 tclass=blk_file permissive=1
09-02 20:08:23.616   467   467 I recovery: type=1400 audit(0.0:1784): avc: denied { getattr } for path="/data/unencrypted" dev="mmcblk0p38" ino=7 scontext=u:r:recovery:s0 tcontext=u:object_r:unencrypted_data_file:s0 tclass=dir permissive=1
09-02 20:08:23.616   467   467 I recovery: type=1400 audit(0.0:1785): avc: denied { read } for name="unencrypted" dev="mmcblk0p38" ino=7 scontext=u:r:recovery:s0 tcontext=u:object_r:unencrypted_data_file:s0 tclass=dir permissive=1
09-02 20:08:23.616   467   467 I recovery: type=1400 audit(0.0:1786): avc: denied { open } for path="/data/unencrypted" dev="mmcblk0p38" ino=7 scontext=u:r:recovery:s0 tcontext=u:object_r:unencrypted_data_file:s0 tclass=dir permissive=1
09-02 20:08:23.619   467   467 I recovery: type=1400 audit(0.0:1787): avc: denied { getattr } for path="/data/bootchart" dev="mmcblk0p38" ino=17 scontext=u:r:recovery:s0 tcontext=u:object_r:bootchart_data_file:s0 tclass=dir permissive=1
09-02 20:08:23.619   467   467 I recovery: type=1400 audit(0.0:1788): avc: denied { read } for name="bootchart" dev="mmcblk0p38" ino=17 scontext=u:r:recovery:s0 tcontext=u:object_r:bootchart_data_file:s0 tclass=dir permissive=1
09-02 20:08:23.619   467   467 I recovery: type=1400 audit(0.0:1789): avc: denied { open } for path="/data/bootchart" dev="mmcblk0p38" ino=17 scontext=u:r:recovery:s0 tcontext=u:object_r:bootchart_data_file:s0 tclass=dir permissive=1
09-02 20:08:23.619   467   467 I recovery: type=1400 audit(0.0:1790): avc: denied { getattr } for path="/data/apex" dev="mmcblk0p38" ino=18 scontext=u:r:recovery:s0 tcontext=u:object_r:apex_data_file:s0 tclass=dir permissive=1
09-02 20:08:23.619   467   467 I recovery: type=1400 audit(0.0:1791): avc: denied { read } for name="apex" dev="mmcblk0p38" ino=18 scontext=u:r:recovery:s0 tcontext=u:object_r:apex_data_file:s0 tclass=dir permissive=1
09-02 20:08:23.619   467   467 I recovery: type=1400 audit(0.0:1792): avc: denied { open } for path="/data/apex" dev="mmcblk0p38" ino=18 scontext=u:r:recovery:s0 tcontext=u:object_r:apex_data_file:s0 tclass=dir permissive=1
09-02 20:08:23.626   467   467 I recovery: type=1400 audit(0.0:1793): avc: denied { getattr } for path="/data/misc/oSIlLCQ5OLJX5iyTFd+GdC/VV9Ig1DJa98jSTHxRzTe1B" dev="mmcblk0p38" ino=30 scontext=u:r:recovery:s0 tcontext=u:object_r:bluetooth_logs_data_file:s0 tclass=dir permissive=1
09-02 20:08:23.626   467   467 I recovery: type=1400 audit(0.0:1794): avc: denied { read } for name="VV9Ig1DJa98jSTHxRzTe1B" dev="mmcblk0p38" ino=30 scontext=u:r:recovery:s0 tcontext=u:object_r:bluetooth_logs_data_file:s0 tclass=dir permissive=1
09-02 20:08:23.626   467   467 I recovery: type=1400 audit(0.0:1795): avc: denied { open } for path="/data/misc/oSIlLCQ5OLJX5iyTFd+GdC/VV9Ig1DJa98jSTHxRzTe1B" dev="mmcblk0p38" ino=30 scontext=u:r:recovery:s0 tcontext=u:object_r:bluetooth_logs_data_file:s0 tclass=dir permissive=1
09-02 20:08:23.626   467   467 I recovery: type=1400 audit(0.0:1796): avc: denied { search } for name="VV9Ig1DJa98jSTHxRzTe1B" dev="mmcblk0p38" ino=30 scontext=u:r:recovery:s0 tcontext=u:object_r:bluetooth_logs_data_file:s0 tclass=dir permissive=1
09-02 20:08:23.643   467   467 I recovery: type=1400 audit(0.0:1797): avc: denied { getattr } for path="/data/misc/IimZhX,EL3hX2B6ovALOuC/,WIY9PbAQWc3bGqvLaBHDA" dev="mmcblk0p38" ino=63 scontext=u:r:recovery:s0 tcontext=u:object_r:user_profile_data_file:s0 tclass=dir permissive=1
09-02 20:08:23.643   467   467 I recovery: type=1400 audit(0.0:1798): avc: denied { read } for name=",WIY9PbAQWc3bGqvLaBHDA" dev="mmcblk0p38" ino=63 scontext=u:r:recovery:s0 tcontext=u:object_r:user_profile_data_file:s0 tclass=dir permissive=1
09-02 20:08:23.643   467   467 I recovery: type=1400 audit(0.0:1799): avc: denied { open } for path="/data/misc/IimZhX,EL3hX2B6ovALOuC/,WIY9PbAQWc3bGqvLaBHDA" dev="mmcblk0p38" ino=63 scontext=u:r:recovery:s0 tcontext=u:object_r:user_profile_data_file:s0 tclass=dir permissive=1
09-02 20:08:23.643   467   467 I recovery: type=1400 audit(0.0:1800): avc: denied { search } for name=",WIY9PbAQWc3bGqvLaBHDA" dev="mmcblk0p38" ino=63 scontext=u:r:recovery:s0 tcontext=u:object_r:user_profile_data_file:s0 tclass=dir permissive=1
09-02 20:08:23.866   467   467 I recovery: type=1400 audit(0.0:1801): avc: denied { getattr } for path="/data/misc/NqmlKu0MaFLk7DcGaEGTZA" dev="mmcblk0p38" ino=65 scontext=u:r:recovery:s0 tcontext=u:object_r:profman_dump_data_file:s0 tclass=dir permissive=1
09-02 20:08:23.866   467   467 I recovery: type=1400 audit(0.0:1802): avc: denied { read } for name="NqmlKu0MaFLk7DcGaEGTZA" dev="mmcblk0p38" ino=65 scontext=u:r:recovery:s0 tcontext=u:object_r:profman_dump_data_file:s0 tclass=dir permissive=1
09-02 20:08:23.866   467   467 I recovery: type=1400 audit(0.0:1803): avc: denied { open } for path="/data/misc/NqmlKu0MaFLk7DcGaEGTZA" dev="mmcblk0p38" ino=65 scontext=u:r:recovery:s0 tcontext=u:object_r:profman_dump_data_file:s0 tclass=dir permissive=1
09-02 20:08:23.866   467   467 I recovery: type=1400 audit(0.0:1804): avc: denied { search } for name="NqmlKu0MaFLk7DcGaEGTZA" dev="mmcblk0p38" ino=65 scontext=u:r:recovery:s0 tcontext=u:object_r:profman_dump_data_file:s0 tclass=dir permissive=1
09-02 20:08:23.866   467   467 I recovery: type=1400 audit(0.0:1805): avc: denied { getattr } for path="/data/misc/dIwAGDpT10rtwGUemnRmZC" dev="mmcblk0p38" ino=140 scontext=u:r:recovery:s0 tcontext=u:object_r:adb_keys_file:s0 tclass=dir permissive=1
09-02 20:08:23.866   467   467 I recovery: type=1400 audit(0.0:1806): avc: denied { read } for name="dIwAGDpT10rtwGUemnRmZC" dev="mmcblk0p38" ino=140 scontext=u:r:recovery:s0 tcontext=u:object_r:adb_keys_file:s0 tclass=dir permissive=1
09-02 20:08:23.866   467   467 I recovery: type=1400 audit(0.0:1807): avc: denied { open } for path="/data/misc/dIwAGDpT10rtwGUemnRmZC" dev="mmcblk0p38" ino=140 scontext=u:r:recovery:s0 tcontext=u:object_r:adb_keys_file:s0 tclass=dir permissive=1
09-02 20:08:23.866   467   467 I recovery: type=1400 audit(0.0:1808): avc: denied { search } for name="dIwAGDpT10rtwGUemnRmZC" dev="mmcblk0p38" ino=140 scontext=u:r:recovery:s0 tcontext=u:object_r:adb_keys_file:s0 tclass=dir permissive=1
09-02 20:08:23.869   467   467 I recovery: type=1400 audit(0.0:1809): avc: denied { getattr } for path="/data/misc/yUTkdfAq8TH3a,65euYKiD" dev="mmcblk0p38" ino=162 scontext=u:r:recovery:s0 tcontext=u:object_r:incident_data_file:s0 tclass=dir permissive=1
09-02 20:08:23.869   467   467 I recovery: type=1400 audit(0.0:1810): avc: denied { read } for name="yUTkdfAq8TH3a,65euYKiD" dev="mmcblk0p38" ino=162 scontext=u:r:recovery:s0 tcontext=u:object_r:incident_data_file:s0 tclass=dir permissive=1
09-02 20:08:23.869   467   467 I recovery: type=1400 audit(0.0:1811): avc: denied { open } for path="/data/misc/yUTkdfAq8TH3a,65euYKiD" dev="mmcblk0p38" ino=162 scontext=u:r:recovery:s0 tcontext=u:object_r:incident_data_file:s0 tclass=dir permissive=1
09-02 20:08:23.869   467   467 I recovery: type=1400 audit(0.0:1812): avc: denied { search } for name="yUTkdfAq8TH3a,65euYKiD" dev="mmcblk0p38" ino=162 scontext=u:r:recovery:s0 tcontext=u:object_r:incident_data_file:s0 tclass=dir permissive=1
09-02 20:08:23.869   467   467 I recovery: type=1400 audit(0.0:1813): avc: denied { getattr } for path="/data/misc/2G+0bcvM4Mn7OF0fwFguvD" dev="mmcblk0p38" ino=165 scontext=u:r:recovery:s0 tcontext=u:object_r:iorapd_data_file:s0 tclass=dir permissive=1
09-02 20:08:23.869   467   467 I recovery: type=1400 audit(0.0:1814): avc: denied { read } for name="2G+0bcvM4Mn7OF0fwFguvD" dev="mmcblk0p38" ino=165 scontext=u:r:recovery:s0 tcontext=u:object_r:iorapd_data_file:s0 tclass=dir permissive=1
09-02 20:08:23.869   467   467 I recovery: type=1400 audit(0.0:1815): avc: denied { open } for path="/data/misc/2G+0bcvM4Mn7OF0fwFguvD" dev="mmcblk0p38" ino=165 scontext=u:r:recovery:s0 tcontext=u:object_r:iorapd_data_file:s0 tclass=dir permissive=1
09-02 20:08:23.869   467   467 I recovery: type=1400 audit(0.0:1816): avc: denied { search } for name="2G+0bcvM4Mn7OF0fwFguvD" dev="mmcblk0p38" ino=165 scontext=u:r:recovery:s0 tcontext=u:object_r:iorapd_data_file:s0 tclass=dir permissive=1
09-02 20:08:23.869   467   467 I recovery: type=1400 audit(0.0:1817): avc: denied { getattr } for path="/data/misc/MCcLK6d3bwB6s9bS,Gv0aC" dev="mmcblk0p38" ino=169 scontext=u:r:recovery:s0 tcontext=u:object_r:stats_data_file:s0 tclass=dir permissive=1
09-02 20:08:23.869   467   467 I recovery: type=1400 audit(0.0:1818): avc: denied { read } for name="MCcLK6d3bwB6s9bS,Gv0aC" dev="mmcblk0p38" ino=169 scontext=u:r:recovery:s0 tcontext=u:object_r:stats_data_file:s0 tclass=dir permissive=1
09-02 20:08:23.869   467   467 I recovery: type=1400 audit(0.0:1819): avc: denied { open } for path="/data/misc/MCcLK6d3bwB6s9bS,Gv0aC" dev="mmcblk0p38" ino=169 scontext=u:r:recovery:s0 tcontext=u:object_r:stats_data_file:s0 tclass=dir permissive=1
09-02 20:08:23.873   467   467 I recovery: type=1400 audit(0.0:1820): avc: denied { search } for name="MCcLK6d3bwB6s9bS,Gv0aC" dev="mmcblk0p38" ino=169 scontext=u:r:recovery:s0 tcontext=u:object_r:stats_data_file:s0 tclass=dir permissive=1
09-02 20:08:23.873   467   467 I recovery: type=1400 audit(0.0:1821): avc: denied { getattr } for path="/data/local/8PFPn5LzEtJSsvvwRFaCZC" dev="mmcblk0p38" ino=73 scontext=u:r:recovery:s0 tcontext=u:object_r:trace_data_file:s0 tclass=dir permissive=1
09-02 20:08:23.873   467   467 I recovery: type=1400 audit(0.0:1822): avc: denied { read } for name="8PFPn5LzEtJSsvvwRFaCZC" dev="mmcblk0p38" ino=73 scontext=u:r:recovery:s0 tcontext=u:object_r:trace_data_file:s0 tclass=dir permissive=1
09-02 20:08:23.873   467   467 I recovery: type=1400 audit(0.0:1823): avc: denied { open } for path="/data/local/8PFPn5LzEtJSsvvwRFaCZC" dev="mmcblk0p38" ino=73 scontext=u:r:recovery:s0 tcontext=u:object_r:trace_data_file:s0 tclass=dir permissive=1
09-02 20:08:23.873   467   467 I recovery: type=1400 audit(0.0:1824): avc: denied { search } for name="8PFPn5LzEtJSsvvwRFaCZC" dev="mmcblk0p38" ino=73 scontext=u:r:recovery:s0 tcontext=u:object_r:trace_data_file:s0 tclass=dir permissive=1
09-02 20:08:23.873   467   467 I recovery: type=1400 audit(0.0:1825): avc: denied { getattr } for path="/data/preloads" dev="mmcblk0p38" ino=67 scontext=u:r:recovery:s0 tcontext=u:object_r:preloads_data_file:s0 tclass=dir permissive=1
09-02 20:08:23.873   467   467 I recovery: type=1400 audit(0.0:1826): avc: denied { read } for name="preloads" dev="mmcblk0p38" ino=67 scontext=u:r:recovery:s0 tcontext=u:object_r:preloads_data_file:s0 tclass=dir permissive=1
09-02 20:08:23.873   467   467 I recovery: type=1400 audit(0.0:1827): avc: denied { open } for path="/data/preloads" dev="mmcblk0p38" ino=67 scontext=u:r:recovery:s0 tcontext=u:object_r:preloads_data_file:s0 tclass=dir permissive=1
09-02 20:08:23.876   467   467 I recovery: type=1400 audit(0.0:1828): avc: denied { getattr } for path="/data/vendor/u5sLwHmA6yZc2lv7c1aAVD/UlmtPYQUsQHcKf1JJJES4D" dev="mmcblk0p38" ino=83 scontext=u:r:recovery:s0 tcontext=u:object_r:tombstone_wifi_data_file:s0 tclass=dir permissive=1
09-02 20:08:23.876   467   467 I recovery: type=1400 audit(0.0:1829): avc: denied { read } for name="UlmtPYQUsQHcKf1JJJES4D" dev="mmcblk0p38" ino=83 scontext=u:r:recovery:s0 tcontext=u:object_r:tombstone_wifi_data_file:s0 tclass=dir permissive=1
09-02 20:08:23.876   467   467 I recovery: type=1400 audit(0.0:1830): avc: denied { open } for path="/data/vendor/u5sLwHmA6yZc2lv7c1aAVD/UlmtPYQUsQHcKf1JJJES4D" dev="mmcblk0p38" ino=83 scontext=u:r:recovery:s0 tcontext=u:object_r:tombstone_wifi_data_file:s0 tclass=dir permissive=1
09-02 20:08:23.876   467   467 I recovery: type=1400 audit(0.0:1831): avc: denied { search } for name="UlmtPYQUsQHcKf1JJJES4D" dev="mmcblk0p38" ino=83 scontext=u:r:recovery:s0 tcontext=u:object_r:tombstone_wifi_data_file:s0 tclass=dir permissive=1
09-02 20:08:23.879   467   467 I recovery: type=1400 audit(0.0:1832): avc: denied { getattr } for path="/data/vendor/jwRAmlpmwDgCscYG8YhWgC/CaTE6Y+,3o35jFXQzzycOD" dev="mmcblk0p38" ino=150 scontext=u:r:recovery:s0 tcontext=u:object_r:wpa_data_file:s0 tclass=dir permissive=1
09-02 20:08:23.879   467   467 I recovery: type=1400 audit(0.0:1833): avc: denied { read } for name="CaTE6Y+,3o35jFXQzzycOD" dev="mmcblk0p38" ino=150 scontext=u:r:recovery:s0 tcontext=u:object_r:wpa_data_file:s0 tclass=dir permissive=1
09-02 20:08:23.879   467   467 I recovery: type=1400 audit(0.0:1834): avc: denied { open } for path="/data/vendor/jwRAmlpmwDgCscYG8YhWgC/CaTE6Y+,3o35jFXQzzycOD" dev="mmcblk0p38" ino=150 scontext=u:r:recovery:s0 tcontext=u:object_r:wpa_data_file:s0 tclass=dir permissive=1
09-02 20:08:23.879   467   467 I recovery: type=1400 audit(0.0:1835): avc: denied { search } for name="CaTE6Y+,3o35jFXQzzycOD" dev="mmcblk0p38" ino=150 scontext=u:r:recovery:s0 tcontext=u:object_r:wpa_data_file:s0 tclass=dir permissive=1
09-02 20:08:23.879   467   467 I recovery: type=1400 audit(0.0:1836): avc: denied { getattr } for path="/data/vendor/jwRAmlpmwDgCscYG8YhWgC/u2zwtiPLSlv+bUTFGZ1c9D" dev="mmcblk0p38" ino=174 scontext=u:r:recovery:s0 tcontext=u:object_r:hostapd_data_file:s0 tclass=dir permissive=1
09-02 20:08:23.879   467   467 I recovery: type=1400 audit(0.0:1837): avc: denied { read } for name="u2zwtiPLSlv+bUTFGZ1c9D" dev="mmcblk0p38" ino=174 scontext=u:r:recovery:s0 tcontext=u:object_r:hostapd_data_file:s0 tclass=dir permissive=1
09-02 20:08:23.879   467   467 I recovery: type=1400 audit(0.0:1838): avc: denied { open } for path="/data/vendor/jwRAmlpmwDgCscYG8YhWgC/u2zwtiPLSlv+bUTFGZ1c9D" dev="mmcblk0p38" ino=174 scontext=u:r:recovery:s0 tcontext=u:object_r:hostapd_data_file:s0 tclass=dir permissive=1
09-02 20:08:23.879   467   467 I recovery: type=1400 audit(0.0:1839): avc: denied { search } for name="u2zwtiPLSlv+bUTFGZ1c9D" dev="mmcblk0p38" ino=174 scontext=u:r:recovery:s0 tcontext=u:object_r:hostapd_data_file:s0 tclass=dir permissive=1
09-02 20:08:23.896   467   467 I recovery: type=1400 audit(0.0:1840): avc: denied { getattr } for path="/data/data/cv+V6hkSfXF34VJ,6PH0SD/uWoCqNmcYXYqrA1n3IxN0D" dev="mmcblk0p38" ino=20545 scontext=u:r:recovery:s0 tcontext=u:object_r:radio_data_file:s0 tclass=lnk_file permissive=1
09-02 20:08:23.903   467   467 I recovery: type=1400 audit(0.0:1841): avc: denied { getattr } for path="/data/data/jg5DlVblHD0KFPorGjuQ+PrD3703Lf9,UQPGWB/abYQ8v,E7hsNuBo6QwnSgC/dIiA2KzBs2Kufqf2b4R4DeBbf1,3Vzgf/mWuRi5JMhxktxIa+6mBqDD" dev="mmcblk0p38" ino=4175 scontext=u:r:recovery:s0 tcontext=u:object_r:app_data_file:s0:c151,c256,c512,c768 tclass=file permissive=1
09-02 20:08:23.916   467   467 I recovery: type=1400 audit(0.0:1842): avc: denied { getattr } for path="/data/data/jz24txppck6UxOTauMzQ0PrD3703Lf9,UQPGWZ1sDEL/n40NkSgJoLF6nLgdW2TQQC/QK3YjbCK9vztKIXVrcfHkGXVgPaGUla,B7oGoD" dev="mmcblk0p38" ino=18691 scontext=u:r:recovery:s0 tcontext=u:object_r:privapp_data_file:s0:c512,c768 tclass=file permissive=1
09-02 20:08:23.946   467   467 I recovery: type=1400 audit(0.0:1843): avc: denied { getattr } for path="/data/data/gCfWZaglGtN08qNSIoY4QtIohr4nsntl/o9hcOOcCsEuphQeRhTxr8B/bePu+HZeEoAXnfdCn0cY6mS5N+O" dev="mmcblk0p38" ino=3348 scontext=u:r:recovery:s0 tcontext=u:object_r:app_data_file:s0:c512,c768 tclass=file permissive=1
09-02 20:08:24.483   467   467 I recovery: type=1400 audit(0.0:1844): avc: denied { getattr } for path="/data/data/_ozPhqAAAAAAqgU54X,Vv3E5gzv9hsyrf/M553OVr3MxiTV1vEn0iAaA/eb+iKQ70h7MuZd+,6NJPP2rSOKnGNbd8/+Zmfr8n2MaHcRBsenEj1BC" dev="mmcblk0p38" ino=3967 scontext=u:r:recovery:s0 tcontext=u:object_r:app_data_file:s0:c140,c256,c512,c768 tclass=file permissive=1
09-02 20:08:24.496   467   467 I recovery: type=1400 audit(0.0:1845): avc: denied { getattr } for path="/data/data/8b5hKB4XNt,MTYNnAhT9It5i5VDmb0jD/ao5ydqmHsPA0AAxMQIzwaB/_60,IICAAAAQQmrs37uF,B0VKSF3yFfiw" dev="mmcblk0p38" ino=21027 scontext=u:r:recovery:s0 tcontext=u:object_r:app_data_file:s0:c97,c256,c512,c768 tclass=file permissive=1
09-02 20:08:24.509   467   467 I recovery: type=1400 audit(0.0:1846): avc: denied { getattr } for path="/data/data/8RmDWj6SgjJinDQLBKRYCOfkJ0AU47vU" dev="mmcblk0p38" ino=2681 scontext=u:r:recovery:s0 tcontext=u:object_r:bluetooth_data_file:s0 tclass=dir permissive=1
09-02 20:08:24.509   467   467 I recovery: type=1400 audit(0.0:1847): avc: denied { read } for name="8RmDWj6SgjJinDQLBKRYCOfkJ0AU47vU" dev="mmcblk0p38" ino=2681 scontext=u:r:recovery:s0 tcontext=u:object_r:bluetooth_data_file:s0 tclass=dir permissive=1
09-02 20:08:24.509   467   467 I recovery: type=1400 audit(0.0:1848): avc: denied { open } for path="/data/data/8RmDWj6SgjJinDQLBKRYCOfkJ0AU47vU" dev="mmcblk0p38" ino=2681 scontext=u:r:recovery:s0 tcontext=u:object_r:bluetooth_data_file:s0 tclass=dir permissive=1
09-02 20:08:24.509   467   467 I recovery: type=1400 audit(0.0:1849): avc: denied { search } for name="8RmDWj6SgjJinDQLBKRYCOfkJ0AU47vU" dev="mmcblk0p38" ino=2681 scontext=u:r:recovery:s0 tcontext=u:object_r:bluetooth_data_file:s0 tclass=dir permissive=1
09-02 20:08:24.519   467   467 I recovery: type=1400 audit(0.0:1850): avc: denied { getattr } for path="/data/data/_eFLriAAAAAAg0rOWZPzR5we5gm7H8g40/PDAquLPrHXDrI7dyh3+ksB/RVW67bTT3pBKsf39bD2PmA/2QBsCTC3J999LhOdmKkb7A/pTxIOvCq5GWs7Li+IxjECGprQff0Un83" dev="mmcblk0p38" ino=21127 scontext=u:r:recovery:s0 tcontext=u:object_r:app_data_file:s0:c137,c256,c512,c768 tclass=file permissive=1
09-02 20:08:24.529   467   467 I recovery: type=1400 audit(0.0:1851): avc: denied { getattr } for path="/data/data/tQ+ASJ,yOU446VS++3uNEUgz+vN/a9uMytyrUflNHS5SKSMc6C/CHQQtQbW9vsXsAENNYclkqyYDQ05MrYn" dev="mmcblk0p38" ino=21096 scontext=u:r:recovery:s0 tcontext=u:object_r:app_data_file:s0:c153,c256,c512,c768 tclass=file permissive=1
09-02 20:08:24.529   467   467 I recovery: type=1400 audit(0.0:1852): avc: denied { getattr } for path="/data/data/_1dh4MCAAAAQMNTJdVbz5d3ognspKGVBR" dev="mmcblk0p38" ino=2394 scontext=u:r:recovery:s0 tcontext=u:object_r:app_data_file:s0:c5,c256,c512,c768 tclass=dir permissive=1
09-02 20:08:24.529   467   467 I recovery: type=1400 audit(0.0:1853): avc: denied { read } for name="_1dh4MCAAAAQMNTJdVbz5d3ognspKGVBR" dev="mmcblk0p38" ino=2394 scontext=u:r:recovery:s0 tcontext=u:object_r:app_data_file:s0:c5,c256,c512,c768 tclass=dir permissive=1
09-02 20:08:24.529   467   467 I recovery: type=1400 audit(0.0:1854): avc: denied { open } for path="/data/data/_1dh4MCAAAAQMNTJdVbz5d3ognspKGVBR" dev="mmcblk0p38" ino=2394 scontext=u:r:recovery:s0 tcontext=u:object_r:app_data_file:s0:c5,c256,c512,c768 tclass=dir permissive=1
09-02 20:08:24.529   467   467 I recovery: type=1400 audit(0.0:1855): avc: denied { search } for name="_1dh4MCAAAAQMNTJdVbz5d3ognspKGVBR" dev="mmcblk0p38" ino=2394 scontext=u:r:recovery:s0 tcontext=u:object_r:app_data_file:s0:c5,c256,c512,c768 tclass=dir permissive=1
09-02 20:08:24.539   467   467 I recovery: type=1400 audit(0.0:1856): avc: denied { getattr } for path="/data/data/_L2k+mCAAAAwrxpX8gaCu6Aksnc1jX0Mw" dev="mmcblk0p38" ino=2432 scontext=u:r:recovery:s0 tcontext=u:object_r:app_data_file:s0:c15,c256,c512,c768 tclass=dir permissive=1
09-02 20:08:24.539   467   467 I recovery: type=1400 audit(0.0:1857): avc: denied { read } for name="_L2k+mCAAAAwrxpX8gaCu6Aksnc1jX0Mw" dev="mmcblk0p38" ino=2432 scontext=u:r:recovery:s0 tcontext=u:object_r:app_data_file:s0:c15,c256,c512,c768 tclass=dir permissive=1
09-02 20:08:24.539   467   467 I recovery: type=1400 audit(0.0:1858): avc: denied { open } for path="/data/data/_L2k+mCAAAAwrxpX8gaCu6Aksnc1jX0Mw" dev="mmcblk0p38" ino=2432 scontext=u:r:recovery:s0 tcontext=u:object_r:app_data_file:s0:c15,c256,c512,c768 tclass=dir permissive=1
09-02 20:08:24.539   467   467 I recovery: type=1400 audit(0.0:1859): avc: denied { search } for name="_L2k+mCAAAAwrxpX8gaCu6Aksnc1jX0Mw" dev="mmcblk0p38" ino=2432 scontext=u:r:recovery:s0 tcontext=u:object_r:app_data_file:s0:c15,c256,c512,c768 tclass=dir permissive=1
09-02 20:08:24.539   467   467 I recovery: type=1400 audit(0.0:1860): avc: denied { getattr } for path="/data/data/_59og7DAAAAw3PEp0vZAtgBx2aWXr3qVQ" dev="mmcblk0p38" ino=2441 scontext=u:r:recovery:s0 tcontext=u:object_r:app_data_file:s0:c34,c256,c512,c768 tclass=dir permissive=1
09-02 20:08:24.539   467   467 I recovery: type=1400 audit(0.0:1861): avc: denied { read } for name="_59og7DAAAAw3PEp0vZAtgBx2aWXr3qVQ" dev="mmcblk0p38" ino=2441 scontext=u:r:recovery:s0 tcontext=u:object_r:app_data_file:s0:c34,c256,c512,c768 tclass=dir permissive=1
09-02 20:08:24.539   467   467 I recovery: type=1400 audit(0.0:1862): avc: denied { open } for path="/data/data/_59og7DAAAAw3PEp0vZAtgBx2aWXr3qVQ" dev="mmcblk0p38" ino=2441 scontext=u:r:recovery:s0 tcontext=u:object_r:app_data_file:s0:c34,c256,c512,c768 tclass=dir permissive=1
09-02 20:08:24.543   467   467 I recovery: type=1400 audit(0.0:1863): avc: denied { search } for name="_59og7DAAAAw3PEp0vZAtgBx2aWXr3qVQ" dev="mmcblk0p38" ino=2441 scontext=u:r:recovery:s0 tcontext=u:object_r:app_data_file:s0:c34,c256,c512,c768 tclass=dir permissive=1
09-02 20:08:24.543   467   467 I recovery: type=1400 audit(0.0:1864): avc: denied { getattr } for path="/data/data/_h9ENNDAAAAwKk8FMSKtsgSMsID3QKORo" dev="mmcblk0p38" ino=2453 scontext=u:r:recovery:s0 tcontext=u:object_r:app_data_file:s0:c70,c256,c512,c768 tclass=dir permissive=1
09-02 20:08:24.543   467   467 I recovery: type=1400 audit(0.0:1865): avc: denied { read } for name="_h9ENNDAAAAwKk8FMSKtsgSMsID3QKORo" dev="mmcblk0p38" ino=2453 scontext=u:r:recovery:s0 tcontext=u:object_r:app_data_file:s0:c70,c256,c512,c768 tclass=dir permissive=1
09-02 20:08:24.543   467   467 I recovery: type=1400 audit(0.0:1866): avc: denied { open } for path="/data/data/_h9ENNDAAAAwKk8FMSKtsgSMsID3QKORo" dev="mmcblk0p38" ino=2453 scontext=u:r:recovery:s0 tcontext=u:object_r:app_data_file:s0:c70,c256,c512,c768 tclass=dir permissive=1
09-02 20:08:24.546   467   467 I recovery: type=1400 audit(0.0:1867): avc: denied { search } for name="_h9ENNDAAAAwKk8FMSKtsgSMsID3QKORo" dev="mmcblk0p38" ino=2453 scontext=u:r:recovery:s0 tcontext=u:object_r:app_data_file:s0:c70,c256,c512,c768 tclass=dir permissive=1
09-02 20:08:24.563   467   467 I recovery: type=1400 audit(0.0:1868): avc: denied { getattr } for path="/data/data/_vao6XCAAAAQozxOM7BwPUDAxg9VwUjr4" dev="mmcblk0p38" ino=2474 scontext=u:r:recovery:s0 tcontext=u:object_r:app_data_file:s0:c134,c256,c512,c768 tclass=dir permissive=1
09-02 20:08:24.563   467   467 I recovery: type=1400 audit(0.0:1869): avc: denied { read } for name="_vao6XCAAAAQozxOM7BwPUDAxg9VwUjr4" dev="mmcblk0p38" ino=2474 scontext=u:r:recovery:s0 tcontext=u:object_r:app_data_file:s0:c134,c256,c512,c768 tclass=dir permissive=1
09-02 20:08:24.563   467   467 I recovery: type=1400 audit(0.0:1870): avc: denied { open } for path="/data/data/_vao6XCAAAAQozxOM7BwPUDAxg9VwUjr4" dev="mmcblk0p38" ino=2474 scontext=u:r:recovery:s0 tcontext=u:object_r:app_data_file:s0:c134,c256,c512,c768 tclass=dir permissive=1
09-02 20:08:24.563   467   467 I recovery: type=1400 audit(0.0:1871): avc: denied { search } for name="_vao6XCAAAAQozxOM7BwPUDAxg9VwUjr4" dev="mmcblk0p38" ino=2474 scontext=u:r:recovery:s0 tcontext=u:object_r:app_data_file:s0:c134,c256,c512,c768 tclass=dir permissive=1
09-02 20:08:24.563   467   467 I recovery: type=1400 audit(0.0:1872): avc: denied { getattr } for path="/data/data/_vao6XCAAAAQozxOM7BwPUDAxg9VwUjr4/a3u1xK4N2cuI4gPH,TRSgD" dev="mmcblk0p38" ino=20604 scontext=u:r:recovery:s0 tcontext=u:object_r:app_data_file:s0:c134,c256,c512,c768 tclass=lnk_file permissive=1
09-02 20:08:24.569   467   467 I recovery: type=1400 audit(0.0:1873): avc: denied { getattr } for path="/data/data/kKc+1OL85vEvqPl17N2PGB3CnzF" dev="mmcblk0p38" ino=2511 scontext=u:r:recovery:s0 tcontext=u:object_r:app_data_file:s0:c91,c256,c512,c768 tclass=dir permissive=1
09-02 20:08:24.569   467   467 I recovery: type=1400 audit(0.0:1874): avc: denied { read } for name="kKc+1OL85vEvqPl17N2PGB3CnzF" dev="mmcblk0p38" ino=2511 scontext=u:r:recovery:s0 tcontext=u:object_r:app_data_file:s0:c91,c256,c512,c768 tclass=dir permissive=1
09-02 20:08:24.569   467   467 I recovery: type=1400 audit(0.0:1875): avc: denied { open } for path="/data/data/kKc+1OL85vEvqPl17N2PGB3CnzF" dev="mmcblk0p38" ino=2511 scontext=u:r:recovery:s0 tcontext=u:object_r:app_data_file:s0:c91,c256,c512,c768 tclass=dir permissive=1
09-02 20:08:24.569   467   467 I recovery: type=1400 audit(0.0:1876): avc: denied { search } for name="kKc+1OL85vEvqPl17N2PGB3CnzF" dev="mmcblk0p38" ino=2511 scontext=u:r:recovery:s0 tcontext=u:object_r:app_data_file:s0:c91,c256,c512,c768 tclass=dir permissive=1
09-02 20:08:24.573   467   467 I recovery: type=1400 audit(0.0:1877): avc: denied { getattr } for path="/data/data/x8ZtxK0,dnjBZ7tEax8SUOrD3703Lf9,UQPGWZ1sDEL" dev="mmcblk0p38" ino=2525 scontext=u:r:recovery:s0 tcontext=u:object_r:app_data_file:s0:c132,c256,c512,c768 tclass=dir permissive=1
09-02 20:08:24.573   467   467 I recovery: type=1400 audit(0.0:1878): avc: denied { read } for name="x8ZtxK0,dnjBZ7tEax8SUOrD3703Lf9,UQPGWZ1sDEL" dev="mmcblk0p38" ino=2525 scontext=u:r:recovery:s0 tcontext=u:object_r:app_data_file:s0:c132,c256,c512,c768 tclass=dir permissive=1
09-02 20:08:24.573   467   467 I recovery: type=1400 audit(0.0:1879): avc: denied { open } for path="/data/data/x8ZtxK0,dnjBZ7tEax8SUOrD3703Lf9,UQPGWZ1sDEL" dev="mmcblk0p38" ino=2525 scontext=u:r:recovery:s0 tcontext=u:object_r:app_data_file:s0:c132,c256,c512,c768 tclass=dir permissive=1
09-02 20:08:24.573   467   467 I recovery: type=1400 audit(0.0:1880): avc: denied { search } for name="x8ZtxK0,dnjBZ7tEax8SUOrD3703Lf9,UQPGWZ1sDEL" dev="mmcblk0p38" ino=2525 scontext=u:r:recovery:s0 tcontext=u:object_r:app_data_file:s0:c132,c256,c512,c768 tclass=dir permissive=1
09-02 20:08:24.576   467   467 I recovery: type=1400 audit(0.0:1881): avc: denied { getattr } for path="/data/data/x8ZtxK0,dnjBZ7tEax8SUOrD3703Lf9,UQPGWZ1sDEL/FdexVN1JwyUco+b,cQ5awD" dev="mmcblk0p38" ino=20608 scontext=u:r:recovery:s0 tcontext=u:object_r:app_data_file:s0:c132,c256,c512,c768 tclass=lnk_file permissive=1
09-02 20:08:24.579   467   467 I recovery: type=1400 audit(0.0:1882): avc: denied { getattr } for path="/data/data/,1fVgEkzdiSv0OyhDSs7Fe7sDnp6lhpgX2mgRC" dev="mmcblk0p38" ino=2536 scontext=u:r:recovery:s0 tcontext=u:object_r:app_data_file:s0:c84,c256,c512,c768 tclass=dir permissive=1
09-02 20:08:24.579   467   467 I recovery: type=1400 audit(0.0:1883): avc: denied { read } for name=",1fVgEkzdiSv0OyhDSs7Fe7sDnp6lhpgX2mgRC" dev="mmcblk0p38" ino=2536 scontext=u:r:recovery:s0 tcontext=u:object_r:app_data_file:s0:c84,c256,c512,c768 tclass=dir permissive=1
09-02 20:08:24.579   467   467 I recovery: type=1400 audit(0.0:1884): avc: denied { open } for path="/data/data/,1fVgEkzdiSv0OyhDSs7Fe7sDnp6lhpgX2mgRC" dev="mmcblk0p38" ino=2536 scontext=u:r:recovery:s0 tcontext=u:object_r:app_data_file:s0:c84,c256,c512,c768 tclass=dir permissive=1
