09-02 20:10:08.579   195   195 I         : (0)[195:battery_thread][fgauge_read_current] final current=1251 (ratio=1000)
09-02 20:10:08.579   195   195 I         : (0)[195:battery_thread][BattVoltToTemp] 644 16900 1800 -5
09-02 20:10:08.579   195   195 I         : (0)[195:battery_thread][force_get_tbat] 649,644,1,125,100,267 r:320 100 0
09-02 20:10:08.579   195   195 I (0)[195:battery_thread][force_get_tbat] t: 26 precise:267
09-02 20:10:08.580   278   278 I         : (0)[278:kworker/0:2][fgauge_read_current] final current=1251 (ratio=1000)
09-02 20:10:08.580   278   278 I         : (0)[278:kworker/0:2][fgauge_read_current] final current=1251 (ratio=1000)
09-02 20:10:08.580   195   195 I (0)[195:battery_thread][fg_update_sw_iavg]diff time: 60 iavg:720
09-02 20:10:08.580   195   195 I         : (0)[195:battery_thread][fgauge_get_coulomb] CAR=22 r_fg_value=100 car_tune_value=1000
09-02 20:10:08.580   195   195 I (0)[195:battery_thread][fg_update_sw_iavg]time: 60 car:22 22 iavg:600 ht:3000 lt:-3000 gap:3000
09-02 20:10:08.580   195   195 I         : (0)[195:battery_thread][read_boot_battery_plug_out_status] rtc_invalid 0 plugout 1 bat_plug_out_time 31 sp3:0xe4 pl:0 0
09-02 20:10:08.580   195   195 I         : (0)[195:battery_thread][fgauge_read_current] final current=1251 (ratio=1000)
09-02 20:10:08.581   195   195 I         : (0)[195:battery_thread][fgauge_get_coulomb] CAR=22 r_fg_value=100 car_tune_value=1000
09-02 20:10:08.583   195   195 I         : (0)[195:battery_thread][fgauge_read_current] final current=1329 (ratio=1000)
09-02 20:10:08.583   195   195 I         : (0)[195:battery_thread][CH3_DBG] bat_cur = 1329
09-02 20:10:08.584   195   195 I         : (0)[195:battery_thread][fgauge_read_current] final current=1329 (ratio=1000)
09-02 20:10:08.584   195   195 I         : (0)[195:battery_thread][BattVoltToTemp] 645 16900 1800 -5
09-02 20:10:08.584   195   195 I         : (0)[195:battery_thread][force_get_tbat] 650,645,1,132,100,266 r:320 100 0
09-02 20:10:08.584   195   195 I (0)[195:battery_thread][force_get_tbat] t: 26 precise:266
09-02 20:10:08.584   195   195 I         : (0)[195:battery_thread]lbat 0 0 1 34500
09-02 20:10:08.584   195   195 I (0)[195:battery_thread]car[22,121,-121,243,-120, cycle_car:0,ncar:10] c: 1 1251 vbat:4410 vbus:5024 soc:99 100 gm3:0 0 0 0
09-02 20:10:08.584   195   195 I         : (0)[195:battery_thread][fgauge_get_coulomb] CAR=22 r_fg_value=100 car_tune_value=1000
09-02 20:10:08.584   195   195 I         : (0)[195:battery_thread][fg_bat_nafg][fgauge_get_nag_cnt] 0 [25_16 0 15_0 0]
09-02 20:10:08.584   195   195 I (0)[195:battery_thread][fg_nafg_monitor]time: 121 nafg_cnt:0, now:121, last_t:0
09-02 20:10:08.584   195   195 I (0)[195:battery_thread]tmp: 26 65535 65535 hcar2:243 lcar2:120 time:121 sw_iavg:600 600 0 nafg_m:0 0 0
09-02 20:10:08.584   195   195 I         : (0)[195:battery_thread][fgauge_get_coulomb] CAR=22 r_fg_value=100 car_tune_value=1000
09-02 20:10:08.586   195   195 I         : (0)[195:battery_thread][fgauge_read_current] final current=1323 (ratio=1000)
09-02 20:10:08.586   195   195 I chatty  : uid=1036(auditd) identical 1 line
09-02 20:10:08.586   195   195 I         : (0)[195:battery_thread][fgauge_read_current] final current=1323 (ratio=1000)
09-02 20:10:08.586   195   195 I         : (0)[195:battery_thread][CH3_DBG] bat_cur = 1323
09-02 20:10:08.587   195   195 I         : (0)[195:battery_thread][fgauge_read_current] final current=1301 (ratio=1000)
09-02 20:10:08.587   195   195 I         : (0)[195:battery_thread][BattVoltToTemp] 645 16900 1800 -5
09-02 20:10:08.587   195   195 I         : (0)[195:battery_thread][force_get_tbat] 650,645,1,130,100,266 r:320 100 0
09-02 20:10:08.587   195   195 I (0)[195:battery_thread][force_get_tbat] t: 26 precise:266
09-02 20:10:08.587   195   195 I         : (0)[195:battery_thread][fg_is_battery_exist] PMIC_RGS_BATON_UNDET = 1
09-02 20:10:08.587   195   195 I         : (0)[195:battery_thread]GM3log1 121 121 4410 1323 1323 50210 12 26 1 1 233 1 0
09-02 20:10:08.588   195   195 I         : (1)[195:battery_thread]GM3log2 121 0 0 0 0 43876 47 0 5024
09-02 20:10:08.588   195   195 I         : (1)[195:battery_thread]GM3log3 121 0 43085 -3228 0
09-02 20:10:08.588   195   195 I         : (1)[195:battery_thread]GM3log4 0 100 0 1 31 0 1 1 1 0 99
09-02 20:10:08.588   195   195 I         : (1)[195:battery_thread]GM3log int 121 121 0 0 0 0
09-02 20:10:08.588   195   195 I         : (1)[195:battery_thread]GM3log phone_state 0 0
09-02 20:10:08.588   195   195 I (1)[195:battery_thread]GM3 car: 22 car_diff:-10
09-02 20:10:08.588   195   195 I (1)[195:battery_thread][read_nafg_vbat] i: 0 nag_vbat_reg 0xe772 nag_vbat_mv 43640:26482
09-02 20:10:08.588   195   195 I         : (1)[195:battery_thread][read_nafg_vbat1] 0 0 10 0 0 0 0 0 0
09-02 20:10:08.588   195   195 I         : (1)[195:battery_thread][read_nafg_vbat2] 1 0 1 1 1 0 1 0 0 0 0 0
09-02 20:10:08.588   195   195 I (1)[195:battery_thread][fg_bat_nafg][fgauge_get_nag_dltv] mV: Reg [10359:6286]
09-02 20:10:08.588   195   195 I         : (1)[195:battery_thread][fg_bat_nafg][fgauge_get_nag_cnt] 0 [25_16 0 15_0 0]
09-02 20:10:08.588   195   195 I (1)[195:battery_thread][fg_bat_nafg][fgauge_get_nag_c_dltv] mV: Reg[0:0][b10:0][26_16(0x0000) 15_00(0x0000)]
09-02 20:10:08.588   195   195 I         : (1)[195:battery_thread]GM3log-nint-nafg 121 121 0 43640 10359 0 0
09-02 20:10:08.588   195   195 I         : (1)[195:battery_thread]mtk_battery boot mode =2
09-02 20:10:08.588   195   195 I         : (1)[195:battery_thread][wakeup_fg_algo_recovery] intr_num=0x2000000
09-02 20:10:08.784   202   202 I (0)[202:rpmb_open]Trustonic TEE: request_send: daemon not connected after 70s, waiting
09-02 20:10:08.890  1912  1912 I         : (0)[1912:recovery][DISP][POWER]lcm resume[end]
09-02 20:10:08.890  1912  1912 I (0)[1912:recovery][GAMMA] disp_gamma_write_lut_reg: table [0] not initialized
09-02 20:10:08.891  1912  1912 I         : (0)[1912:recovery][DISP]primary display START cmdq trigger loop finished
09-02 20:10:08.891  1912  1912 I         : (0)[1912:recovery][DISP]share SRAM success
09-02 20:10:08.891  1912  1912 I         : (0)[1912:recovery][CMDQ][Res]resource clock engine:0x100 enable:true
09-02 20:10:08.891  1912  1912 I         : (0)[1912:recovery][DISP]mutex_release_timeout1 <355278232 ns>
09-02 20:10:08.891  1912  1912 W -(0)[1912:recovery]CPU: 0 PID: 1912 Comm: recovery Tainted: G        W       4.14.141+ #1
09-02 20:10:08.891  1912  1912 W -(0)[1912:recovery]Hardware name: Generic DT based system
09-02 20:10:08.891  1912  1912 W -(0)[1912:recovery]Backtrace:  
09-02 20:10:08.891  1912  1912 W         : -(0)[1912:recovery][<c010bf48>] (dump_backtrace) from [<c010c218>] (show_stack+0x18/0x1c)
09-02 20:10:08.891  1912  1912 W -(0)[1912:recovery] r6: c168fe20 r5:60080013 r4:00000000 r3:3aaa6479
09-02 20:10:08.891  1912  1912 W         : -(0)[1912:recovery][<c010c200>] (show_stack) from [<c0c934fc>] (dump_stack+0x84/0xa4)
09-02 20:10:08.891  1912  1912 W         : -(0)[1912:recovery][<c0c93478>] (dump_stack) from [<c081c224>] (_primary_path_unlock+0x6c/0x11c)
09-02 20:10:08.891  1912  1912 W -(0)[1912:recovery] r5: 00000000 r4:152d1d98
09-02 20:10:08.891  1912  1912 W         : -(0)[1912:recovery][<c081c1b8>] (_primary_path_unlock) from [<c0823d68>] (primary_display_resume+0xa48/0xbb8)
09-02 20:10:08.891  1912  1912 W -(0)[1912:recovery] r9: 00000000 r8:00000001 r7:c120a188 r6:00000000 r5:c168fe00 r4:00000000
09-02 20:10:08.891  1912  1912 W         : -(0)[1912:recovery][<c0823320>] (primary_display_resume) from [<c0813204>] (mtkfb_blank+0xc0/0x270)
09-02 20:10:08.891  1912  1912 W -(0)[1912:recovery] r10: 00000036 r9:00000000 r8:00000000 r7:c120a188 r6:00000002 r5:00000000
09-02 20:10:08.891  1912  1912 W -(0)[1912:recovery] r4: 00000000
09-02 20:10:08.891  1912  1912 W         : -(0)[1912:recovery][<c0813144>] (mtkfb_blank) from [<c04c3fd8>] (fb_blank+0x6c/0xb8)
09-02 20:10:08.891  1912  1912 W -(0)[1912:recovery] r6: 00000000 r5:c120a188 r4:c5b2c800 r3:c0813144
09-02 20:10:08.891  1912  1912 W         : -(0)[1912:recovery][<c04c3f6c>] (fb_blank) from [<c04c4a9c>] (do_fb_ioctl+0x68c/0x750)
09-02 20:10:08.891  1912  1912 W -(0)[1912:recovery] r6: 00004611 r5:00000000 r4:c5b2c800
09-02 20:10:08.891  1912  1912 W         : -(0)[1912:recovery][<c04c4410>] (do_fb_ioctl) from [<c04c5594>] (fb_ioctl+0x44/0x54)
09-02 20:10:08.891  1912  1912 W -(0)[1912:recovery] r8: 00000000 r7:00000000 r6:e4dda9c0 r5:c5dc6bc8 r4:00000000
09-02 20:10:08.891  1912  1912 W         : -(0)[1912:recovery][<c04c5550>] (fb_ioctl) from [<c02b9694>] (vfs_ioctl+0x20/0x3c)
09-02 20:10:08.891  1912  1912 W         : -(0)[1912:recovery][<c02b9674>] (vfs_ioctl) from [<c02b9f94>] (do_vfs_ioctl+0x7a0/0x8f8)
09-02 20:10:08.891  1912  1912 W         : -(0)[1912:recovery][<c02b97f4>] (do_vfs_ioctl) from [<c02ba140>] (SyS_ioctl+0x54/0x7c)
09-02 20:10:08.891  1912  1912 W -(0)[1912:recovery] r10: 00000036 r9:00000000 r8:00004611 r7:00000000 r6:e4dda9c0 r5:e4dda9c0
09-02 20:10:08.891  1912  1912 W -(0)[1912:recovery] r4: 00000000
09-02 20:10:08.891  1912  1912 W         : -(0)[1912:recovery][<c02ba0ec>] (SyS_ioctl) from [<c0107ac0>] (ret_fast_syscall+0x0/0x54)
09-02 20:10:08.891  1912  1912 W -(0)[1912:recovery] r9: e26ac000 r8:c0107cc4 r7:00000036 r6:00000000 r5:a9950124 r4:a9950124
09-02 20:10:08.891  1912  1912 I (0)[1912:recovery][DISP]skip_update: 0
09-02 20:10:08.891  1912  1912 I         : (0)[1912:recovery][DISP][FB Driver] leave late_resume
09-02 20:10:08.891  1912  1912 I (0)[1912:recovery][DISP]AOD check: succeed to set FB power mode FB_SUSPEND to FB_RESUME
09-02 20:10:08.930  1912  1912 I (0)[1912:recovery][Power/PPM] @ppm_lcmoff_switch: onoff = 1
09-02 20:10:08.930  1912  1912 I (0)[1912:recovery]mtk-tpd: [tpd_fb_notifier_callback:458] tpd_fb_notifier_callback
09-02 20:10:08.930  1912  1912 I (0)[1912:recovery]mtk-tpd: [tpd_fb_notifier_callback:466] fb_notify(blank=0)
09-02 20:10:08.930  1912  1912 I (0)[1912:recovery]mtk-tpd: [tpd_fb_notifier_callback:469] LCD ON Notify
09-02 20:10:08.930    80    80 I (1)[80:kworker/u8:2]mtk-tpd: [touch_resume_workqueue_callback:446] GTP touch_resume_workqueue_callback
09-02 20:10:08.930    80    80 I (1)[80:kworker/u8:2][tlsc]tlsc6x_tpd_reset: Enter
09-02 20:10:08.930    80    80 I (1)[80:kworker/u8:2][tlsc]tlsc6x_tpd_reset_force: Enter
09-02 20:10:08.930    80    80 I (1)[80:kworker/u8:2]mtk-tpd: [tpd_gpio_output:168] tpd_gpio_output pin = 0, level = 0
09-02 20:10:08.932  1912  1912 I (0)[1912:recovery][PWM] disp_pwm_set_backlight_cmdq: (id = 0x1, level_1024 = 1023), old = 0
09-02 20:10:08.932  1912  1912 I (0)[1912:recovery][PWM] disp_pwm_backlight_status: backlight is on (1023), power:(1), pwm id: (0)
09-02 20:10:08.957    80    80 I (2)[80:kworker/u8:2]mtk-tpd: [tpd_gpio_output:168] tpd_gpio_output pin = 0, level = 1
09-02 20:10:08.939  1912  1912 I chatty  : uid=0(root) identical 2 lines
09-02 20:10:08.941  1912  1912 W recovery: [libfs_mgr]Warning: unknown flag: resize
09-02 20:10:09.004  1912  1912 E recovery: DM_DEV_CREATE failed for [product]: Device or resource busy
09-02 20:10:09.004  1912  1912 E recovery: [libfs_mgr]Could not create logical partition: product
09-02 20:10:09.002  1912  1912 I recovery: type=1400 audit(0.0:2644): avc: denied { ioctl } for path="/dev/block/dm-1" dev="tmpfs" ino=11563 ioctlcmd=0x5331 scontext=u:r:recovery:s0 tcontext=u:object_r:dm_device:s0 tclass=blk_file permissive=1
09-02 20:10:09.029  1912  1912 I recovery: type=1400 audit(0.0:2645): avc: denied { ioctl } for path="/dev/block/dm-2" dev="tmpfs" ino=15566 ioctlcmd=0x5331 scontext=u:r:recovery:s0 tcontext=u:object_r:dm_device:s0 tclass=blk_file permissive=1
09-02 20:10:09.059  1912  1912 I recovery: type=1400 audit(0.0:2646): avc: denied { ioctl } for path="/dev/block/dm-0" dev="tmpfs" ino=15557 ioctlcmd=0x5331 scontext=u:r:recovery:s0 tcontext=u:object_r:dm_device:s0 tclass=blk_file permissive=1
09-02 20:10:09.199  1912  1912 I recovery: type=1400 audit(0.0:2647): avc: denied { ioctl } for path="/dev/block/dm-1" dev="tmpfs" ino=11563 ioctlcmd=0x5331 scontext=u:r:recovery:s0 tcontext=u:object_r:dm_device:s0 tclass=blk_file permissive=1
09-02 20:10:09.202  1912  1912 I recovery: type=1400 audit(0.0:2648): avc: denied { ioctl } for path="/dev/block/dm-2" dev="tmpfs" ino=15566 ioctlcmd=0x5331 scontext=u:r:recovery:s0 tcontext=u:object_r:dm_device:s0 tclass=blk_file permissive=1
09-02 20:10:09.283  1912  1912 I (0)[1912:recovery]F2FS-fs (mmcblk0p38): Reduce reserved blocks for root = 5871
09-02 20:10:09.301  1912  1912 I (0)[1912:recovery]F2FS-fs (mmcblk0p38): Found nat_bits in checkpoint
09-02 20:10:09.464     0     0 I         : (3)[234:wdtk-3][wdk-c] cpu=3,lbit=0x8,cbit=0xf,3,1,30390060071,[122486662598,20000000]
09-02 20:10:09.464     0     0 I         : (2)[233:wdtk-2][wdk-c] cpu=2,lbit=0xc,cbit=0xf,3,1,30390060071,[122486668675,19999993]
09-02 20:10:09.464     0     0 I         : (1)[232:wdtk-1][wdk-c] cpu=1,lbit=0xe,cbit=0xf,3,1,30390060071,[122486672829,19999989]
09-02 20:10:09.464     0     0 W         : (0)[231:wdtk-0][wdk-k] cpu=0,lbit=0xf,cbit=0xf,3,1,30390060071,[122486677060,19999985]
09-02 20:10:09.464     0     0 I         : (2)[233:wdtk-2][thread:233][RT:122486686444] 2021-09-02 20:10:09.460696 UTC;android time 2021-09-02 20:10:09.460696
09-02 20:10:09.480  1912  1912 I (0)[1912:recovery]F2FS-fs (mmcblk0p38): Mounted with checkpoint version = b1edab
09-02 20:10:09.484   167   167 I         : (1)[167:hang_detect][Hang_Detect] hang_detect thread counts down 2147483647:2147483647, status 0.
09-02 20:10:09.522  1912  1912 I recovery: type=1400 audit(0.0:2649): avc: denied { ioctl } for path="/dev/block/dm-1" dev="tmpfs" ino=11563 ioctlcmd=0x5331 scontext=u:r:recovery:s0 tcontext=u:object_r:dm_device:s0 tclass=blk_file permissive=1
09-02 20:10:09.555  1912  1912 I recovery: type=1400 audit(0.0:2650): avc: denied { ioctl } for path="/dev/block/dm-2" dev="tmpfs" ino=15566 ioctlcmd=0x5331 scontext=u:r:recovery:s0 tcontext=u:object_r:dm_device:s0 tclass=blk_file permissive=1
09-02 20:10:09.585  1912  1912 I recovery: type=1400 audit(0.0:2651): avc: denied { ioctl } for path="/dev/block/dm-0" dev="tmpfs" ino=15557 ioctlcmd=0x5331 scontext=u:r:recovery:s0 tcontext=u:object_r:dm_device:s0 tclass=blk_file permissive=1
09-02 20:10:09.681  1912  1912 I (0)[1912:recovery]F2FS-fs (mmcblk0p38): Reduce reserved blocks for root = 5871
09-02 20:10:09.698  1912  1912 I (0)[1912:recovery]F2FS-fs (mmcblk0p38): Found nat_bits in checkpoint
09-02 20:10:09.875  1912  1912 I (0)[1912:recovery]F2FS-fs (mmcblk0p38): Mounted with checkpoint version = b1edad
09-02 20:10:09.924   172   172 I         : (1)[172:disp_check][DISP][ESD]ESD check end, ret = 0
09-02 20:10:09.997     0     0 I (2)[227:mtk-tpd][tlsc]esd_check_work: Enter
09-02 20:10:10.000     1     1 I (1)[1:init]: starting service 'hwservicemanager'...
09-02 20:10:10.006     1     1 I (1)[1:init]: starting service 'vndservicemanager'...
09-02 20:10:10.009  1928  1928 E (2)[1928:init]: failed to write pid to files: couldn't write 1928 to /dev/cpuset/system-background/tasks: No such file or directory
09-02 20:10:10.026  1928  1928 E ProcessState: Binder driver protocol(8) does not match user space protocol(7)! ioctl() return value: 0
09-02 20:10:10.026  1928  1928 E ProcessState: Binder ioctl to set max threads failed: Bad file descriptor
09-02 20:10:10.027  1928  1928 F ProcessState: Binder driver '/dev/vndbinder' could not be opened.  Terminating.
09-02 20:10:10.027  1928  1928 F libc    : Fatal signal 6 (SIGABRT), code -1 (SI_QUEUE) in tid 1928 (vndservicemanag), pid 1928 (vndservicemanag)
09-02 20:10:10.029  1930  1930 F libc    : failed to exec crash_dump helper: No such file or directory
09-02 20:10:10.030  1928  1928 F libc    : crash_dump helper failed to exec
09-02 20:10:10.034     1     1 I (1)[1:init]: Untracked pid 1930 exited with status 1
09-02 20:10:10.035     1     1 I (1)[1:init]: Service 'vndservicemanager' (pid 1928) received signal 6
09-02 20:10:10.035     1     1 I (1)[1:init]: Sending signal 9 to service 'vndservicemanager' (pid 1928) process group...
09-02 20:10:10.035     1     1 I (1)[1:init]libprocessgroup: Successfully killed process cgroup uid 0 pid 1928 in 0ms
09-02 20:10:10.039  1927  1927 E hw-ProcessState: Binder driver protocol(8) does not match user space protocol(7)!
09-02 20:10:10.040  1927  1927 E hw-ProcessState: Binder ioctl to set max threads failed: Bad file descriptor
09-02 20:10:10.040  1927  1927 F hw-ProcessState: Binder driver could not be opened. Terminating.
09-02 20:10:10.040  1927  1927 F libc    : Fatal signal 6 (SIGABRT), code -1 (SI_QUEUE) in tid 1927 (hwservicemanage), pid 1927 (hwservicemanage)
09-02 20:10:10.042  1932  1932 F libc    : failed to exec crash_dump helper: No such file or directory
09-02 20:10:10.042  1927  1927 F libc    : crash_dump helper failed to exec
09-02 20:10:10.047     1     1 I (0)[1:init]: Service 'hwservicemanager' (pid 1927) received signal 6
09-02 20:10:10.047     1     1 I (0)[1:init]: Sending signal 9 to service 'hwservicemanager' (pid 1927) process group...
09-02 20:10:10.047     1     1 I (0)[1:init]libprocessgroup: Successfully killed process cgroup uid 0 pid 1927 in 0ms
09-02 20:10:10.977   279   279 I         : (2)[279:kworker/u8:3][fgauge_read_current] final current=383 (ratio=1000)
09-02 20:10:10.977   279   279 I         : (2)[279:kworker/u8:3][CH3_DBG] bat_cur = 383
09-02 20:10:10.978   279   279 W -(2)[279:kworker/u8:3]mt635x_auxadc_read_raw: 17 callbacks suppressed
09-02 20:10:10.978   279   279 I (2)[279:kworker/u8:3]mt635x-auxadc mt635x-auxadc: name:BAT_TEMP, channel=3, adc_out=0x5c2, adc_result=647
09-02 20:10:10.978   279   279 I         : (2)[279:kworker/u8:3][fgauge_read_current] final current=370 (ratio=1000)
09-02 20:10:10.978   279   279 I         : (2)[279:kworker/u8:3][BattVoltToTemp] 646 16900 1800 -1
09-02 20:10:10.978   279   279 I         : (2)[279:kworker/u8:3][force_get_tbat] 647,646,1,37,100,266 r:320 100 0
09-02 20:10:10.978   279   279 I (2)[279:kworker/u8:3][force_get_tbat] t: 26 precise:266
09-02 20:10:11.191    79    79 I (0)[79:kworker/u8:1]mt635x-auxadc mt635x-auxadc: name:VCORE_TEMP, channel=4, adc_out=0x601, adc_result=675
09-02 20:10:11.191   279   279 I (2)[279:kworker/u8:3]mt635x-auxadc mt635x-auxadc: name:VPROC_TEMP, channel=4, adc_out=0x5ff, adc_result=674
09-02 20:10:11.708  1912  1912 I (0)[1912:recovery]F2FS-fs (mmcblk0p38): Reduce reserved blocks for root = 5871
09-02 20:10:11.727  1912  1912 I (3)[1912:recovery]F2FS-fs (mmcblk0p38): Found nat_bits in checkpoint
09-02 20:10:11.907  1912  1912 I (0)[1912:recovery]F2FS-fs (mmcblk0p38): Mounted with checkpoint version = b1edaf
09-02 20:10:11.925  1912  1912 I recovery: type=1400 audit(0.0:2652): avc: denied { ioctl } for path="/dev/block/dm-1" dev="tmpfs" ino=11563 ioctlcmd=0x5331 scontext=u:r:recovery:s0 tcontext=u:object_r:dm_device:s0 tclass=blk_file permissive=1
09-02 20:10:11.945  1912  1912 I recovery: type=1400 audit(0.0:2653): avc: denied { ioctl } for path="/dev/block/dm-2" dev="tmpfs" ino=15566 ioctlcmd=0x5331 scontext=u:r:recovery:s0 tcontext=u:object_r:dm_device:s0 tclass=blk_file permissive=1
09-02 20:10:11.972  1912  1912 I recovery: type=1400 audit(0.0:2654): avc: denied { ioctl } for path="/dev/block/dm-0" dev="tmpfs" ino=15557 ioctlcmd=0x5331 scontext=u:r:recovery:s0 tcontext=u:object_r:dm_device:s0 tclass=blk_file permissive=1
09-02 20:10:12.057   172   172 I         : (1)[172:disp_check][DISP][ESD]ESD check end, ret = 0
09-02 20:10:12.683     0     0 I         : (2)[0:swapper/2][mtk_net][rtnl_lock]There is no process hold rtnl lock
09-02 20:10:12.684   192   192 I         : (2)[192:kworker/2:1]usb_state<CONFIGURED>
09-02 20:10:13.408     0     0 W (2)[0:swapper/2][mcdi]mcdi cpu: 0, 0, 0, 0, cluster : 0, pause = 0, multi core = 0, latency = 0, residency = 0, last core = 0, avail cpu = 000f, cluster = 0001, enabled = 0, max_s_state = 5, system_idle_hint = 00000000
09-02 20:10:13.823  1987  1987 I (3)[1987:sh][DISP][mtkfb_ioctl #1613]warn: mtkfb_ioctl Not support, info=0x21d257fc, cmd=0x00005401, arg=0xbea14c08
09-02 20:10:13.997     0     0 I (0)[227:mtk-tpd][tlsc]esd_check_work: Enter
09-02 20:10:14.142  1912  1912 I recovery: type=1400 audit(0.0:2655): avc: denied { ioctl } for path="/dev/block/dm-1" dev="tmpfs" ino=11563 ioctlcmd=0x5331 scontext=u:r:recovery:s0 tcontext=u:object_r:dm_device:s0 tclass=blk_file permissive=1
09-02 20:10:14.171  1912  1912 F libc    : Fatal signal 11 (SIGSEGV), code 1 (SEGV_MAPERR), fault addr 0x2c in tid 1912 (recovery), pid 1912 (recovery)
09-02 20:10:14.175  1999  1999 F libc    : failed to exec crash_dump helper: No such file or directory
09-02 20:10:14.177  1912  1912 F libc    : crash_dump helper failed to exec
09-02 20:10:14.190   172   172 I         : (1)[172:disp_check][DISP][ESD]ESD check end, ret = 0
09-02 20:10:14.335  2000  2000 W libc    : Unable to set property "ro.twrp.boot" to "1": error code: 0xb
09-02 20:10:14.336  2000  2000 W libc    : Unable to set property "ro.twrp.version" to "3.6.0_11-TEST_MRMAZAK_v1": error code: 0xb
09-02 20:10:14.341  2000  2000 E (0)[2000:recovery]PVR_K: (Error):  2000: PVRSRVCommonDeviceOpen: Driver already in bad state. Device open failed.
09-02 20:10:14.344  2000  2000 I (0)[2000:recovery]mtk-tpd: [tpd_fb_notifier_callback:458] tpd_fb_notifier_callback
09-02 20:10:14.344  2000  2000 I         : (0)[2000:recovery][DISP][FB Driver] enter early_suspend
09-02 20:10:14.380  2000  2000 I         : (0)[2000:recovery][DISP]primary_display_suspend begin
09-02 20:10:14.380  2000  2000 I (0)[2000:recovery][DISP][disp_lowpower]_release_wrot_resource_nolock: use_wrot_sram:1
09-02 20:10:14.390   279   279 I         : (1)[279:kworker/u8:3][CMDQ][Res]resource clock engine:0x100 enable:false
09-02 20:10:14.406  2000  2000 I         : (0)[2000:recovery][DISP][POWER]primary display path is busy now, wait frame done, event_ret=295
09-02 20:10:14.406  2000  2000 I         : (0)[2000:recovery][DISP][POWER]display cmdq trigger loop stop
09-02 20:10:14.406  2000  2000 I         : (0)[2000:recovery][DISP]primary display STOP cmdq trigger loop finished
09-02 20:10:14.406  2000  2000 I (0)[2000:recovery][DISP]dsi stop: brust mode(vdo mode lcm)
09-02 20:10:14.407  2000  2000 I         : (0)[2000:recovery][DISP][POWER]primary display path stop[end]
09-02 20:10:14.627  2000  2000 I         : (0)[2000:recovery][DISP][POWER]lcm suspend[end]
09-02 20:10:14.627  2000  2000 I (0)[2000:recovery][PWM] disp_pwm_backlight_status: backlight is off, power:(0), pwm id: (0)
09-02 20:10:14.631  2000  2000 I         : (0)[2000:recovery][DISP][POWER]dpmanager path power off[end]
09-02 20:10:14.631  2000  2000 I         : (0)[2000:recovery][DISP]mutex_release_timeout1 <250705693 ns>
09-02 20:10:14.631  2000  2000 W -(0)[2000:recovery]CPU: 0 PID: 2000 Comm: recovery Tainted: G        W       4.14.141+ #1
09-02 20:10:14.631  2000  2000 W -(0)[2000:recovery]Hardware name: Generic DT based system
09-02 20:10:14.631  2000  2000 W -(0)[2000:recovery]Backtrace:  
09-02 20:10:14.631  2000  2000 W         : -(0)[2000:recovery][<c010bf48>] (dump_backtrace) from [<c010c218>] (show_stack+0x18/0x1c)
09-02 20:10:14.631  2000  2000 W -(0)[2000:recovery] r6: c168fe20 r5:60080013 r4:00000000 r3:3aaa6479
09-02 20:10:14.631  2000  2000 W         : -(0)[2000:recovery][<c010c200>] (show_stack) from [<c0c934fc>] (dump_stack+0x84/0xa4)
09-02 20:10:14.631  2000  2000 W         : -(0)[2000:recovery][<c0c93478>] (dump_stack) from [<c081c224>] (_primary_path_unlock+0x6c/0x11c)
09-02 20:10:14.631  2000  2000 W -(0)[2000:recovery] r5: 00000000 r4:0ef1771d
09-02 20:10:14.631  2000  2000 W         : -(0)[2000:recovery][<c081c1b8>] (_primary_path_unlock) from [<c0825e24>] (primary_display_suspend+0x440/0x528)
09-02 20:10:14.631  2000  2000 W -(0)[2000:recovery] r9: 00000000 r8:00000000 r7:c120a188 r6:00000002 r5:c168fe00 r4:00000000
09-02 20:10:14.631  2000  2000 W         : -(0)[2000:recovery][<c08259e4>] (primary_display_suspend) from [<c08132f4>] (mtkfb_blank+0x1b0/0x270)
09-02 20:10:14.631  2000  2000 W -(0)[2000:recovery] r5: 00000001 r4:00000000
09-02 20:10:14.631  2000  2000 W         : -(0)[2000:recovery][<c0813144>] (mtkfb_blank) from [<c04c3fd8>] (fb_blank+0x6c/0xb8)
09-02 20:10:14.631  2000  2000 W -(0)[2000:recovery] r6: 00000000 r5:c120a188 r4:c5b2c800 r3:c0813144
09-02 20:10:14.631  2000  2000 W         : -(0)[2000:recovery][<c04c3f6c>] (fb_blank) from [<c04c4a9c>] (do_fb_ioctl+0x68c/0x750)
09-02 20:10:14.631  2000  2000 W -(0)[2000:recovery] r6: 00004611 r5:00000004 r4:c5b2c800
09-02 20:10:14.631  2000  2000 W         : -(0)[2000:recovery][<c04c4410>] (do_fb_ioctl) from [<c04c5594>] (fb_ioctl+0x44/0x54)
09-02 20:10:14.631  2000  2000 W -(0)[2000:recovery] r8: 00000000 r7:00000004 r6:e273c240 r5:c5dc6bc8 r4:00000004
09-02 20:10:14.632  2000  2000 W         : -(0)[2000:recovery][<c04c5550>] (fb_ioctl) from [<c02b9694>] (vfs_ioctl+0x20/0x3c)
09-02 20:10:14.632  2000  2000 W         : -(0)[2000:recovery][<c02b9674>] (vfs_ioctl) from [<c02b9f94>] (do_vfs_ioctl+0x7a0/0x8f8)
09-02 20:10:14.632  2000  2000 W         : -(0)[2000:recovery][<c02b97f4>] (do_vfs_ioctl) from [<c02ba140>] (SyS_ioctl+0x54/0x7c)
09-02 20:10:14.632  2000  2000 W -(0)[2000:recovery] r10: 00000036 r9:00000000 r8:00004611 r7:00000004 r6:e273c240 r5:e273c240
09-02 20:10:14.632  2000  2000 W -(0)[2000:recovery] r4: 00000000
09-02 20:10:14.632  2000  2000 W         : -(0)[2000:recovery][<c02ba0ec>] (SyS_ioctl) from [<c0107ac0>] (ret_fast_syscall+0x0/0x54)
09-02 20:10:14.632  2000  2000 W -(0)[2000:recovery] r9: e39d8000 r8:c0107cc4 r7:00000036 r6:aa07b4b0 r5:aa07b40c r4:aa010124
09-02 20:10:14.632  2000  2000 I         : (0)[2000:recovery][DISP]primary_display_suspend end
09-02 20:10:14.632  2000  2000 I         : (0)[2000:recovery][DISP][FB Driver] leave early_suspend
09-02 20:10:14.632  2000  2000 I (0)[2000:recovery][DISP]AOD check: succeed to set FB power mode FB_RESUME to FB_SUSPEND
09-02 20:10:14.632  2000  2000 E (0)[2000:recovery][ION]ion_fb_event: + screen-off +
09-02 20:10:14.632  2000  2000 E (0)[2000:recovery][ION]ion_fb_event: - screen-off -
09-02 20:10:14.632  2000  2000 I (0)[2000:recovery][Power/PPM] @ppm_lcmoff_switch: onoff = 0
09-02 20:10:14.632  2000  2000 I (0)[2000:recovery]mtk-tpd: [tpd_fb_notifier_callback:458] tpd_fb_notifier_callback
09-02 20:10:14.632  2000  2000 I (0)[2000:recovery]mtk-tpd: [tpd_fb_notifier_callback:466] fb_notify(blank=4)
09-02 20:10:14.632  2000  2000 I (0)[2000:recovery]mtk-tpd: [tpd_fb_notifier_callback:480] LCD OFF Notify
09-02 20:10:14.632  2000  2000 I (0)[2000:recovery]mtk-tpd: [tpd_fb_notifier_callback:484] cancel resume_workqueue failed
09-02 20:10:14.633  2000  2000 I (0)[2000:recovery]mtk-tpd: [tpd_fb_notifier_callback:458] tpd_fb_notifier_callback
09-02 20:10:14.633  2000  2000 I         : (0)[2000:recovery][DISP][FB Driver] enter late_resume
09-02 20:10:14.633  2000  2000 I         : (0)[2000:recovery][DISP]primary_display_resume begin
09-02 20:10:15.024  2002  2002 E ProcessState: Binder driver protocol(8) does not match user space protocol(7)! ioctl() return value: 0
09-02 20:10:15.024  2002  2002 E ProcessState: Binder ioctl to set max threads failed: Bad file descriptor
09-02 20:10:15.025  2002  2002 F ProcessState: Binder driver '/dev/vndbinder' could not be opened.  Terminating.
09-02 20:10:15.025  2002  2002 F libc    : Fatal signal 6 (SIGABRT), code -1 (SI_QUEUE) in tid 2002 (vndservicemanag), pid 2002 (vndservicemanag)
09-02 20:10:15.026  2004  2004 F libc    : failed to exec crash_dump helper: No such file or directory
09-02 20:10:15.027  2002  2002 F libc    : crash_dump helper failed to exec
09-02 20:10:14.640  2000  2000 I (1)[2000:recovery][DDP/]warn: CG0 0xfec00df0, CG1 0x3ffff
09-02 20:10:14.640  2000  2000 I         : (1)[2000:recovery][DISP]dpmanager path power on[end]
09-02 20:10:14.640  2000  2000 I         : (1)[2000:recovery][DISP]cmd/video mode=1
09-02 20:10:14.640  2000  2000 I (1)[2000:recovery][DDP/OVL]warn: ovl_roi:(480x960)
09-02 20:10:14.641  2000  2000 I (1)[2000:recovery][DDP/DSI]warn: DSI_Set_VM_CMD
09-02 20:10:14.641  2000  2000 I         : (1)[2000:recovery][DISP][POWER]dpmanager re-init[end]
09-02 20:10:14.994  2000  2000 I         : (0)[2000:recovery][DISP][POWER]lcm resume[end]
09-02 20:10:14.994  2000  2000 I (0)[2000:recovery][GAMMA] disp_gamma_write_lut_reg: table [0] not initialized
09-02 20:10:14.994  2000  2000 I         : (0)[2000:recovery][DISP]primary display START cmdq trigger loop finished
09-02 20:10:14.994  2000  2000 I         : (0)[2000:recovery][DISP]share SRAM success
09-02 20:10:14.994  2000  2000 I         : (0)[2000:recovery][CMDQ][Res]resource clock engine:0x100 enable:true
09-02 20:10:14.994  2000  2000 I         : (0)[2000:recovery][DISP]mutex_release_timeout1 <361219693 ns>
09-02 20:10:14.994  2000  2000 W -(0)[2000:recovery]CPU: 0 PID: 2000 Comm: recovery Tainted: G        W       4.14.141+ #1
09-02 20:10:14.994  2000  2000 W -(0)[2000:recovery]Hardware name: Generic DT based system
09-02 20:10:14.994  2000  2000 W -(0)[2000:recovery]Backtrace:  
09-02 20:10:14.994  2000  2000 W         : -(0)[2000:recovery][<c010bf48>] (dump_backtrace) from [<c010c218>] (show_stack+0x18/0x1c)
09-02 20:10:14.994  2000  2000 W -(0)[2000:recovery] r6: c168fe20 r5:60080013 r4:00000000 r3:3aaa6479
09-02 20:10:14.994  2000  2000 W         : -(0)[2000:recovery][<c010c200>] (show_stack) from [<c0c934fc>] (dump_stack+0x84/0xa4)
09-02 20:10:14.994  2000  2000 W         : -(0)[2000:recovery][<c0c93478>] (dump_stack) from [<c081c224>] (_primary_path_unlock+0x6c/0x11c)
09-02 20:10:14.994  2000  2000 W -(0)[2000:recovery] r5: 00000000 r4:1587c66d
09-02 20:10:14.995  2000  2000 W         : -(0)[2000:recovery][<c081c1b8>] (_primary_path_unlock) from [<c0823d68>] (primary_display_resume+0xa48/0xbb8)
09-02 20:10:14.995  2000  2000 W -(0)[2000:recovery] r9: 00000000 r8:00000001 r7:c120a188 r6:00000000 r5:c168fe00 r4:00000000
09-02 20:10:14.995  2000  2000 W         : -(0)[2000:recovery][<c0823320>] (primary_display_resume) from [<c0813204>] (mtkfb_blank+0xc0/0x270)
09-02 20:10:14.995  2000  2000 W -(0)[2000:recovery] r10: 00000036 r9:00000000 r8:00000000 r7:c120a188 r6:00000002 r5:00000000
09-02 20:10:14.995  2000  2000 W -(0)[2000:recovery] r4: 00000000
09-02 20:10:14.995  2000  2000 W         : -(0)[2000:recovery][<c0813144>] (mtkfb_blank) from [<c04c3fd8>] (fb_blank+0x6c/0xb8)
09-02 20:10:14.995  2000  2000 W -(0)[2000:recovery] r6: 00000000 r5:c120a188 r4:c5b2c800 r3:c0813144
09-02 20:10:14.995  2000  2000 W         : -(0)[2000:recovery][<c04c3f6c>] (fb_blank) from [<c04c4a9c>] (do_fb_ioctl+0x68c/0x750)
09-02 20:10:14.995  2000  2000 W -(0)[2000:recovery] r6: 00004611 r5:00000000 r4:c5b2c800
09-02 20:10:14.995  2000  2000 W         : -(0)[2000:recovery][<c04c4410>] (do_fb_ioctl) from [<c04c5594>] (fb_ioctl+0x44/0x54)
09-02 20:10:14.995  2000  2000 W -(0)[2000:recovery] r8: 00000000 r7:00000000 r6:e273c240 r5:c5dc6bc8 r4:00000000
09-02 20:10:14.995  2000  2000 W         : -(0)[2000:recovery][<c04c5550>] (fb_ioctl) from [<c02b9694>] (vfs_ioctl+0x20/0x3c)
09-02 20:10:14.995  2000  2000 W         : -(0)[2000:recovery][<c02b9674>] (vfs_ioctl) from [<c02b9f94>] (do_vfs_ioctl+0x7a0/0x8f8)
09-02 20:10:14.995  2000  2000 W         : -(0)[2000:recovery][<c02b97f4>] (do_vfs_ioctl) from [<c02ba140>] (SyS_ioctl+0x54/0x7c)
09-02 20:10:14.995  2000  2000 W -(0)[2000:recovery] r10: 00000036 r9:00000000 r8:00004611 r7:00000000 r6:e273c240 r5:e273c240
09-02 20:10:14.995  2000  2000 W -(0)[2000:recovery] r4: 00000000
09-02 20:10:14.995  2000  2000 W         : -(0)[2000:recovery][<c02ba0ec>] (SyS_ioctl) from [<c0107ac0>] (ret_fast_syscall+0x0/0x54)
09-02 20:10:14.995  2000  2000 W -(0)[2000:recovery] r9: e39d8000 r8:c0107cc4 r7:00000036 r6:aa07b4b0 r5:aa07b40c r4:aa010124
09-02 20:10:14.995  2000  2000 I (0)[2000:recovery][DISP]skip_update: 0
09-02 20:10:14.995  2000  2000 I         : (0)[2000:recovery][DISP][FB Driver] leave late_resume
09-02 20:10:14.995  2000  2000 I (0)[2000:recovery][DISP]AOD check: succeed to set FB power mode FB_SUSPEND to FB_RESUME
09-02 20:10:15.008     1     1 I (3)[1:init]: starting service 'vndservicemanager'...
09-02 20:10:15.011  2002  2002 E (1)[2002:init]: failed to write pid to files: couldn't write 2002 to /dev/cpuset/system-background/tasks: No such file or directory
09-02 20:10:15.031     1     1 I (1)[1:init]: Service 'vndservicemanager' (pid 2002) received signal 6
09-02 20:10:15.031     1     1 I (1)[1:init]: Sending signal 9 to service 'vndservicemanager' (pid 2002) process group...
09-02 20:10:15.032     1     1 I (1)[1:init]libprocessgroup: Successfully killed process cgroup uid 0 pid 2002 in 0ms
09-02 20:10:15.032     1     1 I (3)[1:init]: Untracked pid 2004 exited with status 1
09-02 20:10:15.034  2000  2000 I (0)[2000:recovery][Power/PPM] @ppm_lcmoff_switch: onoff = 1
09-02 20:10:15.034  2000  2000 I (0)[2000:recovery]mtk-tpd: [tpd_fb_notifier_callback:458] tpd_fb_notifier_callback
09-02 20:10:15.034  2000  2000 I (0)[2000:recovery]mtk-tpd: [tpd_fb_notifier_callback:466] fb_notify(blank=0)
09-02 20:10:15.034  2000  2000 I (0)[2000:recovery]mtk-tpd: [tpd_fb_notifier_callback:469] LCD ON Notify
09-02 20:10:15.034    79    79 I (1)[79:kworker/u8:1]mtk-tpd: [touch_resume_workqueue_callback:446] GTP touch_resume_workqueue_callback
09-02 20:10:15.034    79    79 I (1)[79:kworker/u8:1][tlsc]tlsc6x_tpd_reset: Enter
09-02 20:10:15.034    79    79 I (1)[79:kworker/u8:1][tlsc]tlsc6x_tpd_reset_force: Enter
09-02 20:10:15.034    79    79 I (1)[79:kworker/u8:1]mtk-tpd: [tpd_gpio_output:168] tpd_gpio_output pin = 0, level = 0
09-02 20:10:15.035  2000  2000 I         : (0)[2000:recovery][DISP]AEE is not enabled, will disable layer 3
09-02 20:10:15.035  2000  2000 I (0)[2000:recovery][VcoreFS] feature_en: 0, init_done: 0, kr: 0, opp: 3
09-02 20:10:15.035  2000  2000 I         : (0)[2000:recovery][pid=2000]Set vcore step failed: 3
09-02 20:10:15.035  2000  2000 I (0)[2000:recovery][MMDVFS][pid=2000]Fixed,set scen: (22,0x0)step:(3,3,0x0,0x0,0x0,0x400000)
09-02 20:10:15.035  2000  2000 I (0)[2000:recovery][MMDVFS][pid=2000]Fixed,C(0,0,0x0,0),I(0,0),CLK: 0
09-02 20:10:15.035  2000  2000 I         : (0)[2000:recovery][DISP]primary display will switch from DIRECT_LINK to RDMA_MODE
09-02 20:10:15.035  2000  2000 I         : (0)[2000:recovery][DISP]primary display is RDMA_MODE mode now
09-02 20:10:15.042  2001  2001 E hw-ProcessState: Binder driver protocol(8) does not match user space protocol(7)!
09-02 20:10:15.042  2001  2001 E hw-ProcessState: Binder ioctl to set max threads failed: Bad file descriptor
09-02 20:10:15.042  2001  2001 F hw-ProcessState: Binder driver could not be opened. Terminating.
09-02 20:10:15.042  2001  2001 F libc    : Fatal signal 6 (SIGABRT), code -1 (SI_QUEUE) in tid 2001 (hwservicemanage), pid 2001 (hwservicemanage)
09-02 20:10:15.044  2000  2000 I (3)[2000:recovery]mtk-tpd: [tpd_fb_notifier_callback:458] tpd_fb_notifier_callback
09-02 20:10:15.044  2006  2006 F libc    : failed to exec crash_dump helper: No such file or directory
09-02 20:10:15.044  2000  2000 I         : (3)[2000:recovery][DISP]AEE is not enabled, will disable layer 3
09-02 20:10:15.044  2001  2001 F libc    : crash_dump helper failed to exec
09-02 20:10:15.049     1     1 I (0)[1:init]: Service 'hwservicemanager' (pid 2001) received signal 6
09-02 20:10:15.049     1     1 I (0)[1:init]: Sending signal 9 to service 'hwservicemanager' (pid 2001) process group...
09-02 20:10:15.049     1     1 I (0)[1:init]libprocessgroup: Successfully killed process cgroup uid 0 pid 2001 in 0ms
09-02 20:10:15.050     1     1 I (2)[1:init]: Untracked pid 2006 exited with status 1
09-02 20:10:15.060    79    79 I (0)[79:kworker/u8:1]mtk-tpd: [tpd_gpio_output:168] tpd_gpio_output pin = 0, level = 1
09-02 20:10:15.060  2000  2000 I (2)[2000:recovery]mtk-tpd: [tpd_fb_notifier_callback:458] tpd_fb_notifier_callback
09-02 20:10:15.061  2000  2000 I (2)[2000:recovery][PWM] disp_pwm_set_backlight_cmdq: (id = 0x1, level_1024 = 0), old = 1023
09-02 20:10:15.061  2000  2000 I (2)[2000:recovery]mtk-tpd: [tpd_fb_notifier_callback:458] tpd_fb_notifier_callback
09-02 20:10:15.061  2000  2000 I         : (2)[2000:recovery][DISP][FB Driver] enter early_suspend
09-02 20:10:15.097  2000  2000 I         : (2)[2000:recovery][DISP]primary_display_suspend begin
09-02 20:10:15.097  2000  2000 I         : (2)[2000:recovery][DISP]primary display will switch from RDMA_MODE to DIRECT_LINK
09-02 20:10:15.097  2000  2000 I (2)[2000:recovery][DDP/OVL]warn: ovl_roi:(480x960)
09-02 20:10:15.099  2000  2000 I (2)[2000:recovery][DDP/DSI]warn: DSI_Set_VM_CMD
09-02 20:10:15.110  2000  2000 I         : (1)[2000:recovery][DISP]primary display is DIRECT_LINK mode now
09-02 20:10:15.110  2000  2000 I (1)[2000:recovery][DISP][disp_lowpower]_release_wrot_resource_nolock: use_wrot_sram:1
09-02 20:10:15.127    79    79 I         : (2)[79:kworker/u8:1][CMDQ][Res]resource clock engine:0x100 enable:false
09-02 20:10:15.144  2000  2000 I         : (0)[2000:recovery][DISP][POWER]primary display path is busy now, wait frame done, event_ret=295
09-02 20:10:15.144  2000  2000 I         : (0)[2000:recovery][DISP][POWER]display cmdq trigger loop stop
09-02 20:10:15.144  2000  2000 I         : (0)[2000:recovery][DISP]primary display STOP cmdq trigger loop finished
09-02 20:10:15.144  2000  2000 I (0)[2000:recovery][DISP]dsi stop: brust mode(vdo mode lcm)
09-02 20:10:15.144  2000  2000 I         : (0)[2000:recovery][DISP][POWER]primary display path stop[end]
09-02 20:10:15.364  2000  2000 I         : (0)[2000:recovery][DISP][POWER]lcm suspend[end]
09-02 20:10:15.364  2000  2000 I (0)[2000:recovery][PWM] disp_pwm_backlight_status: backlight is off, power:(0), pwm id: (0)
09-02 20:10:15.368  2000  2000 I         : (0)[2000:recovery][DISP][POWER]dpmanager path power off[end]
09-02 20:10:15.368  2000  2000 I         : (0)[2000:recovery][DISP]mutex_release_timeout1 <270816539 ns>
09-02 20:10:15.368  2000  2000 W -(0)[2000:recovery]CPU: 0 PID: 2000 Comm: recovery Tainted: G        W       4.14.141+ #1
09-02 20:10:15.368  2000  2000 W -(0)[2000:recovery]Hardware name: Generic DT based system
09-02 20:10:15.368  2000  2000 W -(0)[2000:recovery]Backtrace:  
09-02 20:10:15.368  2000  2000 W         : -(0)[2000:recovery][<c010bf48>] (dump_backtrace) from [<c010c218>] (show_stack+0x18/0x1c)
09-02 20:10:15.368  2000  2000 W -(0)[2000:recovery] r6: c168fe20 r5:60080013 r4:00000000 r3:3aaa6479
09-02 20:10:15.368  2000  2000 W         : -(0)[2000:recovery][<c010c200>] (show_stack) from [<c0c934fc>] (dump_stack+0x84/0xa4)
09-02 20:10:15.368  2000  2000 W         : -(0)[2000:recovery][<c0c93478>] (dump_stack) from [<c081c224>] (_primary_path_unlock+0x6c/0x11c)
09-02 20:10:15.368  2000  2000 W -(0)[2000:recovery] r5: 00000000 r4:1024551b
09-02 20:10:15.368  2000  2000 W         : -(0)[2000:recovery][<c081c1b8>] (_primary_path_unlock) from [<c0825e24>] (primary_display_suspend+0x440/0x528)
09-02 20:10:15.368  2000  2000 W -(0)[2000:recovery] r9: 00000000 r8:00000000 r7:c120a188 r6:00000002 r5:c168fe00 r4:00000000
09-02 20:10:15.368  2000  2000 W         : -(0)[2000:recovery][<c08259e4>] (primary_display_suspend) from [<c08132f4>] (mtkfb_blank+0x1b0/0x270)
09-02 20:10:15.368  2000  2000 W -(0)[2000:recovery] r5: 00000001 r4:00000000
09-02 20:10:15.368  2000  2000 W         : -(0)[2000:recovery][<c0813144>] (mtkfb_blank) from [<c04c3fd8>] (fb_blank+0x6c/0xb8)
09-02 20:10:15.368  2000  2000 W -(0)[2000:recovery] r6: 00000000 r5:c120a188 r4:c5b2c800 r3:c0813144
09-02 20:10:15.368  2000  2000 W         : -(0)[2000:recovery][<c04c3f6c>] (fb_blank) from [<c04c4a9c>] (do_fb_ioctl+0x68c/0x750)
09-02 20:10:15.368  2000  2000 W -(0)[2000:recovery] r6: 00004611 r5:00000004 r4:c5b2c800
09-02 20:10:15.368  2000  2000 W         : -(0)[2000:recovery][<c04c4410>] (do_fb_ioctl) from [<c04c5594>] (fb_ioctl+0x44/0x54)
09-02 20:10:15.368  2000  2000 W -(0)[2000:recovery] r8: 00000000 r7:00000004 r6:e273c240 r5:c5dc6bc8 r4:00000004
09-02 20:10:15.368  2000  2000 W         : -(0)[2000:recovery][<c04c5550>] (fb_ioctl) from [<c02b9694>] (vfs_ioctl+0x20/0x3c)
09-02 20:10:15.368  2000  2000 W         : -(0)[2000:recovery][<c02b9674>] (vfs_ioctl) from [<c02b9f94>] (do_vfs_ioctl+0x7a0/0x8f8)
09-02 20:10:15.368  2000  2000 W         : -(0)[2000:recovery][<c02b97f4>] (do_vfs_ioctl) from [<c02ba140>] (SyS_ioctl+0x54/0x7c)
09-02 20:10:15.368  2000  2000 W -(0)[2000:recovery] r10: 00000036 r9:00000000 r8:00004611 r7:00000004 r6:e273c240 r5:e273c240
09-02 20:10:15.368  2000  2000 W -(0)[2000:recovery] r4: 00000000
09-02 20:10:15.368  2000  2000 W         : -(0)[2000:recovery][<c02ba0ec>] (SyS_ioctl) from [<c0107ac0>] (ret_fast_syscall+0x0/0x54)
09-02 20:10:15.368  2000  2000 W -(0)[2000:recovery] r9: e39d8000 r8:c0107cc4 r7:00000036 r6:1040d810 r5:aa010124 r4:aa010124
09-02 20:10:15.369  2000  2000 I         : (0)[2000:recovery][DISP]primary_display_suspend end
09-02 20:10:15.369  2000  2000 I (0)[2000:recovery][VcoreFS] feature_en: 0, init_done: 0, kr: 0, opp: -1
09-02 20:10:15.369  2000  2000 I         : (0)[2000:recovery][pid=2000]Set vcore step failed: -1
09-02 20:10:15.369  2000  2000 I (0)[2000:recovery][MMDVFS][pid=2000]Fixed,set scen: (22,0x0)step:(-1,-1,0x0,0x0,0x0,0x0)
09-02 20:10:15.369  2000  2000 I (0)[2000:recovery][MMDVFS][pid=2000]Fixed,C(0,0,0x0,0),I(0,0),CLK: 0
09-02 20:10:15.369  2000  2000 I         : (0)[2000:recovery][DISP][FB Driver] leave early_suspend
09-02 20:10:15.369  2000  2000 I (0)[2000:recovery][DISP]AOD check: succeed to set FB power mode FB_RESUME to FB_SUSPEND
09-02 20:10:15.369  2000  2000 E (0)[2000:recovery][ION]ion_fb_event: + screen-off +
09-02 20:10:15.369  2000  2000 E (0)[2000:recovery][ION]ion_fb_event: - screen-off -
09-02 20:10:15.369  2000  2000 I (0)[2000:recovery][Power/PPM] @ppm_lcmoff_switch: onoff = 0
09-02 20:10:15.369  2000  2000 I (0)[2000:recovery]mtk-tpd: [tpd_fb_notifier_callback:458] tpd_fb_notifier_callback
09-02 20:10:15.369  2000  2000 I (0)[2000:recovery]mtk-tpd: [tpd_fb_notifier_callback:466] fb_notify(blank=4)
09-02 20:10:15.369  2000  2000 I (0)[2000:recovery]mtk-tpd: [tpd_fb_notifier_callback:480] LCD OFF Notify
09-02 20:10:15.369  2000  2000 I (0)[2000:recovery]mtk-tpd: [tpd_fb_notifier_callback:484] cancel resume_workqueue failed
09-02 20:10:15.370  2000  2000 I (1)[2000:recovery]mtk-tpd: [tpd_fb_notifier_callback:458] tpd_fb_notifier_callback
09-02 20:10:15.370  2000  2000 I         : (1)[2000:recovery][DISP][FB Driver] enter late_resume
09-02 20:10:15.370  2000  2000 I         : (1)[2000:recovery][DISP]primary_display_resume begin
09-02 20:10:15.377  2000  2000 I (0)[2000:recovery][DDP/]warn: CG0 0xfec00df0, CG1 0x3ffff
09-02 20:10:15.377  2000  2000 I         : (0)[2000:recovery][DISP]dpmanager path power on[end]
09-02 20:10:15.377  2000  2000 I         : (0)[2000:recovery][DISP]cmd/video mode=1
09-02 20:10:15.377  2000  2000 I (0)[2000:recovery][DDP/OVL]warn: ovl_roi:(480x960)
09-02 20:10:15.377  2000  2000 I (0)[2000:recovery][DDP/DSI]warn: DSI_Set_VM_CMD
09-02 20:10:15.377  2000  2000 I         : (0)[2000:recovery][DISP][POWER]dpmanager re-init[end]
09-02 20:10:15.730  2000  2000 I         : (0)[2000:recovery][DISP][POWER]lcm resume[end]
09-02 20:10:15.730  2000  2000 I (0)[2000:recovery][GAMMA] disp_gamma_write_lut_reg: table [0] not initialized
09-02 20:10:15.731  2000  2000 I         : (0)[2000:recovery][DISP]primary display START cmdq trigger loop finished
09-02 20:10:15.731  2000  2000 I         : (0)[2000:recovery][DISP]share SRAM success
09-02 20:10:15.731  2000  2000 I         : (0)[2000:recovery][CMDQ][Res]resource clock engine:0x100 enable:true
09-02 20:10:15.772  2000  2000 W recovery: [libfs_mgr]Warning: unknown flag: resize
09-02 20:10:15.731  2000  2000 I         : (0)[2000:recovery][DISP]mutex_release_timeout1 <361307308 ns>
09-02 20:10:15.731  2000  2000 W -(0)[2000:recovery]CPU: 0 PID: 2000 Comm: recovery Tainted: G        W       4.14.141+ #1
09-02 20:10:15.731  2000  2000 W -(0)[2000:recovery]Hardware name: Generic DT based system
09-02 20:10:15.731  2000  2000 W -(0)[2000:recovery]Backtrace:  
09-02 20:10:15.731  2000  2000 W         : -(0)[2000:recovery][<c010bf48>] (dump_backtrace) from [<c010c218>] (show_stack+0x18/0x1c)
09-02 20:10:15.731  2000  2000 W -(0)[2000:recovery] r6: c168fe20 r5:60080013 r4:00000000 r3:3aaa6479
09-02 20:10:15.731  2000  2000 W         : -(0)[2000:recovery][<c010c200>] (show_stack) from [<c0c934fc>] (dump_stack+0x84/0xa4)
09-02 20:10:15.731  2000  2000 W         : -(0)[2000:recovery][<c0c93478>] (dump_stack) from [<c081c224>] (_primary_path_unlock+0x6c/0x11c)
09-02 20:10:15.731  2000  2000 W -(0)[2000:recovery] r5: 00000000 r4:15891cac
09-02 20:10:15.731  2000  2000 W         : -(0)[2000:recovery][<c081c1b8>] (_primary_path_unlock) from [<c0823d68>] (primary_display_resume+0xa48/0xbb8)
09-02 20:10:15.731  2000  2000 W -(0)[2000:recovery] r9: 00000000 r8:00000001 r7:c120a188 r6:00000000 r5:c168fe00 r4:00000000
09-02 20:10:15.731  2000  2000 W         : -(0)[2000:recovery][<c0823320>] (primary_display_resume) from [<c0813204>] (mtkfb_blank+0xc0/0x270)
09-02 20:10:15.731  2000  2000 W -(0)[2000:recovery] r10: 00000036 r9:00000000 r8:00000000 r7:c120a188 r6:00000002 r5:00000000
09-02 20:10:15.731  2000  2000 W -(0)[2000:recovery] r4: 00000000
09-02 20:10:15.731  2000  2000 W         : -(0)[2000:recovery][<c0813144>] (mtkfb_blank) from [<c04c3fd8>] (fb_blank+0x6c/0xb8)
09-02 20:10:15.731  2000  2000 W -(0)[2000:recovery] r6: 00000000 r5:c120a188 r4:c5b2c800 r3:c0813144
09-02 20:10:15.731  2000  2000 W         : -(0)[2000:recovery][<c04c3f6c>] (fb_blank) from [<c04c4a9c>] (do_fb_ioctl+0x68c/0x750)
09-02 20:10:15.731  2000  2000 W -(0)[2000:recovery] r6: 00004611 r5:00000000 r4:c5b2c800
09-02 20:10:15.731  2000  2000 W         : -(0)[2000:recovery][<c04c4410>] (do_fb_ioctl) from [<c04c5594>] (fb_ioctl+0x44/0x54)
09-02 20:10:15.731  2000  2000 W -(0)[2000:recovery] r8: 00000000 r7:00000000 r6:e273c240 r5:c5dc6bc8 r4:00000000
09-02 20:10:15.731  2000  2000 W         : -(0)[2000:recovery][<c04c5550>] (fb_ioctl) from [<c02b9694>] (vfs_ioctl+0x20/0x3c)
09-02 20:10:15.731  2000  2000 W         : -(0)[2000:recovery][<c02b9674>] (vfs_ioctl) from [<c02b9f94>] (do_vfs_ioctl+0x7a0/0x8f8)
09-02 20:10:15.731  2000  2000 W         : -(0)[2000:recovery][<c02b97f4>] (do_vfs_ioctl) from [<c02ba140>] (SyS_ioctl+0x54/0x7c)
09-02 20:10:15.731  2000  2000 W -(0)[2000:recovery] r10: 00000036 r9:00000000 r8:00004611 r7:00000000 r6:e273c240 r5:e273c240
09-02 20:10:15.731  2000  2000 W -(0)[2000:recovery] r4: 00000000
09-02 20:10:15.731  2000  2000 W         : -(0)[2000:recovery][<c02ba0ec>] (SyS_ioctl) from [<c0107ac0>] (ret_fast_syscall+0x0/0x54)
09-02 20:10:15.731  2000  2000 W -(0)[2000:recovery] r9: e39d8000 r8:c0107cc4 r7:00000036 r6:00000000 r5:aa010124 r4:aa010124
09-02 20:10:15.731  2000  2000 I (0)[2000:recovery][DISP]skip_update: 0
09-02 20:10:15.731  2000  2000 I         : (0)[2000:recovery][DISP][FB Driver] leave late_resume
09-02 20:10:15.732  2000  2000 I (0)[2000:recovery][DISP]AOD check: succeed to set FB power mode FB_SUSPEND to FB_RESUME
09-02 20:10:15.770  2000  2000 I (1)[2000:recovery][Power/PPM] @ppm_lcmoff_switch: onoff = 1
09-02 20:10:15.770  2000  2000 I (1)[2000:recovery]mtk-tpd: [tpd_fb_notifier_callback:458] tpd_fb_notifier_callback
09-02 20:10:15.770  2000  2000 I (1)[2000:recovery]mtk-tpd: [tpd_fb_notifier_callback:466] fb_notify(blank=0)
09-02 20:10:15.770  2000  2000 I (1)[2000:recovery]mtk-tpd: [tpd_fb_notifier_callback:469] LCD ON Notify
09-02 20:10:15.770     5     5 I (0)[5:kworker/u8:0]mtk-tpd: [touch_resume_workqueue_callback:446] GTP touch_resume_workqueue_callback
09-02 20:10:15.770     5     5 I (0)[5:kworker/u8:0][tlsc]tlsc6x_tpd_reset: Enter
09-02 20:10:15.770     5     5 I (0)[5:kworker/u8:0][tlsc]tlsc6x_tpd_reset_force: Enter
09-02 20:10:15.770     5     5 I (0)[5:kworker/u8:0]mtk-tpd: [tpd_gpio_output:168] tpd_gpio_output pin = 0, level = 0
09-02 20:10:15.772  2000  2000 I (1)[2000:recovery][PWM] disp_pwm_set_backlight_cmdq: (id = 0x1, level_1024 = 1023), old = 0
09-02 20:10:15.772  2000  2000 I (1)[2000:recovery][PWM] disp_pwm_backlight_status: backlight is on (1023), power:(1), pwm id: (0)
09-02 20:10:15.797     5     5 I (1)[5:kworker/u8:0]mtk-tpd: [tpd_gpio_output:168] tpd_gpio_output pin = 0, level = 1
09-02 20:10:15.801  2000  2000 W -(3)[2000:recovery]EXT4-fs mount: 89 callbacks suppressed
09-02 20:10:15.801  2000  2000 I (3)[2000:recovery]EXT4-fs (mmcblk0p16): mounted filesystem with ordered data mode. Opts:
09-02 20:10:15.777  2000  2000 I chatty  : uid=0(root) identical 2 lines
09-02 20:10:15.780  2000  2000 W recovery: [libfs_mgr]Warning: unknown flag: resize
09-02 20:10:15.847  2000  2000 E recovery: DM_DEV_CREATE failed for [product]: Device or resource busy
09-02 20:10:15.847  2000  2000 E recovery: [libfs_mgr]Could not create logical partition: product
09-02 20:10:15.845  2000  2000 I recovery: type=1400 audit(0.0:2656): avc: denied { ioctl } for path="/dev/block/dm-1" dev="tmpfs" ino=11563 ioctlcmd=0x5331 scontext=u:r:recovery:s0 tcontext=u:object_r:dm_device:s0 tclass=blk_file permissive=1
09-02 20:10:15.872  2000  2000 I recovery: type=1400 audit(0.0:2657): avc: denied { ioctl } for path="/dev/block/dm-2" dev="tmpfs" ino=15566 ioctlcmd=0x5331 scontext=u:r:recovery:s0 tcontext=u:object_r:dm_device:s0 tclass=blk_file permissive=1
09-02 20:10:15.889  2000  2000 I (0)[2000:recovery]EXT4-fs (dm-2): mounted filesystem without journal. Opts:
09-02 20:10:15.912  2000  2000 I recovery: type=1400 audit(0.0:2658): avc: denied { ioctl } for path="/dev/block/dm-0" dev="tmpfs" ino=15557 ioctlcmd=0x5331 scontext=u:r:recovery:s0 tcontext=u:object_r:dm_device:s0 tclass=blk_file permissive=1
09-02 20:10:15.930  2000  2000 I (0)[2000:recovery]EXT4-fs (dm-0): mounted filesystem without journal. Opts:
