02-02 04:50:37.976   229   229 I (1)[229:charger_thread]Vbat=4301,Ibat=-3014,I=264,VChr=5099,T=28,Soc=96: 97,CT:0:0 hv:1 pd:0:0
02-02 04:50:37.977   229   229 I         : (1)[229:charger_thread][fgauge_read_current] final current=4812 (ratio=1000)
02-02 04:50:37.977   229   229 I         : (1)[229:charger_thread][CH3_DBG] bat_cur = -4812
02-02 04:50:37.977   229   229 I         : (1)[229:charger_thread][fgauge_read_current] final current=4812 (ratio=1000)
02-02 04:50:37.977   229   229 I         : (1)[229:charger_thread][BattVoltToTemp] 618 16900 1800 20
02-02 04:50:37.977   229   229 I         : (1)[229:charger_thread][force_get_tbat] 598,618,0,481,100,284 r:320 100 0
02-02 04:50:37.977   229   229 I (1)[229:charger_thread][force_get_tbat] t: 28 precise:284
02-02 04:50:38.045     1     1 I (0)[1:init]: init first stage started!
02-02 04:50:38.045     1     1 I (0)[1:init]: ForceNormalBoot::twrp_fastboot: 1
02-02 04:50:38.045     1     1 I (0)[1:init]: ForceNormalBoot::normal_boot: 0
02-02 04:50:38.045     1     1 I (0)[1:init]: Unable to open /lib/modules, skipping module loading.
02-02 04:50:38.045     1     1 I (0)[1:init]: ForceNormalBoot::twrp_fastboot: 1
02-02 04:50:38.045     1     1 I (0)[1:init]: ForceNormalBoot::normal_boot: 0
02-02 04:50:38.045     1     1 I (0)[1:init]: First stage mount skipped (recovery mode)
02-02 04:50:38.046     1     1 I (0)[1:init]: [libfs_mgr]ReadFstabFromDt(): failed to read fstab from dt
02-02 04:50:38.046     1     1 W (0)[1:init]: [libfs_mgr]Warning: unknown flag: resize
02-02 04:50:38.048     1     1 I (0)[1:init]: Using Android DT directory /proc/device-tree/firmware/android/
02-02 04:50:38.095     1     1 I (0)[1:init]musb-hdrc musb-hdrc: prop=1, power=0, is_host=0
02-02 04:50:38.095     1     1 I (0)[1:init]musb-hdrc musb-hdrc: prop=2, power=0, is_host=0
02-02 04:50:38.095     1     1 I (0)[1:init]musb-hdrc musb-hdrc: prop=3, power=0, is_host=0
02-02 04:50:38.097     1     1 I         : (0)[1:init][fgauge_read_current] final current=4667 (ratio=1000)
02-02 04:50:38.097     1     1 I         : (0)[1:init][fgauge_read_current] final current=4667 (ratio=1000)
02-02 04:50:38.138     1     1 W (3)[1:init]: 1 output lines suppressed due to ratelimiting
02-02 04:50:38.173     1     1 W (0)[1:init]: [libfs_mgr]Warning: unknown flag: resize
02-02 04:50:38.175     1     1 W (0)[1:init]: DM_DEV_STATUS failed for system_ext: No such device or address
02-02 04:50:38.175     1     1 E (0)[1:init]: Could not update logical partition
02-02 04:50:38.175     1     1 W (0)[1:init]: DM_DEV_STATUS failed for product: No such device or address
02-02 04:50:38.175     1     1 E (0)[1:init]: Could not update logical partition
02-02 04:50:38.175     1     1 I (0)[1:init]: Loading SELinux policy
02-02 04:50:38.181     1     1 D (0)[1:init]SELinux: 8192 avtab hash slots, 24675 rules.
02-02 04:50:38.196     1     1 D (0)[1:init]SELinux: 8192 avtab hash slots, 24675 rules.
02-02 04:50:38.196     1     1 D (0)[1:init]SELinux: 1 users, 2 roles, 1614 types, 0 bools, 1 sens, 1024 cats
02-02 04:50:38.196     1     1 D (0)[1:init]SELinux: 99 classes, 24675 rules
02-02 04:50:38.202     1     1 I (0)[1:init]SELinux: policy capability network_peer_controls=1
02-02 04:50:38.202     1     1 I (0)[1:init]SELinux: policy capability open_perms=1
02-02 04:50:38.202     1     1 I (0)[1:init]SELinux: policy capability extended_socket_class=1
02-02 04:50:38.202     1     1 I (0)[1:init]SELinux: policy capability always_check_network=0
02-02 04:50:38.202     1     1 I (0)[1:init]SELinux: policy capability cgroup_seclabel=0
02-02 04:50:38.202     1     1 I (0)[1:init]SELinux: policy capability nnp_nosuid_transition=1
02-02 04:50:38.202     1     1 D (0)[1:init]SELinux: Completing initialization.
02-02 04:50:38.202     1     1 D (0)[1:init]SELinux: Setting up existing superblocks.
02-02 04:50:38.338   200   200 W -(1)[200:dc_trim_thread]mt635x_auxadc_read_raw: 121 callbacks suppressed
02-02 04:50:38.338   200   200 I (1)[200:dc_trim_thread]mt635x-auxadc mt635x-auxadc: name:HPOFS_CAL, channel=9, adc_out=0x6b3a, adc_result=27450
02-02 04:50:38.342   200   200 I (1)[200:dc_trim_thread]mt635x-auxadc mt635x-auxadc: name:HPOFS_CAL, channel=9, adc_out=0x6b43, adc_result=27459
02-02 04:50:38.346   200   200 I (1)[200:dc_trim_thread]mt635x-auxadc mt635x-auxadc: name:HPOFS_CAL, channel=9, adc_out=0x6b41, adc_result=27457
02-02 04:50:38.350   200   200 I (1)[200:dc_trim_thread]mt635x-auxadc mt635x-auxadc: name:HPOFS_CAL, channel=9, adc_out=0x6b40, adc_result=27456
02-02 04:50:38.353   200   200 I (0)[200:dc_trim_thread]mt635x-auxadc mt635x-auxadc: name:HPOFS_CAL, channel=9, adc_out=0x6b3f, adc_result=27455
--------- beginning of main
02-02 04:50:38.366   245   245 I auditd  : type=1403 audit(0.0:2): policy loaded auid=4294967295 ses=4294967295
02-02 04:50:38.366   245   245 W auditd  : type=1404 audit(0.0:3): enforcing=1 old_enforcing=0 auid=4294967295 ses=4294967295
02-02 04:50:38.372     1     1 I (0)[1:init]selinux: SELinux: Loaded policy from /sepolicy
02-02 04:50:38.372     1     1 I (0)[1:init]selinux:  
02-02 04:50:38.389     1     1 I (0)[1:init]selinux: SELinux: Loaded file_contexts
02-02 04:50:38.389     1     1 I (0)[1:init]selinux:  
02-02 04:50:38.428     1     1 I (0)[1:init]: init second stage started!
02-02 04:50:38.474   225   225 I         : (1)[225:kworker/1:2][msdc]cache(0x568000~0x5A0000, usrdata(0x5A4000~0x1D16FDF)
02-02 04:50:38.486     1     1 I (2)[1:init]: Using Android DT directory /proc/device-tree/firmware/android/
02-02 04:50:38.488     1     1 E (2)[1:init]: Init cannot set 'ro.boot.serialno' to 'SOZ5VSMNKV7L6TFA': Read-only property was already set
02-02 04:50:38.489     1     1 W (2)[1:init]: Couldn't load property file '/system/etc/prop.default': open() failed: No such file or directory: No such file or directory
02-02 04:50:38.491     1     1 W (2)[1:init]: Overriding previous 'ro.' property 'persist.sys.usb.config':'adb' with new value 'mtp,adb'
02-02 04:50:38.492     1     1 W (2)[1:init]: Overriding previous 'ro.' property 'ro.treble.enabled':'true' with new value 'false'
02-02 04:50:38.493     1     1 W (2)[1:init]: Couldn't load property file '/system/build.prop': open() failed: No such file or directory: No such file or directory
02-02 04:50:38.493     1     1 W (2)[1:init]: Couldn't load property file '/system_ext/build.prop': open() failed: No such file or directory: No such file or directory
02-02 04:50:38.493     1     1 W (2)[1:init]: Couldn't load property file '/vendor/default.prop': open() failed: No such file or directory: No such file or directory
02-02 04:50:38.493     1     1 W (2)[1:init]: Couldn't load property file '/vendor/build.prop': open() failed: No such file or directory: No such file or directory
02-02 04:50:38.536     1     1 I init    : type=1400 audit(0.0:4): avc: denied { write } for name="kernel_init_done" dev="sysfs" ino=12057 scontext=u:r:init:s0 tcontext=u:object_r:sysfs:s0 tclass=file permissive=1
02-02 04:50:38.536     1     1 I init    : type=1400 audit(0.0:5): avc: denied { open } for path="/sys/module/musb_hdrc/parameters/kernel_init_done" dev="sysfs" ino=12057 scontext=u:r:init:s0 tcontext=u:object_r:sysfs:s0 tclass=file permissive=1
02-02 04:50:38.580   238   238 I (3)[238:ueventd]: ueventd started!
02-02 04:50:38.584   238   238 I (3)[238:ueventd]selinux: SELinux: Loaded file_contexts
02-02 04:50:38.584   238   238 I (3)[238:ueventd]selinux:  
02-02 04:50:38.584   238   238 I (3)[238:ueventd]: Parsing file /system/etc/ueventd.rc...
02-02 04:50:38.585   238   238 I (3)[238:ueventd]: Parsing file /vendor/ueventd.rc...
02-02 04:50:38.586   238   238 E (3)[238:ueventd]: /vendor/ueventd.rc: 84: invalid gid 'bridge_rw'
02-02 04:50:38.586   238   238 E (3)[238:ueventd]: /vendor/ueventd.rc: 85: invalid gid 'bridge_rw'
02-02 04:50:38.586   238   238 I (3)[238:ueventd]: Parsing file /odm/ueventd.rc...
02-02 04:50:38.586   238   238 I (3)[238:ueventd]: Unable to read config file '/odm/ueventd.rc': open() failed: No such file or directory
02-02 04:50:38.586   238   238 I (3)[238:ueventd]: Parsing file /ueventd.mt6739.rc...
02-02 04:50:38.626   238   238 I (1)[238:ueventd]musb-hdrc musb-hdrc: prop=1, power=0, is_host=0
02-02 04:50:38.626   238   238 I (1)[238:ueventd]musb-hdrc musb-hdrc: prop=2, power=0, is_host=0
02-02 04:50:38.626   238   238 I (1)[238:ueventd]musb-hdrc musb-hdrc: prop=3, power=0, is_host=0
02-02 04:50:38.629   238   238 I         : (1)[238:ueventd][fgauge_read_current] final current=4240 (ratio=1000)
02-02 04:50:38.629   238   238 I         : (1)[238:ueventd][fgauge_read_current] final current=4240 (ratio=1000)
02-02 04:50:38.866     1     1 I init    : type=1400 audit(0.0:6): avc: denied { module_request } for kmod="fs-binder" scontext=u:r:init:s0 tcontext=u:r:kernel:s0 tclass=system permissive=1
02-02 04:50:38.873   245   245 I init    : type=1400 audit(0.0:7): avc: denied { entrypoint } for path="/system/bin/logd" dev="rootfs" ino=7317 scontext=u:r:logd:s0 tcontext=u:object_r:rootfs:s0 tclass=file permissive=1
02-02 04:50:38.873   245   245 I logd    : type=1400 audit(0.0:8): avc: denied { map } for path="/system/bin/logd" dev="rootfs" ino=7317 scontext=u:r:logd:s0 tcontext=u:object_r:rootfs:s0 tclass=file permissive=1
02-02 04:50:38.873   245   245 I logd    : type=1400 audit(0.0:9): avc: denied { read } for path="/system/bin/logd" dev="rootfs" ino=7317 scontext=u:r:logd:s0 tcontext=u:object_r:rootfs:s0 tclass=file permissive=1
02-02 04:50:38.873   245   245 I logd    : type=1400 audit(0.0:10): avc: denied { execute } for path="/system/bin/logd" dev="rootfs" ino=7317 scontext=u:r:logd:s0 tcontext=u:object_r:rootfs:s0 tclass=file permissive=1
02-02 04:50:38.897   245   245 D (3)[245:logd]: Cannot read /system/etc/event-log-tags
02-02 04:50:38.899   245   245 I (3)[245:logd]logd.auditd: start
02-02 04:50:38.900     1     1 I         : (2)[1:init]gadgets_make name=g1
02-02 04:50:38.903     1     1 I init    : type=1400 audit(0.0:17): avc: denied { mounton } for path="/sys/fs/pstore" dev="pstore" ino=11581 scontext=u:r:init:s0 tcontext=u:object_r:pstorefs:s0 tclass=dir permissive=1
02-02 04:50:38.905     1     1 I         : (2)[1:init]function_make name=ffs.adb
02-02 04:50:38.905     1     1 I         : (2)[1:init]file system registered
02-02 04:50:38.906     1     1 I         : (2)[1:init]function_make name=ffs.fastboot
02-02 04:50:38.906     1     1 I         : (2)[1:init]config_desc_make name=b.1
02-02 04:50:38.913     1     1 I         : (2)[1:init]os_desc_use_store Use OS DESC
02-02 04:50:38.915     1     1 I         : (2)[1:init]function_make name=mass_storage.usb0
02-02 04:50:38.915     1     1 I         : (2)[1:init]Mass Storage Function, version: 2009/09/11
02-02 04:50:38.915     1     1 I (2)[1:init]LUN: removable file: (no medium)
02-02 04:50:38.916     1     1 I         : (2)[1:init]function_make name=mtp.gs0
02-02 04:50:38.921     1     1 I         : (1)[1:init]interf_grp_compatible_id_store ext_compat_id=MTP
02-02 04:50:38.923     1     1 I init    : type=1400 audit(0.0:18): avc: denied { mounton } for path="/dev/usb-ffs/adb" dev="functionfs" ino=11618 scontext=u:r:init:s0 tcontext=u:object_r:functionfs:s0 tclass=dir permissive=1
02-02 04:50:38.923   247   247 I chatty  : uid=0(root) expire 7 lines
02-02 04:50:38.924     1     1 I         : (1)[1:init]os_desc_b_vendor_code_store Vendor Code=1
--------- beginning of crash
02-02 04:50:38.927   247   247 F libc    : Fatal signal 6 (SIGABRT), code -1 (SI_QUEUE) in tid 247 (vndservicemanag), pid 247 (vndservicemanag)
02-02 04:50:38.927   246   246 I chatty  : uid=0(root) expire 3 lines
02-02 04:50:38.927   246   246 F libc    : Fatal signal 6 (SIGABRT), code -1 (SI_QUEUE) in tid 246 (hwservicemanage), pid 246 (hwservicemanage)
02-02 04:50:38.929     1     1 I (1)[1:init]ffs_data_put(): freeing
02-02 04:50:38.929   255   255 F libc    : failed to exec crash_dump helper: No such file or directory
02-02 04:50:38.929   246   246 F libc    : crash_dump helper failed to exec
02-02 04:50:38.931   256   256 F libc    : failed to exec crash_dump helper: No such file or directory
02-02 04:50:38.932   247   247 F libc    : crash_dump helper failed to exec
02-02 04:50:38.933     1     1 I (0)[1:init]ffs_data_put(): freeing
02-02 04:50:38.934     1     1 I (3)[1:init]ffs_data_put(): freeing
02-02 04:50:38.939     1     1 I init    : type=1400 audit(0.0:23): avc: denied { write } for name="bootprof" dev="proc" ino=4026532348 scontext=u:r:init:s0 tcontext=u:object_r:proc:s0 tclass=file permissive=1
02-02 04:50:38.939   257   257 I chatty  : uid=0(root) expire 59 lines
02-02 04:50:38.944     1     1 I (2)[1:init]BOOTPROF: 3087.003237:MOBICORE: Starting mcDriverDaemon
02-02 04:50:38.955   257   259 I chatty  : uid=0(root) expire 4 lines
02-02 04:50:38.956   257   257 I (2)[257:mcDriverDaemon]Trustonic TEE: admin_open: daemon connection open, TGID 257
02-02 04:50:38.959     1     1 I init    : type=1400 audit(0.0:28): avc: denied { write } for name="online" dev="sysfs" ino=9866 scontext=u:r:init:s0 tcontext=u:object_r:sysfs_devices_system_cpu:s0 tclass=file permissive=1
02-02 04:50:38.976   257   263 I chatty  : uid=0(root) expire 1 line
02-02 04:50:38.977   257   262 I chatty  : uid=0(root) expire 4 lines
02-02 04:50:38.977   257   264 I chatty  : uid=0(root) expire 1 line
02-02 04:50:38.980   155   155 I (3)[155:tee_log]Trustonic TEE: 401(2)|TA SPT2 : Starting.
02-02 04:50:38.980   155   155 I (3)[155:tee_log]Trustonic TEE: 401(2)|TA SPT2 : tbase info.
02-02 04:50:38.980   155   155 I (3)[155:tee_log]Trustonic TEE: 401(2)|tlApi version    =  0x00010014
02-02 04:50:38.980   155   155 I (3)[155:tee_log]Trustonic TEE: 401(2)|productId        = t-base-MTK-A64-Android-410a-V112-20200310_140916_2045_102868
02-02 04:50:38.980   155   155 I (3)[155:tee_log]Trustonic TEE: 401(2)|versionMci       = 0x00010007
02-02 04:50:38.980   155   155 I (3)[155:tee_log]Trustonic TEE: 401(2)|versionSo        = 0x00020002
02-02 04:50:38.980   155   155 I (3)[155:tee_log]Trustonic TEE: 401(2)|versionMclf      = 0x00020005
02-02 04:50:38.980   155   155 I (3)[155:tee_log]Trustonic TEE: 401(2)|versionContainer = 0x00020001
02-02 04:50:38.980   155   155 I (3)[155:tee_log]Trustonic TEE: 401(2)|versionMcConfig  = 0x00000003
02-02 04:50:38.980   155   155 I (3)[155:tee_log]Trustonic TEE: 401(2)|versionTlApi     = 0x00010014
02-02 04:50:38.980   155   155 I (3)[155:tee_log]Trustonic TEE: 401(2)|versionDrApi     = 0x00010004
02-02 04:50:38.980   155   155 I (3)[155:tee_log]Trustonic TEE: 401(2)|versionCmp       = 0x00000000
02-02 04:50:38.981   257   257 E (3)[257:mcDriverDaemon]Trustonic TEE: ERROR -1 mcp_cmd: open session: res 8
02-02 04:50:38.994   155   155 I (3)[155:tee_log]Trustonic TEE: 201(1)|Mounting partition 1...
02-02 04:50:38.994   155   155 I (1)[155:tee_log]Trustonic TEE: 201(1)|[STH2] WARNING Partition 1 not found
02-02 04:50:38.994   155   155 I (1)[155:tee_log]Trustonic TEE: 201(1)|Formatting partition 1...
02-02 04:50:39.000   261   261 I chatty  : uid=0(root) expire 3 lines
02-02 04:50:39.001   261   261 F libc    : Fatal signal 6 (SIGABRT), code -1 (SI_QUEUE) in tid 261 (vndservicemanag), pid 261 (vndservicemanag)
02-02 04:50:39.006   155   155 I (0)[155:tee_log]Trustonic TEE: 201(3)|Partition 1 successfully formatted
02-02 04:50:39.014   155   155 I (1)[155:tee_log]Trustonic TEE: 601(1)|[SEC DRV] T[DEVAPC] (Infra)reg0-0 = 0x10100000
02-02 04:50:39.014   155   155 I (1)[155:tee_log]Trustonic TEE: 601(1)|[SEC DRV] T[DEVAPC] (Infra)reg0-1 = 0x1043000
02-02 04:50:39.014   155   155 I (1)[155:tee_log]Trustonic TEE: 601(1)|[SEC DRV] T[DEVAPC] (Infra)reg0-2 = 0x40000000
02-02 04:50:39.014   155   155 I (1)[155:tee_log]Trustonic TEE: 601(1)|[SEC DRV] T[DEVAPC] (Infra)reg0-3 = 0x1
02-02 04:50:39.014   155   155 I (1)[155:tee_log]Trustonic TEE: 601(1)|[SEC DRV] T[DEVAPC] (Infra)reg0-4 = 0x4
02-02 04:50:39.014   155   155 I (1)[155:tee_log]Trustonic TEE: 601(1)|[SEC DRV] T[DEVAPC] (Infra)reg0-5 = 0x0
02-02 04:50:39.014   155   155 I (1)[155:tee_log]Trustonic TEE: 601(1)|[SEC DRV] T[DEVAPC] (Infra)reg0-6 = 0xc
02-02 04:50:39.014   155   155 I (1)[155:tee_log]Trustonic TEE: 601(1)|[SEC DRV] T[DEVAPC] (Infra)reg0-7 = 0x0
02-02 04:50:39.014   155   155 I (1)[155:tee_log]Trustonic TEE: 601(1)|[SEC DRV] T[DEVAPC] (Infra)reg0-8 = 0x0
02-02 04:50:39.014   155   155 I (1)[155:tee_log]Trustonic TEE: 601(1)|[SEC DRV] T[DEVAPC] (Infra)reg0-9 = 0x0
02-02 04:50:39.014   155   155 I (1)[155:tee_log]Trustonic TEE: 601(1)|[SEC DRV] T[DEVAPC] (Infra)reg0-10 = 0x0
02-02 04:50:39.014   155   155 I (1)[155:tee_log]Trustonic TEE: 601(1)|[SEC DRV] T[DEVAPC] (Infra)reg0-11 = 0x0
02-02 04:50:39.014   155   155 I (1)[155:tee_log]Trustonic TEE: 601(1)|[SEC DRV] T[DEVAPC] (Infra)reg1-0 = 0x30ff23c3
02-02 04:50:39.014   155   155 I (1)[155:tee_log]Trustonic TEE: 601(1)|[SEC DRV] T[DEVAPC] (Infra)reg1-1 = 0xfffc8fcf
02-02 04:50:39.014   155   155 I (1)[155:tee_log]Trustonic TEE: 601(1)|[SEC DRV] T[DEVAPC] (Infra)reg1-2 = 0xfc0fffff
02-02 04:50:39.014   155   155 I (1)[155:tee_log]Trustonic TEE: 601(1)|[SEC DRV] T[DEVAPC] (Infra)reg1-3 = 0xfc33ffff
02-02 04:50:39.014   155   155 I (1)[155:tee_log]Trustonic TEE: 601(1)|[SEC DRV] T[DEVAPC] (Infra)reg1-4 = 0xffff3fff
02-02 04:50:39.014   155   155 I (1)[155:tee_log]Trustonic TEE: 601(1)|[SEC DRV] T[DEVAPC] (Infra)reg1-5 = 0xfffffff3
02-02 04:50:39.014   155   155 I (1)[155:tee_log]Trustonic TEE: 601(1)|[SEC DRV] T[DEVAPC] (Infra)reg1-6 = 0xff0ffff0
02-02 04:50:39.014   155   155 I (1)[155:tee_log]Trustonic TEE: 601(1)|[SEC DRV] T[DEVAPC] (Infra)reg1-7 = 0xf3f3fff
02-02 04:50:39.014   155   155 I (1)[155:tee_log]Trustonic TEE: 601(1)|[SEC DRV] T[DEVAPC] (Infra)reg1-8 = 0x0
02-02 04:50:39.014   155   155 I (1)[155:tee_log]Trustonic TEE: 601(1)|[SEC DRV] T[DEVAPC] (Infra)reg1-9 = 0x0
02-02 04:50:39.014   155   155 I (1)[155:tee_log]Trustonic TEE: 601(1)|[SEC DRV] T[DEVAPC] (Infra)reg1-10 = 0x0
02-02 04:50:39.014   155   155 I (1)[155:tee_log]Trustonic TEE: 601(1)|[SEC DRV] T[DEVAPC] (Infra)reg1-11 = 0x0
02-02 04:50:39.014   155   155 I (1)[155:tee_log]Trustonic TEE: 601(1)|[SEC DRV] T[DEVAPC] (MM)reg0-0 = 0x0
02-02 04:50:39.014   155   155 I (1)[155:tee_log]Trustonic TEE: 601(1)|[SEC DRV] T[DEVAPC] (MM)reg0-1 = 0x0
02-02 04:50:39.014   155   155 I (1)[155:tee_log]Trustonic TEE: 601(1)|[SEC DRV] T[DEVAPC] (MM)reg0-2 = 0x0
02-02 04:50:39.014   155   155 I (1)[155:tee_log]Trustonic TEE: 601(1)|[SEC DRV] T[DEVAPC] (MM)reg0-3 = 0x0
02-02 04:50:39.014   155   155 I (1)[155:tee_log]Trustonic TEE: 601(1)|[SEC DRV] T[DEVAPC] (MM)reg1-0 = 0x0
02-02 04:50:39.014   155   155 I (1)[155:tee_log]Trustonic TEE: 601(1)|[SEC DRV] T[DEVAPC] (MM)reg1-1 = 0x0
02-02 04:50:39.014   155   155 I (1)[155:tee_log]Trustonic TEE: 601(1)|[SEC DRV] T[DEVAPC] (MM)reg1-2 = 0x0
02-02 04:50:39.014   155   155 I (1)[155:tee_log]Trustonic TEE: 601(1)|[SEC DRV] T[DEVAPC] (MM)reg1-3 = 0x0
02-02 04:50:39.014   155   155 I (1)[155:tee_log]Trustonic TEE: 601(1)|[SEC DRV] T[DEVAPC] (MM)reg2-0 = 0x0
02-02 04:50:39.014   155   155 I (1)[155:tee_log]Trustonic TEE: 601(1)|[SEC DRV] T[DEVAPC] (MM)reg2-1 = 0x0
02-02 04:50:39.014   155   155 I (1)[155:tee_log]Trustonic TEE: 601(1)|[SEC DRV] T[DEVAPC] (MM)reg2-2 = 0x0
02-02 04:50:39.014   155   155 I (1)[155:tee_log]Trustonic TEE: 601(1)|[SEC DRV] T[DEVAPC] (MM)reg2-3 = 0x0
02-02 04:50:39.014   155   155 I (1)[155:tee_log]Trustonic TEE: 601(1)|[SEC DRV] T[DEVAPC] (MM)reg3-0 = 0xffffffff
02-02 04:50:39.014   155   155 I (1)[155:tee_log]Trustonic TEE: 601(1)|[SEC DRV] T[DEVAPC] (MM)reg3-1 = 0xffffffff
02-02 04:50:39.014   155   155 I (1)[155:tee_log]Trustonic TEE: 601(1)|[SEC DRV] T[DEVAPC] (MM)reg3-2 = 0xffffffff
02-02 04:50:39.014   155   155 I (1)[155:tee_log]Trustonic TEE: 601(1)|[SEC DRV] T[DEVAPC] (MM)reg3-3 = 0xff
02-02 04:50:39.014   260   260 I chatty  : uid=0(root) expire 3 lines
02-02 04:50:39.017   155   155 I (1)[155:tee_log]Trustonic TEE: 601(1)|[SEC DRV] T[DEVAPC] (MD)reg0-0 = 0xfffff800
02-02 04:50:39.017   155   155 I (1)[155:tee_log]Trustonic TEE: 601(1)|[SEC DRV] T[DEVAPC] (MD)reg0-1 = 0xffffffff
02-02 04:50:39.017   155   155 I (1)[155:tee_log]Trustonic TEE: 601(1)|[SEC DRV] T[DEVAPC] (MD)reg1-0 = 0x0
02-02 04:50:39.017   155   155 I (1)[155:tee_log]Trustonic TEE: 601(1)|[SEC DRV] T[DEVAPC] (MD)reg1-1 = 0x0
02-02 04:50:39.017   155   155 I (1)[155:tee_log]Trustonic TEE: 601(1)|[SEC DRV] T[DEVAPC] (MD)reg2-0 = 0x0
02-02 04:50:39.017   155   155 I (1)[155:tee_log]Trustonic TEE: 601(1)|[SEC DRV] T[DEVAPC] (MD)reg2-1 = 0x0
02-02 04:50:39.017   155   155 I (1)[155:tee_log]Trustonic TEE: 601(1)|[SEC DRV] T[DEVAPC] (MD)reg3-0 = 0xffffffff
02-02 04:50:39.017   155   155 I (1)[155:tee_log]Trustonic TEE: 601(1)|[SEC DRV] T[DEVAPC] (MD)reg3-1 = 0xffffffff
02-02 04:50:39.017   155   155 I (1)[155:tee_log]Trustonic TEE: 601(1)|[SEC DRV] T[DEVAPC] (Infra)MAS_SEC_0 = 0x0
02-02 04:50:39.017   155   155 I (1)[155:tee_log]Trustonic TEE: 601(1)|[SEC DRV] T[DEVAPC] <6><7><3><9>
02-02 04:50:39.020   155   155 I (0)[155:tee_log]Trustonic TEE: 701(1)|[<t Driver Drspi] 1.0, Build Aug 26 2021, 13:34:06
02-02 04:50:39.024   267   267 F libc    : failed to exec crash_dump helper: No such file or directory
02-02 04:50:39.024   260   260 F libc    : Fatal signal 6 (SIGABRT), code -1 (SI_QUEUE) in tid 260 (hwservicemanage), pid 260 (hwservicemanage)
02-02 04:50:39.026   271   271 F libc    : failed to exec crash_dump helper: No such file or directory
02-02 04:50:39.027   260   260 F libc    : crash_dump helper failed to exec
02-02 04:50:39.028   261   261 F libc    : crash_dump helper failed to exec
02-02 04:50:39.043   258   258 I recovery: type=1400 audit(0.0:36): avc: denied { getattr } for path="/sys/devices/virtual/thermal/thermal_zone0/temp" dev="sysfs" ino=21828 scontext=u:r:recovery:s0 tcontext=u:object_r:sysfs:s0 tclass=file permissive=1
02-02 04:50:39.043   258   258 I recovery: type=1400 audit(0.0:37): avc: denied { write } for name="brightness" dev="sysfs" ino=28405 scontext=u:r:recovery:s0 tcontext=u:object_r:sysfs:s0 tclass=file permissive=1
02-02 04:50:39.043   258   258 I recovery: type=1400 audit(0.0:38): avc: denied { open } for path="/sys/devices/platform/leds-mt65xx/leds/lcd-backlight/brightness" dev="sysfs" ino=28405 scontext=u:r:recovery:s0 tcontext=u:object_r:sysfs:s0 tclass=file permissive=1
02-02 04:50:39.046     1     1 I unknown : type=1107 audit(0.0:39): uid=0 auid=4294967295 ses=4294967295 subj=u:r:init:s0 msg='avc: denied { set } for property=ro.twrp.boot pid=258 uid=0 gid=0 scontext=u:r:recovery:s0 tcontext=u:object_r:default_prop:s0 tclass=property_service permissive=1'
02-02 04:50:39.049   258   258 W         : (2)[258:recovery]Leds_Enable,line = 451
02-02 04:50:39.049   258   258 I (2)[258:recovery][PWM] disp_pwm_set_backlight_cmdq: (id = 0x1, level_1024 = 1023), old = -1
02-02 04:50:39.049   258   258 I (2)[258:recovery][PWM] disp_pwm_backlight_status: backlight is on (1023), power:(1), pwm id: (0)
02-02 04:50:39.053   258   258 W (0)[258:recovery]pvrsrvkm 13000000.mfg_auckland: Direct firmware load for rgx.fw.22.49.21.16 failed with error -2
02-02 04:50:39.053   258   258 W (0)[258:recovery]pvrsrvkm 13000000.mfg_auckland: Falling back to user helper
02-02 04:50:39.059   265   275 I chatty  : uid=0(root) expire 2 lines
02-02 04:50:39.059   265   273 I chatty  : uid=0(root) expire 1 line
02-02 04:50:39.061   265   277 I chatty  : uid=0(root) expire 1 line
02-02 04:50:39.062     0     0 I         : (3)[275:usb ffs open]read descriptors
02-02 04:50:39.062     0     0 I         : (3)[275:usb ffs open]read strings
02-02 04:50:39.063   258   258 W (2)[258:recovery]pvrsrvkm 13000000.mfg_auckland: Direct firmware load for rgx.fw.22.49p.21.16 failed with error -2
02-02 04:50:39.063   258   258 W (2)[258:recovery]pvrsrvkm 13000000.mfg_auckland: Falling back to user helper
02-02 04:50:39.067   258   258 W (0)[258:recovery]pvrsrvkm 13000000.mfg_auckland: Direct firmware load for rgx.fw failed with error -2
02-02 04:50:39.067   258   258 W (0)[258:recovery]pvrsrvkm 13000000.mfg_auckland: Falling back to user helper
02-02 04:50:39.071   258   258 E (0)[258:recovery]PVR_K: (Fatal):   258: All RGX Firmware image loads failed for 'rgx.fw.22.49.21.16'
02-02 04:50:39.071   258   258 E (0)[258:recovery]PVR_K: (Error):   258: RGXInit: InitFirmware failed (4)
02-02 04:50:39.071   258   258 E (0)[258:recovery]PVR_K: (Error):   258: PVRSRVDeviceInitialise: Initialisation of Rogue device failed (PVRSRV_ERROR_INIT_FAILURE)
02-02 04:50:39.071   258   258 E (0)[258:recovery]PVR_K: (Error):   258: PVRSRVDeviceInitialise: Services failed to finalise the device (PVRSRV_ERROR_NOT_INITIALISED)
02-02 04:50:39.071   258   258 E (0)[258:recovery]PVR_K: (Error):   258: PVRSRVCommonDeviceOpen: Failed to initialise device (PVRSRV_ERROR_NOT_INITIALISED)
02-02 04:50:39.074   258   258 I         : (0)[258:recovery][DISP]AEE is not enabled, will disable layer 3
02-02 04:50:39.089   258   258 I (0)[258:recovery]mtk-tpd: [tpd_fb_notifier_callback:458] tpd_fb_notifier_callback
02-02 04:50:39.089   258   258 I (0)[258:recovery]mtk-tpd: [tpd_fb_notifier_callback:458] tpd_fb_notifier_callback
02-02 04:50:39.089   258   258 I         : (0)[258:recovery][DISP][FB Driver] enter early_suspend
02-02 04:50:39.097     1     1 I         : (0)[1:init]Retrying again to check for CPU kill
02-02 04:50:39.097     1     1 I         : (0)[1:init]CPU1 killed.
02-02 04:50:39.099   225   225 W (0)[225:kworker/1:2]WARN: cpu=3, domain=MC: incr. energy eff 199[0]->205[1]
02-02 04:50:39.099   225   225 W (0)[225:kworker/1:2]WARN: cpu=3, domain=MC: incr. energy eff 205[1]->220[2]
02-02 04:50:39.099   225   225 W (0)[225:kworker/1:2]WARN: cpu=3, domain=MC: incr. energy eff 220[2]->233[3]
02-02 04:50:39.099   225   225 W (0)[225:kworker/1:2]WARN: cpu=3, domain=MC: incr. energy eff 233[3]->237[4]
02-02 04:50:39.099   225   225 W (0)[225:kworker/1:2]WARN: cpu=3, domain=MC: incr. energy eff 237[4]->238[5]
02-02 04:50:39.099   225   225 W (0)[225:kworker/1:2]WARN: cpu=3, domain=MC: incr. energy eff 231[6]->232[7]
02-02 04:50:39.099   225   225 W (0)[225:kworker/1:2]WARN: cpu=3, domain=MC: incr. energy eff 231[8]->231[9]
02-02 04:50:39.099   225   225 W (0)[225:kworker/1:2]WARN: cpu=2, domain=MC: incr. energy eff 199[0]->205[1]
02-02 04:50:39.099   225   225 W (0)[225:kworker/1:2]WARN: cpu=2, domain=MC: incr. energy eff 205[1]->220[2]
02-02 04:50:39.099   225   225 W (0)[225:kworker/1:2]WARN: cpu=2, domain=MC: incr. energy eff 220[2]->233[3]
02-02 04:50:39.099   225   225 W (0)[225:kworker/1:2]WARN: cpu=2, domain=MC: incr. energy eff 233[3]->237[4]
02-02 04:50:39.099   225   225 W (0)[225:kworker/1:2]WARN: cpu=2, domain=MC: incr. energy eff 237[4]->238[5]
02-02 04:50:39.099   225   225 W (0)[225:kworker/1:2]WARN: cpu=2, domain=MC: incr. energy eff 231[6]->232[7]
02-02 04:50:39.099   225   225 W (0)[225:kworker/1:2]WARN: cpu=2, domain=MC: incr. energy eff 231[8]->231[9]
02-02 04:50:39.099   225   225 W (0)[225:kworker/1:2]WARN: cpu=0, domain=MC: incr. energy eff 199[0]->205[1]
02-02 04:50:39.099   225   225 W (0)[225:kworker/1:2]WARN: cpu=0, domain=MC: incr. energy eff 205[1]->220[2]
02-02 04:50:39.099   225   225 W (0)[225:kworker/1:2]WARN: cpu=0, domain=MC: incr. energy eff 220[2]->233[3]
02-02 04:50:39.099   225   225 W (0)[225:kworker/1:2]WARN: cpu=0, domain=MC: incr. energy eff 233[3]->237[4]
02-02 04:50:39.099   225   225 W (0)[225:kworker/1:2]WARN: cpu=0, domain=MC: incr. energy eff 237[4]->238[5]
02-02 04:50:39.099   225   225 W (0)[225:kworker/1:2]WARN: cpu=0, domain=MC: incr. energy eff 231[6]->232[7]
02-02 04:50:39.099   225   225 W (0)[225:kworker/1:2]WARN: cpu=0, domain=MC: incr. energy eff 231[8]->231[9]
02-02 04:50:39.099   225   225 W (0)[225:kworker/1:2]WARN: cpu=0, domain=DIE: incr. energy eff 544[0]->561[1]
02-02 04:50:39.099   225   225 W (0)[225:kworker/1:2]WARN: cpu=0, domain=DIE: incr. energy eff 561[1]->633[2]
02-02 04:50:39.099   225   225 W (0)[225:kworker/1:2]WARN: cpu=0, domain=DIE: incr. energy eff 633[2]->680[3]
02-02 04:50:39.099   225   225 W (0)[225:kworker/1:2]WARN: cpu=0, domain=DIE: incr. energy eff 680[3]->700[4]
02-02 04:50:39.099   225   225 W (0)[225:kworker/1:2]WARN: cpu=0, domain=DIE: incr. energy eff 700[4]->713[5]
02-02 04:50:39.099   225   225 W (0)[225:kworker/1:2]WARN: cpu=0, domain=DIE: incr. energy eff 693[6]->702[7]
02-02 04:50:39.099   225   225 W (0)[225:kworker/1:2]WARN: cpu=0, domain=DIE: incr. energy eff 702[7]->709[8]
02-02 04:50:39.099   225   225 W (0)[225:kworker/1:2]WARN: cpu=0, domain=DIE: incr. energy eff 709[8]->709[9]
02-02 04:50:39.099   225   225 W (0)[225:kworker/1:2]WARN: cpu=0, domain=DIE: incr. energy eff 692[12]->692[13]
02-02 04:50:39.104     9     9 W -(2)[9:rcu_sched]CPU2: update max cpu_capacity 1024
02-02 04:50:39.124   258   258 I         : (2)[258:recovery][DISP]primary_display_suspend begin
02-02 04:50:39.124   258   258 I         : (2)[258:recovery][DISP]primary display will switch from RDMA_MODE to DIRECT_LINK
02-02 04:50:39.124   258   258 I (2)[258:recovery][DDP/OVL]warn: ovl_roi:(480x960)
02-02 04:50:39.124   258   258 I (2)[258:recovery][DDP/DSI]warn: DSI_Set_VM_CMD
02-02 04:50:39.139   258   258 I         : (2)[258:recovery][DISP]primary display is DIRECT_LINK mode now
02-02 04:50:39.139   258   258 I (2)[258:recovery][DISP][disp_lowpower]_release_wrot_resource_nolock: use_wrot_sram:1
02-02 04:50:39.155    80    80 I         : (2)[80:kworker/u8:2][CMDQ][Res]resource clock engine:0x100 enable:false
02-02 04:50:39.160     1     1 I         : (2)[1:init]Retrying again to check for CPU kill
02-02 04:50:39.160     1     1 I         : (2)[1:init]CPU3 killed.
02-02 04:50:39.161   159   159 W (0)[159:kworker/3:1]WARN: cpu=2, domain=MC: incr. energy eff 199[0]->205[1]
02-02 04:50:39.161   159   159 W (0)[159:kworker/3:1]WARN: cpu=2, domain=MC: incr. energy eff 205[1]->220[2]
02-02 04:50:39.161   159   159 W (0)[159:kworker/3:1]WARN: cpu=2, domain=MC: incr. energy eff 220[2]->233[3]
02-02 04:50:39.161   159   159 W (0)[159:kworker/3:1]WARN: cpu=2, domain=MC: incr. energy eff 233[3]->237[4]
02-02 04:50:39.161   159   159 W (0)[159:kworker/3:1]WARN: cpu=2, domain=MC: incr. energy eff 237[4]->238[5]
02-02 04:50:39.161   159   159 W (0)[159:kworker/3:1]WARN: cpu=2, domain=MC: incr. energy eff 231[6]->232[7]
02-02 04:50:39.161   159   159 W (0)[159:kworker/3:1]WARN: cpu=2, domain=MC: incr. energy eff 231[8]->231[9]
02-02 04:50:39.161   159   159 W (0)[159:kworker/3:1]WARN: cpu=0, domain=MC: incr. energy eff 199[0]->205[1]
02-02 04:50:39.161   159   159 W (0)[159:kworker/3:1]WARN: cpu=0, domain=MC: incr. energy eff 205[1]->220[2]
02-02 04:50:39.161   159   159 W (0)[159:kworker/3:1]WARN: cpu=0, domain=MC: incr. energy eff 220[2]->233[3]
02-02 04:50:39.161   159   159 W (0)[159:kworker/3:1]WARN: cpu=0, domain=MC: incr. energy eff 233[3]->237[4]
02-02 04:50:39.161   159   159 W (0)[159:kworker/3:1]WARN: cpu=0, domain=MC: incr. energy eff 237[4]->238[5]
02-02 04:50:39.161   159   159 W (0)[159:kworker/3:1]WARN: cpu=0, domain=MC: incr. energy eff 231[6]->232[7]
02-02 04:50:39.161   159   159 W (0)[159:kworker/3:1]WARN: cpu=0, domain=MC: incr. energy eff 231[8]->231[9]
02-02 04:50:39.161   159   159 W (0)[159:kworker/3:1]WARN: cpu=0, domain=DIE: incr. energy eff 544[0]->561[1]
02-02 04:50:39.161   159   159 W (0)[159:kworker/3:1]WARN: cpu=0, domain=DIE: incr. energy eff 561[1]->633[2]
02-02 04:50:39.161   159   159 W (0)[159:kworker/3:1]WARN: cpu=0, domain=DIE: incr. energy eff 633[2]->680[3]
02-02 04:50:39.161   159   159 W (0)[159:kworker/3:1]WARN: cpu=0, domain=DIE: incr. energy eff 680[3]->700[4]
02-02 04:50:39.161   159   159 W (0)[159:kworker/3:1]WARN: cpu=0, domain=DIE: incr. energy eff 700[4]->713[5]
02-02 04:50:39.162   159   159 W (0)[159:kworker/3:1]WARN: cpu=0, domain=DIE: incr. energy eff 693[6]->702[7]
02-02 04:50:39.162   159   159 W (0)[159:kworker/3:1]WARN: cpu=0, domain=DIE: incr. energy eff 702[7]->709[8]
02-02 04:50:39.162   159   159 W (0)[159:kworker/3:1]WARN: cpu=0, domain=DIE: incr. energy eff 709[8]->709[9]
02-02 04:50:39.162   159   159 W (0)[159:kworker/3:1]WARN: cpu=0, domain=DIE: incr. energy eff 692[12]->692[13]
02-02 04:50:39.164     1     1 I (2)[1:init]BOOTPROF: 3307.611314:MOBICORE: create /data/vendor/mcRegistry ++ (FBE encrypted)
02-02 04:50:39.166     1     1 I (2)[1:init]BOOTPROF: 3309.108776:MOBICORE: create /data/vendor/mcRegistry -- (FBE encrypted)
02-02 04:50:39.168     1     1 W -(2)[1:init]CPU2: update max cpu_capacity 1024
02-02 04:50:39.172   258   258 I         : (2)[258:recovery][DISP][POWER]primary display path is busy now, wait frame done, event_ret=295
02-02 04:50:39.172   258   258 I         : (2)[258:recovery][DISP][POWER]display cmdq trigger loop stop
02-02 04:50:39.172   258   258 I         : (2)[258:recovery][DISP]primary display STOP cmdq trigger loop finished
02-02 04:50:39.172   258   258 I (2)[258:recovery][DISP]dsi stop: brust mode(vdo mode lcm)
02-02 04:50:39.172   258   258 I         : (2)[258:recovery][DISP][POWER]primary display path stop[end]
02-02 04:50:39.177     1     1 I         : (0)[1:init]config_usb_cfg_link b.1<-->ffs.adb
02-02 04:50:39.177     1     1 I         : (0)[1:init]usb_get_function usb_function name=Function FS Gadget
02-02 04:50:39.177     1     1 I         : (0)[1:init]gadget_dev_desc_UDC_store write musb-hdrc
02-02 04:50:39.177     1     1 I         : (0)[1:init]usb_gadget_probe_driver musb-hdrc musb-hdrc
02-02 04:50:39.177     1     1 I         : (0)[1:init]configfs_composite_bind
02-02 04:50:39.177     1     1 I         : (0)[1:init]composite_dev_prepare f9e6318e
02-02 04:50:39.177     1     1 I (0)[1:init]configfs-gadget gadget: adding 'Function FS Gadget'/a1937e78 to config 'b'/29dc8428
02-02 04:50:39.177     1     1 I         : (0)[1:init]composite_os_desc_req_prepare 05fa45b4
02-02 04:50:39.177     1     1 I (0)[1:init][MUSB]musb_gadget_start 2599: musb_gadget_start
02-02 04:50:39.177     1     1 I (0)[1:init][MUSB]musb_gadget_pullup 2391: is_on=1, softconnect=0 ++
02-02 04:50:39.177     1     1 I -(0)[1:init][MUSB]musb_gadget_pullup 2404: is_on=1, softconnect=0 ++
02-02 04:50:39.177     1     1 I -(0)[1:init][MUSB]musb_pullup 2334: MUSB: gadget pull up 1 start, musb->power:0
02-02 04:50:39.177     1     1 I -(0)[1:init][MUSB]musb_pullup 2343: MUSB: gadget pull up 1 end
02-02 04:50:39.177     1     1 I -(0)[1:init][MUSB]set_usb_rdy 2374: set usb_rdy, wake up bat
02-02 04:50:39.177     1     1 I (0)[1:init]BOOTPROF: 3320.559545:USB ready
02-02 04:50:39.181     1     1 I         : (0)[1:init]gadget_dev_desc_UDC_store write musb-hdrc
02-02 04:50:39.188     0     0 I         : (0)[276:jdwp control]unregister_gadget
02-02 04:50:39.188     0     0 I (0)[276:jdwp control][MUSB]musb_gadget_pullup 2391: is_on=0, softconnect=1 ++
02-02 04:50:39.188     0     0 I -(0)[276:jdwp control][MUSB]musb_gadget_pullup 2404: is_on=0, softconnect=1 ++
02-02 04:50:39.188     0     0 I -(0)[276:jdwp control][MUSB]musb_pullup 2334: MUSB: gadget pull up 0 start, musb->power:0
02-02 04:50:39.188     0     0 I -(0)[276:jdwp control][MUSB]musb_pullup 2343: MUSB: gadget pull up 0 end
02-02 04:50:39.188     0     0 I         : (0)[276:jdwp control]configfs_composite_unbind
02-02 04:50:39.188     0     0 I         : (0)[276:jdwp control]purge_configs_funcs
02-02 04:50:39.188     0     0 I         : (0)[276:jdwp control]composite_dev_cleanup os_desc_req[0]=05fa45b4 cdev->req[0]=f9e6318e
02-02 04:50:39.188     0     0 I (0)[276:jdwp control][MUSB]musb_gadget_stop 2700: musb_gadget_stop
02-02 04:50:39.188     0     0 I -(0)[276:jdwp control][MUSB]mt_usb_try_idle 283: (null) inactive, for idle timer for 3 ms
02-02 04:50:39.191    28    28 I (0)[28:kworker/0:1]android_work: did not send uevent (0 0   (null))
02-02 04:50:39.194    80    80 I -(2)[80:kworker/u8:2][MUSB]do_idle_work 238: otg_state (null) to (null), is_active<0>
02-02 04:50:39.247    29    29 I         : (2)[29:kworker/1:1]CDP, free
02-02 04:50:39.304    29    29 W -(2)[29:kworker/1:1]usb_dpidle_request: 6 callbacks suppressed
02-02 04:50:39.304    29    29 I -(2)[29:kworker/1:1][MUSB]usb_dpidle_request 104: USB_DPIDLE_FORBIDDEN, skip_cnt<6>
02-02 04:50:39.304    29    29 W -(2)[29:kworker/1:1]usb_dpidle_request: 6 callbacks suppressed
02-02 04:50:39.304    29    29 I -(2)[29:kworker/1:1][MUSB]usb_dpidle_request 97: USB_DPIDLE_ALLOWED, skip_cnt<6>
02-02 04:50:39.304    29    29 I (2)[29:kworker/1:1][MUSB]Charger_Detect_Init 715: Charger_Detect_Init
02-02 04:50:39.342   200   200 W -(0)[200:dc_trim_thread]mt635x_auxadc_read_raw: 118 callbacks suppressed
02-02 04:50:39.342   200   200 I (0)[200:dc_trim_thread]mt635x-auxadc mt635x-auxadc: name:HPOFS_CAL, channel=9, adc_out=0x6b0a, adc_result=27402
02-02 04:50:39.345   200   200 I (0)[200:dc_trim_thread]mt635x-auxadc mt635x-auxadc: name:HPOFS_CAL, channel=9, adc_out=0x6b06, adc_result=27398
02-02 04:50:39.349   200   200 I (0)[200:dc_trim_thread]mt635x-auxadc mt635x-auxadc: name:HPOFS_CAL, channel=9, adc_out=0x6b03, adc_result=27395
02-02 04:50:39.354   200   200 I (0)[200:dc_trim_thread]mt635x-auxadc mt635x-auxadc: name:HPOFS_CAL, channel=9, adc_out=0x6b02, adc_result=27394
02-02 04:50:39.390   258   258 I         : (2)[258:recovery][DISP][POWER]lcm suspend[end]
02-02 04:50:39.390   258   258 I         : (2)[258:recovery][DISP]not found session info for session_id:0x00010000,insert e7517e11 to array index:0
02-02 04:50:39.390   258   258 I (2)[258:recovery][PWM] disp_pwm_backlight_status: backlight is off, power:(0), pwm id: (0)
02-02 04:50:39.394   258   258 I         : (2)[258:recovery][DISP][POWER]dpmanager path power off[end]
02-02 04:50:39.394   258   258 I         : (2)[258:recovery][DISP]mutex_release_timeout1 <270195078 ns>
02-02 04:50:39.394   258   258 W -(2)[258:recovery]CPU: 2 PID: 258 Comm: recovery Tainted: G        W       4.14.141+ #1
02-02 04:50:39.394   258   258 W -(2)[258:recovery]Hardware name: Generic DT based system
02-02 04:50:39.394   258   258 W -(2)[258:recovery]Backtrace:  
02-02 04:50:39.394   258   258 W         : -(2)[258:recovery][<c010bf48>] (dump_backtrace) from [<c010c218>] (show_stack+0x18/0x1c)
02-02 04:50:39.394   258   258 W -(2)[258:recovery] r6: c168fe20 r5:600f0013 r4:00000000 r3:8dfbcf2d
02-02 04:50:39.394   258   258 W         : -(2)[258:recovery][<c010c200>] (show_stack) from [<c0c934fc>] (dump_stack+0x84/0xa4)
02-02 04:50:39.394   258   258 W         : -(2)[258:recovery][<c0c93478>] (dump_stack) from [<c081c224>] (_primary_path_unlock+0x6c/0x11c)
02-02 04:50:39.394   258   258 W -(2)[258:recovery] r5: 00000000 r4:101ad986
02-02 04:50:39.394   258   258 W         : -(2)[258:recovery][<c081c1b8>] (_primary_path_unlock) from [<c0825e24>] (primary_display_suspend+0x440/0x528)
02-02 04:50:39.394   258   258 W -(2)[258:recovery] r9: 00000000 r8:00000000 r7:c120a188 r6:00000002 r5:c168fe00 r4:00000000
02-02 04:50:39.394   258   258 W         : -(2)[258:recovery][<c08259e4>] (primary_display_suspend) from [<c08132f4>] (mtkfb_blank+0x1b0/0x270)
02-02 04:50:39.394   258   258 W -(2)[258:recovery] r5: 00000000 r4:00000000
02-02 04:50:39.394   258   258 W         : -(2)[258:recovery][<c0813144>] (mtkfb_blank) from [<c04c3fd8>] (fb_blank+0x6c/0xb8)
02-02 04:50:39.394   258   258 W -(2)[258:recovery] r6: 00000000 r5:c120a188 r4:c5a6a800 r3:c0813144
02-02 04:50:39.394   258   258 W         : -(2)[258:recovery][<c04c3f6c>] (fb_blank) from [<c04c4a9c>] (do_fb_ioctl+0x68c/0x750)
02-02 04:50:39.394   258   258 W -(2)[258:recovery] r6: 00004611 r5:00000004 r4:c5a6a800
02-02 04:50:39.394   258   258 W         : -(2)[258:recovery][<c04c4410>] (do_fb_ioctl) from [<c04c5594>] (fb_ioctl+0x44/0x54)
02-02 04:50:39.394   258   258 W -(2)[258:recovery] r8: 00000000 r7:00000004 r6:c5003c00 r5:c500d908 r4:00000004
02-02 04:50:39.394   258   258 W         : -(2)[258:recovery][<c04c5550>] (fb_ioctl) from [<c02b9694>] (vfs_ioctl+0x20/0x3c)
02-02 04:50:39.394   258   258 W         : -(2)[258:recovery][<c02b9674>] (vfs_ioctl) from [<c02b9f94>] (do_vfs_ioctl+0x7a0/0x8f8)
02-02 04:50:39.394   258   258 W         : -(2)[258:recovery][<c02b97f4>] (do_vfs_ioctl) from [<c02ba140>] (SyS_ioctl+0x54/0x7c)
02-02 04:50:39.394   258   258 W -(2)[258:recovery] r10: 00000036 r9:00000000 r8:00004611 r7:00000004 r6:c5003c00 r5:c5003c00
02-02 04:50:39.394   258   258 W -(2)[258:recovery] r4: 00000000
02-02 04:50:39.394   258   258 W         : -(2)[258:recovery][<c02ba0ec>] (SyS_ioctl) from [<c0107ac0>] (ret_fast_syscall+0x0/0x54)
02-02 04:50:39.394   258   258 W -(2)[258:recovery] r9: c53b4000 r8:c0107cc4 r7:00000036 r6:ace7bbf0 r5:acd16124 r4:e9b0377e
02-02 04:50:39.394   258   258 I         : (2)[258:recovery][DISP]primary_display_suspend end
02-02 04:50:39.394   258   258 I (2)[258:recovery][VcoreFS] feature_en: 0, init_done: 0, kr: 0, opp: -1
02-02 04:50:39.394   258   258 I         : (2)[258:recovery][pid=258]Set vcore step failed: -1
02-02 04:50:39.394   174   174 I         : (0)[174:disp_check][DISP][ESD]ESD check end, ret = 0
02-02 04:50:39.394   258   258 I (2)[258:recovery][MMDVFS][pid=258]Fixed,set scen: (22,0x0)step:(-1,-1,0x0,0x0,0x0,0x0)
02-02 04:50:39.394   258   258 I (2)[258:recovery][MMDVFS][pid=258]Fixed,C(0,0,0x0,0),I(0,0),CLK: 0
02-02 04:50:39.394   258   258 I         : (2)[258:recovery][DISP][FB Driver] leave early_suspend
02-02 04:50:39.394   258   258 I (2)[258:recovery][DISP]AOD check: succeed to set FB power mode FB_SUSPEND to FB_SUSPEND
02-02 04:50:39.394   258   258 E (2)[258:recovery][ION]ion_fb_event: + screen-off +
02-02 04:50:39.394   258   258 E (2)[258:recovery][ION]ion_fb_event: - screen-off -
02-02 04:50:39.394   258   258 I (2)[258:recovery][Power/PPM] @ppm_lcmoff_switch: onoff = 0
02-02 04:50:39.394   258   258 I (2)[258:recovery]mtk-tpd: [tpd_fb_notifier_callback:458] tpd_fb_notifier_callback
02-02 04:50:39.394   258   258 I (2)[258:recovery]mtk-tpd: [tpd_fb_notifier_callback:466] fb_notify(blank=4)
02-02 04:50:39.394   258   258 I (2)[258:recovery]mtk-tpd: [tpd_fb_notifier_callback:480] LCD OFF Notify
02-02 04:50:39.394   258   258 I (2)[258:recovery]mtk-tpd: [tpd_fb_notifier_callback:484] cancel resume_workqueue failed
02-02 04:50:39.395   258   258 I (2)[258:recovery]mtk-tpd: [tpd_fb_notifier_callback:458] tpd_fb_notifier_callback
02-02 04:50:39.395   258   258 I         : (2)[258:recovery][DISP][FB Driver] enter late_resume
02-02 04:50:39.395   258   258 I         : (2)[258:recovery][DISP]primary_display_resume begin
02-02 04:50:39.401   258   258 I (2)[258:recovery][DDP/]warn: CG0 0xfec00df0, CG1 0x3ffff
02-02 04:50:39.401   258   258 I         : (2)[258:recovery][DISP]dpmanager path power on[end]
02-02 04:50:39.402   258   258 I         : (2)[258:recovery][DISP]cmd/video mode=1
02-02 04:50:39.402   258   258 I (2)[258:recovery][DDP/OVL]warn: ovl_roi:(480x960)
02-02 04:50:39.402   258   258 I (2)[258:recovery][DDP/DSI]warn: DSI_Set_VM_CMD
02-02 04:50:39.402   258   258 I         : (2)[258:recovery][DISP][POWER]dpmanager re-init[end]
02-02 04:50:39.414   200   200 I (0)[200:dc_trim_thread]mt635x-auxadc mt635x-auxadc: name:HPOFS_CAL, channel=9, adc_out=0x6a6b, adc_result=27243
02-02 04:50:39.467   203   203 I         : (2)[203:rpmb_open][rpmb] rpmb_gp_open_session end, mc_ret = 0
02-02 04:50:39.467   284   284 I (2)[284:rpmb_gp_Dci][rpmb] rpmb_gp_listenDci: DCI listener.
02-02 04:50:39.477    29    29 I (2)[29:kworker/1:1][MUSB]Charger_Detect_Release 734: Charger_Detect_Release
02-02 04:50:39.477    29    29 I (2)[29:kworker/1:1]charger type: 1, Standard USB Host
02-02 04:50:39.477    29    29 I (2)[29:kworker/1:1]charger type: chrdet_inform_psy_changed: online = 1, type = 1
02-02 04:50:39.477    29    29 I         : (2)[29:kworker/1:1]mt_charger_set_property
02-02 04:50:39.477    29    29 I         : (2)[29:kworker/1:1]mt_charger_set_property
02-02 04:50:39.477    29    29 I (2)[29:kworker/1:1]dump_charger_name: charger type: 1, Standard USB Host
02-02 04:50:39.477    29    29 I (2)[29:kworker/1:1][MUSB]mt_usb_connect 513: issue work
02-02 04:50:39.477    29    29 I (2)[29:kworker/1:1][MUSB]mt_usb_connect 515: [MUSB] USB connect
02-02 04:50:39.477    80    80 I (2)[80:kworker/u8:2][MUSB]do_connection_work 445: is_host<0>, power<0>
02-02 04:50:39.477    79    79 I         : (0)[79:kworker/u8:1]mtk_charger_int_handler
02-02 04:50:39.477    80    80 I (2)[80:kworker/u8:2][MUSB]usb_cable_connected 653: usb_cable_connected vbus_exist=1 type=1
02-02 04:50:39.477    79    79 I (0)[79:kworker/u8:1]battery_callback: 1
02-02 04:50:39.477    80    80 I (2)[80:kworker/u8:2][MUSB]usb_cable_connected 663: usb_cable_connected, connected:1, cable_mode:1
02-02 04:50:39.477    80    80 I -(2)[80:kworker/u8:2][MUSB]do_connection_work 472: lock
02-02 04:50:39.477    80    80 I -(2)[80:kworker/u8:2][MUSB]musb_start 1346: start, is_host=0 is_active=0
02-02 04:50:39.477    80    80 I -(2)[80:kworker/u8:2][MUSB]mt_usb_enable 298: begin <0,0>,<2,1,1,1>
02-02 04:50:39.477    79    79 I         : (0)[79:kworker/u8:1][fgauge_get_coulomb] CAR=-2 r_fg_value=100 car_tune_value=1000
02-02 04:50:39.478    79    79 I         : (0)[79:kworker/u8:1][fgauge_get_coulomb] CAR=-2 r_fg_value=100 car_tune_value=1000
02-02 04:50:39.478    79    79 I         : (0)[79:kworker/u8:1][read_fg_hw_info] curr_1 766 curr_2 732 car -2
02-02 04:50:39.478    79    79 I (0)[79:kworker/u8:1][fg_sw_bat_cycle_accu]car[o:0 n:-2],diff_car: -2,ncar[o:10 n:12 hw:0] thr 0
02-02 04:50:39.480    79    79 I         : (0)[79:kworker/u8:1][fgauge_read_current] final current=697 (ratio=1000)
02-02 04:50:39.480    79    79 I         : (0)[79:kworker/u8:1][CH3_DBG] bat_cur = 697
02-02 04:50:39.481    79    79 I         : (0)[79:kworker/u8:1][fgauge_read_current] final current=697 (ratio=1000)
02-02 04:50:39.481    79    79 I         : (0)[79:kworker/u8:1][BattVoltToTemp] 607 16900 1800 -2
02-02 04:50:39.481    79    79 I         : (0)[79:kworker/u8:1][force_get_tbat] 609,607,1,69,100,291 r:320 100 0
02-02 04:50:39.481    79    79 I (0)[79:kworker/u8:1][force_get_tbat] t: 29 precise:291
02-02 04:50:39.481   283   283 I (0)[283:kworker/0:2]charger_psy_event: 0 battery tmp:29 28 chr:1
02-02 04:50:39.481   283   283 I         : (0)[283:kworker/0:2][fgauge_read_current] final current=697 (ratio=1000)
02-02 04:50:39.481   283   283 I         : (0)[283:kworker/0:2][fgauge_read_current] final current=697 (ratio=1000)
02-02 04:50:39.481   229   229 I         : (0)[229:charger_thread][fgauge_read_current] final current=697 (ratio=1000)
02-02 04:50:39.481    79    79 I         : (0)[79:kworker/u8:1]wake_up_charger
02-02 04:50:39.481    79    79 I         : (0)[79:kworker/u8:1][fg_charger_in_handler] notify daemon 0 1
02-02 04:50:39.481    79    79 I         : (0)[79:kworker/u8:1]mtk_battery boot mode =2
02-02 04:50:39.481    79    79 I         : (0)[79:kworker/u8:1][wakeup_fg_algo_recovery] intr_num=0x8
02-02 04:50:39.488    80    80 I -(2)[80:kworker/u8:2][MUSB]set_usb_phy_mode 437: force PHY to mode 1, 0x6c=3f2f
02-02 04:50:39.488    80    80 I -(2)[80:kworker/u8:2][MUSB]hs_slew_rate_cal 302: [USBPHY]slew calibration:FM_OUT =323,x=4260,value=4
02-02 04:50:39.488    80    80 I -(2)[80:kworker/u8:2][MUSB]usb_phy_recover 685: skip efuse setting temporary, RG_USB20_INTR_CAL=0x19
02-02 04:50:39.488    80    80 I -(2)[80:kworker/u8:2][MUSB]usb_phy_recover 694: usb recovery success
02-02 04:50:39.488    80    80 I -(2)[80:kworker/u8:2][MUSB]mt_usb_enable 327: end, <2,1,2,1>
02-02 04:50:39.488    80    80 I -(2)[80:kworker/u8:2][MUSB]musb_start 1391: set ignore babble MUSB_ULPI_REG_DATA=81
02-02 04:50:39.488   158   158 I (2)[158:kworker/2:1]musb-hdrc musb-hdrc: prop=1, power=1, is_host=0
02-02 04:50:39.488   158   158 I (2)[158:kworker/2:1]musb-hdrc musb-hdrc: prop=2, power=1, is_host=0
02-02 04:50:39.488   158   158 I (2)[158:kworker/2:1]musb-hdrc musb-hdrc: prop=3, power=1, is_host=0
02-02 04:50:39.500   229   229 I         : (2)[229:charger_thread][fgauge_read_current] final current=770 (ratio=1000)
02-02 04:50:39.500   229   229 I         : (2)[229:charger_thread][CH3_DBG] bat_cur = 770
02-02 04:50:39.501   229   229 I         : (2)[229:charger_thread][fgauge_read_current] final current=770 (ratio=1000)
02-02 04:50:39.501   229   229 I         : (2)[229:charger_thread][BattVoltToTemp] 606 16900 1800 -3
02-02 04:50:39.501   229   229 I         : (2)[229:charger_thread][force_get_tbat] 609,606,1,77,100,292 r:320 100 0
02-02 04:50:39.501   229   229 I (2)[229:charger_thread][force_get_tbat] t: 29 precise:292
02-02 04:50:39.501   229   229 I (2)[229:charger_thread]Vbat=4398,Ibat=697,I=455,VChr=4929,T=29,Soc=96: 97,CT:1:0 hv:1 pd:0:0
02-02 04:50:39.501   229   229 I         : (2)[229:charger_thread]mtk_is_charger_on plug in, type:1
02-02 04:50:39.501   229   229 E         : (2)[229:charger_thread]Can't find closest level
02-02 04:50:39.501   229   229 E         : (2)[229:charger_thread]array_size = 4
02-02 04:50:39.502   229   229 E         : (2)[229:charger_thread][psc5415e_config_interface] write Reg[1]=0x78 from 0xb8
02-02 04:50:39.502   229   229 I (2)[229:charger_thread]mtk_charger_start_timer: alarm timer start:1, 13 641814514
02-02 04:50:39.502   229   229 I         : -(2)[229:charger_thread]alarmtimer_enqueue, 13641814514
02-02 04:50:39.502   229   229 I         : (2)[229:charger_thread][fgauge_read_current] final current=729 (ratio=1000)
02-02 04:50:39.502   229   229 I         : (2)[229:charger_thread][CH3_DBG] bat_cur = 729
02-02 04:50:39.503   229   229 I         : (2)[229:charger_thread][fgauge_read_current] final current=729 (ratio=1000)
02-02 04:50:39.503   229   229 I         : (2)[229:charger_thread][BattVoltToTemp] 606 16900 1800 -3
02-02 04:50:39.503   229   229 I         : (2)[229:charger_thread][force_get_tbat] 609,606,1,72,100,292 r:320 100 0
02-02 04:50:39.503   229   229 I (2)[229:charger_thread][force_get_tbat] t: 29 precise:292
02-02 04:50:39.503   229   229 I         : (2)[229:charger_thread][BATTER_ID_0] bat_id_valtage = 1043(mV)
