02-02 04:30:12.350   195   195 I -(0)[195:battery_thread]mtk_rtc_hal_common: hal_rtc_get_spare_register: cmd[0], get rg[0x5aa, 0xff , 8] = 0xe1
02-02 04:30:12.350   195   195 I -(0)[195:battery_thread]mtk_rtc_hal_common: hal_rtc_set_spare_register: cmd[0], set rg[0x5aa, 0xff , 8] = 0xe1
02-02 04:30:12.350   195   195 I         : (0)[195:battery_thread][fg_set_rtc_ui_soc] rtc_ui_soc 97 spare3_reg 0xe1 new_spare3_reg 0xe1
02-02 04:30:12.350   195   195 I         : (0)[195:battery_thread][fr] BATTERY_METER_CMD_SET_RTC_UI_SOC=97
02-02 04:30:12.350   195   195 I         : (0)[195:battery_thread]send_to_kernel=FG_DAEMON_CMD_SET_RTC_UI_SOC 97 97
02-02 04:30:12.350   195   195 I         : (0)[195:battery_thread][fg_res] FG_DAEMON_CMD_SET_CON0_SOC = 9680
02-02 04:30:12.351   195   195 I         : (0)[195:battery_thread]send_to_kernel=FG_DAEMON_CMD_SET_CON0_SOC 9680 9680
02-02 04:30:12.352   195   195 I (2)[195:battery_thread]get_shutdown_cond ret: 0 0 0 0 vbat:4396
02-02 04:30:12.353   195   195 I (2)[195:battery_thread][FGADC_intr_end][FG_INTR_BAT_TEMP_HT]soc: 9680, c_soc:9680 ui_soc:9700 VBAT 43950 T:[28 C:28] car:0
02-02 04:30:12.353   195   195 I         : (2)[195:battery_thread][wakeup_fg_algo_recovery] intr_num=0x400000
02-02 04:30:12.353   195   195 I         : (2)[195:battery_thread]mtk_battery boot mode =2
02-02 04:30:12.353   195   195 I         : (2)[195:battery_thread][wakeup_fg_algo_recovery] intr_num=0x400
02-02 04:30:12.353   195   195 I         : (2)[195:battery_thread][TempConverBattThermistor] [8652] 25 10000 30 8315 29
02-02 04:30:12.353   195   195 I         : (2)[195:battery_thread][fgauge_read_current] final current=587 (ratio=1000)
02-02 04:30:12.353   195   195 I         : (2)[195:battery_thread][TempToBattVolt] temp 29 R_NTC 8652 V(6094 6118) I 587 CHG 1
02-02 04:30:12.353   195   195 I         : (2)[195:battery_thread][TempConverBattThermistor] [9326] 25 10000 30 8315 27
02-02 04:30:12.353   195   195 I         : (2)[195:battery_thread][TempToBattVolt] temp 27 R_NTC 9326 V(6400 6424) I 587 CHG 1
02-02 04:30:12.353   195   195 I         : (2)[195:battery_thread][fg_bat_temp_int_internal][FG_TEMP_INT] T[28] V[65535 65535] C[29 27] h[6424 6118]
02-02 04:30:12.355   195   195 I         : (0)[195:battery_thread][fgauge_read_current] final current=666 (ratio=1000)
02-02 04:30:12.355   195   195 I         : (0)[195:battery_thread][CH3_DBG] bat_cur = 666
02-02 04:30:12.356   195   195 I         : (0)[195:battery_thread][fgauge_read_current] final current=666 (ratio=1000)
02-02 04:30:12.356   195   195 I         : (0)[195:battery_thread][BattVoltToTemp] 614 16900 1800 -2
02-02 04:30:12.356   195   195 I         : (0)[195:battery_thread][force_get_tbat] 616,614,1,66,100,287 r:320 100 0
02-02 04:30:12.356   195   195 I (0)[195:battery_thread][force_get_tbat] t: 28 precise:287
02-02 04:30:12.356    28    28 I         : (0)[28:kworker/0:1][fgauge_read_current] final current=666 (ratio=1000)
02-02 04:30:12.356    28    28 I         : (0)[28:kworker/0:1][fgauge_read_current] final current=666 (ratio=1000)
02-02 04:30:12.356   195   195 I (0)[195:battery_thread][fg_update_sw_iavg]diff time: 10 iavg:0
02-02 04:30:12.356   195   195 I         : (0)[195:battery_thread][read_boot_battery_plug_out_status] rtc_invalid 0 plugout 1 bat_plug_out_time 31 sp3:0xe1 pl:0 0
02-02 04:30:12.356   195   195 I         : (0)[195:battery_thread][fgauge_read_current] final current=565 (ratio=1000)
02-02 04:30:12.357   195   195 I         : (0)[195:battery_thread][fgauge_get_coulomb] CAR=0 r_fg_value=100 car_tune_value=1000
02-02 04:30:12.359   195   195 I         : (2)[195:battery_thread][fgauge_read_current] final current=568 (ratio=1000)
02-02 04:30:12.359   195   195 I         : (2)[195:battery_thread][CH3_DBG] bat_cur = 568
02-02 04:30:12.360   195   195 I         : (0)[195:battery_thread][fgauge_read_current] final current=568 (ratio=1000)
02-02 04:30:12.360   195   195 I         : (0)[195:battery_thread][BattVoltToTemp] 613 16900 1800 -2
02-02 04:30:12.360   195   195 I         : (0)[195:battery_thread][force_get_tbat] 615,613,1,56,100,287 r:320 100 0
02-02 04:30:12.360   195   195 I (0)[195:battery_thread][force_get_tbat] t: 28 precise:287
02-02 04:30:12.360   195   195 I         : (0)[195:battery_thread]lbat 0 0 1 34500
02-02 04:30:12.360   195   195 I (0)[195:battery_thread]car[0,121,-121,243,-121, cycle_car:-1,ncar:11] c: 1 565 vbat:4394 vbus:4938 soc:97 97 gm3:0 0 0 0
02-02 04:30:12.360   195   195 I         : (0)[195:battery_thread][fgauge_get_coulomb] CAR=0 r_fg_value=100 car_tune_value=1000
02-02 04:30:12.360   195   195 I         : (0)[195:battery_thread][fg_bat_nafg][fgauge_get_nag_cnt] 0 [25_16 0 15_0 0]
02-02 04:30:12.360   195   195 I (0)[195:battery_thread][fg_nafg_monitor]time: 11 nafg_cnt:0, now:11, last_t:0
02-02 04:30:12.360   195   195 I (0)[195:battery_thread]tmp: 28 65535 65535 hcar2:243 lcar2:121 time:11 sw_iavg:0 0 0 nafg_m:0 0 0
02-02 04:30:12.360   195   195 I (0)[195:battery_thread]1st chr_zcv: 0 pmic_zcv:0 0 pmic_in_zcv:0 swocv:0 zcv_from:0 tmp:0
02-02 04:30:12.360   195   195 I (0)[195:battery_thread]chr_zcv: 0 pmic_zcv:0 0 pmic_in_zcv:0 swocv:0 zcv_from:0 tmp:0
02-02 04:30:12.360   195   195 I         : (0)[195:battery_thread][fgauge_get_coulomb] CAR=0 r_fg_value=100 car_tune_value=1000
02-02 04:30:12.362   195   195 I         : (0)[195:battery_thread][fgauge_read_current] final current=641 (ratio=1000)
02-02 04:30:12.362   195   195 I         : (0)[195:battery_thread][fgauge_read_current] final current=484 (ratio=1000)
02-02 04:30:12.363   195   195 I         : (0)[195:battery_thread][fgauge_read_current] final current=484 (ratio=1000)
02-02 04:30:12.363   195   195 I         : (0)[195:battery_thread][CH3_DBG] bat_cur = 484
02-02 04:30:12.363   195   195 I         : (0)[195:battery_thread][fgauge_read_current] final current=484 (ratio=1000)
02-02 04:30:12.363   195   195 I         : (0)[195:battery_thread][BattVoltToTemp] 613 16900 1800 -2
02-02 04:30:12.363   195   195 I         : (0)[195:battery_thread][force_get_tbat] 615,613,1,48,100,287 r:320 100 0
02-02 04:30:12.363   195   195 I (0)[195:battery_thread][force_get_tbat] t: 28 precise:287
02-02 04:30:12.363   195   195 I         : (0)[195:battery_thread][fg_is_battery_exist] PMIC_RGS_BATON_UNDET = 1
02-02 04:30:12.363   195   195 I         : (0)[195:battery_thread]GM3log1 11 11 4396 641 484 0 -10 28 1 1 206 1 0
02-02 04:30:12.364   195   195 I         : (0)[195:battery_thread]GM3log2 11 0 0 0 0 43982 634 1 4957
02-02 04:30:12.364   195   195 I         : (0)[195:battery_thread]GM3log3 11 0 43220 -3247 0
02-02 04:30:12.364   195   195 I         : (0)[195:battery_thread]GM3log4 0 97 0 1 31 0 1 1 1 1 97
02-02 04:30:12.364   195   195 I         : (0)[195:battery_thread]GM3log int 11 11 0 0 0 0
02-02 04:30:12.364   195   195 I         : (0)[195:battery_thread]GM3log phone_state 0 0
02-02 04:30:12.364   195   195 I (0)[195:battery_thread]GM3 car: 0 car_diff:-10
02-02 04:30:12.364   195   195 I (0)[195:battery_thread][read_nafg_vbat] i: 0 nag_vbat_reg 0xe88a nag_vbat_mv 44102:26762
02-02 04:30:12.364   195   195 I         : (0)[195:battery_thread][read_nafg_vbat1] 0 0 10 0 0 0 0 0 0
02-02 04:30:12.364   195   195 I         : (0)[195:battery_thread][read_nafg_vbat2] 1 0 1 1 1 0 1 0 0 0 0 0
02-02 04:30:12.364   195   195 I (0)[195:battery_thread][fg_bat_nafg][fgauge_get_nag_dltv] mV: Reg [9897:6006]
02-02 04:30:12.364   195   195 I         : (0)[195:battery_thread][fg_bat_nafg][fgauge_get_nag_cnt] 0 [25_16 0 15_0 0]
02-02 04:30:12.364   195   195 I (0)[195:battery_thread][fg_bat_nafg][fgauge_get_nag_c_dltv] mV: Reg[0:0][b10:0][26_16(0x0000) 15_00(0x0000)]
02-02 04:30:12.364   195   195 I         : (0)[195:battery_thread]GM3log-nint-nafg 11 11 0 44102 9897 0 0
02-02 04:30:12.364   195   195 I         : (0)[195:battery_thread]mtk_battery boot mode =2
02-02 04:30:12.364   195   195 I         : (0)[195:battery_thread][wakeup_fg_algo_recovery] intr_num=0x2000000
02-02 04:30:12.368     0     0 W (2)[0:swapper/2][mcdi]mcdi cpu: 0, 0, 0, 0, cluster : 0, pause = 0, multi core = 0, latency = 0, residency = 0, last core = 0, avail cpu = 0005, cluster = 0001, enabled = 0, max_s_state = 5, system_idle_hint = 00000000
02-02 04:30:12.425    79    79 I         : (2)[79:kworker/u8:1][fgauge_read_current] final current=641 (ratio=1000)
02-02 04:30:12.425    79    79 I         : (2)[79:kworker/u8:1][CH3_DBG] bat_cur = 641
02-02 04:30:12.426    79    79 I         : (0)[79:kworker/u8:1][fgauge_read_current] final current=688 (ratio=1000)
02-02 04:30:12.426    79    79 I         : (0)[79:kworker/u8:1][BattVoltToTemp] 613 16900 1800 -2
02-02 04:30:12.426    79    79 I         : (0)[79:kworker/u8:1][force_get_tbat] 615,613,1,68,100,287 r:320 100 0
02-02 04:30:12.426    79    79 I (0)[79:kworker/u8:1][force_get_tbat] t: 28 precise:287
02-02 04:30:12.535   262   262 I chatty  : uid=0(root) identical 2 lines
02-02 04:30:12.864   174   174 I         : (2)[174:disp_check][DISP][ESD]ESD check end, ret = 0
02-02 04:30:13.536   262   262 W HidlServiceManagement: Waited for hwservicemanager.ready for a second, waiting another...
02-02 04:30:13.918     0     0 I         : (0)[0:swapper/0][mtk_net][rtnl_lock]There is no process hold rtnl lock
02-02 04:30:13.976     1     1 I (0)[1:init]: starting service 'hwservicemanager'...
02-02 04:30:13.982     1     1 I (0)[1:init]: starting service 'servicemanager'...
02-02 04:30:13.986     1     1 I (0)[1:init]: starting service 'vndservicemanager'...
02-02 04:30:13.995   324   324 E (2)[324:init]: failed to write pid to files: couldn't write 324 to /dev/cpuset/system-background/tasks: No such file or directory
02-02 04:30:14.004   323   323 E ProcessState: Binder driver protocol(8) does not match user space protocol(7)! ioctl() return value: 0
02-02 04:30:14.005   323   323 E ProcessState: Binder ioctl to set max threads failed: Bad file descriptor
02-02 04:30:14.005   323   323 F ProcessState: Binder driver '/dev/binder' could not be opened.  Terminating.
02-02 04:30:14.005   323   323 F libc    : Fatal signal 6 (SIGABRT), code -1 (SI_QUEUE) in tid 323 (servicemanager), pid 323 (servicemanager)
02-02 04:30:14.007   326   326 F libc    : failed to exec crash_dump helper: No such file or directory
02-02 04:30:14.008   323   323 F libc    : crash_dump helper failed to exec
02-02 04:30:14.013     1     1 I (0)[1:init]: Service 'servicemanager' (pid 323) received signal 6
02-02 04:30:14.013     1     1 I (0)[1:init]: Sending signal 9 to service 'servicemanager' (pid 323) process group...
02-02 04:30:14.013     1     1 I (0)[1:init]libprocessgroup: Successfully killed process cgroup uid 0 pid 323 in 0ms
02-02 04:30:14.014     1     1 I (0)[1:init]: Untracked pid 326 exited with status 1
02-02 04:30:14.018   324   324 E ProcessState: Binder driver protocol(8) does not match user space protocol(7)! ioctl() return value: 0
02-02 04:30:14.019   324   324 E ProcessState: Binder ioctl to set max threads failed: Bad file descriptor
02-02 04:30:14.019   324   324 F ProcessState: Binder driver '/dev/vndbinder' could not be opened.  Terminating.
02-02 04:30:14.019   324   324 F libc    : Fatal signal 6 (SIGABRT), code -1 (SI_QUEUE) in tid 324 (vndservicemanag), pid 324 (vndservicemanag)
02-02 04:30:14.021   328   328 F libc    : failed to exec crash_dump helper: No such file or directory
02-02 04:30:14.021   324   324 F libc    : crash_dump helper failed to exec
02-02 04:30:14.027   322   322 E hw-ProcessState: Binder driver protocol(8) does not match user space protocol(7)!
02-02 04:30:14.027   322   322 E hw-ProcessState: Binder ioctl to set max threads failed: Bad file descriptor
02-02 04:30:14.027   322   322 F hw-ProcessState: Binder driver could not be opened. Terminating.
02-02 04:30:14.027   322   322 F libc    : Fatal signal 6 (SIGABRT), code -1 (SI_QUEUE) in tid 322 (hwservicemanage), pid 322 (hwservicemanage)
02-02 04:30:14.029   330   330 F libc    : failed to exec crash_dump helper: No such file or directory
02-02 04:30:14.029   322   322 F libc    : crash_dump helper failed to exec
02-02 04:30:14.030     1     1 I (0)[1:init]: Untracked pid 328 exited with status 1
02-02 04:30:14.030     1     1 I (0)[1:init]: Service 'vndservicemanager' (pid 324) received signal 6
02-02 04:30:14.131    81    81 I         : (2)[81:kworker/2:1]usb_state<CONFIGURED>
02-02 04:30:14.504     0     0 I -(0)[0:swapper/0]mtk_charger_alarm_timer_func: not suspend, wake up charger
02-02 04:30:14.504   230   230 I         : (0)[230:charger_thread][fgauge_read_current] final current=656 (ratio=1000)
02-02 04:30:14.506   230   230 W -(2)[230:charger_thread]mt635x_auxadc_read_raw: 18 callbacks suppressed
02-02 04:30:14.506   230   230 I (2)[230:charger_thread]mt635x-auxadc mt635x-auxadc: name:ISENSE, channel=0, adc_out=0x68e1, adc_result=4424
02-02 04:30:14.510   230   230 I (0)[230:charger_thread]mt635x-auxadc mt635x-auxadc: name:BATADC, channel=0, adc_out=0x6844, adc_result=4398
02-02 04:30:14.512   230   230 I (0)[230:charger_thread]mt635x-auxadc mt635x-auxadc: name:BATADC, channel=0, adc_out=0x6845, adc_result=4398
02-02 04:30:14.512   230   230 I (0)[230:charger_thread]mt635x-auxadc mt635x-auxadc: name:VCDT, channel=2, adc_out=0x4aa, adc_result=524
02-02 04:30:14.512   230   230 I         : (0)[230:charger_thread][fgauge_read_current] final current=678 (ratio=1000)
02-02 04:30:14.512   230   230 I         : (0)[230:charger_thread][CH3_DBG] bat_cur = 678
02-02 04:30:14.513   230   230 I (0)[230:charger_thread]mt635x-auxadc mt635x-auxadc: name:BAT_TEMP, channel=3, adc_out=0x578, adc_result=615
02-02 04:30:14.513   230   230 I         : (0)[230:charger_thread][fgauge_read_current] final current=694 (ratio=1000)
02-02 04:30:14.513   230   230 I         : (0)[230:charger_thread][BattVoltToTemp] 613 16900 1800 -2
02-02 04:30:14.513   230   230 I         : (0)[230:charger_thread][force_get_tbat] 615,613,1,69,100,287 r:320 100 0
02-02 04:30:14.513   230   230 I (0)[230:charger_thread][force_get_tbat] t: 28 precise:287
02-02 04:30:14.513   230   230 I (0)[230:charger_thread]Vbat=4398,Ibat=656,I=382,VChr=4957,T=28,Soc=97: 97,CT:1:1 hv:1 pd:0:0
02-02 04:30:14.513   230   230 I (0)[230:charger_thread]mtk_charger_start_timer: alarm timer start:0, 23 658989003
02-02 04:30:14.513   230   230 I         : -(0)[230:charger_thread]alarmtimer_enqueue, 23658989003
02-02 04:30:14.513   230   230 I         : (0)[230:charger_thread][fgauge_read_current] final current=694 (ratio=1000)
02-02 04:30:14.513   230   230 I         : (0)[230:charger_thread][CH3_DBG] bat_cur = 694
02-02 04:30:14.514   230   230 I         : (0)[230:charger_thread][fgauge_read_current] final current=694 (ratio=1000)
02-02 04:30:14.514   230   230 I         : (0)[230:charger_thread][BattVoltToTemp] 613 16900 1800 -2
02-02 04:30:14.514   230   230 I         : (0)[230:charger_thread][force_get_tbat] 615,613,1,69,100,287 r:320 100 0
02-02 04:30:14.514   230   230 I (0)[230:charger_thread][force_get_tbat] t: 28 precise:287
02-02 04:30:14.514   230   230 I         : (0)[230:charger_thread][BATTER_ID_0] bat_id_valtage = 1043(mV)
02-02 04:30:14.514   230   230 I         : (0)[230:charger_thread][SW_JEITA] Battery Normal Temperature between 13 and 51 !!
02-02 04:30:14.514   230   230 I (0)[230:charger_thread][SW_JEITA]preState: 3 newState:3 tmp:28 cv:0
02-02 04:30:14.515   230   230 I (0)[230:charger_thread]tmp: 28 (jeita:1 sm:3 cv:0 en:1) (sm:1) en:1 c:0 s:0 ov:0 1 1
02-02 04:30:14.515   230   230 I         : (0)[230:charger_thread]mtk_switch_charging_run [1 0], timer=0
02-02 04:30:14.515   230   230 I         : (0)[230:charger_thread][fgauge_read_current] final current=656 (ratio=1000)
02-02 04:30:14.515   230   230 I         : (0)[230:charger_thread][CH3_DBG] bat_cur = 656
02-02 04:30:14.516   230   230 I         : (0)[230:charger_thread][fgauge_read_current] final current=656 (ratio=1000)
02-02 04:30:14.516   230   230 I         : (0)[230:charger_thread][BattVoltToTemp] 613 16900 1800 -2
02-02 04:30:14.516   230   230 I         : (0)[230:charger_thread][force_get_tbat] 615,613,1,65,100,287 r:320 100 0
02-02 04:30:14.516   230   230 I (0)[230:charger_thread][force_get_tbat] t: 28 precise:287
02-02 04:30:14.516   230   230 I (0)[230:charger_thread]pe40_ready: 0 hv:1 thermal:-1,-1 tmp:28,39,16 pps:0 en:0 ibus:0 80
02-02 04:30:14.516   230   230 I (0)[230:charger_thread]force: 0 thermal:-1,-1 pe4:-1,-1,0 setting:500 500 type:1 usb_unlimited:0 usbif:0 usbsm:2 aicl:-1 atm:0
02-02 04:30:14.516   230   230 E         : (0)[230:charger_thread]zzf_500000<=500000, i=1
02-02 04:30:14.516   230   230 E         : (0)[230:charger_thread]array_size = 4
02-02 04:30:14.517   230   230 E         : (0)[230:charger_thread][psc5415e_config_interface] write Reg[1]=0x78 from 0x78
02-02 04:30:14.518   230   230 E         : (2)[230:charger_thread][psc5415e_config_interface] write Reg[5]=0x3 from 0x23
02-02 04:30:14.518   230   230 E         : (2)[230:charger_thread]Can't find closest level
02-02 04:30:14.518   230   230 E         : (2)[230:charger_thread]array_size = 8
02-02 04:30:14.519   230   230 E         : (0)[230:charger_thread][psc5415e_config_interface] write Reg[4]=0x6 from 0x6
02-02 04:30:14.520   230   230 E         : (0)[230:charger_thread][psc5415e_config_interface] write Reg[4]=0x6 from 0x6
02-02 04:30:14.522   230   230 E         : (0)[230:charger_thread][psc5415e_config_interface] write Reg[1]=0x78 from 0x78
02-02 04:30:14.523   230   230 E         : (0)[230:charger_thread][psc5415e_config_interface] write Reg[1]=0x78 from 0x78
02-02 04:30:14.523   230   230 E         : (0)[230:charger_thread]psc5415e calm enable charging
02-02 04:30:14.523   230   230 E         : (0)[230:charger_thread]charging_set_cv_voltage register_value=0x2d 4400000 4400000
02-02 04:30:14.524   230   230 E         : (0)[230:charger_thread][psc5415e_config_interface] write Reg[2]=0xb4 from 0xb4
02-02 04:30:14.525   230   230 E         : (0)[230:charger_thread][psc5415e_config_interface] write Reg[1]=0x78 from 0x78
02-02 04:30:14.525   230   230 E         : (0)[230:charger_thread]psc5415e calm enable charging
02-02 04:30:14.525   230   230 E         : (0)[230:charger_thread][psc5415e_read_interface] Reg[0]=0x10
02-02 04:30:14.525   230   230 E         : (0)[230:charger_thread][psc5415e_read_interface] val=0x1
02-02 04:30:14.525   230   230 I         : (0)[230:charger_thread]info->enable_sw_safety_timer(0)
02-02 04:30:14.526   230   230 E         : (0)[230:charger_thread]psc5415e cz [0x0]=0x10
02-02 04:30:14.526   230   230 E         : (0)[230:charger_thread]psc5415e cz [0x1]=0x78
02-02 04:30:14.527   230   230 E         : (0)[230:charger_thread]psc5415e cz [0x2]=0xb4
02-02 04:30:14.528   230   230 E         : (0)[230:charger_thread]psc5415e cz [0x3]=0xf0
02-02 04:30:14.529   230   230 E         : (0)[230:charger_thread]psc5415e cz [0x4]=0x6
02-02 04:30:14.529   230   230 E         : (0)[230:charger_thread]psc5415e cz [0x5]=0x23
02-02 04:30:14.530   230   230 E         : (0)[230:charger_thread]psc5415e cz [0x6]=0x7f
02-02 04:30:14.530     0     0 E         : (0)[230:charger_thread]
02-02 04:30:14.536   262   262 W HidlServiceManagement: Waited for hwservicemanager.ready for a second, waiting another...
02-02 04:30:14.634     0     0 I (0)[228:mtk-tpd][tlsc]esd_check_work: Enter
02-02 04:30:14.997   174   174 I         : (2)[174:disp_check][DISP][ESD]ESD check end, ret = 0
02-02 04:30:17.118     0     0 I         : (0)[0:swapper/0][mtk_net][rtnl_lock]There is no process hold rtnl lock
02-02 04:30:17.130   174   174 I         : (2)[174:disp_check][DISP][ESD]ESD check end, ret = 0
02-02 04:30:17.371     0     0 W (2)[0:swapper/2][mcdi]mcdi cpu: 0, 0, 0, 0, cluster : 0, pause = 0, multi core = 0, latency = 0, residency = 0, last core = 0, avail cpu = 0005, cluster = 0001, enabled = 0, max_s_state = 5, system_idle_hint = 00000000
02-02 04:30:17.538   262   262 I chatty  : uid=0(root) identical 3 lines
02-02 04:30:17.545     5     5 I         : (0)[5:kworker/u8:0][fgauge_read_current] final current=678 (ratio=1000)
02-02 04:30:17.545     5     5 I         : (0)[5:kworker/u8:0][CH3_DBG] bat_cur = 678
02-02 04:30:17.545    79    79 W -(0)[79:kworker/u8:1]mt635x_auxadc_read_raw: 4 callbacks suppressed
02-02 04:30:17.545    79    79 I (0)[79:kworker/u8:1]mt635x-auxadc mt635x-auxadc: name:VPROC_TEMP, channel=4, adc_out=0x5fe, adc_result=674
02-02 04:30:17.545     5     5 I (0)[5:kworker/u8:0]mt635x-auxadc mt635x-auxadc: name:BAT_TEMP, channel=3, adc_out=0x577, adc_result=614
02-02 04:30:17.546     5     5 I         : (0)[5:kworker/u8:0][fgauge_read_current] final current=678 (ratio=1000)
02-02 04:30:17.546     5     5 I         : (0)[5:kworker/u8:0][BattVoltToTemp] 612 16900 1800 -2
02-02 04:30:17.546     5     5 I         : (0)[5:kworker/u8:0][force_get_tbat] 614,612,1,67,100,288 r:320 100 0
02-02 04:30:17.546     5     5 I (0)[5:kworker/u8:0][force_get_tbat] t: 28 precise:288
02-02 04:30:17.546   321   321 I (2)[321:kworker/u8:4]mt635x-auxadc mt635x-auxadc: name:VCORE_TEMP, channel=4, adc_out=0x600, adc_result=675
02-02 04:30:18.538   262   262 W HidlServiceManagement: Waited for hwservicemanager.ready for a second, waiting another...
02-02 04:30:18.634     0     0 I (0)[228:mtk-tpd][tlsc]esd_check_work: Enter
02-02 04:30:18.985     1     1 I (0)[1:init]: starting service 'hwservicemanager'...
02-02 04:30:18.992     1     1 I (0)[1:init]: starting service 'servicemanager'...
02-02 04:30:18.995     1     1 I (0)[1:init]: starting service 'vndservicemanager'...
02-02 04:30:19.002   333   333 E (2)[333:init]: failed to write pid to files: couldn't write 333 to /dev/cpuset/system-background/tasks: No such file or directory
02-02 04:30:19.027   331   331 E hw-ProcessState: Binder driver protocol(8) does not match user space protocol(7)!
02-02 04:30:19.027   331   331 E hw-ProcessState: Binder ioctl to set max threads failed: Bad file descriptor
02-02 04:30:19.027   331   331 F hw-ProcessState: Binder driver could not be opened. Terminating.
02-02 04:30:19.027   331   331 F libc    : Fatal signal 6 (SIGABRT), code -1 (SI_QUEUE) in tid 331 (hwservicemanage), pid 331 (hwservicemanage)
02-02 04:30:19.029   335   335 F libc    : failed to exec crash_dump helper: No such file or directory
02-02 04:30:19.030   331   331 F libc    : crash_dump helper failed to exec
02-02 04:30:19.030   332   332 E ProcessState: Binder driver protocol(8) does not match user space protocol(7)! ioctl() return value: 0
02-02 04:30:19.031   332   332 E ProcessState: Binder ioctl to set max threads failed: Bad file descriptor
02-02 04:30:19.031   332   332 F ProcessState: Binder driver '/dev/binder' could not be opened.  Terminating.
02-02 04:30:19.031   332   332 F libc    : Fatal signal 6 (SIGABRT), code -1 (SI_QUEUE) in tid 332 (servicemanager), pid 332 (servicemanager)
02-02 04:30:19.033   333   333 E ProcessState: Binder driver protocol(8) does not match user space protocol(7)! ioctl() return value: 0
02-02 04:30:19.033   333   333 E ProcessState: Binder ioctl to set max threads failed: Bad file descriptor
02-02 04:30:19.033   333   333 F ProcessState: Binder driver '/dev/vndbinder' could not be opened.  Terminating.
02-02 04:30:19.033   333   333 F libc    : Fatal signal 6 (SIGABRT), code -1 (SI_QUEUE) in tid 333 (vndservicemanag), pid 333 (vndservicemanag)
02-02 04:30:19.035   338   338 F libc    : failed to exec crash_dump helper: No such file or directory
02-02 04:30:19.035   339   339 F libc    : failed to exec crash_dump helper: No such file or directory
02-02 04:30:19.035     1     1 I (0)[1:init]: Service 'hwservicemanager' (pid 331) received signal 6
02-02 04:30:19.035     1     1 I (0)[1:init]: Sending signal 9 to service 'hwservicemanager' (pid 331) process group...
02-02 04:30:19.035   332   332 F libc    : crash_dump helper failed to exec
02-02 04:30:19.035     1     1 I (0)[1:init]libprocessgroup: Successfully killed process cgroup uid 0 pid 331 in 0ms
02-02 04:30:19.035   333   333 F libc    : crash_dump helper failed to exec
02-02 04:30:19.037     1     1 I (2)[1:init]: Untracked pid 335 exited with status 1
02-02 04:30:19.040     1     1 I (0)[1:init]: Service 'servicemanager' (pid 332) received signal 6
02-02 04:30:19.041     1     1 I (0)[1:init]: Sending signal 9 to service 'servicemanager' (pid 332) process group...
02-02 04:30:19.251    81    81 I         : (2)[81:kworker/2:1]usb_state<CONFIGURED>
02-02 04:30:19.263   174   174 I         : (2)[174:disp_check][DISP][ESD]ESD check end, ret = 0
02-02 04:30:19.539   262   262 W HidlServiceManagement: Waited for hwservicemanager.ready for a second, waiting another...
02-02 04:30:20.318     0     0 I         : (0)[0:swapper/0][mtk_net][rtnl_lock]There is no process hold rtnl lock
02-02 04:30:21.396   174   174 I         : (2)[174:disp_check][DISP][ESD]ESD check end, ret = 0
02-02 04:30:22.364   195   195 I         : (0)[195:battery_thread][fg_drv_update_hw_status]=>
02-02 04:30:22.364   195   195 I         : (0)[195:battery_thread][fgauge_read_current] final current=644 (ratio=1000)
02-02 04:30:22.364   195   195 I         : (0)[195:battery_thread][CH3_DBG] bat_cur = 644
02-02 04:30:22.365   195   195 I (0)[195:battery_thread]mt635x-auxadc mt635x-auxadc: name:BAT_TEMP, channel=3, adc_out=0x576, adc_result=614
02-02 04:30:22.365   195   195 I         : (0)[195:battery_thread][fgauge_read_current] final current=644 (ratio=1000)
02-02 04:30:22.365   195   195 I         : (0)[195:battery_thread][BattVoltToTemp] 612 16900 1800 -2
02-02 04:30:22.365   195   195 I         : (0)[195:battery_thread][force_get_tbat] 614,612,1,64,100,288 r:320 100 0
02-02 04:30:22.365   195   195 I (0)[195:battery_thread][force_get_tbat] t: 28 precise:288
02-02 04:30:22.365   195   195 I         : (0)[195:battery_thread][fg_bat_temp_int_sw_check] tmp 28 lt 65535 ht 65535
02-02 04:30:22.365   195   195 I         : (0)[195:battery_thread][fg_bat_sw_temp_int_l_handler]
02-02 04:30:22.366   195   195 I         : (0)[195:battery_thread][fgauge_read_current] final current=644 (ratio=1000)
02-02 04:30:22.366   195   195 I         : (0)[195:battery_thread][CH3_DBG] bat_cur = 644
02-02 04:30:22.366   195   195 I (0)[195:battery_thread]mt635x-auxadc mt635x-auxadc: name:BAT_TEMP, channel=3, adc_out=0x576, adc_result=614
02-02 04:30:22.366   195   195 I         : (0)[195:battery_thread][fgauge_read_current] final current=581 (ratio=1000)
02-02 04:30:22.367   195   195 I         : (0)[195:battery_thread][BattVoltToTemp] 612 16900 1800 -2
02-02 04:30:22.367   195   195 I         : (0)[195:battery_thread][force_get_tbat] 614,612,1,58,100,288 r:320 100 0
02-02 04:30:22.367   195   195 I (0)[195:battery_thread][force_get_tbat] t: 28 precise:288
02-02 04:30:22.367   195   195 I         : (0)[195:battery_thread]mtk_battery boot mode =2
02-02 04:30:22.367   195   195 I         : (0)[195:battery_thread][wakeup_fg_algo_recovery] intr_num=0x400
02-02 04:30:22.367   195   195 I         : (0)[195:battery_thread][TempConverBattThermistor] [8652] 25 10000 30 8315 29
02-02 04:30:22.367   195   195 I         : (0)[195:battery_thread][fgauge_read_current] final current=581 (ratio=1000)
02-02 04:30:22.367   195   195 I         : (0)[195:battery_thread][TempToBattVolt] temp 29 R_NTC 8652 V(6094 6118) I 581 CHG 1
02-02 04:30:22.367   195   195 I         : (0)[195:battery_thread][TempConverBattThermistor] [9326] 25 10000 30 8315 27
02-02 04:30:22.367   195   195 I         : (0)[195:battery_thread][TempToBattVolt] temp 27 R_NTC 9326 V(6400 6424) I 581 CHG 1
02-02 04:30:22.367   195   195 I         : (0)[195:battery_thread][fg_bat_temp_int_internal][FG_TEMP_INT] T[28] V[65535 65535] C[29 27] h[6424 6118]
02-02 04:30:22.369   195   195 I         : (0)[195:battery_thread][MDRT_ADC] OLD = 0x38c4, NOW = 0x38ca, CNT = 0
02-02 04:30:22.369   195   195 I (0)[195:battery_thread]mt635x-auxadc mt635x-auxadc: name:BATADC, channel=0, adc_out=0x6846, adc_result=4399
02-02 04:30:22.369   195   195 I         : (0)[195:battery_thread][fgauge_read_current] final current=622 (ratio=1000)
02-02 04:30:22.369   195   195 I         : (0)[195:battery_thread][CH3_DBG] bat_cur = 622
02-02 04:30:22.370   195   195 I (0)[195:battery_thread]mt635x-auxadc mt635x-auxadc: name:BAT_TEMP, channel=3, adc_out=0x576, adc_result=614
02-02 04:30:22.370   195   195 I         : (0)[195:battery_thread][fgauge_read_current] final current=622 (ratio=1000)
02-02 04:30:22.370   195   195 I         : (0)[195:battery_thread][BattVoltToTemp] 612 16900 1800 -2
02-02 04:30:22.370   195   195 I         : (0)[195:battery_thread][force_get_tbat] 614,612,1,62,100,288 r:320 100 0
02-02 04:30:22.370   195   195 I (0)[195:battery_thread][force_get_tbat] t: 28 precise:288
02-02 04:30:22.370   195   195 I (0)[195:battery_thread][fg_update_sw_iavg]diff time: 20 iavg:0
02-02 04:30:22.370   195   195 I         : (0)[195:battery_thread][read_boot_battery_plug_out_status] rtc_invalid 0 plugout 1 bat_plug_out_time 31 sp3:0xe1 pl:0 0
02-02 04:30:22.370   195   195 I         : (0)[195:battery_thread][fgauge_read_current] final current=656 (ratio=1000)
02-02 04:30:22.370   195   195 I         : (0)[195:battery_thread][fgauge_get_coulomb] CAR=2 r_fg_value=100 car_tune_value=1000
02-02 04:30:22.372    28    28 I         : (0)[28:kworker/0:1][fgauge_read_current] final current=590 (ratio=1000)
02-02 04:30:22.372     0     0 W (2)[0:swapper/2][mcdi]mcdi cpu: 0, 0, 0, 0, cluster : 0, pause = 0, multi core = 0, latency = 0, residency = 0, last core = 0, avail cpu = 0005, cluster = 0001, enabled = 0, max_s_state = 5, system_idle_hint = 00000000
02-02 04:30:22.372    28    28 I         : (0)[28:kworker/0:1][fgauge_read_current] final current=590 (ratio=1000)
02-02 04:30:22.373   195   195 I (0)[195:battery_thread]mt635x-auxadc mt635x-auxadc: name:BATADC, channel=0, adc_out=0x6844, adc_result=4398
02-02 04:30:22.374   195   195 I         : (0)[195:battery_thread][fgauge_read_current] final current=590 (ratio=1000)
02-02 04:30:22.374   195   195 I         : (0)[195:battery_thread][CH3_DBG] bat_cur = 590
02-02 04:30:22.375   195   195 I         : (2)[195:battery_thread][fgauge_read_current] final current=616 (ratio=1000)
02-02 04:30:22.375   195   195 I         : (2)[195:battery_thread][BattVoltToTemp] 611 16900 1800 -2
02-02 04:30:22.375   195   195 I         : (2)[195:battery_thread][force_get_tbat] 613,611,1,61,100,289 r:320 100 0
02-02 04:30:22.375   195   195 I (2)[195:battery_thread][force_get_tbat] t: 28 precise:289
02-02 04:30:22.376   195   195 I         : (2)[195:battery_thread]lbat 0 0 1 34500
02-02 04:30:22.376   195   195 I (2)[195:battery_thread]car[2,121,-121,243,-121, cycle_car:-1,ncar:11] c: 1 656 vbat:4398 vbus:4976 soc:97 97 gm3:0 0 0 0
02-02 04:30:22.376   195   195 I         : (2)[195:battery_thread][fgauge_get_coulomb] CAR=2 r_fg_value=100 car_tune_value=1000
02-02 04:30:22.376   195   195 I         : (2)[195:battery_thread][fg_bat_nafg][fgauge_get_nag_cnt] 0 [25_16 0 15_0 0]
02-02 04:30:22.376   195   195 I (2)[195:battery_thread][fg_nafg_monitor]time: 21 nafg_cnt:0, now:21, last_t:0
02-02 04:30:22.376   195   195 I (2)[195:battery_thread]tmp: 28 65535 65535 hcar2:243 lcar2:121 time:21 sw_iavg:0 0 0 nafg_m:0 0 0
02-02 04:30:22.376   195   195 I         : (2)[195:battery_thread][fgauge_get_coulomb] CAR=2 r_fg_value=100 car_tune_value=1000
02-02 04:30:22.378   195   195 I         : (0)[195:battery_thread][fgauge_read_current] final current=590 (ratio=1000)
02-02 04:30:22.378   195   195 I chatty  : uid=1036(auditd) identical 1 line
02-02 04:30:22.378   195   195 I         : (0)[195:battery_thread][fgauge_read_current] final current=590 (ratio=1000)
02-02 04:30:22.378   195   195 I         : (0)[195:battery_thread][CH3_DBG] bat_cur = 590
02-02 04:30:22.379   195   195 I         : (0)[195:battery_thread][fgauge_read_current] final current=590 (ratio=1000)
02-02 04:30:22.379   195   195 I         : (0)[195:battery_thread][BattVoltToTemp] 612 16900 1800 -2
02-02 04:30:22.379   195   195 I         : (0)[195:battery_thread][force_get_tbat] 614,612,1,59,100,288 r:320 100 0
02-02 04:30:22.379   195   195 I (0)[195:battery_thread][force_get_tbat] t: 28 precise:288
02-02 04:30:22.379   195   195 I         : (0)[195:battery_thread][fg_is_battery_exist] PMIC_RGS_BATON_UNDET = 1
02-02 04:30:22.379   195   195 I         : (0)[195:battery_thread]GM3log1 21 21 4399 590 590 0 -8 28 1 1 206 1 0
02-02 04:30:22.380   195   195 I         : (0)[195:battery_thread]GM3log2 21 0 0 0 0 43982 634 1 4976
02-02 04:30:22.380   195   195 I         : (0)[195:battery_thread]GM3log3 21 0 43220 -3247 0
02-02 04:30:22.380   195   195 I         : (0)[195:battery_thread]GM3log4 0 97 0 1 31 0 1 1 1 1 97
02-02 04:30:22.380   195   195 I         : (0)[195:battery_thread]GM3log int 21 21 0 0 0 0
02-02 04:30:22.380   195   195 I         : (0)[195:battery_thread]GM3log phone_state 0 0
02-02 04:30:22.380   195   195 I (0)[195:battery_thread]GM3 car: 2 car_diff:-10
02-02 04:30:22.380   195   195 I (0)[195:battery_thread][read_nafg_vbat] i: 0 nag_vbat_reg 0xe88a nag_vbat_mv 44102:26762
02-02 04:30:22.380   195   195 I         : (0)[195:battery_thread][read_nafg_vbat1] 0 0 10 0 0 0 0 0 0
02-02 04:30:22.380   195   195 I         : (0)[195:battery_thread][read_nafg_vbat2] 1 0 1 1 1 0 1 0 0 0 0 0
02-02 04:30:22.380   195   195 I (0)[195:battery_thread][fg_bat_nafg][fgauge_get_nag_dltv] mV: Reg [9897:6006]
02-02 04:30:22.380   195   195 I         : (0)[195:battery_thread][fg_bat_nafg][fgauge_get_nag_cnt] 0 [25_16 0 15_0 0]
02-02 04:30:22.380   195   195 I (0)[195:battery_thread][fg_bat_nafg][fgauge_get_nag_c_dltv] mV: Reg[0:0][b10:0][26_16(0x0000) 15_00(0x0000)]
02-02 04:30:22.380   195   195 I         : (0)[195:battery_thread]GM3log-nint-nafg 21 21 0 44102 9897 0 0
02-02 04:30:22.380   195   195 I         : (0)[195:battery_thread]mtk_battery boot mode =2
02-02 04:30:22.380   195   195 I         : (0)[195:battery_thread][wakeup_fg_algo_recovery] intr_num=0x2000000
02-02 04:30:22.541   262   262 I chatty  : uid=0(root) identical 3 lines
02-02 04:30:22.635     0     0 I (0)[228:mtk-tpd][tlsc]esd_check_work: Enter
02-02 04:30:22.665   321   321 I         : (0)[321:kworker/u8:4][fgauge_read_current] final current=616 (ratio=1000)
02-02 04:30:22.665   321   321 I         : (0)[321:kworker/u8:4][CH3_DBG] bat_cur = 616
02-02 04:30:22.668   321   321 I         : (0)[321:kworker/u8:4][fgauge_read_current] final current=660 (ratio=1000)
02-02 04:30:22.668   321   321 I         : (0)[321:kworker/u8:4][BattVoltToTemp] 612 16900 1800 -2
02-02 04:30:22.668   321   321 I         : (0)[321:kworker/u8:4][force_get_tbat] 614,612,1,66,100,288 r:320 100 0
02-02 04:30:22.668   321   321 I (0)[321:kworker/u8:4][force_get_tbat] t: 28 precise:288
02-02 04:30:23.068     0     0 I         : (2)[234:wdtk-2][wdk-c] cpu=2,lbit=0x4,cbit=0x5,3,0,3318214545,[22217359590,20000000]
02-02 04:30:23.068     0     0 I         : (2)[234:wdtk-2][thread:234][RT:22217421590] 2022-02-02 04:30:23.64294 UTC;android time 2022-02-02 04:30:23.64294
02-02 04:30:23.071     0     0 W         : (0)[232:wdtk-0][wdk-k] cpu=0,lbit=0x5,cbit=0x5,3,0,3318214545,[22220633590,19996726]
02-02 04:30:23.518     0     0 I         : (0)[0:swapper/0][mtk_net][rtnl_lock]There is no process hold rtnl lock
02-02 04:30:23.529   174   174 I         : (2)[174:disp_check][DISP][ESD]ESD check end, ret = 0
02-02 04:30:23.541   262   262 W HidlServiceManagement: Waited for hwservicemanager.ready for a second, waiting another...
02-02 04:30:23.991     1     1 I (2)[1:init]: starting service 'hwservicemanager'...
02-02 04:30:23.997     1     1 I (0)[1:init]: starting service 'servicemanager'...
02-02 04:30:24.000     1     1 I (0)[1:init]: starting service 'vndservicemanager'...
02-02 04:30:24.011   342   342 E (0)[342:init]: failed to write pid to files: couldn't write 342 to /dev/cpuset/system-background/tasks: No such file or directory
02-02 04:30:24.033   340   340 E hw-ProcessState: Binder driver protocol(8) does not match user space protocol(7)!
02-02 04:30:24.033   340   340 E hw-ProcessState: Binder ioctl to set max threads failed: Bad file descriptor
02-02 04:30:24.033   340   340 F hw-ProcessState: Binder driver could not be opened. Terminating.
02-02 04:30:24.033   340   340 F libc    : Fatal signal 6 (SIGABRT), code -1 (SI_QUEUE) in tid 340 (hwservicemanage), pid 340 (hwservicemanage)
02-02 04:30:24.035   344   344 F libc    : failed to exec crash_dump helper: No such file or directory
02-02 04:30:24.036   340   340 F libc    : crash_dump helper failed to exec
02-02 04:30:24.037   342   342 E ProcessState: Binder driver protocol(8) does not match user space protocol(7)! ioctl() return value: 0
02-02 04:30:24.038   341   341 E ProcessState: Binder driver protocol(8) does not match user space protocol(7)! ioctl() return value: 0
02-02 04:30:24.038   341   341 E ProcessState: Binder ioctl to set max threads failed: Bad file descriptor
02-02 04:30:24.038   341   341 F ProcessState: Binder driver '/dev/binder' could not be opened.  Terminating.
02-02 04:30:24.038   341   341 F libc    : Fatal signal 6 (SIGABRT), code -1 (SI_QUEUE) in tid 341 (servicemanager), pid 341 (servicemanager)
02-02 04:30:24.038   342   342 E ProcessState: Binder ioctl to set max threads failed: Bad file descriptor
02-02 04:30:24.038   342   342 F ProcessState: Binder driver '/dev/vndbinder' could not be opened.  Terminating.
02-02 04:30:24.039   342   342 F libc    : Fatal signal 6 (SIGABRT), code -1 (SI_QUEUE) in tid 342 (vndservicemanag), pid 342 (vndservicemanag)
02-02 04:30:24.040   347   347 F libc    : failed to exec crash_dump helper: No such file or directory
02-02 04:30:24.041   342   342 F libc    : crash_dump helper failed to exec
02-02 04:30:24.041     1     1 I (2)[1:init]: Service 'hwservicemanager' (pid 340) received signal 6
02-02 04:30:24.041     1     1 I (2)[1:init]: Sending signal 9 to service 'hwservicemanager' (pid 340) process group...
02-02 04:30:24.042     1     1 I (2)[1:init]libprocessgroup: Successfully killed process cgroup uid 0 pid 340 in 0ms
02-02 04:30:24.042   348   348 F libc    : failed to exec crash_dump helper: No such file or directory
02-02 04:30:24.043   341   341 F libc    : crash_dump helper failed to exec
02-02 04:30:24.043     1     1 I (2)[1:init]: Untracked pid 344 exited with status 1
02-02 04:30:24.046     1     1 I (0)[1:init]: Service 'vndservicemanager' (pid 342) received signal 6
02-02 04:30:24.046     1     1 I (0)[1:init]: Sending signal 9 to service 'vndservicemanager' (pid 342) process group...
02-02 04:30:24.371    81    81 I         : (2)[81:kworker/2:1]usb_state<CONFIGURED>
02-02 04:30:24.513     0     0 I -(0)[0:swapper/0]mtk_charger_alarm_timer_func: not suspend, wake up charger
02-02 04:30:24.513   230   230 I         : (0)[230:charger_thread][fgauge_read_current] final current=616 (ratio=1000)
02-02 04:30:24.515   230   230 W -(2)[230:charger_thread]mt635x_auxadc_read_raw: 9 callbacks suppressed
02-02 04:30:24.515   230   230 I (2)[230:charger_thread]mt635x-auxadc mt635x-auxadc: name:ISENSE, channel=0, adc_out=0x68e0, adc_result=4424
02-02 04:30:24.517   230   230 I (0)[230:charger_thread]mt635x-auxadc mt635x-auxadc: name:BATADC, channel=0, adc_out=0x6846, adc_result=4399
02-02 04:30:24.519   230   230 I (0)[230:charger_thread]mt635x-auxadc mt635x-auxadc: name:BATADC, channel=0, adc_out=0x6844, adc_result=4398
02-02 04:30:24.519   230   230 I (0)[230:charger_thread]mt635x-auxadc mt635x-auxadc: name:VCDT, channel=2, adc_out=0x4ad, adc_result=526
02-02 04:30:24.520   230   230 I         : (0)[230:charger_thread][fgauge_read_current] final current=609 (ratio=1000)
02-02 04:30:24.520   230   230 I         : (0)[230:charger_thread][CH3_DBG] bat_cur = 609
02-02 04:30:24.520   230   230 I (0)[230:charger_thread]mt635x-auxadc mt635x-auxadc: name:BAT_TEMP, channel=3, adc_out=0x577, adc_result=614
02-02 04:30:24.520   230   230 I         : (0)[230:charger_thread][fgauge_read_current] final current=609 (ratio=1000)
02-02 04:30:24.520   230   230 I         : (0)[230:charger_thread][BattVoltToTemp] 612 16900 1800 -2
02-02 04:30:24.520   230   230 I         : (0)[230:charger_thread][force_get_tbat] 614,612,1,60,100,288 r:320 100 0
02-02 04:30:24.520   230   230 I (0)[230:charger_thread][force_get_tbat] t: 28 precise:288
02-02 04:30:24.520   230   230 I (0)[230:charger_thread]Vbat=4398,Ibat=616,I=367,VChr=4976,T=28,Soc=97: 97,CT:1:1 hv:1 pd:0:0
02-02 04:30:24.520   230   230 I (0)[230:charger_thread]mtk_charger_start_timer: alarm timer start:0, 33 666339697
02-02 04:30:24.521   230   230 I         : -(0)[230:charger_thread]alarmtimer_enqueue, 33666339697
02-02 04:30:24.521   230   230 I         : (0)[230:charger_thread][fgauge_read_current] final current=550 (ratio=1000)
02-02 04:30:24.521   230   230 I         : (0)[230:charger_thread][CH3_DBG] bat_cur = 550
02-02 04:30:24.522   230   230 I         : (0)[230:charger_thread][fgauge_read_current] final current=550 (ratio=1000)
02-02 04:30:24.522   230   230 I         : (0)[230:charger_thread][BattVoltToTemp] 611 16900 1800 -2
02-02 04:30:24.522   230   230 I         : (0)[230:charger_thread][force_get_tbat] 613,611,1,55,100,289 r:320 100 0
02-02 04:30:24.522   230   230 I (0)[230:charger_thread][force_get_tbat] t: 28 precise:289
02-02 04:30:24.522   230   230 I         : (0)[230:charger_thread][BATTER_ID_0] bat_id_valtage = 1043(mV)
02-02 04:30:24.522   230   230 I         : (0)[230:charger_thread][SW_JEITA] Battery Normal Temperature between 13 and 51 !!
02-02 04:30:24.522   230   230 I (0)[230:charger_thread][SW_JEITA]preState: 3 newState:3 tmp:28 cv:0
02-02 04:30:24.522   230   230 I (0)[230:charger_thread]tmp: 28 (jeita:1 sm:3 cv:0 en:1) (sm:1) en:1 c:0 s:0 ov:0 1 1
02-02 04:30:24.522   230   230 I         : (0)[230:charger_thread]mtk_switch_charging_run [1 0], timer=10
02-02 04:30:24.523   230   230 I         : (0)[230:charger_thread][fgauge_read_current] final current=575 (ratio=1000)
02-02 04:30:24.523   230   230 I         : (0)[230:charger_thread][CH3_DBG] bat_cur = 575
02-02 04:30:24.523   230   230 I         : (0)[230:charger_thread][fgauge_read_current] final current=575 (ratio=1000)
02-02 04:30:24.523   230   230 I         : (0)[230:charger_thread][BattVoltToTemp] 611 16900 1800 -2
02-02 04:30:24.523   230   230 I         : (0)[230:charger_thread][force_get_tbat] 613,611,1,57,100,289 r:320 100 0
02-02 04:30:24.523   230   230 I (0)[230:charger_thread][force_get_tbat] t: 28 precise:289
02-02 04:30:24.523   230   230 I (0)[230:charger_thread]pe40_ready: 0 hv:1 thermal:-1,-1 tmp:28,39,16 pps:0 en:0 ibus:0 80
02-02 04:30:24.523   230   230 I (0)[230:charger_thread]force: 0 thermal:-1,-1 pe4:-1,-1,0 setting:500 500 type:1 usb_unlimited:0 usbif:0 usbsm:2 aicl:-1 atm:0
02-02 04:30:24.523   230   230 E         : (0)[230:charger_thread]zzf_500000<=500000, i=1
02-02 04:30:24.523   230   230 E         : (0)[230:charger_thread]array_size = 4
02-02 04:30:24.525   230   230 E         : (2)[230:charger_thread][psc5415e_config_interface] write Reg[1]=0x78 from 0x78
02-02 04:30:24.526   230   230 E         : (0)[230:charger_thread][psc5415e_config_interface] write Reg[5]=0x3 from 0x23
02-02 04:30:24.526   230   230 E         : (0)[230:charger_thread]Can't find closest level
02-02 04:30:24.526   230   230 E         : (0)[230:charger_thread]array_size = 8
02-02 04:30:24.526   230   230 E         : (0)[230:charger_thread][psc5415e_config_interface] write Reg[4]=0x6 from 0x6
02-02 04:30:24.527   230   230 E         : (0)[230:charger_thread][psc5415e_config_interface] write Reg[4]=0x6 from 0x6
02-02 04:30:24.529   230   230 E         : (0)[230:charger_thread][psc5415e_config_interface] write Reg[1]=0x78 from 0x78
02-02 04:30:24.530   230   230 E         : (0)[230:charger_thread][psc5415e_config_interface] write Reg[1]=0x78 from 0x78
02-02 04:30:24.530   230   230 E         : (0)[230:charger_thread]psc5415e calm enable charging
02-02 04:30:24.530   230   230 E         : (0)[230:charger_thread]charging_set_cv_voltage register_value=0x2d 4400000 4400000
02-02 04:30:24.531   230   230 E         : (0)[230:charger_thread][psc5415e_config_interface] write Reg[2]=0xb4 from 0xb4
02-02 04:30:24.532   230   230 E         : (0)[230:charger_thread][psc5415e_config_interface] write Reg[1]=0x78 from 0x78
02-02 04:30:24.532   230   230 E         : (0)[230:charger_thread]psc5415e calm enable charging
02-02 04:30:24.532   230   230 E         : (0)[230:charger_thread][psc5415e_read_interface] Reg[0]=0x10
02-02 04:30:24.532   230   230 E         : (0)[230:charger_thread][psc5415e_read_interface] val=0x1
02-02 04:30:24.532   230   230 I         : (0)[230:charger_thread]info->enable_sw_safety_timer(0)
02-02 04:30:24.533   230   230 E         : (0)[230:charger_thread]psc5415e cz [0x0]=0x10
02-02 04:30:24.533   230   230 E         : (0)[230:charger_thread]psc5415e cz [0x1]=0x78
02-02 04:30:24.534   230   230 E         : (2)[230:charger_thread]psc5415e cz [0x2]=0xb4
02-02 04:30:24.535   230   230 E         : (0)[230:charger_thread]psc5415e cz [0x3]=0xf0
02-02 04:30:24.535   230   230 E         : (0)[230:charger_thread]psc5415e cz [0x4]=0x6
02-02 04:30:24.536   230   230 E         : (0)[230:charger_thread]psc5415e cz [0x5]=0x23
02-02 04:30:24.537   230   230 E         : (0)[230:charger_thread]psc5415e cz [0x6]=0x7f
02-02 04:30:24.537     0     0 E         : (0)[230:charger_thread]
02-02 04:30:24.541   262   262 W HidlServiceManagement: Waited for hwservicemanager.ready for a second, waiting another...
02-02 04:30:25.662   174   174 I         : (2)[174:disp_check][DISP][ESD]ESD check end, ret = 0
02-02 04:30:26.635     0     0 I (0)[228:mtk-tpd][tlsc]esd_check_work: Enter
02-02 04:30:26.718     0     0 I         : (0)[0:swapper/0][mtk_net][rtnl_lock]There is no process hold rtnl lock
02-02 04:30:27.374     0     0 W (2)[0:swapper/2][mcdi]mcdi cpu: 0, 0, 0, 0, cluster : 0, pause = 0, multi core = 0, latency = 0, residency = 0, last core = 0, avail cpu = 0005, cluster = 0001, enabled = 0, max_s_state = 5, system_idle_hint = 00000000
02-02 04:30:27.543   262   262 I chatty  : uid=0(root) identical 3 lines
02-02 04:30:27.785   321   321 I         : (0)[321:kworker/u8:4][fgauge_read_current] final current=553 (ratio=1000)
02-02 04:30:27.785   321   321 I         : (0)[321:kworker/u8:4][CH3_DBG] bat_cur = 553
02-02 04:30:27.785   321   321 W -(0)[321:kworker/u8:4]mt635x_auxadc_read_raw: 4 callbacks suppressed
02-02 04:30:27.785   321   321 I (0)[321:kworker/u8:4]mt635x-auxadc mt635x-auxadc: name:BAT_TEMP, channel=3, adc_out=0x575, adc_result=613
02-02 04:30:27.786   321   321 I         : (0)[321:kworker/u8:4][fgauge_read_current] final current=553 (ratio=1000)
02-02 04:30:27.786   321   321 I         : (0)[321:kworker/u8:4][BattVoltToTemp] 611 16900 1800 -2
02-02 04:30:27.786   321   321 I         : (0)[321:kworker/u8:4][force_get_tbat] 613,611,1,55,100,289 r:320 100 0
02-02 04:30:27.786   321   321 I (0)[321:kworker/u8:4][force_get_tbat] t: 28 precise:289
02-02 04:30:27.786     5     5 I (2)[5:kworker/u8:0]mt635x-auxadc mt635x-auxadc: name:VPROC_TEMP, channel=4, adc_out=0x5ff, adc_result=674
02-02 04:30:27.786    79    79 I (0)[79:kworker/u8:1]mt635x-auxadc mt635x-auxadc: name:VCORE_TEMP, channel=4, adc_out=0x600, adc_result=675
02-02 04:30:27.795   174   174 I         : (2)[174:disp_check][DISP][ESD]ESD check end, ret = 0
02-02 04:30:28.543   262   262 W HidlServiceManagement: Waited for hwservicemanager.ready for a second, waiting another...
02-02 04:30:28.998     1     1 I (0)[1:init]: starting service 'hwservicemanager'...
02-02 04:30:29.005     1     1 I (0)[1:init]: starting service 'servicemanager'...
02-02 04:30:29.011     1     1 I (0)[1:init]: starting service 'vndservicemanager'...
02-02 04:30:29.018   351   351 E (2)[351:init]: failed to write pid to files: couldn't write 351 to /dev/cpuset/system-background/tasks: No such file or directory
02-02 04:30:29.039   350   350 E ProcessState: Binder driver protocol(8) does not match user space protocol(7)! ioctl() return value: 0
02-02 04:30:29.042   349   349 E hw-ProcessState: Binder driver protocol(8) does not match user space protocol(7)!
02-02 04:30:29.042   349   349 E hw-ProcessState: Binder ioctl to set max threads failed: Bad file descriptor
02-02 04:30:29.042   349   349 F hw-ProcessState: Binder driver could not be opened. Terminating.
02-02 04:30:29.042   349   349 F libc    : Fatal signal 6 (SIGABRT), code -1 (SI_QUEUE) in tid 349 (hwservicemanage), pid 349 (hwservicemanage)
02-02 04:30:29.044   353   353 F libc    : failed to exec crash_dump helper: No such file or directory
02-02 04:30:29.045   349   349 F libc    : crash_dump helper failed to exec
02-02 04:30:29.045   350   350 E ProcessState: Binder ioctl to set max threads failed: Bad file descriptor
02-02 04:30:29.045   350   350 F ProcessState: Binder driver '/dev/binder' could not be opened.  Terminating.
02-02 04:30:29.045   350   350 F libc    : Fatal signal 6 (SIGABRT), code -1 (SI_QUEUE) in tid 350 (servicemanager), pid 350 (servicemanager)
02-02 04:30:29.049   351   351 E ProcessState: Binder driver protocol(8) does not match user space protocol(7)! ioctl() return value: 0
02-02 04:30:29.049   351   351 E ProcessState: Binder ioctl to set max threads failed: Bad file descriptor
02-02 04:30:29.049   351   351 F ProcessState: Binder driver '/dev/vndbinder' could not be opened.  Terminating.
02-02 04:30:29.049   351   351 F libc    : Fatal signal 6 (SIGABRT), code -1 (SI_QUEUE) in tid 351 (vndservicemanag), pid 351 (vndservicemanag)
02-02 04:30:29.049   355   355 F libc    : failed to exec crash_dump helper: No such file or directory
02-02 04:30:29.050     1     1 I (0)[1:init]: Service 'hwservicemanager' (pid 349) received signal 6
02-02 04:30:29.050     1     1 I (0)[1:init]: Sending signal 9 to service 'hwservicemanager' (pid 349) process group...
02-02 04:30:29.050     1     1 I (0)[1:init]libprocessgroup: Successfully killed process cgroup uid 0 pid 349 in 0ms
