02-05 08:11:16.437     0     0 I         : (2)[226:irq/44-tlsc6x_t][tlsc] pointer report X is 228, Y is 664, id is 0.
02-05 08:11:16.446     0     0 I         : (2)[226:irq/44-tlsc6x_t][tlsc] pointer report X is 227, Y is 667, id is 0.
02-05 08:11:16.456     0     0 I         : (2)[226:irq/44-tlsc6x_t][tlsc] pointer report X is 227, Y is 669, id is 0.
02-05 08:11:16.456   255   255 I         : (0)[255:recovery][DISP]AEE is not enabled, will disable layer 3
02-05 08:11:16.465     0     0 I         : (1)[226:irq/44-tlsc6x_t][tlsc] pointer report X is 227, Y is 671, id is 0.
02-05 08:11:16.467   255   255 I (0)[255:recovery]mtk-tpd: [tpd_fb_notifier_callback:458] tpd_fb_notifier_callback
02-05 08:11:16.475     0     0 I         : (1)[226:irq/44-tlsc6x_t][tlsc] pointer report X is 227, Y is 674, id is 0.
02-05 08:11:16.484     0     0 I         : (2)[226:irq/44-tlsc6x_t][tlsc] pointer report X is 227, Y is 677, id is 0.
02-05 08:11:16.489   255   255 I         : (0)[255:recovery][DISP]AEE is not enabled, will disable layer 3
02-05 08:11:16.493     0     0 I         : (2)[226:irq/44-tlsc6x_t][tlsc] pointer report X is 226, Y is 680, id is 0.
02-05 08:11:16.500   255   255 I (0)[255:recovery]mtk-tpd: [tpd_fb_notifier_callback:458] tpd_fb_notifier_callback
02-05 08:11:16.503     0     0 I         : (3)[226:irq/44-tlsc6x_t][tlsc] pointer report X is 226, Y is 684, id is 0.
02-05 08:11:16.512     0     0 I         : (3)[226:irq/44-tlsc6x_t][tlsc] pointer report X is 225, Y is 687, id is 0.
02-05 08:11:16.522     0     0 I         : (3)[226:irq/44-tlsc6x_t][tlsc] pointer report X is 224, Y is 691, id is 0.
02-05 08:11:16.523   255   255 I         : (0)[255:recovery][DISP]AEE is not enabled, will disable layer 3
02-05 08:11:16.531     0     0 I         : (1)[226:irq/44-tlsc6x_t][tlsc] pointer report X is 224, Y is 694, id is 0.
02-05 08:11:16.533   255   255 I (0)[255:recovery]mtk-tpd: [tpd_fb_notifier_callback:458] tpd_fb_notifier_callback
02-05 08:11:16.541     0     0 I         : (1)[226:irq/44-tlsc6x_t][tlsc] pointer report X is 223, Y is 697, id is 0.
02-05 08:11:16.550     0     0 I         : (1)[226:irq/44-tlsc6x_t][tlsc] pointer report X is 223, Y is 701, id is 0.
02-05 08:11:16.556   255   255 I         : (0)[255:recovery][DISP]AEE is not enabled, will disable layer 3
02-05 08:11:16.560     0     0 I         : (1)[226:irq/44-tlsc6x_t][tlsc] pointer report X is 222, Y is 704, id is 0.
02-05 08:11:16.567   255   255 I (0)[255:recovery]mtk-tpd: [tpd_fb_notifier_callback:458] tpd_fb_notifier_callback
02-05 08:11:16.569     0     0 I         : (2)[226:irq/44-tlsc6x_t][tlsc] pointer report X is 221, Y is 708, id is 0.
02-05 08:11:16.578     0     0 I         : (2)[226:irq/44-tlsc6x_t][tlsc] pointer report X is 221, Y is 711, id is 0.
02-05 08:11:16.588     0     0 I         : (2)[226:irq/44-tlsc6x_t][tlsc] pointer report X is 220, Y is 715, id is 0.
02-05 08:11:16.589   255   255 I         : (0)[255:recovery][DISP]AEE is not enabled, will disable layer 3
02-05 08:11:16.597     0     0 I         : (2)[226:irq/44-tlsc6x_t][tlsc] pointer report X is 219, Y is 719, id is 0.
02-05 08:11:16.600   255   255 I (0)[255:recovery]mtk-tpd: [tpd_fb_notifier_callback:458] tpd_fb_notifier_callback
02-05 08:11:16.607     0     0 I         : (2)[226:irq/44-tlsc6x_t][tlsc] pointer report X is 219, Y is 724, id is 0.
02-05 08:11:16.613    80    80 I (1)[80:kworker/u8:2]mt635x-auxadc mt635x-auxadc: name:VPROC_TEMP, channel=4, adc_out=0x5f7, adc_result=671
02-05 08:11:16.616     0     0 I         : (2)[226:irq/44-tlsc6x_t][tlsc] pointer report X is 218, Y is 728, id is 0.
02-05 08:11:16.623   255   255 I         : (0)[255:recovery][DISP]AEE is not enabled, will disable layer 3
02-05 08:11:16.626     0     0 I         : (2)[226:irq/44-tlsc6x_t][tlsc] pointer report X is 217, Y is 733, id is 0.
02-05 08:11:16.633   255   255 I (0)[255:recovery]mtk-tpd: [tpd_fb_notifier_callback:458] tpd_fb_notifier_callback
02-05 08:11:16.635     0     0 I         : (1)[226:irq/44-tlsc6x_t][tlsc] pointer report X is 217, Y is 738, id is 0.
02-05 08:11:16.645     0     0 I         : (2)[226:irq/44-tlsc6x_t][tlsc] pointer report X is 215, Y is 744, id is 0.
02-05 08:11:16.654     0     0 I         : (2)[226:irq/44-tlsc6x_t][tlsc] pointer report X is 214, Y is 751, id is 0.
02-05 08:11:16.658   255   255 I         : (2)[255:recovery][DISP]AEE is not enabled, will disable layer 3
02-05 08:11:16.664     0     0 I         : (2)[226:irq/44-tlsc6x_t][tlsc] pointer report X is 214, Y is 756, id is 0.
02-05 08:11:16.667   255   255 I (0)[255:recovery]mtk-tpd: [tpd_fb_notifier_callback:458] tpd_fb_notifier_callback
02-05 08:11:16.673     0     0 I         : (1)[226:irq/44-tlsc6x_t][tlsc] pointer report X is 212, Y is 762, id is 0.
02-05 08:11:16.683     0     0 I         : (1)[226:irq/44-tlsc6x_t][tlsc] pointer report X is 211, Y is 771, id is 0.
02-05 08:11:16.689   255   255 I         : (0)[255:recovery][DISP]AEE is not enabled, will disable layer 3
02-05 08:11:16.691     0     0 I         : (1)[226:irq/44-tlsc6x_t][tlsc] pointer report X is 209, Y is 780, id is 0.
02-05 08:11:16.700   255   255 I (0)[255:recovery]mtk-tpd: [tpd_fb_notifier_callback:458] tpd_fb_notifier_callback
02-05 08:11:16.723   255   255 I         : (0)[255:recovery][DISP]AEE is not enabled, will disable layer 3
02-05 08:11:16.733   255   255 I (0)[255:recovery]mtk-tpd: [tpd_fb_notifier_callback:458] tpd_fb_notifier_callback
02-05 08:11:16.746   276   276 I         : (0)[276:kworker/0:2]MTP, <do_monitor_work(), 1802> IN <1933 3863 0 0 1933 1933 3893 0 0 >
02-05 08:11:16.746   276   276 I         : (0)[276:kworker/0:2]MTP, <do_monitor_work(), 1807> OUT <1932 3863 0 0 1933 1932 3893 0 0 >
02-05 08:11:16.756   255   255 I         : (1)[255:recovery][DISP]AEE is not enabled, will disable layer 3
02-05 08:11:16.767   255   255 I (0)[255:recovery]mtk-tpd: [tpd_fb_notifier_callback:458] tpd_fb_notifier_callback
02-05 08:11:16.791   255   255 I         : (0)[255:recovery][DISP]AEE is not enabled, will disable layer 3
02-05 08:11:16.800   255   255 I (0)[255:recovery]mtk-tpd: [tpd_fb_notifier_callback:458] tpd_fb_notifier_callback
02-05 08:11:16.823   255   255 I         : (1)[255:recovery][DISP]AEE is not enabled, will disable layer 3
02-05 08:11:16.833   255   255 I (0)[255:recovery]mtk-tpd: [tpd_fb_notifier_callback:458] tpd_fb_notifier_callback
02-05 08:11:16.856   255   255 I         : (0)[255:recovery][DISP]AEE is not enabled, will disable layer 3
02-05 08:11:16.867   255   255 I (0)[255:recovery]mtk-tpd: [tpd_fb_notifier_callback:458] tpd_fb_notifier_callback
02-05 08:11:16.890   255   255 I         : (0)[255:recovery][DISP]AEE is not enabled, will disable layer 3
02-05 08:11:16.900   255   255 I (0)[255:recovery]mtk-tpd: [tpd_fb_notifier_callback:458] tpd_fb_notifier_callback
02-05 08:11:16.923   255   255 I         : (1)[255:recovery][DISP]AEE is not enabled, will disable layer 3
02-05 08:11:16.933   255   255 I (0)[255:recovery]mtk-tpd: [tpd_fb_notifier_callback:458] tpd_fb_notifier_callback
02-05 08:11:16.956   255   255 I         : (0)[255:recovery][DISP]AEE is not enabled, will disable layer 3
02-05 08:11:16.967   255   255 I (0)[255:recovery]mtk-tpd: [tpd_fb_notifier_callback:458] tpd_fb_notifier_callback
02-05 08:11:16.990   255   255 I         : (0)[255:recovery][DISP]AEE is not enabled, will disable layer 3
02-05 08:11:17.000   255   255 I (0)[255:recovery]mtk-tpd: [tpd_fb_notifier_callback:458] tpd_fb_notifier_callback
02-05 08:11:17.016   255   255 I         : (0)[255:recovery][fgauge_read_current] final current=323 (ratio=1000)
02-05 08:11:17.016   255   255 I         : (0)[255:recovery][CH3_DBG] bat_cur = 323
02-05 08:11:17.017   255   255 I (0)[255:recovery]mt635x-auxadc mt635x-auxadc: name:BAT_TEMP, channel=3, adc_out=0x552, adc_result=598
02-05 08:11:17.017   255   255 I         : (0)[255:recovery][fgauge_read_current] final current=323 (ratio=1000)
02-05 08:11:17.017   255   255 I         : (0)[255:recovery][BattVoltToTemp] 597 16900 1800 -1
02-05 08:11:17.017   255   255 I         : (0)[255:recovery][force_get_tbat] 598,597,1,32,100,297 r:320 100 0
02-05 08:11:17.017   255   255 I (0)[255:recovery][force_get_tbat] t: 29 precise:297
02-05 08:11:17.024   255   255 I         : (0)[255:recovery][DISP]AEE is not enabled, will disable layer 3
02-05 08:11:17.033   255   255 I (0)[255:recovery]mtk-tpd: [tpd_fb_notifier_callback:458] tpd_fb_notifier_callback
02-05 08:11:17.056   255   255 I         : (0)[255:recovery][DISP]AEE is not enabled, will disable layer 3
02-05 08:11:17.067   255   255 I (0)[255:recovery]mtk-tpd: [tpd_fb_notifier_callback:458] tpd_fb_notifier_callback
02-05 08:11:17.089   255   255 I         : (0)[255:recovery][DISP]AEE is not enabled, will disable layer 3
02-05 08:11:17.100   255   255 I (0)[255:recovery]mtk-tpd: [tpd_fb_notifier_callback:458] tpd_fb_notifier_callback
02-05 08:11:17.124   255   255 I         : (0)[255:recovery][DISP]AEE is not enabled, will disable layer 3
02-05 08:11:17.133   255   255 I (0)[255:recovery]mtk-tpd: [tpd_fb_notifier_callback:458] tpd_fb_notifier_callback
02-05 08:11:17.465     0     0 I -(1)[0:swapper/1]mtk_charger_alarm_timer_func: not suspend, wake up charger
02-05 08:11:17.466   229   229 I         : (1)[229:charger_thread][fgauge_read_current] final current=355 (ratio=1000)
02-05 08:11:17.467   229   229 I (1)[229:charger_thread]mt635x-auxadc mt635x-auxadc: name:ISENSE, channel=0, adc_out=0x68e5, adc_result=4425
02-05 08:11:17.469   229   229 I (1)[229:charger_thread]mt635x-auxadc mt635x-auxadc: name:BATADC, channel=0, adc_out=0x6822, adc_result=4393
02-05 08:11:17.473   229   229 I (1)[229:charger_thread]mt635x-auxadc mt635x-auxadc: name:BATADC, channel=0, adc_out=0x6831, adc_result=4395
02-05 08:11:17.473   229   229 I (1)[229:charger_thread]mt635x-auxadc mt635x-auxadc: name:VCDT, channel=2, adc_out=0x4a1, adc_result=520
02-05 08:11:17.473   229   229 I         : (1)[229:charger_thread][fgauge_read_current] final current=154 (ratio=1000)
02-05 08:11:17.473   229   229 I         : (1)[229:charger_thread][CH3_DBG] bat_cur = 154
02-05 08:11:17.474   229   229 I (1)[229:charger_thread]mt635x-auxadc mt635x-auxadc: name:BAT_TEMP, channel=3, adc_out=0x553, adc_result=598
02-05 08:11:17.474   229   229 I         : (1)[229:charger_thread][fgauge_read_current] final current=154 (ratio=1000)
02-05 08:11:17.474   229   229 I         : (1)[229:charger_thread][BattVoltToTemp] 598 16900 1800 0
02-05 08:11:17.474   229   229 I         : (1)[229:charger_thread][force_get_tbat] 598,598,1,15,100,297 r:320 100 0
02-05 08:11:17.474   229   229 I (1)[229:charger_thread][force_get_tbat] t: 29 precise:297
02-05 08:11:17.474   229   229 I (1)[229:charger_thread]Vbat=4395,Ibat=355,I=470,VChr=4920,T=29,Soc=97: 100,CT:1:1 hv:1 pd:0:0
02-05 08:11:17.474   229   229 I (1)[229:charger_thread]mtk_charger_start_timer: alarm timer start:0, 63 605016206
02-05 08:11:17.474   229   229 I         : -(1)[229:charger_thread]alarmtimer_enqueue, 63605016206
02-05 08:11:17.474   229   229 I         : (1)[229:charger_thread][fgauge_read_current] final current=154 (ratio=1000)
02-05 08:11:17.474   229   229 I         : (1)[229:charger_thread][CH3_DBG] bat_cur = 154
02-05 08:11:17.475   229   229 I         : (1)[229:charger_thread][fgauge_read_current] final current=150 (ratio=1000)
02-05 08:11:17.475   229   229 I         : (1)[229:charger_thread][BattVoltToTemp] 598 16900 1800 0
02-05 08:11:17.475   229   229 I         : (1)[229:charger_thread][force_get_tbat] 598,598,1,15,100,297 r:320 100 0
02-05 08:11:17.475   229   229 I (1)[229:charger_thread][force_get_tbat] t: 29 precise:297
02-05 08:11:17.475   229   229 I         : (1)[229:charger_thread][BATTER_ID_0] bat_id_valtage = 1042(mV)
02-05 08:11:17.475   229   229 I         : (1)[229:charger_thread][SW_JEITA] Battery Normal Temperature between 13 and 51 !!
02-05 08:11:17.475   229   229 I (1)[229:charger_thread][SW_JEITA]preState: 3 newState:3 tmp:29 cv:0
02-05 08:11:17.475   229   229 I (1)[229:charger_thread]tmp: 29 (jeita:1 sm:3 cv:0 en:1) (sm:1) en:1 c:0 s:0 ov:0 1 1
02-05 08:11:17.475   229   229 I         : (1)[229:charger_thread]mtk_switch_charging_run [1 0], timer=40
02-05 08:11:17.476   229   229 I         : (1)[229:charger_thread][fgauge_read_current] final current=150 (ratio=1000)
02-05 08:11:17.476   229   229 I         : (1)[229:charger_thread][CH3_DBG] bat_cur = 150
02-05 08:11:17.476   229   229 I         : (1)[229:charger_thread][fgauge_read_current] final current=150 (ratio=1000)
02-05 08:11:17.476   229   229 I         : (1)[229:charger_thread][BattVoltToTemp] 597 16900 1800 0
02-05 08:11:17.476   229   229 I         : (1)[229:charger_thread][force_get_tbat] 597,597,1,15,100,297 r:320 100 0
02-05 08:11:17.476   229   229 I (1)[229:charger_thread][force_get_tbat] t: 29 precise:297
02-05 08:11:17.476   229   229 I (1)[229:charger_thread]pe40_ready: 0 hv:1 thermal:-1,-1 tmp:29,39,16 pps:0 en:0 ibus:0 80
02-05 08:11:17.476   229   229 I (1)[229:charger_thread]force: 0 thermal:-1,-1 pe4:-1,-1,0 setting:500 500 type:1 usb_unlimited:0 usbif:0 usbsm:2 aicl:-1 atm:0
02-05 08:11:17.476   229   229 E         : (1)[229:charger_thread]zzf_500000<=500000, i=1
02-05 08:11:17.477   229   229 E         : (1)[229:charger_thread]array_size = 4
02-05 08:11:17.477   229   229 E         : (1)[229:charger_thread][psc5415e_config_interface] write Reg[1]=0x78 from 0x78
02-05 08:11:17.478   229   229 E         : (1)[229:charger_thread][psc5415e_config_interface] write Reg[5]=0x3 from 0x23
02-05 08:11:17.478   229   229 E         : (1)[229:charger_thread]Can't find closest level
02-05 08:11:17.478   229   229 E         : (1)[229:charger_thread]array_size = 8
02-05 08:11:17.479   229   229 E         : (1)[229:charger_thread][psc5415e_config_interface] write Reg[4]=0x6 from 0x6
02-05 08:11:17.480   229   229 E         : (1)[229:charger_thread][psc5415e_config_interface] write Reg[4]=0x6 from 0x6
02-05 08:11:17.481   229   229 E         : (1)[229:charger_thread][psc5415e_config_interface] write Reg[1]=0x78 from 0x78
02-05 08:11:17.482   229   229 E         : (2)[229:charger_thread][psc5415e_config_interface] write Reg[1]=0x78 from 0x78
02-05 08:11:17.482   229   229 E         : (2)[229:charger_thread]psc5415e calm enable charging
02-05 08:11:17.482   229   229 E         : (2)[229:charger_thread]charging_set_cv_voltage register_value=0x2d 4400000 4400000
02-05 08:11:17.483   229   229 E         : (1)[229:charger_thread][psc5415e_config_interface] write Reg[2]=0xb4 from 0xb4
02-05 08:11:17.484   229   229 E         : (1)[229:charger_thread][psc5415e_config_interface] write Reg[1]=0x78 from 0x78
02-05 08:11:17.484   229   229 E         : (1)[229:charger_thread]psc5415e calm enable charging
02-05 08:11:17.485   229   229 E         : (1)[229:charger_thread][psc5415e_read_interface] Reg[0]=0x10
02-05 08:11:17.485   229   229 E         : (1)[229:charger_thread][psc5415e_read_interface] val=0x1
02-05 08:11:17.485   229   229 I         : (1)[229:charger_thread]info->enable_sw_safety_timer(0)
02-05 08:11:17.485   229   229 E         : (2)[229:charger_thread]psc5415e cz [0x0]=0x10
02-05 08:11:17.486   229   229 E         : (1)[229:charger_thread]psc5415e cz [0x1]=0x78
02-05 08:11:17.486   229   229 E         : (1)[229:charger_thread]psc5415e cz [0x2]=0xb4
02-05 08:11:17.487   229   229 E         : (1)[229:charger_thread]psc5415e cz [0x3]=0xf0
02-05 08:11:17.487   229   229 E         : (1)[229:charger_thread]psc5415e cz [0x4]=0x6
02-05 08:11:17.488   229   229 E         : (1)[229:charger_thread]psc5415e cz [0x5]=0x23
02-05 08:11:17.489   229   229 E         : (1)[229:charger_thread]psc5415e cz [0x6]=0x7f
02-05 08:11:17.489     0     0 E         : (1)[229:charger_thread]
02-05 08:11:17.526     0     0 I (1)[227:mtk-tpd][tlsc]esd_check_work: Enter
02-05 08:11:17.759   276   276 I         : (0)[276:kworker/0:2]MTP, <do_monitor_work(), 1802> IN <1933 3863 0 0 1933 1933 3893 0 0 >
02-05 08:11:17.759   276   276 I         : (0)[276:kworker/0:2]MTP, <do_monitor_work(), 1807> OUT <1932 3863 0 0 1933 1932 3893 0 0 >
02-05 08:11:18.109    21    21 I         : (2)[21:kworker/2:0]usb_state<CONFIGURED>
02-05 08:11:18.533   173   173 I         : (2)[173:disp_check][DISP][ESD]ESD check end, ret = 0
02-05 08:11:18.772   276   276 I         : (0)[276:kworker/0:2]MTP, <do_monitor_work(), 1802> IN <1933 3863 0 0 1933 1933 3893 0 0 >
02-05 08:11:18.773   276   276 I         : (0)[276:kworker/0:2]MTP, <do_monitor_work(), 1807> OUT <1932 3863 0 0 1933 1932 3893 0 0 >
02-05 08:11:19.786   276   276 I         : (0)[276:kworker/0:2]MTP, <do_monitor_work(), 1802> IN <1933 3863 0 0 1933 1933 3893 0 0 >
02-05 08:11:19.786   276   276 I         : (0)[276:kworker/0:2]MTP, <do_monitor_work(), 1807> OUT <1932 3863 0 0 1933 1932 3893 0 0 >
02-05 08:11:20.246     0     0 I         : (1)[226:irq/44-tlsc6x_t][tlsc] pointer report X is 296, Y is 424, id is 0.
02-05 08:11:20.256     0     0 I         : (2)[226:irq/44-tlsc6x_t][tlsc] pointer report X is 290, Y is 432, id is 0.
02-05 08:11:20.265     0     0 I         : (2)[226:irq/44-tlsc6x_t][tlsc] pointer report X is 279, Y is 449, id is 0.
02-05 08:11:20.273     0     0 I         : (2)[226:irq/44-tlsc6x_t][tlsc] pointer report X is 264, Y is 480, id is 0.
02-05 08:11:20.283     0     0 I         : (2)[226:irq/44-tlsc6x_t][tlsc] pointer report X is 250, Y is 508, id is 0.
02-05 08:11:20.290   255   255 I         : (0)[255:recovery][DISP]AEE is not enabled, will disable layer 3
02-05 08:11:20.292     0     0 I         : (2)[226:irq/44-tlsc6x_t][tlsc] pointer report X is 229, Y is 551, id is 0.
02-05 08:11:20.300   255   255 I (0)[255:recovery]mtk-tpd: [tpd_fb_notifier_callback:458] tpd_fb_notifier_callback
02-05 08:11:20.301     0     0 I         : (2)[226:irq/44-tlsc6x_t][tlsc] pointer report X is 215, Y is 588, id is 0.
02-05 08:11:20.311     0     0 I         : (2)[226:irq/44-tlsc6x_t][tlsc] pointer report X is 203, Y is 625, id is 0.
02-05 08:11:20.319     0     0 I         : (2)[226:irq/44-tlsc6x_t][tlsc] pointer report X is 189, Y is 667, id is 0.
02-05 08:11:20.324   255   255 I         : (0)[255:recovery][DISP]AEE is not enabled, will disable layer 3
02-05 08:11:20.333   255   255 I (0)[255:recovery]mtk-tpd: [tpd_fb_notifier_callback:458] tpd_fb_notifier_callback
02-05 08:11:20.356   255   255 I         : (0)[255:recovery][DISP]AEE is not enabled, will disable layer 3
02-05 08:11:20.366   255   255 I (0)[255:recovery]mtk-tpd: [tpd_fb_notifier_callback:458] tpd_fb_notifier_callback
02-05 08:11:20.390   255   255 I         : (0)[255:recovery][DISP]AEE is not enabled, will disable layer 3
02-05 08:11:20.396     0     0 W (0)[0:swapper/0][mcdi]mcdi cpu: 0, 0, 0, 0, cluster : 0, pause = 0, multi core = 0, latency = 0, residency = 0, last core = 0, avail cpu = 000f, cluster = 0001, enabled = 0, max_s_state = 5, system_idle_hint = 00000000
02-05 08:11:20.400   255   255 I (0)[255:recovery]mtk-tpd: [tpd_fb_notifier_callback:458] tpd_fb_notifier_callback
02-05 08:11:20.423   255   255 I         : (0)[255:recovery][DISP]AEE is not enabled, will disable layer 3
02-05 08:11:20.433   255   255 I (1)[255:recovery]mtk-tpd: [tpd_fb_notifier_callback:458] tpd_fb_notifier_callback
02-05 08:11:20.456   255   255 I         : (0)[255:recovery][DISP]AEE is not enabled, will disable layer 3
02-05 08:11:20.466   255   255 I (0)[255:recovery]mtk-tpd: [tpd_fb_notifier_callback:458] tpd_fb_notifier_callback
02-05 08:11:20.490   255   255 I         : (0)[255:recovery][DISP]AEE is not enabled, will disable layer 3
02-05 08:11:20.500   255   255 I (0)[255:recovery]mtk-tpd: [tpd_fb_notifier_callback:458] tpd_fb_notifier_callback
02-05 08:11:20.523   255   255 I         : (0)[255:recovery][DISP]AEE is not enabled, will disable layer 3
02-05 08:11:20.533   255   255 I (0)[255:recovery]mtk-tpd: [tpd_fb_notifier_callback:458] tpd_fb_notifier_callback
02-05 08:11:20.556   255   255 I         : (0)[255:recovery][DISP]AEE is not enabled, will disable layer 3
02-05 08:11:20.566   255   255 I (0)[255:recovery]mtk-tpd: [tpd_fb_notifier_callback:458] tpd_fb_notifier_callback
02-05 08:11:20.590   255   255 I         : (1)[255:recovery][DISP]AEE is not enabled, will disable layer 3
02-05 08:11:20.600   255   255 I (0)[255:recovery]mtk-tpd: [tpd_fb_notifier_callback:458] tpd_fb_notifier_callback
02-05 08:11:20.623   255   255 I         : (0)[255:recovery][DISP]AEE is not enabled, will disable layer 3
02-05 08:11:20.633   255   255 I (0)[255:recovery]mtk-tpd: [tpd_fb_notifier_callback:458] tpd_fb_notifier_callback
02-05 08:11:20.656   255   255 I         : (0)[255:recovery][DISP]AEE is not enabled, will disable layer 3
02-05 08:11:20.666   255   255 I (0)[255:recovery]mtk-tpd: [tpd_fb_notifier_callback:458] tpd_fb_notifier_callback
02-05 08:11:20.683   173   173 I         : (2)[173:disp_check][DISP][ESD]ESD check end, ret = 0
02-05 08:11:20.690   255   255 I         : (0)[255:recovery][DISP]AEE is not enabled, will disable layer 3
02-05 08:11:20.700   255   255 I (1)[255:recovery]mtk-tpd: [tpd_fb_notifier_callback:458] tpd_fb_notifier_callback
02-05 08:11:20.725   255   255 I         : (0)[255:recovery][DISP]AEE is not enabled, will disable layer 3
02-05 08:11:20.733   255   255 I (0)[255:recovery]mtk-tpd: [tpd_fb_notifier_callback:458] tpd_fb_notifier_callback
02-05 08:11:20.756   255   255 I         : (0)[255:recovery][DISP]AEE is not enabled, will disable layer 3
02-05 08:11:20.766   255   255 I (1)[255:recovery]mtk-tpd: [tpd_fb_notifier_callback:458] tpd_fb_notifier_callback
02-05 08:11:20.799   276   276 I         : (0)[276:kworker/0:2]MTP, <do_monitor_work(), 1802> IN <1933 3863 0 0 1933 1933 3893 0 0 >
02-05 08:11:20.799   276   276 I         : (0)[276:kworker/0:2]MTP, <do_monitor_work(), 1807> OUT <1932 3863 0 0 1933 1932 3893 0 0 >
02-05 08:11:21.519    80    80 I         : (0)[80:kworker/u8:2][fgauge_read_current] final current=440 (ratio=1000)
02-05 08:11:21.519    80    80 I         : (0)[80:kworker/u8:2][CH3_DBG] bat_cur = 440
02-05 08:11:21.519     5     5 W -(0)[5:kworker/u8:0]mt635x_auxadc_read_raw: 4 callbacks suppressed
02-05 08:11:21.519     5     5 I (0)[5:kworker/u8:0]mt635x-auxadc mt635x-auxadc: name:VCORE_TEMP, channel=4, adc_out=0x5f8, adc_result=671
02-05 08:11:21.520    80    80 I (0)[80:kworker/u8:2]mt635x-auxadc mt635x-auxadc: name:BAT_TEMP, channel=3, adc_out=0x551, adc_result=598
02-05 08:11:21.520    80    80 I         : (0)[80:kworker/u8:2][fgauge_read_current] final current=496 (ratio=1000)
02-05 08:11:21.521    80    80 I         : (0)[80:kworker/u8:2][BattVoltToTemp] 596 16900 1800 -2
02-05 08:11:21.521    80    80 I         : (0)[80:kworker/u8:2][force_get_tbat] 598,596,1,49,100,298 r:320 100 0
02-05 08:11:21.521    80    80 I (0)[80:kworker/u8:2][force_get_tbat] t: 29 precise:298
02-05 08:11:21.526     0     0 I (0)[227:mtk-tpd][tlsc]esd_check_work: Enter
02-05 08:11:21.722     0     0 I         : (2)[226:irq/44-tlsc6x_t][tlsc] pointer report X is 101, Y is 273, id is 0.
02-05 08:11:21.732     0     0 I         : (2)[226:irq/44-tlsc6x_t][tlsc] pointer report X is 101, Y is 273, id is 0.
02-05 08:11:21.733    80    80 I (1)[80:kworker/u8:2]mt635x-auxadc mt635x-auxadc: name:VPROC_TEMP, channel=4, adc_out=0x5f7, adc_result=671
02-05 08:11:21.739   255   255 I         : (0)[255:recovery][DISP]AEE is not enabled, will disable layer 3
02-05 08:11:21.741     0     0 I         : (2)[226:irq/44-tlsc6x_t][tlsc] pointer report X is 101, Y is 273, id is 0.
02-05 08:11:21.749   255   255 I (0)[255:recovery]mtk-tpd: [tpd_fb_notifier_callback:458] tpd_fb_notifier_callback
02-05 08:11:21.751     0     0 I         : (2)[226:irq/44-tlsc6x_t][tlsc] pointer report X is 101, Y is 273, id is 0.
02-05 08:11:21.800   255   255 I         : (0)[255:recovery][DISP]AEE is not enabled, will disable layer 3
02-05 08:11:21.812   276   276 I         : (0)[276:kworker/0:2]MTP, <do_monitor_work(), 1802> IN <1933 3863 0 0 1933 1933 3893 0 0 >
02-05 08:11:21.812   276   276 I         : (0)[276:kworker/0:2]MTP, <do_monitor_work(), 1807> OUT <1932 3863 0 0 1933 1932 3893 0 0 >
02-05 08:11:21.816   255   255 I (0)[255:recovery]mtk-tpd: [tpd_fb_notifier_callback:458] tpd_fb_notifier_callback
02-05 08:11:22.546     0     0 I         : (2)[226:irq/44-tlsc6x_t][tlsc] pointer report X is 254, Y is 684, id is 0.
02-05 08:11:22.556     0     0 I         : (2)[226:irq/44-tlsc6x_t][tlsc] pointer report X is 254, Y is 684, id is 0.
02-05 08:11:22.561   255   255 I         : (0)[255:recovery][DISP]AEE is not enabled, will disable layer 3
02-05 08:11:22.566     0     0 I         : (0)[226:irq/44-tlsc6x_t][tlsc] pointer report X is 254, Y is 684, id is 0.
02-05 08:11:22.566   255   255 I (0)[255:recovery]mtk-tpd: [tpd_fb_notifier_callback:458] tpd_fb_notifier_callback
02-05 08:11:22.575     0     0 I         : (1)[226:irq/44-tlsc6x_t][tlsc] pointer report X is 254, Y is 684, id is 0.
02-05 08:11:22.603     0     0 I chatty  : uid=0(root) logd identical 3 lines
02-05 08:11:22.613     0     0 I         : (1)[226:irq/44-tlsc6x_t][tlsc] pointer report X is 254, Y is 684, id is 0.
02-05 08:11:22.622     0     0 I         : (1)[226:irq/44-tlsc6x_t][tlsc] pointer report X is 254, Y is 683, id is 0.
02-05 08:11:22.632     0     0 I         : (1)[226:irq/44-tlsc6x_t][tlsc] pointer report X is 254, Y is 682, id is 0.
02-05 08:11:22.641     0     0 I         : (1)[226:irq/44-tlsc6x_t][tlsc] pointer report X is 254, Y is 681, id is 0.
02-05 08:11:22.651     0     0 I         : (1)[226:irq/44-tlsc6x_t][tlsc] pointer report X is 254, Y is 680, id is 0.
02-05 08:11:22.657   255   255 I         : (0)[255:recovery][DISP]AEE is not enabled, will disable layer 3
02-05 08:11:22.660     0     0 I         : (1)[226:irq/44-tlsc6x_t][tlsc] pointer report X is 254, Y is 680, id is 0.
02-05 08:11:22.666   255   255 I (0)[255:recovery]mtk-tpd: [tpd_fb_notifier_callback:458] tpd_fb_notifier_callback
02-05 08:11:22.670     0     0 I         : (1)[226:irq/44-tlsc6x_t][tlsc] pointer report X is 254, Y is 679, id is 0.
02-05 08:11:22.679     0     0 I         : (1)[226:irq/44-tlsc6x_t][tlsc] pointer report X is 254, Y is 677, id is 0.
02-05 08:11:22.689     0     0 I         : (1)[226:irq/44-tlsc6x_t][tlsc] pointer report X is 254, Y is 674, id is 0.
02-05 08:11:22.690   255   255 I         : (0)[255:recovery][DISP]AEE is not enabled, will disable layer 3
02-05 08:11:22.698     0     0 I         : (1)[226:irq/44-tlsc6x_t][tlsc] pointer report X is 254, Y is 672, id is 0.
02-05 08:11:22.699   255   255 I (0)[255:recovery]mtk-tpd: [tpd_fb_notifier_callback:458] tpd_fb_notifier_callback
02-05 08:11:22.707     0     0 I         : (1)[226:irq/44-tlsc6x_t][tlsc] pointer report X is 254, Y is 670, id is 0.
02-05 08:11:22.717     0     0 I         : (1)[226:irq/44-tlsc6x_t][tlsc] pointer report X is 254, Y is 668, id is 0.
02-05 08:11:22.723   255   255 I         : (0)[255:recovery][DISP]AEE is not enabled, will disable layer 3
02-05 08:11:22.727     0     0 I         : (1)[226:irq/44-tlsc6x_t][tlsc] pointer report X is 254, Y is 666, id is 0.
02-05 08:11:22.733   255   255 I (1)[255:recovery]mtk-tpd: [tpd_fb_notifier_callback:458] tpd_fb_notifier_callback
02-05 08:11:22.736     0     0 I         : (2)[226:irq/44-tlsc6x_t][tlsc] pointer report X is 254, Y is 665, id is 0.
02-05 08:11:22.745     0     0 I         : (2)[226:irq/44-tlsc6x_t][tlsc] pointer report X is 254, Y is 664, id is 0.
02-05 08:11:22.755     0     0 I         : (2)[226:irq/44-tlsc6x_t][tlsc] pointer report X is 254, Y is 663, id is 0.
02-05 08:11:22.757   255   255 I         : (0)[255:recovery][DISP]AEE is not enabled, will disable layer 3
02-05 08:11:22.764     0     0 I         : (1)[226:irq/44-tlsc6x_t][tlsc] pointer report X is 254, Y is 663, id is 0.
02-05 08:11:22.766   255   255 I (0)[255:recovery]mtk-tpd: [tpd_fb_notifier_callback:458] tpd_fb_notifier_callback
02-05 08:11:22.774     0     0 I         : (1)[226:irq/44-tlsc6x_t][tlsc] pointer report X is 254, Y is 661, id is 0.
02-05 08:11:22.783     0     0 I         : (1)[226:irq/44-tlsc6x_t][tlsc] pointer report X is 254, Y is 660, id is 0.
02-05 08:11:22.790   255   255 I         : (0)[255:recovery][DISP]AEE is not enabled, will disable layer 3
02-05 08:11:22.793     0     0 I         : (1)[226:irq/44-tlsc6x_t][tlsc] pointer report X is 254, Y is 660, id is 0.
02-05 08:11:22.799   255   255 I (0)[255:recovery]mtk-tpd: [tpd_fb_notifier_callback:458] tpd_fb_notifier_callback
02-05 08:11:22.802     0     0 I         : (1)[226:irq/44-tlsc6x_t][tlsc] pointer report X is 254, Y is 659, id is 0.
02-05 08:11:22.812     0     0 I         : (2)[226:irq/44-tlsc6x_t][tlsc] pointer report X is 254, Y is 658, id is 0.
02-05 08:11:22.816   173   173 I         : (2)[173:disp_check][DISP][ESD]ESD check end, ret = 0
02-05 08:11:22.821     0     0 I         : (2)[226:irq/44-tlsc6x_t][tlsc] pointer report X is 254, Y is 657, id is 0.
02-05 08:11:22.824   255   255 I         : (0)[255:recovery][DISP]AEE is not enabled, will disable layer 3
02-05 08:11:22.826   276   276 I         : (0)[276:kworker/0:2]MTP, <do_monitor_work(), 1802> IN <1933 3863 0 0 1933 1933 3893 0 0 >
02-05 08:11:22.826   276   276 I         : (0)[276:kworker/0:2]MTP, <do_monitor_work(), 1807> OUT <1932 3863 0 0 1933 1932 3893 0 0 >
02-05 08:11:22.831     0     0 I         : (2)[226:irq/44-tlsc6x_t][tlsc] pointer report X is 254, Y is 657, id is 0.
02-05 08:11:22.833   255   255 I (0)[255:recovery]mtk-tpd: [tpd_fb_notifier_callback:458] tpd_fb_notifier_callback
02-05 08:11:22.840     0     0 I         : (1)[226:irq/44-tlsc6x_t][tlsc] pointer report X is 254, Y is 657, id is 0.
02-05 08:11:22.849     0     0 I         : (2)[226:irq/44-tlsc6x_t][tlsc] pointer report X is 254, Y is 657, id is 0.
02-05 08:11:22.857   255   255 I         : (0)[255:recovery][DISP]AEE is not enabled, will disable layer 3
02-05 08:11:22.859     0     0 I         : (2)[226:irq/44-tlsc6x_t][tlsc] pointer report X is 254, Y is 657, id is 0.
02-05 08:11:22.866   255   255 I (0)[255:recovery]mtk-tpd: [tpd_fb_notifier_callback:458] tpd_fb_notifier_callback
02-05 08:11:22.868     0     0 I         : (0)[226:irq/44-tlsc6x_t][tlsc] pointer report X is 254, Y is 657, id is 0.
02-05 08:11:22.878     0     0 I         : (1)[226:irq/44-tlsc6x_t][tlsc] pointer report X is 254, Y is 657, id is 0.
02-05 08:11:22.887     0     0 I         : (1)[226:irq/44-tlsc6x_t][tlsc] pointer report X is 254, Y is 658, id is 0.
02-05 08:11:22.897     0     0 I         : (1)[226:irq/44-tlsc6x_t][tlsc] pointer report X is 254, Y is 657, id is 0.
02-05 08:11:23.001     0     0 I chatty  : uid=0(root) logd identical 11 lines
02-05 08:11:23.010     0     0 I         : (1)[226:irq/44-tlsc6x_t][tlsc] pointer report X is 254, Y is 657, id is 0.
02-05 08:11:23.014   255   255 I         : (0)[255:recovery][fgauge_read_current] final current=377 (ratio=1000)
02-05 08:11:23.014   255   255 I         : (0)[255:recovery][CH3_DBG] bat_cur = 377
02-05 08:11:23.014   255   255 I (0)[255:recovery]mt635x-auxadc mt635x-auxadc: name:BAT_TEMP, channel=3, adc_out=0x551, adc_result=598
02-05 08:11:23.014   255   255 I         : (0)[255:recovery][fgauge_read_current] final current=377 (ratio=1000)
02-05 08:11:23.014   255   255 I         : (0)[255:recovery][BattVoltToTemp] 597 16900 1800 -1
02-05 08:11:23.014   255   255 I         : (0)[255:recovery][force_get_tbat] 598,597,1,37,100,297 r:320 100 0
02-05 08:11:23.014   255   255 I (0)[255:recovery][force_get_tbat] t: 29 precise:297
02-05 08:11:23.020     0     0 I         : (1)[226:irq/44-tlsc6x_t][tlsc] pointer report X is 254, Y is 657, id is 0.
02-05 08:11:23.057     0     0 I chatty  : uid=0(root) logd identical 4 lines
02-05 08:11:23.067     0     0 I         : (1)[226:irq/44-tlsc6x_t][tlsc] pointer report X is 254, Y is 657, id is 0.
02-05 08:11:23.076     0     0 I         : (1)[226:irq/44-tlsc6x_t][tlsc] pointer report X is 254, Y is 656, id is 0.
02-05 08:11:23.086     0     0 I         : (1)[226:irq/44-tlsc6x_t][tlsc] pointer report X is 254, Y is 651, id is 0.
02-05 08:11:23.090   255   255 I         : (0)[255:recovery][DISP]AEE is not enabled, will disable layer 3
02-05 08:11:23.095     0     0 I         : (1)[226:irq/44-tlsc6x_t][tlsc] pointer report X is 254, Y is 646, id is 0.
02-05 08:11:23.099   255   255 I (0)[255:recovery]mtk-tpd: [tpd_fb_notifier_callback:458] tpd_fb_notifier_callback
02-05 08:11:23.105     0     0 I         : (2)[226:irq/44-tlsc6x_t][tlsc] pointer report X is 254, Y is 643, id is 0.
02-05 08:11:23.114     0     0 I         : (1)[226:irq/44-tlsc6x_t][tlsc] pointer report X is 254, Y is 638, id is 0.
02-05 08:11:23.123     0     0 I         : (1)[226:irq/44-tlsc6x_t][tlsc] pointer report X is 254, Y is 633, id is 0.
02-05 08:11:23.124   255   255 I         : (0)[255:recovery][DISP]AEE is not enabled, will disable layer 3
02-05 08:11:23.133   255   255 I (0)[255:recovery]mtk-tpd: [tpd_fb_notifier_callback:458] tpd_fb_notifier_callback
02-05 08:11:23.133     0     0 I         : (1)[226:irq/44-tlsc6x_t][tlsc] pointer report X is 254, Y is 629, id is 0.
02-05 08:11:23.142     0     0 I         : (2)[226:irq/44-tlsc6x_t][tlsc] pointer report X is 254, Y is 624, id is 0.
02-05 08:11:23.152     0     0 I         : (2)[226:irq/44-tlsc6x_t][tlsc] pointer report X is 254, Y is 617, id is 0.
02-05 08:11:23.157   255   255 I         : (0)[255:recovery][DISP]AEE is not enabled, will disable layer 3
02-05 08:11:23.161     0     0 I         : (2)[226:irq/44-tlsc6x_t][tlsc] pointer report X is 254, Y is 610, id is 0.
02-05 08:11:23.166   255   255 I (2)[255:recovery]mtk-tpd: [tpd_fb_notifier_callback:458] tpd_fb_notifier_callback
02-05 08:11:23.171     0     0 I         : (1)[226:irq/44-tlsc6x_t][tlsc] pointer report X is 254, Y is 604, id is 0.
02-05 08:11:23.180     0     0 I         : (1)[226:irq/44-tlsc6x_t][tlsc] pointer report X is 254, Y is 598, id is 0.
02-05 08:11:23.190     0     0 I         : (1)[226:irq/44-tlsc6x_t][tlsc] pointer report X is 254, Y is 591, id is 0.
02-05 08:11:23.190   255   255 I         : (0)[255:recovery][DISP]AEE is not enabled, will disable layer 3
02-05 08:11:23.199     0     0 I         : (1)[226:irq/44-tlsc6x_t][tlsc] pointer report X is 255, Y is 582, id is 0.
02-05 08:11:23.199   255   255 I (0)[255:recovery]mtk-tpd: [tpd_fb_notifier_callback:458] tpd_fb_notifier_callback
02-05 08:11:23.208     0     0 I         : (1)[226:irq/44-tlsc6x_t][tlsc] pointer report X is 256, Y is 572, id is 0.
02-05 08:11:23.219     0     0 I         : (1)[226:irq/44-tlsc6x_t][tlsc] pointer report X is 258, Y is 561, id is 0.
02-05 08:11:23.224   255   255 I         : (0)[255:recovery][DISP]AEE is not enabled, will disable layer 3
02-05 08:11:23.226    21    21 I         : (2)[21:kworker/2:0]usb_state<CONFIGURED>
02-05 08:11:23.228     0     0 I         : (1)[226:irq/44-tlsc6x_t][tlsc] pointer report X is 261, Y is 550, id is 0.
02-05 08:11:23.233   255   255 I (2)[255:recovery]mtk-tpd: [tpd_fb_notifier_callback:458] tpd_fb_notifier_callback
02-05 08:11:23.238     0     0 I         : (1)[226:irq/44-tlsc6x_t][tlsc] pointer report X is 263, Y is 539, id is 0.
02-05 08:11:23.247     0     0 I         : (1)[226:irq/44-tlsc6x_t][tlsc] pointer report X is 266, Y is 527, id is 0.
02-05 08:11:23.256     0     0 I         : (1)[226:irq/44-tlsc6x_t][tlsc] pointer report X is 270, Y is 514, id is 0.
02-05 08:11:23.257   255   255 I         : (0)[255:recovery][DISP]AEE is not enabled, will disable layer 3
02-05 08:11:23.266     0     0 I         : (1)[226:irq/44-tlsc6x_t][tlsc] pointer report X is 274, Y is 501, id is 0.
02-05 08:11:23.266   255   255 I (0)[255:recovery]mtk-tpd: [tpd_fb_notifier_callback:458] tpd_fb_notifier_callback
02-05 08:11:23.290   255   255 I         : (0)[255:recovery][DISP]AEE is not enabled, will disable layer 3
02-05 08:11:23.299   255   255 I (0)[255:recovery]mtk-tpd: [tpd_fb_notifier_callback:458] tpd_fb_notifier_callback
02-05 08:11:23.324   255   255 I         : (0)[255:recovery][DISP]AEE is not enabled, will disable layer 3
02-05 08:11:23.333   255   255 I (0)[255:recovery]mtk-tpd: [tpd_fb_notifier_callback:458] tpd_fb_notifier_callback
02-05 08:11:23.357   255   255 I         : (0)[255:recovery][DISP]AEE is not enabled, will disable layer 3
02-05 08:11:23.366   255   255 I (1)[255:recovery]mtk-tpd: [tpd_fb_notifier_callback:458] tpd_fb_notifier_callback
02-05 08:11:23.390   255   255 I         : (0)[255:recovery][DISP]AEE is not enabled, will disable layer 3
02-05 08:11:23.400   255   255 I (1)[255:recovery]mtk-tpd: [tpd_fb_notifier_callback:458] tpd_fb_notifier_callback
02-05 08:11:23.425   255   255 I         : (0)[255:recovery][DISP]AEE is not enabled, will disable layer 3
02-05 08:11:23.433   255   255 I (1)[255:recovery]mtk-tpd: [tpd_fb_notifier_callback:458] tpd_fb_notifier_callback
02-05 08:11:23.457   255   255 I         : (0)[255:recovery][DISP]AEE is not enabled, will disable layer 3
02-05 08:11:23.466   255   255 I (0)[255:recovery]mtk-tpd: [tpd_fb_notifier_callback:458] tpd_fb_notifier_callback
02-05 08:11:23.490   255   255 I         : (0)[255:recovery][DISP]AEE is not enabled, will disable layer 3
02-05 08:11:23.499   255   255 I (0)[255:recovery]mtk-tpd: [tpd_fb_notifier_callback:458] tpd_fb_notifier_callback
02-05 08:11:23.523   255   255 I         : (0)[255:recovery][DISP]AEE is not enabled, will disable layer 3
02-05 08:11:23.533   255   255 I (0)[255:recovery]mtk-tpd: [tpd_fb_notifier_callback:458] tpd_fb_notifier_callback
02-05 08:11:23.557   255   255 I         : (0)[255:recovery][DISP]AEE is not enabled, will disable layer 3
02-05 08:11:23.566   255   255 I (0)[255:recovery]mtk-tpd: [tpd_fb_notifier_callback:458] tpd_fb_notifier_callback
02-05 08:11:23.591   255   255 I         : (0)[255:recovery][DISP]AEE is not enabled, will disable layer 3
02-05 08:11:23.599   255   255 I (0)[255:recovery]mtk-tpd: [tpd_fb_notifier_callback:458] tpd_fb_notifier_callback
02-05 08:11:23.625   255   255 I         : (1)[255:recovery][DISP]AEE is not enabled, will disable layer 3
02-05 08:11:23.633   255   255 I (0)[255:recovery]mtk-tpd: [tpd_fb_notifier_callback:458] tpd_fb_notifier_callback
02-05 08:11:23.657   255   255 I         : (0)[255:recovery][DISP]AEE is not enabled, will disable layer 3
02-05 08:11:23.666   255   255 I (0)[255:recovery]mtk-tpd: [tpd_fb_notifier_callback:458] tpd_fb_notifier_callback
02-05 08:11:23.690   255   255 I         : (0)[255:recovery][DISP]AEE is not enabled, will disable layer 3
02-05 08:11:23.699   255   255 I (0)[255:recovery]mtk-tpd: [tpd_fb_notifier_callback:458] tpd_fb_notifier_callback
02-05 08:11:23.724   255   255 I         : (0)[255:recovery][DISP]AEE is not enabled, will disable layer 3
02-05 08:11:23.732   255   255 I (0)[255:recovery]mtk-tpd: [tpd_fb_notifier_callback:458] tpd_fb_notifier_callback
02-05 08:11:23.757   255   255 I         : (0)[255:recovery][DISP]AEE is not enabled, will disable layer 3
02-05 08:11:23.766   255   255 I (0)[255:recovery]mtk-tpd: [tpd_fb_notifier_callback:458] tpd_fb_notifier_callback
02-05 08:11:23.790   255   255 I         : (0)[255:recovery][DISP]AEE is not enabled, will disable layer 3
02-05 08:11:23.799   255   255 I (0)[255:recovery]mtk-tpd: [tpd_fb_notifier_callback:458] tpd_fb_notifier_callback
02-05 08:11:23.823   255   255 I         : (0)[255:recovery][DISP]AEE is not enabled, will disable layer 3
02-05 08:11:23.832   255   255 I (0)[255:recovery]mtk-tpd: [tpd_fb_notifier_callback:458] tpd_fb_notifier_callback
02-05 08:11:23.839   276   276 I         : (0)[276:kworker/0:2]MTP, <do_monitor_work(), 1802> IN <1933 3863 0 0 1933 1933 3893 0 0 >
02-05 08:11:23.839   276   276 I         : (0)[276:kworker/0:2]MTP, <do_monitor_work(), 1807> OUT <1932 3863 0 0 1933 1932 3893 0 0 >
02-05 08:11:23.857   255   255 I         : (0)[255:recovery][DISP]AEE is not enabled, will disable layer 3
02-05 08:11:23.866   255   255 I (0)[255:recovery]mtk-tpd: [tpd_fb_notifier_callback:458] tpd_fb_notifier_callback
02-05 08:11:24.051     0     0 I         : (1)[226:irq/44-tlsc6x_t][tlsc] pointer report X is 250, Y is 676, id is 0.
02-05 08:11:24.080     0     0 I chatty  : uid=0(root) logd identical 3 lines
02-05 08:11:24.089     0     0 I         : (1)[226:irq/44-tlsc6x_t][tlsc] pointer report X is 250, Y is 676, id is 0.
02-05 08:11:24.090   255   255 I         : (0)[255:recovery][DISP]AEE is not enabled, will disable layer 3
02-05 08:11:24.099     0     0 I         : (2)[226:irq/44-tlsc6x_t][tlsc] pointer report X is 250, Y is 676, id is 0.
02-05 08:11:24.099   255   255 I (0)[255:recovery]mtk-tpd: [tpd_fb_notifier_callback:458] tpd_fb_notifier_callback
02-05 08:11:24.108     0     0 I         : (2)[226:irq/44-tlsc6x_t][tlsc] pointer report X is 250, Y is 676, id is 0.
02-05 08:11:24.118     0     0 I         : (2)[226:irq/44-tlsc6x_t][tlsc] pointer report X is 250, Y is 676, id is 0.
02-05 08:11:24.127     0     0 I         : (2)[226:irq/44-tlsc6x_t][tlsc] pointer report X is 250, Y is 675, id is 0.
02-05 08:11:24.136     0     0 I         : (2)[226:irq/44-tlsc6x_t][tlsc] pointer report X is 250, Y is 673, id is 0.
02-05 08:11:24.146     0     0 I         : (2)[226:irq/44-tlsc6x_t][tlsc] pointer report X is 250, Y is 670, id is 0.
02-05 08:11:24.156     0     0 I         : (1)[226:irq/44-tlsc6x_t][tlsc] pointer report X is 250, Y is 667, id is 0.
02-05 08:11:24.157   255   255 I         : (0)[255:recovery][DISP]AEE is not enabled, will disable layer 3
02-05 08:11:24.165     0     0 I         : (0)[226:irq/44-tlsc6x_t][tlsc] pointer report X is 250, Y is 664, id is 0.
02-05 08:11:24.166   255   255 I (0)[255:recovery]mtk-tpd: [tpd_fb_notifier_callback:458] tpd_fb_notifier_callback
02-05 08:11:24.174     0     0 I         : (0)[226:irq/44-tlsc6x_t][tlsc] pointer report X is 250, Y is 659, id is 0.
02-05 08:11:24.184     0     0 I         : (1)[226:irq/44-tlsc6x_t][tlsc] pointer report X is 250, Y is 653, id is 0.
02-05 08:11:24.190   255   255 I         : (0)[255:recovery][DISP]AEE is not enabled, will disable layer 3
02-05 08:11:24.193     0     0 I         : (1)[226:irq/44-tlsc6x_t][tlsc] pointer report X is 251, Y is 646, id is 0.
02-05 08:11:24.199   255   255 I (0)[255:recovery]mtk-tpd: [tpd_fb_notifier_callback:458] tpd_fb_notifier_callback
02-05 08:11:24.203     0     0 I         : (2)[226:irq/44-tlsc6x_t][tlsc] pointer report X is 251, Y is 640, id is 0.
02-05 08:11:24.212     0     0 I         : (3)[226:irq/44-tlsc6x_t][tlsc] pointer report X is 251, Y is 630, id is 0.
02-05 08:11:24.222     0     0 I         : (3)[226:irq/44-tlsc6x_t][tlsc] pointer report X is 251, Y is 621, id is 0.
02-05 08:11:24.224   255   255 I         : (0)[255:recovery][DISP]AEE is not enabled, will disable layer 3
02-05 08:11:24.231     0     0 I         : (1)[226:irq/44-tlsc6x_t][tlsc] pointer report X is 251, Y is 612, id is 0.
02-05 08:11:24.232   255   255 I (0)[255:recovery]mtk-tpd: [tpd_fb_notifier_callback:458] tpd_fb_notifier_callback
02-05 08:11:24.241     0     0 I         : (1)[226:irq/44-tlsc6x_t][tlsc] pointer report X is 251, Y is 602, id is 0.
02-05 08:11:24.250     0     0 I         : (1)[226:irq/44-tlsc6x_t][tlsc] pointer report X is 251, Y is 593, id is 0.
02-05 08:11:24.257   255   255 I         : (0)[255:recovery][DISP]AEE is not enabled, will disable layer 3
02-05 08:11:24.260     0     0 I         : (1)[226:irq/44-tlsc6x_t][tlsc] pointer report X is 252, Y is 582, id is 0.
02-05 08:11:24.266   255   255 I (0)[255:recovery]mtk-tpd: [tpd_fb_notifier_callback:458] tpd_fb_notifier_callback
02-05 08:11:24.269     0     0 I         : (3)[226:irq/44-tlsc6x_t][tlsc] pointer report X is 254, Y is 571, id is 0.
02-05 08:11:24.279     0     0 I         : (3)[226:irq/44-tlsc6x_t][tlsc] pointer report X is 255, Y is 558, id is 0.
02-05 08:11:24.289     0     0 I         : (3)[226:irq/44-tlsc6x_t][tlsc] pointer report X is 258, Y is 547, id is 0.
02-05 08:11:24.290   255   255 I         : (0)[255:recovery][DISP]AEE is not enabled, will disable layer 3
02-05 08:11:24.298     0     0 I         : (1)[226:irq/44-tlsc6x_t][tlsc] pointer report X is 260, Y is 537, id is 0.
02-05 08:11:24.299   255   255 I (0)[255:recovery]mtk-tpd: [tpd_fb_notifier_callback:458] tpd_fb_notifier_callback
02-05 08:11:24.308     0     0 I         : (1)[226:irq/44-tlsc6x_t][tlsc] pointer report X is 262, Y is 527, id is 0.
02-05 08:11:24.317     0     0 I         : (1)[226:irq/44-tlsc6x_t][tlsc] pointer report X is 265, Y is 517, id is 0.
02-05 08:11:24.324   255   255 I         : (0)[255:recovery][DISP]AEE is not enabled, will disable layer 3
02-05 08:11:24.326     0     0 I         : (1)[226:irq/44-tlsc6x_t][tlsc] pointer report X is 268, Y is 505, id is 0.
02-05 08:11:24.332   255   255 I (0)[255:recovery]mtk-tpd: [tpd_fb_notifier_callback:458] tpd_fb_notifier_callback
02-05 08:11:24.336     0     0 I         : (2)[226:irq/44-tlsc6x_t][tlsc] pointer report X is 271, Y is 496, id is 0.
02-05 08:11:24.345     0     0 I         : (2)[226:irq/44-tlsc6x_t][tlsc] pointer report X is 274, Y is 487, id is 0.
02-05 08:11:24.355     0     0 I         : (2)[226:irq/44-tlsc6x_t][tlsc] pointer report X is 277, Y is 480, id is 0.
02-05 08:11:24.357   255   255 I         : (0)[255:recovery][DISP]AEE is not enabled, will disable layer 3
02-05 08:11:24.363     0     0 I         : (2)[226:irq/44-tlsc6x_t][tlsc] pointer report X is 281, Y is 474, id is 0.
02-05 08:11:24.366   255   255 I (0)[255:recovery]mtk-tpd: [tpd_fb_notifier_callback:458] tpd_fb_notifier_callback
02-05 08:11:24.373     0     0 I         : (1)[226:irq/44-tlsc6x_t][tlsc] pointer report X is 285, Y is 468, id is 0.
02-05 08:11:24.383     0     0 I         : (1)[226:irq/44-tlsc6x_t][tlsc] pointer report X is 289, Y is 462, id is 0.
02-05 08:11:24.390   255   255 I         : (0)[255:recovery][DISP]AEE is not enabled, will disable layer 3
02-05 08:11:24.391     0     0 I         : (1)[226:irq/44-tlsc6x_t][tlsc] pointer report X is 292, Y is 457, id is 0.
02-05 08:11:24.399   255   255 I (0)[255:recovery]mtk-tpd: [tpd_fb_notifier_callback:458] tpd_fb_notifier_callback
02-05 08:11:24.424   255   255 I         : (0)[255:recovery][DISP]AEE is not enabled, will disable layer 3
02-05 08:11:24.432   255   255 I (0)[255:recovery]mtk-tpd: [tpd_fb_notifier_callback:458] tpd_fb_notifier_callback
02-05 08:11:24.457   255   255 I         : (0)[255:recovery][DISP]AEE is not enabled, will disable layer 3
02-05 08:11:24.466   255   255 I (0)[255:recovery]mtk-tpd: [tpd_fb_notifier_callback:458] tpd_fb_notifier_callback
02-05 08:11:24.490   255   255 I         : (0)[255:recovery][DISP]AEE is not enabled, will disable layer 3
02-05 08:11:24.499   255   255 I (0)[255:recovery]mtk-tpd: [tpd_fb_notifier_callback:458] tpd_fb_notifier_callback
02-05 08:11:24.523   255   255 I         : (0)[255:recovery][DISP]AEE is not enabled, will disable layer 3
02-05 08:11:24.532   255   255 I (0)[255:recovery]mtk-tpd: [tpd_fb_notifier_callback:458] tpd_fb_notifier_callback
02-05 08:11:24.557   255   255 I         : (0)[255:recovery][DISP]AEE is not enabled, will disable layer 3
02-05 08:11:24.566   255   255 I (0)[255:recovery]mtk-tpd: [tpd_fb_notifier_callback:458] tpd_fb_notifier_callback
02-05 08:11:24.590   255   255 I         : (0)[255:recovery][DISP]AEE is not enabled, will disable layer 3
02-05 08:11:24.599   255   255 I (0)[255:recovery]mtk-tpd: [tpd_fb_notifier_callback:458] tpd_fb_notifier_callback
02-05 08:11:24.623   255   255 I         : (0)[255:recovery][DISP]AEE is not enabled, will disable layer 3
02-05 08:11:24.632   255   255 I (0)[255:recovery]mtk-tpd: [tpd_fb_notifier_callback:458] tpd_fb_notifier_callback
02-05 08:11:24.657   255   255 I         : (0)[255:recovery][DISP]AEE is not enabled, will disable layer 3
02-05 08:11:24.666   255   255 I (0)[255:recovery]mtk-tpd: [tpd_fb_notifier_callback:458] tpd_fb_notifier_callback
02-05 08:11:24.690   255   255 I         : (0)[255:recovery][DISP]AEE is not enabled, will disable layer 3
02-05 08:11:24.699   255   255 I (0)[255:recovery]mtk-tpd: [tpd_fb_notifier_callback:458] tpd_fb_notifier_callback
02-05 08:11:24.723   255   255 I         : (0)[255:recovery][DISP]AEE is not enabled, will disable layer 3
02-05 08:11:24.724    84    84 I         : (0)[84:dlpt_notify_thr][MDRT_ADC] OLD = 0x36e3, NOW = 0x36c6, CNT = 0
02-05 08:11:24.724    84    84 I (0)[84:dlpt_notify_thr]mt635x-auxadc mt635x-auxadc: name:BATADC, channel=0, adc_out=0x6805, adc_result=4388
02-05 08:11:24.726    84    84 I (0)[84:dlpt_notify_thr]mt635x-auxadc mt635x-auxadc: name:BATADC, channel=0, adc_out=0x683c, adc_result=4397
02-05 08:11:24.726    84    84 I         : (0)[84:dlpt_notify_thr][PBM] [ma_to_mw] 4397(mV) * 5500(mA) = 24183(mW)
02-05 08:11:24.726    84    84 I         : (0)[84:dlpt_notify_thr][DLPT_final] 5500,100,100,1,5500
02-05 08:11:24.732   255   255 I (0)[255:recovery]mtk-tpd: [tpd_fb_notifier_callback:458] tpd_fb_notifier_callback
02-05 08:11:24.757   255   255 I         : (0)[255:recovery][DISP]AEE is not enabled, will disable layer 3
02-05 08:11:24.766   255   255 I (0)[255:recovery]mtk-tpd: [tpd_fb_notifier_callback:458] tpd_fb_notifier_callback
02-05 08:11:24.790   255   255 I         : (0)[255:recovery][DISP]AEE is not enabled, will disable layer 3
02-05 08:11:24.799   255   255 I (0)[255:recovery]mtk-tpd: [tpd_fb_notifier_callback:458] tpd_fb_notifier_callback
02-05 08:11:24.823   255   255 I         : (0)[255:recovery][DISP]AEE is not enabled, will disable layer 3
02-05 08:11:24.832   255   255 I (0)[255:recovery]mtk-tpd: [tpd_fb_notifier_callback:458] tpd_fb_notifier_callback
02-05 08:11:24.852   276   276 I         : (0)[276:kworker/0:2]MTP, <do_monitor_work(), 1802> IN <1933 3863 0 0 1933 1933 3893 0 0 >
02-05 08:11:24.852   276   276 I         : (0)[276:kworker/0:2]MTP, <do_monitor_work(), 1807> OUT <1932 3863 0 0 1933 1932 3893 0 0 >
02-05 08:11:24.949   173   173 I         : (2)[173:disp_check][DISP][ESD]ESD check end, ret = 0
